Checking dependencies...
which: no allegro5-config in (/usr/local/sbin:/usr/local/bin:/usr/bin:/opt/bin:/usr/lib/llvm/21/bin:/usr/lib/llvm/20/bin:/etc/eselect/wine/bin:/home/sblo/venv/bin/)
All required dependencies found.
Compiling src/allegro5_wrapper.cpp...
g++ -O2 -Wall -Wextra -std=c++11 -fpermissive -DDIRECT_ASSET_LOADING  -I/usr/include/lua5.4 -I./src -c src/allegro5_wrapper.cpp -o obj/allegro5_wrapper.o
src/allegro5_wrapper.cpp:888:25: warning: multi-character character constant [-Wmultichar]
  888 |         case 62: return '\\\\'; // KEY_BACKSLASH
      |                         ^~~~~~
src/allegro5_wrapper.cpp: In function ‘void circlefill(BITMAP*, int, int, int, int)’:
src/allegro5_wrapper.cpp:385:60: warning: unused parameter ‘color’ [-Wunused-parameter]
  385 | void circlefill(BITMAP *bmp, int x, int y, int radius, int color) {
      |                                                        ~~~~^~~~~
src/allegro5_wrapper.cpp: In function ‘void rectfill(BITMAP*, int, int, int, int, int)’:
src/allegro5_wrapper.cpp:406:64: warning: unused parameter ‘color’ [-Wunused-parameter]
  406 | void rectfill(BITMAP *bmp, int x1, int y1, int x2, int y2, int color) {
      |                                                            ~~~~^~~~~
src/allegro5_wrapper.cpp: In function ‘void putpixel(BITMAP*, int, int, int)’:
src/allegro5_wrapper.cpp:431:46: warning: unused parameter ‘color’ [-Wunused-parameter]
  431 | void putpixel(BITMAP *bmp, int x, int y, int color) {
      |                                          ~~~~^~~~~
src/allegro5_wrapper.cpp: In function ‘void line(BITMAP*, int, int, int, int, int)’:
src/allegro5_wrapper.cpp:451:60: warning: unused parameter ‘color’ [-Wunused-parameter]
  451 | void line(BITMAP *bmp, int x1, int y1, int x2, int y2, int color) {
      |                                                        ~~~~^~~~~
src/allegro5_wrapper.cpp: In function ‘void circle(BITMAP*, int, int, int, int)’:
src/allegro5_wrapper.cpp:480:56: warning: unused parameter ‘color’ [-Wunused-parameter]
  480 | void circle(BITMAP *bmp, int x, int y, int radius, int color) {
      |                                                    ~~~~^~~~~
src/allegro5_wrapper.cpp: In function ‘void ellipse(BITMAP*, int, int, int, int, int)’:
src/allegro5_wrapper.cpp:494:61: warning: unused parameter ‘color’ [-Wunused-parameter]
  494 | void ellipse(BITMAP *bmp, int x, int y, int rx, int ry, int color) {
      |                                                         ~~~~^~~~~
src/allegro5_wrapper.cpp: In function ‘void ellipsefill(BITMAP*, int, int, int, int, int)’:
src/allegro5_wrapper.cpp:508:65: warning: unused parameter ‘color’ [-Wunused-parameter]
  508 | void ellipsefill(BITMAP *bmp, int x, int y, int rx, int ry, int color) {
      |                                                             ~~~~^~~~~
src/allegro5_wrapper.cpp: In function ‘void rect(BITMAP*, int, int, int, int, int)’:
src/allegro5_wrapper.cpp:962:60: warning: unused parameter ‘color’ [-Wunused-parameter]
  962 | void rect(BITMAP* bmp, int x1, int y1, int x2, int y2, int color) {
      |                                                        ~~~~^~~~~
src/allegro5_wrapper.cpp: In function ‘void replace_extension(char*, const char*, const char*, int)’:
src/allegro5_wrapper.cpp:1027:35: warning: comparison of integer expressions of different signedness: ‘size_t’ {aka ‘long unsigned int’} and ‘int’ [-Wsign-compare]
 1027 |         if (len + strlen(ext) + 2 < size) {
      |             ~~~~~~~~~~~~~~~~~~~~~~^~~~~~
Compiling src/gsbase.cpp...
g++ -O2 -Wall -Wextra -std=c++11 -fpermissive -DDIRECT_ASSET_LOADING  -I/usr/include/lua5.4 -I./src -c src/gsbase.cpp -o obj/gsbase.o
In file included from src/gsbullet.h:17,
                 from src/gsplayer.h:17,
                 from src/gsglob.h:22,
                 from src/gsbase.cpp:13:
src/luaclass.h: In member function ‘void Lua::open(int)’:
src/luaclass.h:20:23: warning: unused parameter ‘stacksize’ [-Wunused-parameter]
   20 |         void open(int stacksize = 0)
      |                   ~~~~^~~~~~~~~~~~~
src/luaclass.h: In member function ‘void Lua::setgcthreshold(int)’:
src/luaclass.h:136:33: warning: unused parameter ‘newthreshold’ [-Wunused-parameter]
  136 |         void setgcthreshold(int newthreshold)
      |                             ~~~~^~~~~~~~~~~~
src/gsbase.cpp: In constructor ‘Base::Base(int, BASE_TYPE, int, int, int, int, int)’:
src/gsbase.cpp:28:79: warning: unused parameter ‘pcargo_am’ [-Wunused-parameter]
   28 | Base::Base(int c, BASE_TYPE ptype, int px, int py, int puser, int pcargo, int pcargo_am)
      |                                                                           ~~~~^~~~~~~~~
src/gsbase.cpp: In member function ‘void Base::hit(int)’:
src/gsbase.cpp:226:20: warning: unused parameter ‘strength’ [-Wunused-parameter]
  226 | void Base::hit(int strength)
      |                ~~~~^~~~~~~~
Compiling src/gsbullet.cpp...
g++ -O2 -Wall -Wextra -std=c++11 -fpermissive -DDIRECT_ASSET_LOADING  -I/usr/include/lua5.4 -I./src -c src/gsbullet.cpp -o obj/gsbullet.o
In file included from src/gsbullet.h:17,
                 from src/gsbullet.cpp:15:
src/luaclass.h: In member function ‘void Lua::open(int)’:
src/luaclass.h:20:23: warning: unused parameter ‘stacksize’ [-Wunused-parameter]
   20 |         void open(int stacksize = 0)
      |                   ~~~~^~~~~~~~~~~~~
src/luaclass.h: In member function ‘void Lua::setgcthreshold(int)’:
src/luaclass.h:136:33: warning: unused parameter ‘newthreshold’ [-Wunused-parameter]
  136 |         void setgcthreshold(int newthreshold)
      |                             ~~~~^~~~~~~~~~~~
In file included from src/gsbullet.cpp:20:
src/gsscript.h: At global scope:
src/gsscript.h:43:43: warning: ISO C++ forbids converting a string constant to ‘char*’ [-Wwrite-strings]
   43 |     void  read_level_files(int=0, char *n="");
      |                                           ^~
src/gsbullet.cpp: In member function ‘virtual void Bullet::draw(BITMAP*)’:
src/gsbullet.cpp:62:27: warning: unused parameter ‘m’ [-Wunused-parameter]
   62 | void Bullet::draw(BITMAP *m)
      |                   ~~~~~~~~^
src/gsbullet.cpp: In member function ‘virtual void Bullet::move(int)’:
src/gsbullet.cpp:66:23: warning: unused parameter ‘n’ [-Wunused-parameter]
   66 | void Bullet::move(int n)
      |                   ~~~~^
src/gsbullet.cpp: In member function ‘Bullet* gsBullet::add(int, long int, int, int, int, float, float, float, float, int, int)’:
src/gsbullet.cpp:248:140: warning: unused parameter ‘net_dont_kill’ [-Wunused-parameter]
  248 | Bullet *gsBullet::add(int t, long psig, int enr, int px, int py, float pxspd, float pyspd, float pstrength, float puser, int pupgrade, int net_dont_kill)
      |                                                                                                                                        ~~~~^~~~~~~~~~~~~
src/gsbullet.cpp: In member function ‘void gsBullet::create_bullet_sprites()’:
src/gsbullet.cpp:483:58: warning: ISO C++ forbids converting a string constant to ‘char*’ [-Wwrite-strings]
  483 |     bullet_frames[W_BOMB][nr]->add_frames_from_imagefile("weapon", DATA_RLE, 0, 0, 1, globals->gamedat, weapon_bomb1+imgnum);
      |                                                          ^~~~~~~~
src/gsbullet.cpp:486:61: warning: ISO C++ forbids converting a string constant to ‘char*’ [-Wwrite-strings]
  486 |     bullet_frames[W_BIGBOMB][nr]->add_frames_from_imagefile("weapon", DATA_RLE, 0, 0, 1, globals->gamedat, weapon_bigbomb1+imgnum);
      |                                                             ^~~~~~~~
src/gsbullet.cpp:489:60: warning: ISO C++ forbids converting a string constant to ‘char*’ [-Wwrite-strings]
  489 |     bullet_frames[W_ROCKET][nr]->add_frames_from_imagefile("weapon", DATA_RLE, 0, 0, 1, globals->gamedat, weapon_rocket1+imgnum);
      |                                                            ^~~~~~~~
src/gsbullet.cpp:492:59: warning: ISO C++ forbids converting a string constant to ‘char*’ [-Wwrite-strings]
  492 |     bullet_frames[W_PROBE][nr]->add_frames_from_imagefile("weapon", DATA_RLE, 0, 0, 1, globals->gamedat, weapon_probe1+imgnum);
      |                                                           ^~~~~~~~
src/gsbullet.cpp:495:58: warning: ISO C++ forbids converting a string constant to ‘char*’ [-Wwrite-strings]
  495 |     bullet_frames[W_MINE][nr]->add_frames_from_imagefile("weapon", DATA_RLE, 0, 0, 1, globals->gamedat, weapon_mine1_1+imgnum);
      |                                                          ^~~~~~~~
src/gsbullet.cpp:498:57: warning: ISO C++ forbids converting a string constant to ‘char*’ [-Wwrite-strings]
  498 |     bullet_frames[W_GAS][nr]->add_frames_from_imagefile("weapon", DATA_RLE, 0, 0, 1, globals->gamedat, weapon_mine3_1+imgnum);
      |                                                         ^~~~~~~~
src/gsbullet.cpp:502:59: warning: ISO C++ forbids converting a string constant to ‘char*’ [-Wwrite-strings]
  502 |     bullet_frames[W_LASER][nr]->add_frames_from_imagefile("weapon", DATA_BITMAP, 0, 0, 1, globals->gamedat, weapon_laser1+imgnum);
      |                                                           ^~~~~~~~
src/gsbullet.cpp:506:60: warning: ISO C++ forbids converting a string constant to ‘char*’ [-Wwrite-strings]
  506 |     bullet_frames[W_BUMPER][nr]->add_frames_from_imagefile("weapon", DATA_RLE, 0, 0, 1, globals->gamedat, weapon_bumper1+imgnum);
      |                                                            ^~~~~~~~
src/gsbullet.cpp:509:58: warning: ISO C++ forbids converting a string constant to ‘char*’ [-Wwrite-strings]
  509 |     bullet_frames[W_ACID][nr]->add_frames_from_imagefile("weapon", DATA_RLE, 0, 0, 1, globals->gamedat, weapon_acid1+imgnum);
      |                                                          ^~~~~~~~
Compiling src/gsclear.cpp...
g++ -O2 -Wall -Wextra -std=c++11 -fpermissive -DDIRECT_ASSET_LOADING  -I/usr/include/lua5.4 -I./src -c src/gsclear.cpp -o obj/gsclear.o
Compiling src/gscompen.cpp...
g++ -O2 -Wall -Wextra -std=c++11 -fpermissive -DDIRECT_ASSET_LOADING  -I/usr/include/lua5.4 -I./src -c src/gscompen.cpp -o obj/gscompen.o
Compiling src/gscontrl.cpp...
g++ -O2 -Wall -Wextra -std=c++11 -fpermissive -DDIRECT_ASSET_LOADING  -I/usr/include/lua5.4 -I./src -c src/gscontrl.cpp -o obj/gscontrl.o
In file included from src/gsnetw.h:18,
                 from src/gscontrl.cpp:15:
src/gsnetsrv.h:67:7: warning: extra tokens at end of #endif directive [-Wendif-labels]
   67 | #endif;
      |       ^
In file included from src/gsbullet.h:17,
                 from src/gsplayer.h:17,
                 from src/gsglob.h:22,
                 from src/gscontrl.cpp:13:
src/luaclass.h: In member function ‘void Lua::open(int)’:
src/luaclass.h:20:23: warning: unused parameter ‘stacksize’ [-Wunused-parameter]
   20 |         void open(int stacksize = 0)
      |                   ~~~~^~~~~~~~~~~~~
src/luaclass.h: In member function ‘void Lua::setgcthreshold(int)’:
src/luaclass.h:136:33: warning: unused parameter ‘newthreshold’ [-Wunused-parameter]
  136 |         void setgcthreshold(int newthreshold)
      |                             ~~~~^~~~~~~~~~~~
In file included from src/gsnetcli.h:16,
                 from src/gsnetw.h:17:
src/network/BitStream.h: In constructor ‘BitStream::BitStream(char*, unsigned int, bool)’:
src/network/BitStream.h:22:61: warning: unused parameter ‘_copyData’ [-Wunused-parameter]
   22 |     BitStream(char* _data, unsigned int lengthInBytes, bool _copyData) : data(_data), numberOfBitsAllocated(lengthInBytes * 8), numberOfBitsUsed(lengthInBytes * 8), readOffset(0), maxLength(lengthInBytes) {}
      |                                                        ~~~~~^~~~~~~~~
src/network/BitStream.h: In member function ‘void BitStream::Write(int)’:
src/network/BitStream.h:25:20: warning: unused parameter ‘data’ [-Wunused-parameter]
   25 |     void Write(int data) {}
      |                ~~~~^~~~
src/network/BitStream.h: In member function ‘void BitStream::Write(unsigned char)’:
src/network/BitStream.h:26:30: warning: unused parameter ‘data’ [-Wunused-parameter]
   26 |     void Write(unsigned char data) {}
      |                ~~~~~~~~~~~~~~^~~~
src/network/BitStream.h: In member function ‘void BitStream::Write(char)’:
src/network/BitStream.h:27:21: warning: unused parameter ‘data’ [-Wunused-parameter]
   27 |     void Write(char data) {}
      |                ~~~~~^~~~
src/network/BitStream.h: In member function ‘void BitStream::Write(char*, unsigned int)’:
src/network/BitStream.h:28:22: warning: unused parameter ‘data’ [-Wunused-parameter]
   28 |     void Write(char* data, const unsigned int length) {}
      |                ~~~~~~^~~~
src/network/BitStream.h:28:47: warning: unused parameter ‘length’ [-Wunused-parameter]
   28 |     void Write(char* data, const unsigned int length) {}
      |                            ~~~~~~~~~~~~~~~~~~~^~~~~~
src/network/BitStream.h: In member function ‘void BitStream::Write(long unsigned int)’:
src/network/BitStream.h:29:30: warning: unused parameter ‘data’ [-Wunused-parameter]
   29 |     void Write(unsigned long data) {}
      |                ~~~~~~~~~~~~~~^~~~
src/network/BitStream.h: In member function ‘void BitStream::Write(float)’:
src/network/BitStream.h:30:22: warning: unused parameter ‘data’ [-Wunused-parameter]
   30 |     void Write(float data) {}
      |                ~~~~~~^~~~
src/network/BitStream.h: In member function ‘void BitStream::Write(bool)’:
src/network/BitStream.h:31:21: warning: unused parameter ‘data’ [-Wunused-parameter]
   31 |     void Write(bool data) {}
      |                ~~~~~^~~~
src/network/BitStream.h: In member function ‘void BitStream::Read(char*&, unsigned int)’:
src/network/BitStream.h:42:22: warning: unused parameter ‘data’ [-Wunused-parameter]
   42 |     void Read(char* &data, const unsigned int length) {}
      |               ~~~~~~~^~~~
src/network/BitStream.h:42:47: warning: unused parameter ‘length’ [-Wunused-parameter]
   42 |     void Read(char* &data, const unsigned int length) {}
      |                            ~~~~~~~~~~~~~~~~~~~^~~~~~
src/network/BitStream.h: In member function ‘void BitStream::Read(const char*&, unsigned int)’:
src/network/BitStream.h:43:28: warning: unused parameter ‘data’ [-Wunused-parameter]
   43 |     void Read(const char* &data, const unsigned int length) {}
      |               ~~~~~~~~~~~~~^~~~
src/network/BitStream.h:43:53: warning: unused parameter ‘length’ [-Wunused-parameter]
   43 |     void Read(const char* &data, const unsigned int length) {}
      |                                  ~~~~~~~~~~~~~~~~~~~^~~~~~
src/network/BitStream.h: In member function ‘void BitStream::Read(void*, unsigned int)’:
src/network/BitStream.h:44:21: warning: unused parameter ‘data’ [-Wunused-parameter]
   44 |     void Read(void* data, const unsigned int length) {}
      |               ~~~~~~^~~~
src/network/BitStream.h:44:46: warning: unused parameter ‘length’ [-Wunused-parameter]
   44 |     void Read(void* data, const unsigned int length) {}
      |                           ~~~~~~~~~~~~~~~~~~~^~~~~~
src/network/BitStream.h: In member function ‘void BitStream::SetWriteOffset(unsigned int)’:
src/network/BitStream.h:47:38: warning: unused parameter ‘offset’ [-Wunused-parameter]
   47 |     void SetWriteOffset(unsigned int offset) {}
      |                         ~~~~~~~~~~~~~^~~~~~
In file included from src/network/RakNetworkFactory.h:9,
                 from src/gsnetcli.h:17:
src/network/RakClientInterface.h: In member function ‘bool RakClientInterface::Connect(const char*, short unsigned int, const char*, short unsigned int)’:
src/network/RakClientInterface.h:17:30: warning: unused parameter ‘serverIP’ [-Wunused-parameter]
   17 |     bool Connect(const char* serverIP, unsigned short serverPort, const char* clientIP, unsigned short clientPort) { return false; }
      |                  ~~~~~~~~~~~~^~~~~~~~
src/network/RakClientInterface.h:17:55: warning: unused parameter ‘serverPort’ [-Wunused-parameter]
   17 |     bool Connect(const char* serverIP, unsigned short serverPort, const char* clientIP, unsigned short clientPort) { return false; }
      |                                        ~~~~~~~~~~~~~~~^~~~~~~~~~
src/network/RakClientInterface.h:17:79: warning: unused parameter ‘clientIP’ [-Wunused-parameter]
   17 |     bool Connect(const char* serverIP, unsigned short serverPort, const char* clientIP, unsigned short clientPort) { return false; }
      |                                                                   ~~~~~~~~~~~~^~~~~~~~
src/network/RakClientInterface.h:17:104: warning: unused parameter ‘clientPort’ [-Wunused-parameter]
   17 |     bool Connect(const char* serverIP, unsigned short serverPort, const char* clientIP, unsigned short clientPort) { return false; }
      |                                                                                         ~~~~~~~~~~~~~~~^~~~~~~~~~
src/network/RakClientInterface.h: In member function ‘bool RakClientInterface::Connect(const char*, short unsigned int, short unsigned int, unsigned int, int)’:
src/network/RakClientInterface.h:18:30: warning: unused parameter ‘host’ [-Wunused-parameter]
   18 |     bool Connect(const char* host, unsigned short serverPort, unsigned short clientPort, unsigned int connectionValidationInteger, int timeoutMS) { return false; }
      |                  ~~~~~~~~~~~~^~~~
src/network/RakClientInterface.h:18:51: warning: unused parameter ‘serverPort’ [-Wunused-parameter]
   18 |     bool Connect(const char* host, unsigned short serverPort, unsigned short clientPort, unsigned int connectionValidationInteger, int timeoutMS) { return false; }
      |                                    ~~~~~~~~~~~~~~~^~~~~~~~~~
src/network/RakClientInterface.h:18:78: warning: unused parameter ‘clientPort’ [-Wunused-parameter]
   18 |     bool Connect(const char* host, unsigned short serverPort, unsigned short clientPort, unsigned int connectionValidationInteger, int timeoutMS) { return false; }
      |                                                               ~~~~~~~~~~~~~~~^~~~~~~~~~
src/network/RakClientInterface.h:18:103: warning: unused parameter ‘connectionValidationInteger’ [-Wunused-parameter]
   18 |     bool Connect(const char* host, unsigned short serverPort, unsigned short clientPort, unsigned int connectionValidationInteger, int timeoutMS) { return false; }
      |                                                                                          ~~~~~~~~~~~~~^~~~~~~~~~~~~~~~~~~~~~~~~~~
src/network/RakClientInterface.h:18:136: warning: unused parameter ‘timeoutMS’ [-Wunused-parameter]
   18 |     bool Connect(const char* host, unsigned short serverPort, unsigned short clientPort, unsigned int connectionValidationInteger, int timeoutMS) { return false; }
      |                                                                                                                                    ~~~~^~~~~~~~~
src/network/RakClientInterface.h: In member function ‘void RakClientInterface::Disconnect(unsigned int, unsigned char)’:
src/network/RakClientInterface.h:19:34: warning: unused parameter ‘blockDuration’ [-Wunused-parameter]
   19 |     void Disconnect(unsigned int blockDuration = 0, unsigned char orderingChannel = 0) {}
      |                     ~~~~~~~~~~~~~^~~~~~~~~~~~~~~~~
src/network/RakClientInterface.h:19:67: warning: unused parameter ‘orderingChannel’ [-Wunused-parameter]
   19 |     void Disconnect(unsigned int blockDuration = 0, unsigned char orderingChannel = 0) {}
      |                                                     ~~~~~~~~~~~~~~^~~~~~~~~~~~~~~~~~~
src/network/RakClientInterface.h: In member function ‘void RakClientInterface::PingServer(const char*, short unsigned int, short unsigned int)’:
src/network/RakClientInterface.h:21:33: warning: unused parameter ‘host’ [-Wunused-parameter]
   21 |     void PingServer(const char* host, unsigned short remotePort, unsigned short sendPort) {}
      |                     ~~~~~~~~~~~~^~~~
src/network/RakClientInterface.h:21:54: warning: unused parameter ‘remotePort’ [-Wunused-parameter]
   21 |     void PingServer(const char* host, unsigned short remotePort, unsigned short sendPort) {}
      |                                       ~~~~~~~~~~~~~~~^~~~~~~~~~
src/network/RakClientInterface.h:21:81: warning: unused parameter ‘sendPort’ [-Wunused-parameter]
   21 |     void PingServer(const char* host, unsigned short remotePort, unsigned short sendPort) {}
      |                                                                  ~~~~~~~~~~~~~~~^~~~~~~~
src/network/RakClientInterface.h: In member function ‘bool RakClientInterface::Send(const char*, int, unsigned char, char, char, PlayerID, bool)’:
src/network/RakClientInterface.h:25:27: warning: unused parameter ‘data’ [-Wunused-parameter]
   25 |     bool Send(const char* data, int length, unsigned char priority, char reliability, char orderingChannel, PlayerID playerId, bool broadcast) { return true; }
      |               ~~~~~~~~~~~~^~~~
src/network/RakClientInterface.h:25:37: warning: unused parameter ‘length’ [-Wunused-parameter]
   25 |     bool Send(const char* data, int length, unsigned char priority, char reliability, char orderingChannel, PlayerID playerId, bool broadcast) { return true; }
      |                                 ~~~~^~~~~~
src/network/RakClientInterface.h:25:59: warning: unused parameter ‘priority’ [-Wunused-parameter]
   25 |     bool Send(const char* data, int length, unsigned char priority, char reliability, char orderingChannel, PlayerID playerId, bool broadcast) { return true; }
      |                                             ~~~~~~~~~~~~~~^~~~~~~~
src/network/RakClientInterface.h:25:74: warning: unused parameter ‘reliability’ [-Wunused-parameter]
   25 |     bool Send(const char* data, int length, unsigned char priority, char reliability, char orderingChannel, PlayerID playerId, bool broadcast) { return true; }
      |                                                                     ~~~~~^~~~~~~~~~~
src/network/RakClientInterface.h:25:92: warning: unused parameter ‘orderingChannel’ [-Wunused-parameter]
   25 |     bool Send(const char* data, int length, unsigned char priority, char reliability, char orderingChannel, PlayerID playerId, bool broadcast) { return true; }
      |                                                                                       ~~~~~^~~~~~~~~~~~~~~
src/network/RakClientInterface.h:25:118: warning: unused parameter ‘playerId’ [-Wunused-parameter]
   25 |     bool Send(const char* data, int length, unsigned char priority, char reliability, char orderingChannel, PlayerID playerId, bool broadcast) { return true; }
      |                                                                                                             ~~~~~~~~~^~~~~~~~
src/network/RakClientInterface.h:25:133: warning: unused parameter ‘broadcast’ [-Wunused-parameter]
   25 |     bool Send(const char* data, int length, unsigned char priority, char reliability, char orderingChannel, PlayerID playerId, bool broadcast) { return true; }
      |                                                                                                                                ~~~~~^~~~~~~~~
src/network/RakClientInterface.h: In member function ‘bool RakClientInterface::Send(BitStream*, unsigned char, char, char)’:
src/network/RakClientInterface.h:26:32: warning: unused parameter ‘bitStream’ [-Wunused-parameter]
   26 |     bool Send(class BitStream *bitStream, unsigned char priority, char reliability, char orderingChannel) { return true; }
      |               ~~~~~~~~~~~~~~~~~^~~~~~~~~
src/network/RakClientInterface.h:26:57: warning: unused parameter ‘priority’ [-Wunused-parameter]
   26 |     bool Send(class BitStream *bitStream, unsigned char priority, char reliability, char orderingChannel) { return true; }
      |                                           ~~~~~~~~~~~~~~^~~~~~~~
src/network/RakClientInterface.h:26:72: warning: unused parameter ‘reliability’ [-Wunused-parameter]
   26 |     bool Send(class BitStream *bitStream, unsigned char priority, char reliability, char orderingChannel) { return true; }
      |                                                                   ~~~~~^~~~~~~~~~~
src/network/RakClientInterface.h:26:90: warning: unused parameter ‘orderingChannel’ [-Wunused-parameter]
   26 |     bool Send(class BitStream *bitStream, unsigned char priority, char reliability, char orderingChannel) { return true; }
      |                                                                                     ~~~~~^~~~~~~~~~~~~~~
src/network/RakClientInterface.h: In member function ‘void RakClientInterface::PushBackPacket(Packet*, bool)’:
src/network/RakClientInterface.h:27:33: warning: unused parameter ‘packet’ [-Wunused-parameter]
   27 |     void PushBackPacket(Packet* packet, bool pushAtHead) {}
      |                         ~~~~~~~~^~~~~~
src/network/RakClientInterface.h:27:46: warning: unused parameter ‘pushAtHead’ [-Wunused-parameter]
   27 |     void PushBackPacket(Packet* packet, bool pushAtHead) {}
      |                                         ~~~~~^~~~~~~~~~
src/network/RakClientInterface.h: In member function ‘void RakClientInterface::DeallocatePacket(Packet*)’:
src/network/RakClientInterface.h:35:35: warning: unused parameter ‘packet’ [-Wunused-parameter]
   35 |     void DeallocatePacket(Packet *packet) {}
      |                           ~~~~~~~~^~~~~~
src/network/RakClientInterface.h: In member function ‘const char* RakClientInterface::PlayerIDToDottedIP(PlayerID)’:
src/network/RakClientInterface.h:36:45: warning: unused parameter ‘playerId’ [-Wunused-parameter]
   36 |     const char* PlayerIDToDottedIP(PlayerID playerId) { return "0.0.0.0"; }
      |                                    ~~~~~~~~~^~~~~~~~
In file included from src/network/RakNetworkFactory.h:10:
src/network/RakServerInterface.h: In member function ‘bool RakServerInterface::Start(int, int, int, int)’:
src/network/RakServerInterface.h:19:20: warning: unused parameter ‘AllowedPlayers’ [-Wunused-parameter]
   19 |     bool Start(int AllowedPlayers, int connectionValidationInteger, int threadSleepTimer, int port) { return false; }
      |                ~~~~^~~~~~~~~~~~~~
src/network/RakServerInterface.h:19:40: warning: unused parameter ‘connectionValidationInteger’ [-Wunused-parameter]
   19 |     bool Start(int AllowedPlayers, int connectionValidationInteger, int threadSleepTimer, int port) { return false; }
      |                                    ~~~~^~~~~~~~~~~~~~~~~~~~~~~~~~~
src/network/RakServerInterface.h:19:73: warning: unused parameter ‘threadSleepTimer’ [-Wunused-parameter]
   19 |     bool Start(int AllowedPlayers, int connectionValidationInteger, int threadSleepTimer, int port) { return false; }
      |                                                                     ~~~~^~~~~~~~~~~~~~~~
src/network/RakServerInterface.h:19:95: warning: unused parameter ‘port’ [-Wunused-parameter]
   19 |     bool Start(int AllowedPlayers, int connectionValidationInteger, int threadSleepTimer, int port) { return false; }
      |                                                                                           ~~~~^~~~
src/network/RakServerInterface.h: In member function ‘void RakServerInterface::Disconnect(unsigned int, unsigned char)’:
src/network/RakServerInterface.h:20:34: warning: unused parameter ‘blockDuration’ [-Wunused-parameter]
   20 |     void Disconnect(unsigned int blockDuration = 0, unsigned char orderingChannel = 0) {}
      |                     ~~~~~~~~~~~~~^~~~~~~~~~~~~~~~~
src/network/RakServerInterface.h:20:67: warning: unused parameter ‘orderingChannel’ [-Wunused-parameter]
   20 |     void Disconnect(unsigned int blockDuration = 0, unsigned char orderingChannel = 0) {}
      |                                                     ~~~~~~~~~~~~~~^~~~~~~~~~~~~~~~~~~
src/network/RakServerInterface.h: In member function ‘bool RakServerInterface::Send(const char*, int, unsigned char, char, char, PlayerID, bool)’:
src/network/RakServerInterface.h:21:27: warning: unused parameter ‘data’ [-Wunused-parameter]
   21 |     bool Send(const char* data, int length, unsigned char priority, char reliability, char orderingChannel, PlayerID playerId, bool broadcast) { return true; }
      |               ~~~~~~~~~~~~^~~~
src/network/RakServerInterface.h:21:37: warning: unused parameter ‘length’ [-Wunused-parameter]
   21 |     bool Send(const char* data, int length, unsigned char priority, char reliability, char orderingChannel, PlayerID playerId, bool broadcast) { return true; }
      |                                 ~~~~^~~~~~
src/network/RakServerInterface.h:21:59: warning: unused parameter ‘priority’ [-Wunused-parameter]
   21 |     bool Send(const char* data, int length, unsigned char priority, char reliability, char orderingChannel, PlayerID playerId, bool broadcast) { return true; }
      |                                             ~~~~~~~~~~~~~~^~~~~~~~
src/network/RakServerInterface.h:21:74: warning: unused parameter ‘reliability’ [-Wunused-parameter]
   21 |     bool Send(const char* data, int length, unsigned char priority, char reliability, char orderingChannel, PlayerID playerId, bool broadcast) { return true; }
      |                                                                     ~~~~~^~~~~~~~~~~
src/network/RakServerInterface.h:21:92: warning: unused parameter ‘orderingChannel’ [-Wunused-parameter]
   21 |     bool Send(const char* data, int length, unsigned char priority, char reliability, char orderingChannel, PlayerID playerId, bool broadcast) { return true; }
      |                                                                                       ~~~~~^~~~~~~~~~~~~~~
src/network/RakServerInterface.h:21:118: warning: unused parameter ‘playerId’ [-Wunused-parameter]
   21 |     bool Send(const char* data, int length, unsigned char priority, char reliability, char orderingChannel, PlayerID playerId, bool broadcast) { return true; }
      |                                                                                                             ~~~~~~~~~^~~~~~~~
src/network/RakServerInterface.h:21:133: warning: unused parameter ‘broadcast’ [-Wunused-parameter]
   21 |     bool Send(const char* data, int length, unsigned char priority, char reliability, char orderingChannel, PlayerID playerId, bool broadcast) { return true; }
      |                                                                                                                                ~~~~~^~~~~~~~~
src/network/RakServerInterface.h: In member function ‘bool RakServerInterface::Send(BitStream*, unsigned char, char, char, PlayerID, bool)’:
src/network/RakServerInterface.h:22:32: warning: unused parameter ‘bitStream’ [-Wunused-parameter]
   22 |     bool Send(class BitStream *bitStream, unsigned char priority, char reliability, char orderingChannel, PlayerID playerId, bool broadcast) { return true; }
      |               ~~~~~~~~~~~~~~~~~^~~~~~~~~
src/network/RakServerInterface.h:22:57: warning: unused parameter ‘priority’ [-Wunused-parameter]
   22 |     bool Send(class BitStream *bitStream, unsigned char priority, char reliability, char orderingChannel, PlayerID playerId, bool broadcast) { return true; }
      |                                           ~~~~~~~~~~~~~~^~~~~~~~
src/network/RakServerInterface.h:22:72: warning: unused parameter ‘reliability’ [-Wunused-parameter]
   22 |     bool Send(class BitStream *bitStream, unsigned char priority, char reliability, char orderingChannel, PlayerID playerId, bool broadcast) { return true; }
      |                                                                   ~~~~~^~~~~~~~~~~
src/network/RakServerInterface.h:22:90: warning: unused parameter ‘orderingChannel’ [-Wunused-parameter]
   22 |     bool Send(class BitStream *bitStream, unsigned char priority, char reliability, char orderingChannel, PlayerID playerId, bool broadcast) { return true; }
      |                                                                                     ~~~~~^~~~~~~~~~~~~~~
src/network/RakServerInterface.h:22:116: warning: unused parameter ‘playerId’ [-Wunused-parameter]
   22 |     bool Send(class BitStream *bitStream, unsigned char priority, char reliability, char orderingChannel, PlayerID playerId, bool broadcast) { return true; }
      |                                                                                                           ~~~~~~~~~^~~~~~~~
src/network/RakServerInterface.h:22:131: warning: unused parameter ‘broadcast’ [-Wunused-parameter]
   22 |     bool Send(class BitStream *bitStream, unsigned char priority, char reliability, char orderingChannel, PlayerID playerId, bool broadcast) { return true; }
      |                                                                                                                              ~~~~~^~~~~~~~~
src/network/RakServerInterface.h: In member function ‘void RakServerInterface::PushBackPacket(Packet*, bool)’:
src/network/RakServerInterface.h:23:33: warning: unused parameter ‘packet’ [-Wunused-parameter]
   23 |     void PushBackPacket(Packet* packet, bool pushAtHead) {}
      |                         ~~~~~~~~^~~~~~
src/network/RakServerInterface.h:23:46: warning: unused parameter ‘pushAtHead’ [-Wunused-parameter]
   23 |     void PushBackPacket(Packet* packet, bool pushAtHead) {}
      |                                         ~~~~~^~~~~~~~~~
src/network/RakServerInterface.h: In member function ‘void RakServerInterface::DeallocatePacket(Packet*)’:
src/network/RakServerInterface.h:24:35: warning: unused parameter ‘packet’ [-Wunused-parameter]
   24 |     void DeallocatePacket(Packet* packet) {}
      |                           ~~~~~~~~^~~~~~
src/network/RakServerInterface.h: In member function ‘int RakServerInterface::GetAveragePing(PlayerID)’:
src/network/RakServerInterface.h:25:33: warning: unused parameter ‘playerId’ [-Wunused-parameter]
   25 |     int GetAveragePing(PlayerID playerId) { return 0; }
      |                        ~~~~~~~~~^~~~~~~~
src/network/RakServerInterface.h: In member function ‘int RakServerInterface::GetLastPing(PlayerID)’:
src/network/RakServerInterface.h:26:30: warning: unused parameter ‘playerId’ [-Wunused-parameter]
   26 |     int GetLastPing(PlayerID playerId) { return 0; }
      |                     ~~~~~~~~~^~~~~~~~
src/network/RakServerInterface.h: In member function ‘int RakServerInterface::GetLowestPing(PlayerID)’:
src/network/RakServerInterface.h:27:32: warning: unused parameter ‘playerId’ [-Wunused-parameter]
   27 |     int GetLowestPing(PlayerID playerId) { return 0; }
      |                       ~~~~~~~~~^~~~~~~~
src/network/RakServerInterface.h: In member function ‘void RakServerInterface::Kick(PlayerID)’:
src/network/RakServerInterface.h:28:24: warning: unused parameter ‘playerId’ [-Wunused-parameter]
   28 |     void Kick(PlayerID playerId) {}
      |               ~~~~~~~~~^~~~~~~~
src/network/RakServerInterface.h: In member function ‘void RakServerInterface::SetAllowedPlayers(int)’:
src/network/RakServerInterface.h:31:32: warning: unused parameter ‘maxPlayers’ [-Wunused-parameter]
   31 |     void SetAllowedPlayers(int maxPlayers) {}
      |                            ~~~~^~~~~~~~~~
src/network/RakServerInterface.h: In member function ‘void* RakServerInterface::GetStatistics(PlayerID)’:
src/network/RakServerInterface.h:35:34: warning: unused parameter ‘playerId’ [-Wunused-parameter]
   35 |     void* GetStatistics(PlayerID playerId) { return 0; }
      |                         ~~~~~~~~~^~~~~~~~
src/network/RakNetworkFactory.h: In static member function ‘static void RakNetworkFactory::DestroyRakNetwork(void*)’:
src/network/RakNetworkFactory.h:15:41: warning: unused parameter ‘network’ [-Wunused-parameter]
   15 |     static void DestroyRakNetwork(void* network) {}
      |                                   ~~~~~~^~~~~~~
src/gscontrl.cpp: In member function ‘int gsControl::get_input(int, bool, int)’:
src/gscontrl.cpp:340:17: warning: suggest parentheses around assignment used as truth value [-Wparentheses]
  340 |       if (mykey = pressed_keys->find(c))
      |           ~~~~~~^~~~~~~~~~~~~~~~~~~~~~~
src/gscontrl.cpp: In member function ‘void gsControl::load_key_cfg()’:
src/gscontrl.cpp:450:20: warning: ISO C++ forbids converting a string constant to ‘char*’ [-Wwrite-strings]
  450 |     errors->log(0, "key init", "error opening keyboard config, using std layout...");
      |                    ^~~~~~~~~~
src/gscontrl.cpp:450:32: warning: ISO C++ forbids converting a string constant to ‘char*’ [-Wwrite-strings]
  450 |     errors->log(0, "key init", "error opening keyboard config, using std layout...");
      |                                ^~~~~~~~~~~~~~~~~~~~~~~~~~~~~~~~~~~~~~~~~~~~~~~~~~~~
src/gscontrl.cpp: In member function ‘void gsControl::save_key_cfg()’:
src/gscontrl.cpp:474:20: warning: ISO C++ forbids converting a string constant to ‘char*’ [-Wwrite-strings]
  474 |     errors->log(0, "key init", "error writing keyboard config!");
      |                    ^~~~~~~~~~
src/gscontrl.cpp:474:32: warning: ISO C++ forbids converting a string constant to ‘char*’ [-Wwrite-strings]
  474 |     errors->log(0, "key init", "error writing keyboard config!");
      |                                ^~~~~~~~~~~~~~~~~~~~~~~~~~~~~~~~
src/gscontrl.cpp: In member function ‘void gsControl::load_key_cfg()’:
src/gscontrl.cpp:445:10: warning: ignoring return value of ‘size_t fread(void*, size_t, size_t, FILE*)’ declared with attribute ‘warn_unused_result’ [-Wunused-result]
  445 |     fread(&key_layout, sizeof(key_layout), 1, keyf);
      |     ~~~~~^~~~~~~~~~~~~~~~~~~~~~~~~~~~~~~~~~~~~~~~~~
src/network/RakServerInterface.h: At global scope:
src/network/RakServerInterface.h:49:17: warning: ‘UNASSIGNED_PLAYER_ID’ defined but not used [-Wunused-variable]
   49 | static PlayerID UNASSIGNED_PLAYER_ID = {0, 0};
      |                 ^~~~~~~~~~~~~~~~~~~~
Compiling src/gscrater.cpp...
g++ -O2 -Wall -Wextra -std=c++11 -fpermissive -DDIRECT_ASSET_LOADING  -I/usr/include/lua5.4 -I./src -c src/gscrater.cpp -o obj/gscrater.o
In file included from src/gsnetw.h:18,
                 from src/gscrater.cpp:18:
src/gsnetsrv.h:67:7: warning: extra tokens at end of #endif directive [-Wendif-labels]
   67 | #endif;
      |       ^
In file included from src/gsbullet.h:17,
                 from src/gseffect.h:27,
                 from src/gscrater.cpp:13:
src/luaclass.h: In member function ‘void Lua::open(int)’:
src/luaclass.h:20:23: warning: unused parameter ‘stacksize’ [-Wunused-parameter]
   20 |         void open(int stacksize = 0)
      |                   ~~~~^~~~~~~~~~~~~
src/luaclass.h: In member function ‘void Lua::setgcthreshold(int)’:
src/luaclass.h:136:33: warning: unused parameter ‘newthreshold’ [-Wunused-parameter]
  136 |         void setgcthreshold(int newthreshold)
      |                             ~~~~^~~~~~~~~~~~
In file included from src/gsnetcli.h:16,
                 from src/gsnetw.h:17:
src/network/BitStream.h: In constructor ‘BitStream::BitStream(char*, unsigned int, bool)’:
src/network/BitStream.h:22:61: warning: unused parameter ‘_copyData’ [-Wunused-parameter]
   22 |     BitStream(char* _data, unsigned int lengthInBytes, bool _copyData) : data(_data), numberOfBitsAllocated(lengthInBytes * 8), numberOfBitsUsed(lengthInBytes * 8), readOffset(0), maxLength(lengthInBytes) {}
      |                                                        ~~~~~^~~~~~~~~
src/network/BitStream.h: In member function ‘void BitStream::Write(int)’:
src/network/BitStream.h:25:20: warning: unused parameter ‘data’ [-Wunused-parameter]
   25 |     void Write(int data) {}
      |                ~~~~^~~~
src/network/BitStream.h: In member function ‘void BitStream::Write(unsigned char)’:
src/network/BitStream.h:26:30: warning: unused parameter ‘data’ [-Wunused-parameter]
   26 |     void Write(unsigned char data) {}
      |                ~~~~~~~~~~~~~~^~~~
src/network/BitStream.h: In member function ‘void BitStream::Write(char)’:
src/network/BitStream.h:27:21: warning: unused parameter ‘data’ [-Wunused-parameter]
   27 |     void Write(char data) {}
      |                ~~~~~^~~~
src/network/BitStream.h: In member function ‘void BitStream::Write(char*, unsigned int)’:
src/network/BitStream.h:28:22: warning: unused parameter ‘data’ [-Wunused-parameter]
   28 |     void Write(char* data, const unsigned int length) {}
      |                ~~~~~~^~~~
src/network/BitStream.h:28:47: warning: unused parameter ‘length’ [-Wunused-parameter]
   28 |     void Write(char* data, const unsigned int length) {}
      |                            ~~~~~~~~~~~~~~~~~~~^~~~~~
src/network/BitStream.h: In member function ‘void BitStream::Write(long unsigned int)’:
src/network/BitStream.h:29:30: warning: unused parameter ‘data’ [-Wunused-parameter]
   29 |     void Write(unsigned long data) {}
      |                ~~~~~~~~~~~~~~^~~~
src/network/BitStream.h: In member function ‘void BitStream::Write(float)’:
src/network/BitStream.h:30:22: warning: unused parameter ‘data’ [-Wunused-parameter]
   30 |     void Write(float data) {}
      |                ~~~~~~^~~~
src/network/BitStream.h: In member function ‘void BitStream::Write(bool)’:
src/network/BitStream.h:31:21: warning: unused parameter ‘data’ [-Wunused-parameter]
   31 |     void Write(bool data) {}
      |                ~~~~~^~~~
src/network/BitStream.h: In member function ‘void BitStream::Read(char*&, unsigned int)’:
src/network/BitStream.h:42:22: warning: unused parameter ‘data’ [-Wunused-parameter]
   42 |     void Read(char* &data, const unsigned int length) {}
      |               ~~~~~~~^~~~
src/network/BitStream.h:42:47: warning: unused parameter ‘length’ [-Wunused-parameter]
   42 |     void Read(char* &data, const unsigned int length) {}
      |                            ~~~~~~~~~~~~~~~~~~~^~~~~~
src/network/BitStream.h: In member function ‘void BitStream::Read(const char*&, unsigned int)’:
src/network/BitStream.h:43:28: warning: unused parameter ‘data’ [-Wunused-parameter]
   43 |     void Read(const char* &data, const unsigned int length) {}
      |               ~~~~~~~~~~~~~^~~~
src/network/BitStream.h:43:53: warning: unused parameter ‘length’ [-Wunused-parameter]
   43 |     void Read(const char* &data, const unsigned int length) {}
      |                                  ~~~~~~~~~~~~~~~~~~~^~~~~~
src/network/BitStream.h: In member function ‘void BitStream::Read(void*, unsigned int)’:
src/network/BitStream.h:44:21: warning: unused parameter ‘data’ [-Wunused-parameter]
   44 |     void Read(void* data, const unsigned int length) {}
      |               ~~~~~~^~~~
src/network/BitStream.h:44:46: warning: unused parameter ‘length’ [-Wunused-parameter]
   44 |     void Read(void* data, const unsigned int length) {}
      |                           ~~~~~~~~~~~~~~~~~~~^~~~~~
src/network/BitStream.h: In member function ‘void BitStream::SetWriteOffset(unsigned int)’:
src/network/BitStream.h:47:38: warning: unused parameter ‘offset’ [-Wunused-parameter]
   47 |     void SetWriteOffset(unsigned int offset) {}
      |                         ~~~~~~~~~~~~~^~~~~~
In file included from src/network/RakNetworkFactory.h:9,
                 from src/gsnetcli.h:17:
src/network/RakClientInterface.h: In member function ‘bool RakClientInterface::Connect(const char*, short unsigned int, const char*, short unsigned int)’:
src/network/RakClientInterface.h:17:30: warning: unused parameter ‘serverIP’ [-Wunused-parameter]
   17 |     bool Connect(const char* serverIP, unsigned short serverPort, const char* clientIP, unsigned short clientPort) { return false; }
      |                  ~~~~~~~~~~~~^~~~~~~~
src/network/RakClientInterface.h:17:55: warning: unused parameter ‘serverPort’ [-Wunused-parameter]
   17 |     bool Connect(const char* serverIP, unsigned short serverPort, const char* clientIP, unsigned short clientPort) { return false; }
      |                                        ~~~~~~~~~~~~~~~^~~~~~~~~~
src/network/RakClientInterface.h:17:79: warning: unused parameter ‘clientIP’ [-Wunused-parameter]
   17 |     bool Connect(const char* serverIP, unsigned short serverPort, const char* clientIP, unsigned short clientPort) { return false; }
      |                                                                   ~~~~~~~~~~~~^~~~~~~~
src/network/RakClientInterface.h:17:104: warning: unused parameter ‘clientPort’ [-Wunused-parameter]
   17 |     bool Connect(const char* serverIP, unsigned short serverPort, const char* clientIP, unsigned short clientPort) { return false; }
      |                                                                                         ~~~~~~~~~~~~~~~^~~~~~~~~~
src/network/RakClientInterface.h: In member function ‘bool RakClientInterface::Connect(const char*, short unsigned int, short unsigned int, unsigned int, int)’:
src/network/RakClientInterface.h:18:30: warning: unused parameter ‘host’ [-Wunused-parameter]
   18 |     bool Connect(const char* host, unsigned short serverPort, unsigned short clientPort, unsigned int connectionValidationInteger, int timeoutMS) { return false; }
      |                  ~~~~~~~~~~~~^~~~
src/network/RakClientInterface.h:18:51: warning: unused parameter ‘serverPort’ [-Wunused-parameter]
   18 |     bool Connect(const char* host, unsigned short serverPort, unsigned short clientPort, unsigned int connectionValidationInteger, int timeoutMS) { return false; }
      |                                    ~~~~~~~~~~~~~~~^~~~~~~~~~
src/network/RakClientInterface.h:18:78: warning: unused parameter ‘clientPort’ [-Wunused-parameter]
   18 |     bool Connect(const char* host, unsigned short serverPort, unsigned short clientPort, unsigned int connectionValidationInteger, int timeoutMS) { return false; }
      |                                                               ~~~~~~~~~~~~~~~^~~~~~~~~~
src/network/RakClientInterface.h:18:103: warning: unused parameter ‘connectionValidationInteger’ [-Wunused-parameter]
   18 |     bool Connect(const char* host, unsigned short serverPort, unsigned short clientPort, unsigned int connectionValidationInteger, int timeoutMS) { return false; }
      |                                                                                          ~~~~~~~~~~~~~^~~~~~~~~~~~~~~~~~~~~~~~~~~
src/network/RakClientInterface.h:18:136: warning: unused parameter ‘timeoutMS’ [-Wunused-parameter]
   18 |     bool Connect(const char* host, unsigned short serverPort, unsigned short clientPort, unsigned int connectionValidationInteger, int timeoutMS) { return false; }
      |                                                                                                                                    ~~~~^~~~~~~~~
src/network/RakClientInterface.h: In member function ‘void RakClientInterface::Disconnect(unsigned int, unsigned char)’:
src/network/RakClientInterface.h:19:34: warning: unused parameter ‘blockDuration’ [-Wunused-parameter]
   19 |     void Disconnect(unsigned int blockDuration = 0, unsigned char orderingChannel = 0) {}
      |                     ~~~~~~~~~~~~~^~~~~~~~~~~~~~~~~
src/network/RakClientInterface.h:19:67: warning: unused parameter ‘orderingChannel’ [-Wunused-parameter]
   19 |     void Disconnect(unsigned int blockDuration = 0, unsigned char orderingChannel = 0) {}
      |                                                     ~~~~~~~~~~~~~~^~~~~~~~~~~~~~~~~~~
src/network/RakClientInterface.h: In member function ‘void RakClientInterface::PingServer(const char*, short unsigned int, short unsigned int)’:
src/network/RakClientInterface.h:21:33: warning: unused parameter ‘host’ [-Wunused-parameter]
   21 |     void PingServer(const char* host, unsigned short remotePort, unsigned short sendPort) {}
      |                     ~~~~~~~~~~~~^~~~
src/network/RakClientInterface.h:21:54: warning: unused parameter ‘remotePort’ [-Wunused-parameter]
   21 |     void PingServer(const char* host, unsigned short remotePort, unsigned short sendPort) {}
      |                                       ~~~~~~~~~~~~~~~^~~~~~~~~~
src/network/RakClientInterface.h:21:81: warning: unused parameter ‘sendPort’ [-Wunused-parameter]
   21 |     void PingServer(const char* host, unsigned short remotePort, unsigned short sendPort) {}
      |                                                                  ~~~~~~~~~~~~~~~^~~~~~~~
src/network/RakClientInterface.h: In member function ‘bool RakClientInterface::Send(const char*, int, unsigned char, char, char, PlayerID, bool)’:
src/network/RakClientInterface.h:25:27: warning: unused parameter ‘data’ [-Wunused-parameter]
   25 |     bool Send(const char* data, int length, unsigned char priority, char reliability, char orderingChannel, PlayerID playerId, bool broadcast) { return true; }
      |               ~~~~~~~~~~~~^~~~
src/network/RakClientInterface.h:25:37: warning: unused parameter ‘length’ [-Wunused-parameter]
   25 |     bool Send(const char* data, int length, unsigned char priority, char reliability, char orderingChannel, PlayerID playerId, bool broadcast) { return true; }
      |                                 ~~~~^~~~~~
src/network/RakClientInterface.h:25:59: warning: unused parameter ‘priority’ [-Wunused-parameter]
   25 |     bool Send(const char* data, int length, unsigned char priority, char reliability, char orderingChannel, PlayerID playerId, bool broadcast) { return true; }
      |                                             ~~~~~~~~~~~~~~^~~~~~~~
src/network/RakClientInterface.h:25:74: warning: unused parameter ‘reliability’ [-Wunused-parameter]
   25 |     bool Send(const char* data, int length, unsigned char priority, char reliability, char orderingChannel, PlayerID playerId, bool broadcast) { return true; }
      |                                                                     ~~~~~^~~~~~~~~~~
src/network/RakClientInterface.h:25:92: warning: unused parameter ‘orderingChannel’ [-Wunused-parameter]
   25 |     bool Send(const char* data, int length, unsigned char priority, char reliability, char orderingChannel, PlayerID playerId, bool broadcast) { return true; }
      |                                                                                       ~~~~~^~~~~~~~~~~~~~~
src/network/RakClientInterface.h:25:118: warning: unused parameter ‘playerId’ [-Wunused-parameter]
   25 |     bool Send(const char* data, int length, unsigned char priority, char reliability, char orderingChannel, PlayerID playerId, bool broadcast) { return true; }
      |                                                                                                             ~~~~~~~~~^~~~~~~~
src/network/RakClientInterface.h:25:133: warning: unused parameter ‘broadcast’ [-Wunused-parameter]
   25 |     bool Send(const char* data, int length, unsigned char priority, char reliability, char orderingChannel, PlayerID playerId, bool broadcast) { return true; }
      |                                                                                                                                ~~~~~^~~~~~~~~
src/network/RakClientInterface.h: In member function ‘bool RakClientInterface::Send(BitStream*, unsigned char, char, char)’:
src/network/RakClientInterface.h:26:32: warning: unused parameter ‘bitStream’ [-Wunused-parameter]
   26 |     bool Send(class BitStream *bitStream, unsigned char priority, char reliability, char orderingChannel) { return true; }
      |               ~~~~~~~~~~~~~~~~~^~~~~~~~~
src/network/RakClientInterface.h:26:57: warning: unused parameter ‘priority’ [-Wunused-parameter]
   26 |     bool Send(class BitStream *bitStream, unsigned char priority, char reliability, char orderingChannel) { return true; }
      |                                           ~~~~~~~~~~~~~~^~~~~~~~
src/network/RakClientInterface.h:26:72: warning: unused parameter ‘reliability’ [-Wunused-parameter]
   26 |     bool Send(class BitStream *bitStream, unsigned char priority, char reliability, char orderingChannel) { return true; }
      |                                                                   ~~~~~^~~~~~~~~~~
src/network/RakClientInterface.h:26:90: warning: unused parameter ‘orderingChannel’ [-Wunused-parameter]
   26 |     bool Send(class BitStream *bitStream, unsigned char priority, char reliability, char orderingChannel) { return true; }
      |                                                                                     ~~~~~^~~~~~~~~~~~~~~
src/network/RakClientInterface.h: In member function ‘void RakClientInterface::PushBackPacket(Packet*, bool)’:
src/network/RakClientInterface.h:27:33: warning: unused parameter ‘packet’ [-Wunused-parameter]
   27 |     void PushBackPacket(Packet* packet, bool pushAtHead) {}
      |                         ~~~~~~~~^~~~~~
src/network/RakClientInterface.h:27:46: warning: unused parameter ‘pushAtHead’ [-Wunused-parameter]
   27 |     void PushBackPacket(Packet* packet, bool pushAtHead) {}
      |                                         ~~~~~^~~~~~~~~~
src/network/RakClientInterface.h: In member function ‘void RakClientInterface::DeallocatePacket(Packet*)’:
src/network/RakClientInterface.h:35:35: warning: unused parameter ‘packet’ [-Wunused-parameter]
   35 |     void DeallocatePacket(Packet *packet) {}
      |                           ~~~~~~~~^~~~~~
src/network/RakClientInterface.h: In member function ‘const char* RakClientInterface::PlayerIDToDottedIP(PlayerID)’:
src/network/RakClientInterface.h:36:45: warning: unused parameter ‘playerId’ [-Wunused-parameter]
   36 |     const char* PlayerIDToDottedIP(PlayerID playerId) { return "0.0.0.0"; }
      |                                    ~~~~~~~~~^~~~~~~~
In file included from src/network/RakNetworkFactory.h:10:
src/network/RakServerInterface.h: In member function ‘bool RakServerInterface::Start(int, int, int, int)’:
src/network/RakServerInterface.h:19:20: warning: unused parameter ‘AllowedPlayers’ [-Wunused-parameter]
   19 |     bool Start(int AllowedPlayers, int connectionValidationInteger, int threadSleepTimer, int port) { return false; }
      |                ~~~~^~~~~~~~~~~~~~
src/network/RakServerInterface.h:19:40: warning: unused parameter ‘connectionValidationInteger’ [-Wunused-parameter]
   19 |     bool Start(int AllowedPlayers, int connectionValidationInteger, int threadSleepTimer, int port) { return false; }
      |                                    ~~~~^~~~~~~~~~~~~~~~~~~~~~~~~~~
src/network/RakServerInterface.h:19:73: warning: unused parameter ‘threadSleepTimer’ [-Wunused-parameter]
   19 |     bool Start(int AllowedPlayers, int connectionValidationInteger, int threadSleepTimer, int port) { return false; }
      |                                                                     ~~~~^~~~~~~~~~~~~~~~
src/network/RakServerInterface.h:19:95: warning: unused parameter ‘port’ [-Wunused-parameter]
   19 |     bool Start(int AllowedPlayers, int connectionValidationInteger, int threadSleepTimer, int port) { return false; }
      |                                                                                           ~~~~^~~~
src/network/RakServerInterface.h: In member function ‘void RakServerInterface::Disconnect(unsigned int, unsigned char)’:
src/network/RakServerInterface.h:20:34: warning: unused parameter ‘blockDuration’ [-Wunused-parameter]
   20 |     void Disconnect(unsigned int blockDuration = 0, unsigned char orderingChannel = 0) {}
      |                     ~~~~~~~~~~~~~^~~~~~~~~~~~~~~~~
src/network/RakServerInterface.h:20:67: warning: unused parameter ‘orderingChannel’ [-Wunused-parameter]
   20 |     void Disconnect(unsigned int blockDuration = 0, unsigned char orderingChannel = 0) {}
      |                                                     ~~~~~~~~~~~~~~^~~~~~~~~~~~~~~~~~~
src/network/RakServerInterface.h: In member function ‘bool RakServerInterface::Send(const char*, int, unsigned char, char, char, PlayerID, bool)’:
src/network/RakServerInterface.h:21:27: warning: unused parameter ‘data’ [-Wunused-parameter]
   21 |     bool Send(const char* data, int length, unsigned char priority, char reliability, char orderingChannel, PlayerID playerId, bool broadcast) { return true; }
      |               ~~~~~~~~~~~~^~~~
src/network/RakServerInterface.h:21:37: warning: unused parameter ‘length’ [-Wunused-parameter]
   21 |     bool Send(const char* data, int length, unsigned char priority, char reliability, char orderingChannel, PlayerID playerId, bool broadcast) { return true; }
      |                                 ~~~~^~~~~~
src/network/RakServerInterface.h:21:59: warning: unused parameter ‘priority’ [-Wunused-parameter]
   21 |     bool Send(const char* data, int length, unsigned char priority, char reliability, char orderingChannel, PlayerID playerId, bool broadcast) { return true; }
      |                                             ~~~~~~~~~~~~~~^~~~~~~~
src/network/RakServerInterface.h:21:74: warning: unused parameter ‘reliability’ [-Wunused-parameter]
   21 |     bool Send(const char* data, int length, unsigned char priority, char reliability, char orderingChannel, PlayerID playerId, bool broadcast) { return true; }
      |                                                                     ~~~~~^~~~~~~~~~~
src/network/RakServerInterface.h:21:92: warning: unused parameter ‘orderingChannel’ [-Wunused-parameter]
   21 |     bool Send(const char* data, int length, unsigned char priority, char reliability, char orderingChannel, PlayerID playerId, bool broadcast) { return true; }
      |                                                                                       ~~~~~^~~~~~~~~~~~~~~
src/network/RakServerInterface.h:21:118: warning: unused parameter ‘playerId’ [-Wunused-parameter]
   21 |     bool Send(const char* data, int length, unsigned char priority, char reliability, char orderingChannel, PlayerID playerId, bool broadcast) { return true; }
      |                                                                                                             ~~~~~~~~~^~~~~~~~
src/network/RakServerInterface.h:21:133: warning: unused parameter ‘broadcast’ [-Wunused-parameter]
   21 |     bool Send(const char* data, int length, unsigned char priority, char reliability, char orderingChannel, PlayerID playerId, bool broadcast) { return true; }
      |                                                                                                                                ~~~~~^~~~~~~~~
src/network/RakServerInterface.h: In member function ‘bool RakServerInterface::Send(BitStream*, unsigned char, char, char, PlayerID, bool)’:
src/network/RakServerInterface.h:22:32: warning: unused parameter ‘bitStream’ [-Wunused-parameter]
   22 |     bool Send(class BitStream *bitStream, unsigned char priority, char reliability, char orderingChannel, PlayerID playerId, bool broadcast) { return true; }
      |               ~~~~~~~~~~~~~~~~~^~~~~~~~~
src/network/RakServerInterface.h:22:57: warning: unused parameter ‘priority’ [-Wunused-parameter]
   22 |     bool Send(class BitStream *bitStream, unsigned char priority, char reliability, char orderingChannel, PlayerID playerId, bool broadcast) { return true; }
      |                                           ~~~~~~~~~~~~~~^~~~~~~~
src/network/RakServerInterface.h:22:72: warning: unused parameter ‘reliability’ [-Wunused-parameter]
   22 |     bool Send(class BitStream *bitStream, unsigned char priority, char reliability, char orderingChannel, PlayerID playerId, bool broadcast) { return true; }
      |                                                                   ~~~~~^~~~~~~~~~~
src/network/RakServerInterface.h:22:90: warning: unused parameter ‘orderingChannel’ [-Wunused-parameter]
   22 |     bool Send(class BitStream *bitStream, unsigned char priority, char reliability, char orderingChannel, PlayerID playerId, bool broadcast) { return true; }
      |                                                                                     ~~~~~^~~~~~~~~~~~~~~
src/network/RakServerInterface.h:22:116: warning: unused parameter ‘playerId’ [-Wunused-parameter]
   22 |     bool Send(class BitStream *bitStream, unsigned char priority, char reliability, char orderingChannel, PlayerID playerId, bool broadcast) { return true; }
      |                                                                                                           ~~~~~~~~~^~~~~~~~
src/network/RakServerInterface.h:22:131: warning: unused parameter ‘broadcast’ [-Wunused-parameter]
   22 |     bool Send(class BitStream *bitStream, unsigned char priority, char reliability, char orderingChannel, PlayerID playerId, bool broadcast) { return true; }
      |                                                                                                                              ~~~~~^~~~~~~~~
src/network/RakServerInterface.h: In member function ‘void RakServerInterface::PushBackPacket(Packet*, bool)’:
src/network/RakServerInterface.h:23:33: warning: unused parameter ‘packet’ [-Wunused-parameter]
   23 |     void PushBackPacket(Packet* packet, bool pushAtHead) {}
      |                         ~~~~~~~~^~~~~~
src/network/RakServerInterface.h:23:46: warning: unused parameter ‘pushAtHead’ [-Wunused-parameter]
   23 |     void PushBackPacket(Packet* packet, bool pushAtHead) {}
      |                                         ~~~~~^~~~~~~~~~
src/network/RakServerInterface.h: In member function ‘void RakServerInterface::DeallocatePacket(Packet*)’:
src/network/RakServerInterface.h:24:35: warning: unused parameter ‘packet’ [-Wunused-parameter]
   24 |     void DeallocatePacket(Packet* packet) {}
      |                           ~~~~~~~~^~~~~~
src/network/RakServerInterface.h: In member function ‘int RakServerInterface::GetAveragePing(PlayerID)’:
src/network/RakServerInterface.h:25:33: warning: unused parameter ‘playerId’ [-Wunused-parameter]
   25 |     int GetAveragePing(PlayerID playerId) { return 0; }
      |                        ~~~~~~~~~^~~~~~~~
src/network/RakServerInterface.h: In member function ‘int RakServerInterface::GetLastPing(PlayerID)’:
src/network/RakServerInterface.h:26:30: warning: unused parameter ‘playerId’ [-Wunused-parameter]
   26 |     int GetLastPing(PlayerID playerId) { return 0; }
      |                     ~~~~~~~~~^~~~~~~~
src/network/RakServerInterface.h: In member function ‘int RakServerInterface::GetLowestPing(PlayerID)’:
src/network/RakServerInterface.h:27:32: warning: unused parameter ‘playerId’ [-Wunused-parameter]
   27 |     int GetLowestPing(PlayerID playerId) { return 0; }
      |                       ~~~~~~~~~^~~~~~~~
src/network/RakServerInterface.h: In member function ‘void RakServerInterface::Kick(PlayerID)’:
src/network/RakServerInterface.h:28:24: warning: unused parameter ‘playerId’ [-Wunused-parameter]
   28 |     void Kick(PlayerID playerId) {}
      |               ~~~~~~~~~^~~~~~~~
src/network/RakServerInterface.h: In member function ‘void RakServerInterface::SetAllowedPlayers(int)’:
src/network/RakServerInterface.h:31:32: warning: unused parameter ‘maxPlayers’ [-Wunused-parameter]
   31 |     void SetAllowedPlayers(int maxPlayers) {}
      |                            ~~~~^~~~~~~~~~
src/network/RakServerInterface.h: In member function ‘void* RakServerInterface::GetStatistics(PlayerID)’:
src/network/RakServerInterface.h:35:34: warning: unused parameter ‘playerId’ [-Wunused-parameter]
   35 |     void* GetStatistics(PlayerID playerId) { return 0; }
      |                         ~~~~~~~~~^~~~~~~~
src/network/RakNetworkFactory.h: In static member function ‘static void RakNetworkFactory::DestroyRakNetwork(void*)’:
src/network/RakNetworkFactory.h:15:41: warning: unused parameter ‘network’ [-Wunused-parameter]
   15 |     static void DestroyRakNetwork(void* network) {}
      |                                   ~~~~~~^~~~~~~
src/gscrater.cpp: In function ‘void make_crater_wall(BITMAP*, int, int, int)’:
src/gscrater.cpp:34:54: warning: unused parameter ‘d’ [-Wunused-parameter]
   34 | void make_crater_wall(BITMAP *bmp, int x, int y, int d)
      |                                                  ~~~~^
src/gscrater.cpp: In member function ‘void Crater::draw(gsMap*)’:
src/gscrater.cpp:52:8: warning: suggest explicit braces to avoid ambiguous ‘else’ [-Wdangling-else]
   52 |     if (get_in_wall() == -1)
      |        ^
src/gscrater.cpp: In member function ‘void gsCrater::draw(gsMap*)’:
src/gscrater.cpp:144:8: warning: unused variable ‘d’ [-Wunused-variable]
  144 |   bool d = false;
      |        ^
src/gscrater.cpp: In member function ‘void gsCrater::update()’:
src/gscrater.cpp:191:7: warning: unused variable ‘small_removed’ [-Wunused-variable]
  191 |   int small_removed = 0;
      |       ^~~~~~~~~~~~~
src/network/RakServerInterface.h: At global scope:
src/network/RakServerInterface.h:49:17: warning: ‘UNASSIGNED_PLAYER_ID’ defined but not used [-Wunused-variable]
   49 | static PlayerID UNASSIGNED_PLAYER_ID = {0, 0};
      |                 ^~~~~~~~~~~~~~~~~~~~
Compiling src/gseffect.cpp...
g++ -O2 -Wall -Wextra -std=c++11 -fpermissive -DDIRECT_ASSET_LOADING  -I/usr/include/lua5.4 -I./src -c src/gseffect.cpp -o obj/gseffect.o
In file included from src/gsbullet.h:17,
                 from src/gseffect.h:27,
                 from src/gseffect.cpp:12:
src/luaclass.h: In member function ‘void Lua::open(int)’:
src/luaclass.h:20:23: warning: unused parameter ‘stacksize’ [-Wunused-parameter]
   20 |         void open(int stacksize = 0)
      |                   ~~~~^~~~~~~~~~~~~
src/luaclass.h: In member function ‘void Lua::setgcthreshold(int)’:
src/luaclass.h:136:33: warning: unused parameter ‘newthreshold’ [-Wunused-parameter]
  136 |         void setgcthreshold(int newthreshold)
      |                             ~~~~^~~~~~~~~~~~
src/gseffect.cpp: In member function ‘void gsEffect::init_pixelrain()’:
src/gseffect.cpp:35:18: warning: ISO C++ forbids converting a string constant to ‘char*’ [-Wwrite-strings]
   35 |   errors->log(2, "effect", "init pixels");
      |                  ^~~~~~~~
src/gseffect.cpp:35:28: warning: ISO C++ forbids converting a string constant to ‘char*’ [-Wwrite-strings]
   35 |   errors->log(2, "effect", "init pixels");
      |                            ^~~~~~~~~~~~~
src/gseffect.cpp: In member function ‘void gsEffect::init_explosions()’:
src/gseffect.cpp:41:18: warning: ISO C++ forbids converting a string constant to ‘char*’ [-Wwrite-strings]
   41 |   errors->log(2, "effect", "init explosions");
      |                  ^~~~~~~~
src/gseffect.cpp:41:28: warning: ISO C++ forbids converting a string constant to ‘char*’ [-Wwrite-strings]
   41 |   errors->log(2, "effect", "init explosions");
      |                            ^~~~~~~~~~~~~~~~~
src/gseffect.cpp: In member function ‘void gsEffect::init_craters()’:
src/gseffect.cpp:47:18: warning: ISO C++ forbids converting a string constant to ‘char*’ [-Wwrite-strings]
   47 |   errors->log(2, "effect", "craters");
      |                  ^~~~~~~~
src/gseffect.cpp:47:28: warning: ISO C++ forbids converting a string constant to ‘char*’ [-Wwrite-strings]
   47 |   errors->log(2, "effect", "craters");
      |                            ^~~~~~~~~
src/gseffect.cpp: In member function ‘void gsEffect::init_bullets()’:
src/gseffect.cpp:53:18: warning: ISO C++ forbids converting a string constant to ‘char*’ [-Wwrite-strings]
   53 |   errors->log(2, "effect", "init bullets");
      |                  ^~~~~~~~
src/gseffect.cpp:53:28: warning: ISO C++ forbids converting a string constant to ‘char*’ [-Wwrite-strings]
   53 |   errors->log(2, "effect", "init bullets");
      |                            ^~~~~~~~~~~~~~
Compiling src/gsenemy.cpp...
g++ -O2 -Wall -Wextra -std=c++11 -fpermissive -DDIRECT_ASSET_LOADING  -I/usr/include/lua5.4 -I./src -c src/gsenemy.cpp -o obj/gsenemy.o
In file included from src/gsnetw.h:18,
                 from src/gsenemy.cpp:23:
src/gsnetsrv.h:67:7: warning: extra tokens at end of #endif directive [-Wendif-labels]
   67 | #endif;
      |       ^
In file included from src/gsscript.h:16,
                 from src/gsenemy.h:19,
                 from src/gsenemy.cpp:12:
src/luaclass.h: In member function ‘void Lua::open(int)’:
src/luaclass.h:20:23: warning: unused parameter ‘stacksize’ [-Wunused-parameter]
   20 |         void open(int stacksize = 0)
      |                   ~~~~^~~~~~~~~~~~~
src/luaclass.h: In member function ‘void Lua::setgcthreshold(int)’:
src/luaclass.h:136:33: warning: unused parameter ‘newthreshold’ [-Wunused-parameter]
  136 |         void setgcthreshold(int newthreshold)
      |                             ~~~~^~~~~~~~~~~~
src/gsscript.h: At global scope:
src/gsscript.h:43:43: warning: ISO C++ forbids converting a string constant to ‘char*’ [-Wwrite-strings]
   43 |     void  read_level_files(int=0, char *n="");
      |                                           ^~
In file included from src/gsnetcli.h:16,
                 from src/gsnetw.h:17:
src/network/BitStream.h: In constructor ‘BitStream::BitStream(char*, unsigned int, bool)’:
src/network/BitStream.h:22:61: warning: unused parameter ‘_copyData’ [-Wunused-parameter]
   22 |     BitStream(char* _data, unsigned int lengthInBytes, bool _copyData) : data(_data), numberOfBitsAllocated(lengthInBytes * 8), numberOfBitsUsed(lengthInBytes * 8), readOffset(0), maxLength(lengthInBytes) {}
      |                                                        ~~~~~^~~~~~~~~
src/network/BitStream.h: In member function ‘void BitStream::Write(int)’:
src/network/BitStream.h:25:20: warning: unused parameter ‘data’ [-Wunused-parameter]
   25 |     void Write(int data) {}
      |                ~~~~^~~~
src/network/BitStream.h: In member function ‘void BitStream::Write(unsigned char)’:
src/network/BitStream.h:26:30: warning: unused parameter ‘data’ [-Wunused-parameter]
   26 |     void Write(unsigned char data) {}
      |                ~~~~~~~~~~~~~~^~~~
src/network/BitStream.h: In member function ‘void BitStream::Write(char)’:
src/network/BitStream.h:27:21: warning: unused parameter ‘data’ [-Wunused-parameter]
   27 |     void Write(char data) {}
      |                ~~~~~^~~~
src/network/BitStream.h: In member function ‘void BitStream::Write(char*, unsigned int)’:
src/network/BitStream.h:28:22: warning: unused parameter ‘data’ [-Wunused-parameter]
   28 |     void Write(char* data, const unsigned int length) {}
      |                ~~~~~~^~~~
src/network/BitStream.h:28:47: warning: unused parameter ‘length’ [-Wunused-parameter]
   28 |     void Write(char* data, const unsigned int length) {}
      |                            ~~~~~~~~~~~~~~~~~~~^~~~~~
src/network/BitStream.h: In member function ‘void BitStream::Write(long unsigned int)’:
src/network/BitStream.h:29:30: warning: unused parameter ‘data’ [-Wunused-parameter]
   29 |     void Write(unsigned long data) {}
      |                ~~~~~~~~~~~~~~^~~~
src/network/BitStream.h: In member function ‘void BitStream::Write(float)’:
src/network/BitStream.h:30:22: warning: unused parameter ‘data’ [-Wunused-parameter]
   30 |     void Write(float data) {}
      |                ~~~~~~^~~~
src/network/BitStream.h: In member function ‘void BitStream::Write(bool)’:
src/network/BitStream.h:31:21: warning: unused parameter ‘data’ [-Wunused-parameter]
   31 |     void Write(bool data) {}
      |                ~~~~~^~~~
src/network/BitStream.h: In member function ‘void BitStream::Read(char*&, unsigned int)’:
src/network/BitStream.h:42:22: warning: unused parameter ‘data’ [-Wunused-parameter]
   42 |     void Read(char* &data, const unsigned int length) {}
      |               ~~~~~~~^~~~
src/network/BitStream.h:42:47: warning: unused parameter ‘length’ [-Wunused-parameter]
   42 |     void Read(char* &data, const unsigned int length) {}
      |                            ~~~~~~~~~~~~~~~~~~~^~~~~~
src/network/BitStream.h: In member function ‘void BitStream::Read(const char*&, unsigned int)’:
src/network/BitStream.h:43:28: warning: unused parameter ‘data’ [-Wunused-parameter]
   43 |     void Read(const char* &data, const unsigned int length) {}
      |               ~~~~~~~~~~~~~^~~~
src/network/BitStream.h:43:53: warning: unused parameter ‘length’ [-Wunused-parameter]
   43 |     void Read(const char* &data, const unsigned int length) {}
      |                                  ~~~~~~~~~~~~~~~~~~~^~~~~~
src/network/BitStream.h: In member function ‘void BitStream::Read(void*, unsigned int)’:
src/network/BitStream.h:44:21: warning: unused parameter ‘data’ [-Wunused-parameter]
   44 |     void Read(void* data, const unsigned int length) {}
      |               ~~~~~~^~~~
src/network/BitStream.h:44:46: warning: unused parameter ‘length’ [-Wunused-parameter]
   44 |     void Read(void* data, const unsigned int length) {}
      |                           ~~~~~~~~~~~~~~~~~~~^~~~~~
src/network/BitStream.h: In member function ‘void BitStream::SetWriteOffset(unsigned int)’:
src/network/BitStream.h:47:38: warning: unused parameter ‘offset’ [-Wunused-parameter]
   47 |     void SetWriteOffset(unsigned int offset) {}
      |                         ~~~~~~~~~~~~~^~~~~~
In file included from src/network/RakNetworkFactory.h:9,
                 from src/gsnetcli.h:17:
src/network/RakClientInterface.h: In member function ‘bool RakClientInterface::Connect(const char*, short unsigned int, const char*, short unsigned int)’:
src/network/RakClientInterface.h:17:30: warning: unused parameter ‘serverIP’ [-Wunused-parameter]
   17 |     bool Connect(const char* serverIP, unsigned short serverPort, const char* clientIP, unsigned short clientPort) { return false; }
      |                  ~~~~~~~~~~~~^~~~~~~~
src/network/RakClientInterface.h:17:55: warning: unused parameter ‘serverPort’ [-Wunused-parameter]
   17 |     bool Connect(const char* serverIP, unsigned short serverPort, const char* clientIP, unsigned short clientPort) { return false; }
      |                                        ~~~~~~~~~~~~~~~^~~~~~~~~~
src/network/RakClientInterface.h:17:79: warning: unused parameter ‘clientIP’ [-Wunused-parameter]
   17 |     bool Connect(const char* serverIP, unsigned short serverPort, const char* clientIP, unsigned short clientPort) { return false; }
      |                                                                   ~~~~~~~~~~~~^~~~~~~~
src/network/RakClientInterface.h:17:104: warning: unused parameter ‘clientPort’ [-Wunused-parameter]
   17 |     bool Connect(const char* serverIP, unsigned short serverPort, const char* clientIP, unsigned short clientPort) { return false; }
      |                                                                                         ~~~~~~~~~~~~~~~^~~~~~~~~~
src/network/RakClientInterface.h: In member function ‘bool RakClientInterface::Connect(const char*, short unsigned int, short unsigned int, unsigned int, int)’:
src/network/RakClientInterface.h:18:30: warning: unused parameter ‘host’ [-Wunused-parameter]
   18 |     bool Connect(const char* host, unsigned short serverPort, unsigned short clientPort, unsigned int connectionValidationInteger, int timeoutMS) { return false; }
      |                  ~~~~~~~~~~~~^~~~
src/network/RakClientInterface.h:18:51: warning: unused parameter ‘serverPort’ [-Wunused-parameter]
   18 |     bool Connect(const char* host, unsigned short serverPort, unsigned short clientPort, unsigned int connectionValidationInteger, int timeoutMS) { return false; }
      |                                    ~~~~~~~~~~~~~~~^~~~~~~~~~
src/network/RakClientInterface.h:18:78: warning: unused parameter ‘clientPort’ [-Wunused-parameter]
   18 |     bool Connect(const char* host, unsigned short serverPort, unsigned short clientPort, unsigned int connectionValidationInteger, int timeoutMS) { return false; }
      |                                                               ~~~~~~~~~~~~~~~^~~~~~~~~~
src/network/RakClientInterface.h:18:103: warning: unused parameter ‘connectionValidationInteger’ [-Wunused-parameter]
   18 |     bool Connect(const char* host, unsigned short serverPort, unsigned short clientPort, unsigned int connectionValidationInteger, int timeoutMS) { return false; }
      |                                                                                          ~~~~~~~~~~~~~^~~~~~~~~~~~~~~~~~~~~~~~~~~
src/network/RakClientInterface.h:18:136: warning: unused parameter ‘timeoutMS’ [-Wunused-parameter]
   18 |     bool Connect(const char* host, unsigned short serverPort, unsigned short clientPort, unsigned int connectionValidationInteger, int timeoutMS) { return false; }
      |                                                                                                                                    ~~~~^~~~~~~~~
src/network/RakClientInterface.h: In member function ‘void RakClientInterface::Disconnect(unsigned int, unsigned char)’:
src/network/RakClientInterface.h:19:34: warning: unused parameter ‘blockDuration’ [-Wunused-parameter]
   19 |     void Disconnect(unsigned int blockDuration = 0, unsigned char orderingChannel = 0) {}
      |                     ~~~~~~~~~~~~~^~~~~~~~~~~~~~~~~
src/network/RakClientInterface.h:19:67: warning: unused parameter ‘orderingChannel’ [-Wunused-parameter]
   19 |     void Disconnect(unsigned int blockDuration = 0, unsigned char orderingChannel = 0) {}
      |                                                     ~~~~~~~~~~~~~~^~~~~~~~~~~~~~~~~~~
src/network/RakClientInterface.h: In member function ‘void RakClientInterface::PingServer(const char*, short unsigned int, short unsigned int)’:
src/network/RakClientInterface.h:21:33: warning: unused parameter ‘host’ [-Wunused-parameter]
   21 |     void PingServer(const char* host, unsigned short remotePort, unsigned short sendPort) {}
      |                     ~~~~~~~~~~~~^~~~
src/network/RakClientInterface.h:21:54: warning: unused parameter ‘remotePort’ [-Wunused-parameter]
   21 |     void PingServer(const char* host, unsigned short remotePort, unsigned short sendPort) {}
      |                                       ~~~~~~~~~~~~~~~^~~~~~~~~~
src/network/RakClientInterface.h:21:81: warning: unused parameter ‘sendPort’ [-Wunused-parameter]
   21 |     void PingServer(const char* host, unsigned short remotePort, unsigned short sendPort) {}
      |                                                                  ~~~~~~~~~~~~~~~^~~~~~~~
src/network/RakClientInterface.h: In member function ‘bool RakClientInterface::Send(const char*, int, unsigned char, char, char, PlayerID, bool)’:
src/network/RakClientInterface.h:25:27: warning: unused parameter ‘data’ [-Wunused-parameter]
   25 |     bool Send(const char* data, int length, unsigned char priority, char reliability, char orderingChannel, PlayerID playerId, bool broadcast) { return true; }
      |               ~~~~~~~~~~~~^~~~
src/network/RakClientInterface.h:25:37: warning: unused parameter ‘length’ [-Wunused-parameter]
   25 |     bool Send(const char* data, int length, unsigned char priority, char reliability, char orderingChannel, PlayerID playerId, bool broadcast) { return true; }
      |                                 ~~~~^~~~~~
src/network/RakClientInterface.h:25:59: warning: unused parameter ‘priority’ [-Wunused-parameter]
   25 |     bool Send(const char* data, int length, unsigned char priority, char reliability, char orderingChannel, PlayerID playerId, bool broadcast) { return true; }
      |                                             ~~~~~~~~~~~~~~^~~~~~~~
src/network/RakClientInterface.h:25:74: warning: unused parameter ‘reliability’ [-Wunused-parameter]
   25 |     bool Send(const char* data, int length, unsigned char priority, char reliability, char orderingChannel, PlayerID playerId, bool broadcast) { return true; }
      |                                                                     ~~~~~^~~~~~~~~~~
src/network/RakClientInterface.h:25:92: warning: unused parameter ‘orderingChannel’ [-Wunused-parameter]
   25 |     bool Send(const char* data, int length, unsigned char priority, char reliability, char orderingChannel, PlayerID playerId, bool broadcast) { return true; }
      |                                                                                       ~~~~~^~~~~~~~~~~~~~~
src/network/RakClientInterface.h:25:118: warning: unused parameter ‘playerId’ [-Wunused-parameter]
   25 |     bool Send(const char* data, int length, unsigned char priority, char reliability, char orderingChannel, PlayerID playerId, bool broadcast) { return true; }
      |                                                                                                             ~~~~~~~~~^~~~~~~~
src/network/RakClientInterface.h:25:133: warning: unused parameter ‘broadcast’ [-Wunused-parameter]
   25 |     bool Send(const char* data, int length, unsigned char priority, char reliability, char orderingChannel, PlayerID playerId, bool broadcast) { return true; }
      |                                                                                                                                ~~~~~^~~~~~~~~
src/network/RakClientInterface.h: In member function ‘bool RakClientInterface::Send(BitStream*, unsigned char, char, char)’:
src/network/RakClientInterface.h:26:32: warning: unused parameter ‘bitStream’ [-Wunused-parameter]
   26 |     bool Send(class BitStream *bitStream, unsigned char priority, char reliability, char orderingChannel) { return true; }
      |               ~~~~~~~~~~~~~~~~~^~~~~~~~~
src/network/RakClientInterface.h:26:57: warning: unused parameter ‘priority’ [-Wunused-parameter]
   26 |     bool Send(class BitStream *bitStream, unsigned char priority, char reliability, char orderingChannel) { return true; }
      |                                           ~~~~~~~~~~~~~~^~~~~~~~
src/network/RakClientInterface.h:26:72: warning: unused parameter ‘reliability’ [-Wunused-parameter]
   26 |     bool Send(class BitStream *bitStream, unsigned char priority, char reliability, char orderingChannel) { return true; }
      |                                                                   ~~~~~^~~~~~~~~~~
src/network/RakClientInterface.h:26:90: warning: unused parameter ‘orderingChannel’ [-Wunused-parameter]
   26 |     bool Send(class BitStream *bitStream, unsigned char priority, char reliability, char orderingChannel) { return true; }
      |                                                                                     ~~~~~^~~~~~~~~~~~~~~
src/network/RakClientInterface.h: In member function ‘void RakClientInterface::PushBackPacket(Packet*, bool)’:
src/network/RakClientInterface.h:27:33: warning: unused parameter ‘packet’ [-Wunused-parameter]
   27 |     void PushBackPacket(Packet* packet, bool pushAtHead) {}
      |                         ~~~~~~~~^~~~~~
src/network/RakClientInterface.h:27:46: warning: unused parameter ‘pushAtHead’ [-Wunused-parameter]
   27 |     void PushBackPacket(Packet* packet, bool pushAtHead) {}
      |                                         ~~~~~^~~~~~~~~~
src/network/RakClientInterface.h: In member function ‘void RakClientInterface::DeallocatePacket(Packet*)’:
src/network/RakClientInterface.h:35:35: warning: unused parameter ‘packet’ [-Wunused-parameter]
   35 |     void DeallocatePacket(Packet *packet) {}
      |                           ~~~~~~~~^~~~~~
src/network/RakClientInterface.h: In member function ‘const char* RakClientInterface::PlayerIDToDottedIP(PlayerID)’:
src/network/RakClientInterface.h:36:45: warning: unused parameter ‘playerId’ [-Wunused-parameter]
   36 |     const char* PlayerIDToDottedIP(PlayerID playerId) { return "0.0.0.0"; }
      |                                    ~~~~~~~~~^~~~~~~~
In file included from src/network/RakNetworkFactory.h:10:
src/network/RakServerInterface.h: In member function ‘bool RakServerInterface::Start(int, int, int, int)’:
src/network/RakServerInterface.h:19:20: warning: unused parameter ‘AllowedPlayers’ [-Wunused-parameter]
   19 |     bool Start(int AllowedPlayers, int connectionValidationInteger, int threadSleepTimer, int port) { return false; }
      |                ~~~~^~~~~~~~~~~~~~
src/network/RakServerInterface.h:19:40: warning: unused parameter ‘connectionValidationInteger’ [-Wunused-parameter]
   19 |     bool Start(int AllowedPlayers, int connectionValidationInteger, int threadSleepTimer, int port) { return false; }
      |                                    ~~~~^~~~~~~~~~~~~~~~~~~~~~~~~~~
src/network/RakServerInterface.h:19:73: warning: unused parameter ‘threadSleepTimer’ [-Wunused-parameter]
   19 |     bool Start(int AllowedPlayers, int connectionValidationInteger, int threadSleepTimer, int port) { return false; }
      |                                                                     ~~~~^~~~~~~~~~~~~~~~
src/network/RakServerInterface.h:19:95: warning: unused parameter ‘port’ [-Wunused-parameter]
   19 |     bool Start(int AllowedPlayers, int connectionValidationInteger, int threadSleepTimer, int port) { return false; }
      |                                                                                           ~~~~^~~~
src/network/RakServerInterface.h: In member function ‘void RakServerInterface::Disconnect(unsigned int, unsigned char)’:
src/network/RakServerInterface.h:20:34: warning: unused parameter ‘blockDuration’ [-Wunused-parameter]
   20 |     void Disconnect(unsigned int blockDuration = 0, unsigned char orderingChannel = 0) {}
      |                     ~~~~~~~~~~~~~^~~~~~~~~~~~~~~~~
src/network/RakServerInterface.h:20:67: warning: unused parameter ‘orderingChannel’ [-Wunused-parameter]
   20 |     void Disconnect(unsigned int blockDuration = 0, unsigned char orderingChannel = 0) {}
      |                                                     ~~~~~~~~~~~~~~^~~~~~~~~~~~~~~~~~~
src/network/RakServerInterface.h: In member function ‘bool RakServerInterface::Send(const char*, int, unsigned char, char, char, PlayerID, bool)’:
src/network/RakServerInterface.h:21:27: warning: unused parameter ‘data’ [-Wunused-parameter]
   21 |     bool Send(const char* data, int length, unsigned char priority, char reliability, char orderingChannel, PlayerID playerId, bool broadcast) { return true; }
      |               ~~~~~~~~~~~~^~~~
src/network/RakServerInterface.h:21:37: warning: unused parameter ‘length’ [-Wunused-parameter]
   21 |     bool Send(const char* data, int length, unsigned char priority, char reliability, char orderingChannel, PlayerID playerId, bool broadcast) { return true; }
      |                                 ~~~~^~~~~~
src/network/RakServerInterface.h:21:59: warning: unused parameter ‘priority’ [-Wunused-parameter]
   21 |     bool Send(const char* data, int length, unsigned char priority, char reliability, char orderingChannel, PlayerID playerId, bool broadcast) { return true; }
      |                                             ~~~~~~~~~~~~~~^~~~~~~~
src/network/RakServerInterface.h:21:74: warning: unused parameter ‘reliability’ [-Wunused-parameter]
   21 |     bool Send(const char* data, int length, unsigned char priority, char reliability, char orderingChannel, PlayerID playerId, bool broadcast) { return true; }
      |                                                                     ~~~~~^~~~~~~~~~~
src/network/RakServerInterface.h:21:92: warning: unused parameter ‘orderingChannel’ [-Wunused-parameter]
   21 |     bool Send(const char* data, int length, unsigned char priority, char reliability, char orderingChannel, PlayerID playerId, bool broadcast) { return true; }
      |                                                                                       ~~~~~^~~~~~~~~~~~~~~
src/network/RakServerInterface.h:21:118: warning: unused parameter ‘playerId’ [-Wunused-parameter]
   21 |     bool Send(const char* data, int length, unsigned char priority, char reliability, char orderingChannel, PlayerID playerId, bool broadcast) { return true; }
      |                                                                                                             ~~~~~~~~~^~~~~~~~
src/network/RakServerInterface.h:21:133: warning: unused parameter ‘broadcast’ [-Wunused-parameter]
   21 |     bool Send(const char* data, int length, unsigned char priority, char reliability, char orderingChannel, PlayerID playerId, bool broadcast) { return true; }
      |                                                                                                                                ~~~~~^~~~~~~~~
src/network/RakServerInterface.h: In member function ‘bool RakServerInterface::Send(BitStream*, unsigned char, char, char, PlayerID, bool)’:
src/network/RakServerInterface.h:22:32: warning: unused parameter ‘bitStream’ [-Wunused-parameter]
   22 |     bool Send(class BitStream *bitStream, unsigned char priority, char reliability, char orderingChannel, PlayerID playerId, bool broadcast) { return true; }
      |               ~~~~~~~~~~~~~~~~~^~~~~~~~~
src/network/RakServerInterface.h:22:57: warning: unused parameter ‘priority’ [-Wunused-parameter]
   22 |     bool Send(class BitStream *bitStream, unsigned char priority, char reliability, char orderingChannel, PlayerID playerId, bool broadcast) { return true; }
      |                                           ~~~~~~~~~~~~~~^~~~~~~~
src/network/RakServerInterface.h:22:72: warning: unused parameter ‘reliability’ [-Wunused-parameter]
   22 |     bool Send(class BitStream *bitStream, unsigned char priority, char reliability, char orderingChannel, PlayerID playerId, bool broadcast) { return true; }
      |                                                                   ~~~~~^~~~~~~~~~~
src/network/RakServerInterface.h:22:90: warning: unused parameter ‘orderingChannel’ [-Wunused-parameter]
   22 |     bool Send(class BitStream *bitStream, unsigned char priority, char reliability, char orderingChannel, PlayerID playerId, bool broadcast) { return true; }
      |                                                                                     ~~~~~^~~~~~~~~~~~~~~
src/network/RakServerInterface.h:22:116: warning: unused parameter ‘playerId’ [-Wunused-parameter]
   22 |     bool Send(class BitStream *bitStream, unsigned char priority, char reliability, char orderingChannel, PlayerID playerId, bool broadcast) { return true; }
      |                                                                                                           ~~~~~~~~~^~~~~~~~
src/network/RakServerInterface.h:22:131: warning: unused parameter ‘broadcast’ [-Wunused-parameter]
   22 |     bool Send(class BitStream *bitStream, unsigned char priority, char reliability, char orderingChannel, PlayerID playerId, bool broadcast) { return true; }
      |                                                                                                                              ~~~~~^~~~~~~~~
src/network/RakServerInterface.h: In member function ‘void RakServerInterface::PushBackPacket(Packet*, bool)’:
src/network/RakServerInterface.h:23:33: warning: unused parameter ‘packet’ [-Wunused-parameter]
   23 |     void PushBackPacket(Packet* packet, bool pushAtHead) {}
      |                         ~~~~~~~~^~~~~~
src/network/RakServerInterface.h:23:46: warning: unused parameter ‘pushAtHead’ [-Wunused-parameter]
   23 |     void PushBackPacket(Packet* packet, bool pushAtHead) {}
      |                                         ~~~~~^~~~~~~~~~
src/network/RakServerInterface.h: In member function ‘void RakServerInterface::DeallocatePacket(Packet*)’:
src/network/RakServerInterface.h:24:35: warning: unused parameter ‘packet’ [-Wunused-parameter]
   24 |     void DeallocatePacket(Packet* packet) {}
      |                           ~~~~~~~~^~~~~~
src/network/RakServerInterface.h: In member function ‘int RakServerInterface::GetAveragePing(PlayerID)’:
src/network/RakServerInterface.h:25:33: warning: unused parameter ‘playerId’ [-Wunused-parameter]
   25 |     int GetAveragePing(PlayerID playerId) { return 0; }
      |                        ~~~~~~~~~^~~~~~~~
src/network/RakServerInterface.h: In member function ‘int RakServerInterface::GetLastPing(PlayerID)’:
src/network/RakServerInterface.h:26:30: warning: unused parameter ‘playerId’ [-Wunused-parameter]
   26 |     int GetLastPing(PlayerID playerId) { return 0; }
      |                     ~~~~~~~~~^~~~~~~~
src/network/RakServerInterface.h: In member function ‘int RakServerInterface::GetLowestPing(PlayerID)’:
src/network/RakServerInterface.h:27:32: warning: unused parameter ‘playerId’ [-Wunused-parameter]
   27 |     int GetLowestPing(PlayerID playerId) { return 0; }
      |                       ~~~~~~~~~^~~~~~~~
src/network/RakServerInterface.h: In member function ‘void RakServerInterface::Kick(PlayerID)’:
src/network/RakServerInterface.h:28:24: warning: unused parameter ‘playerId’ [-Wunused-parameter]
   28 |     void Kick(PlayerID playerId) {}
      |               ~~~~~~~~~^~~~~~~~
src/network/RakServerInterface.h: In member function ‘void RakServerInterface::SetAllowedPlayers(int)’:
src/network/RakServerInterface.h:31:32: warning: unused parameter ‘maxPlayers’ [-Wunused-parameter]
   31 |     void SetAllowedPlayers(int maxPlayers) {}
      |                            ~~~~^~~~~~~~~~
src/network/RakServerInterface.h: In member function ‘void* RakServerInterface::GetStatistics(PlayerID)’:
src/network/RakServerInterface.h:35:34: warning: unused parameter ‘playerId’ [-Wunused-parameter]
   35 |     void* GetStatistics(PlayerID playerId) { return 0; }
      |                         ~~~~~~~~~^~~~~~~~
src/network/RakNetworkFactory.h: In static member function ‘static void RakNetworkFactory::DestroyRakNetwork(void*)’:
src/network/RakNetworkFactory.h:15:41: warning: unused parameter ‘network’ [-Wunused-parameter]
   15 |     static void DestroyRakNetwork(void* network) {}
      |                                   ~~~~~~^~~~~~~
src/gsenemy.cpp: In member function ‘virtual int Enemy::hit(long int, int, float, int, int, float, float, int)’:
src/gsenemy.cpp:103:33: warning: unused parameter ‘fromen’ [-Wunused-parameter]
  103 | int Enemy::hit(long frompl, int fromen, float n, int x, int y, float fxspd, float fyspd, int weapon)
      |                             ~~~~^~~~~~
src/gsenemy.cpp:103:47: warning: unused parameter ‘n’ [-Wunused-parameter]
  103 | int Enemy::hit(long frompl, int fromen, float n, int x, int y, float fxspd, float fyspd, int weapon)
      |                                         ~~~~~~^
src/gsenemy.cpp:103:54: warning: unused parameter ‘x’ [-Wunused-parameter]
  103 | int Enemy::hit(long frompl, int fromen, float n, int x, int y, float fxspd, float fyspd, int weapon)
      |                                                  ~~~~^
src/gsenemy.cpp:103:61: warning: unused parameter ‘y’ [-Wunused-parameter]
  103 | int Enemy::hit(long frompl, int fromen, float n, int x, int y, float fxspd, float fyspd, int weapon)
      |                                                         ~~~~^
src/gsenemy.cpp:103:70: warning: unused parameter ‘fxspd’ [-Wunused-parameter]
  103 | int Enemy::hit(long frompl, int fromen, float n, int x, int y, float fxspd, float fyspd, int weapon)
      |                                                                ~~~~~~^~~~~
src/gsenemy.cpp:103:83: warning: unused parameter ‘fyspd’ [-Wunused-parameter]
  103 | int Enemy::hit(long frompl, int fromen, float n, int x, int y, float fxspd, float fyspd, int weapon)
      |                                                                             ~~~~~~^~~~~
src/gsenemy.cpp:103:94: warning: unused parameter ‘weapon’ [-Wunused-parameter]
  103 | int Enemy::hit(long frompl, int fromen, float n, int x, int y, float fxspd, float fyspd, int weapon)
      |                                                                                          ~~~~^~~~~~
src/network/RakServerInterface.h: At global scope:
src/network/RakServerInterface.h:49:17: warning: ‘UNASSIGNED_PLAYER_ID’ defined but not used [-Wunused-variable]
   49 | static PlayerID UNASSIGNED_PLAYER_ID = {0, 0};
      |                 ^~~~~~~~~~~~~~~~~~~~
Compiling src/gserror.cpp...
g++ -O2 -Wall -Wextra -std=c++11 -fpermissive -DDIRECT_ASSET_LOADING  -I/usr/include/lua5.4 -I./src -c src/gserror.cpp -o obj/gserror.o
In file included from src/gsbullet.h:17,
                 from src/gsplayer.h:17,
                 from src/gsglob.h:22,
                 from src/gserror.cpp:14:
src/luaclass.h: In member function ‘void Lua::open(int)’:
src/luaclass.h:20:23: warning: unused parameter ‘stacksize’ [-Wunused-parameter]
   20 |         void open(int stacksize = 0)
      |                   ~~~~^~~~~~~~~~~~~
src/luaclass.h: In member function ‘void Lua::setgcthreshold(int)’:
src/luaclass.h:136:33: warning: unused parameter ‘newthreshold’ [-Wunused-parameter]
  136 |         void setgcthreshold(int newthreshold)
      |                             ~~~~^~~~~~~~~~~~
Compiling src/gsexplo.cpp...
g++ -O2 -Wall -Wextra -std=c++11 -fpermissive -DDIRECT_ASSET_LOADING  -I/usr/include/lua5.4 -I./src -c src/gsexplo.cpp -o obj/gsexplo.o
In file included from src/gsbullet.h:17,
                 from src/gsplayer.h:17,
                 from src/gsexplo.cpp:14:
src/luaclass.h: In member function ‘void Lua::open(int)’:
src/luaclass.h:20:23: warning: unused parameter ‘stacksize’ [-Wunused-parameter]
   20 |         void open(int stacksize = 0)
      |                   ~~~~^~~~~~~~~~~~~
src/luaclass.h: In member function ‘void Lua::setgcthreshold(int)’:
src/luaclass.h:136:33: warning: unused parameter ‘newthreshold’ [-Wunused-parameter]
  136 |         void setgcthreshold(int newthreshold)
      |                             ~~~~^~~~~~~~~~~~
src/gsexplo.cpp: In member function ‘int Explosion::update(gsMap*, gsMap*)’:
src/gsexplo.cpp:95:36: warning: unused parameter ‘m’ [-Wunused-parameter]
   95 | int Explosion::update(class gsMap *m, class gsMap *m2)
      |                       ~~~~~~~~~~~~~^
src/gsexplo.cpp:95:52: warning: unused parameter ‘m2’ [-Wunused-parameter]
   95 | int Explosion::update(class gsMap *m, class gsMap *m2)
      |                                       ~~~~~~~~~~~~~^~
Compiling src/gsfade.cpp...
g++ -O2 -Wall -Wextra -std=c++11 -fpermissive -DDIRECT_ASSET_LOADING  -I/usr/include/lua5.4 -I./src -c src/gsfade.cpp -o obj/gsfade.o
In file included from src/gsbullet.h:17,
                 from src/gsplayer.h:17,
                 from src/gsglob.h:22,
                 from src/gsfade.cpp:13:
src/luaclass.h: In member function ‘void Lua::open(int)’:
src/luaclass.h:20:23: warning: unused parameter ‘stacksize’ [-Wunused-parameter]
   20 |         void open(int stacksize = 0)
      |                   ~~~~^~~~~~~~~~~~~
src/luaclass.h: In member function ‘void Lua::setgcthreshold(int)’:
src/luaclass.h:136:33: warning: unused parameter ‘newthreshold’ [-Wunused-parameter]
  136 |         void setgcthreshold(int newthreshold)
      |                             ~~~~^~~~~~~~~~~~
Compiling src/gsframes.cpp...
g++ -O2 -Wall -Wextra -std=c++11 -fpermissive -DDIRECT_ASSET_LOADING  -I/usr/include/lua5.4 -I./src -c src/gsframes.cpp -o obj/gsframes.o
In file included from src/gsbullet.h:17,
                 from src/gsplayer.h:17,
                 from src/gsglob.h:22,
                 from src/gsframes.cpp:13:
src/luaclass.h: In member function ‘void Lua::open(int)’:
src/luaclass.h:20:23: warning: unused parameter ‘stacksize’ [-Wunused-parameter]
   20 |         void open(int stacksize = 0)
      |                   ~~~~^~~~~~~~~~~~~
src/luaclass.h: In member function ‘void Lua::setgcthreshold(int)’:
src/luaclass.h:136:33: warning: unused parameter ‘newthreshold’ [-Wunused-parameter]
  136 |         void setgcthreshold(int newthreshold)
      |                             ~~~~^~~~~~~~~~~~
src/gsframes.cpp: In member function ‘void Image::add_frames_from_imagefile(char*, int, int, int, int, DATAFILE*, int)’:
src/gsframes.cpp:124:20: warning: ISO C++ forbids converting a string constant to ‘char*’ [-Wwrite-strings]
  124 |     errors->log(1, "user image not found or no image file!", mypath);
      |                    ^~~~~~~~~~~~~~~~~~~~~~~~~~~~~~~~~~~~~~~~
src/gsframes.cpp:153:20: warning: ISO C++ forbids converting a string constant to ‘char*’ [-Wwrite-strings]
  153 |     errors->log(1, "error: frames doesn't have same sizes!", sequence_width, frame_width);
      |                    ^~~~~~~~~~~~~~~~~~~~~~~~~~~~~~~~~~~~~~~~
src/gsframes.cpp:217:20: warning: ISO C++ forbids converting a string constant to ‘char*’ [-Wwrite-strings]
  217 |     errors->log(2, "loaded user image", mypath, frames);
      |                    ^~~~~~~~~~~~~~~~~~~
src/gsframes.cpp: In member function ‘void Image::add_rle_frame(RLE_SPRITE*)’:
src/gsframes.cpp:236:39: warning: unused parameter ‘data’ [-Wunused-parameter]
  236 | void Image::add_rle_frame(RLE_SPRITE *data)
      |                           ~~~~~~~~~~~~^~~~
src/gsframes.cpp: In member function ‘void Image::delete_frame(int)’:
src/gsframes.cpp:240:30: warning: unused parameter ‘num’ [-Wunused-parameter]
  240 | void Image::delete_frame(int num)
      |                          ~~~~^~~
Compiling src/gsglob.cpp...
g++ -O2 -Wall -Wextra -std=c++11 -fpermissive -DDIRECT_ASSET_LOADING  -I/usr/include/lua5.4 -I./src -c src/gsglob.cpp -o obj/gsglob.o
In file included from src/gsbullet.h:17,
                 from src/gsplayer.h:17,
                 from src/gsglob.h:22,
                 from src/gsglob.cpp:14:
src/luaclass.h: In member function ‘void Lua::open(int)’:
src/luaclass.h:20:23: warning: unused parameter ‘stacksize’ [-Wunused-parameter]
   20 |         void open(int stacksize = 0)
      |                   ~~~~^~~~~~~~~~~~~
src/luaclass.h: In member function ‘void Lua::setgcthreshold(int)’:
src/luaclass.h:136:33: warning: unused parameter ‘newthreshold’ [-Wunused-parameter]
  136 |         void setgcthreshold(int newthreshold)
      |                             ~~~~^~~~~~~~~~~~
src/gsglob.cpp: In member function ‘void gsGlobals::switch_to_game_resolution()’:
src/gsglob.cpp:427:20: warning: ISO C++ forbids converting a string constant to ‘char*’ [-Wwrite-strings]
  427 |     errors->log(1, "ERROR", "game resolution not supported! (using 640x480)");
      |                    ^~~~~~~
src/gsglob.cpp:427:29: warning: ISO C++ forbids converting a string constant to ‘char*’ [-Wwrite-strings]
  427 |     errors->log(1, "ERROR", "game resolution not supported! (using 640x480)");
      |                             ^~~~~~~~~~~~~~~~~~~~~~~~~~~~~~~~~~~~~~~~~~~~~~~~
src/gsglob.cpp: In member function ‘void gsGlobals::switch_to_menu_resolution()’:
src/gsglob.cpp:443:20: warning: ISO C++ forbids converting a string constant to ‘char*’ [-Wwrite-strings]
  443 |     errors->log(1, "ERROR", "menu resolution not supported! (using 640x480)");
      |                    ^~~~~~~
src/gsglob.cpp:443:29: warning: ISO C++ forbids converting a string constant to ‘char*’ [-Wwrite-strings]
  443 |     errors->log(1, "ERROR", "menu resolution not supported! (using 640x480)");
      |                             ^~~~~~~~~~~~~~~~~~~~~~~~~~~~~~~~~~~~~~~~~~~~~~~~
src/gsglob.cpp: In member function ‘int gsGlobals::check_level_done_file(char*, char*)’:
src/gsglob.cpp:551:8: warning: ignoring return value of ‘char* fgets(char*, int, FILE*)’ declared with attribute ‘warn_unused_result’ [-Wunused-result]
  551 |   fgets(file_checksum, 100, FIN);
      |   ~~~~~^~~~~~~~~~~~~~~~~~~~~~~~~
Compiling src/gshelper.cpp...
g++ -O2 -Wall -Wextra -std=c++11 -fpermissive -DDIRECT_ASSET_LOADING  -I/usr/include/lua5.4 -I./src -c src/gshelper.cpp -o obj/gshelper.o
In file included from src/gsbullet.h:17,
                 from src/gsplayer.h:17,
                 from src/gshelper.cpp:19:
src/luaclass.h: In member function ‘void Lua::open(int)’:
src/luaclass.h:20:23: warning: unused parameter ‘stacksize’ [-Wunused-parameter]
   20 |         void open(int stacksize = 0)
      |                   ~~~~^~~~~~~~~~~~~
src/luaclass.h: In member function ‘void Lua::setgcthreshold(int)’:
src/luaclass.h:136:33: warning: unused parameter ‘newthreshold’ [-Wunused-parameter]
  136 |         void setgcthreshold(int newthreshold)
      |                             ~~~~^~~~~~~~~~~~
src/gshelper.cpp: In function ‘int collision(float, float, int, int, float, float, int, int, float, float, float, float, float*, float*, float*, float*, int)’:
src/gshelper.cpp:158:75: warning: unused parameter ‘usenew’ [-Wunused-parameter]
  158 |               float *newx1, float *newy1, float *newx2, float *newy2, int usenew)
      |                                                                       ~~~~^~~~~~
src/gshelper.cpp: In function ‘void make_screenshot()’:
src/gshelper.cpp:299:11: warning: unused variable ‘pal’ [-Wunused-variable]
  299 |   PALETTE pal;
      |           ^~~
src/gshelper.cpp: In function ‘int myrand(int)’:
src/gshelper.cpp:341:43: warning: integer overflow in expression of type ‘int’ results in ‘-2147483648’ [-Woverflow]
  341 |   r = ( (double)rand() / (double)(RAND_MAX+1) );
      |                                           ^
src/gshelper.cpp: In function ‘int strcnt(char*, char)’:
src/gshelper.cpp:352:19: warning: comparison of integer expressions of different signedness: ‘int’ and ‘size_t’ {aka ‘long unsigned int’} [-Wsign-compare]
  352 |   for (int n=0; n < strlen(s); n++)
      |                 ~~^~~~~~~~~~~
src/gshelper.cpp: In function ‘void text_to_clipboard(char*)’:
src/gshelper.cpp:614:30: warning: unused parameter ‘data’ [-Wunused-parameter]
  614 | void text_to_clipboard(char *data)
      |                        ~~~~~~^~~~
src/gshelper.cpp: In function ‘void clear_keyarray()’:
src/gshelper.cpp:611:12: warning: iteration 227 invokes undefined behavior [-Waggressive-loop-optimizations]
  611 |     key[n] = 0;
      |     ~~~~~~~^~~
src/gshelper.cpp:610:19: note: within this loop
  610 |   for (int n=0; n < 256; n++)
      |                 ~~^~~~~
In function ‘void clear_keyarray()’,
    inlined from ‘void clear_key(int)’ at src/gshelper.cpp:602:30:
src/gshelper.cpp:611:12: warning: ‘void* __builtin_memset(void*, int, long unsigned int)’ forming offset [227, 255] is out of the bounds [0, 227] of object ‘key’ with type ‘bool [227]’ [-Warray-bounds=]
  611 |     key[n] = 0;
      |     ~~~~~~~^~~
In file included from src/gshelper.cpp:12:
src/allegro5_wrapper.h: In function ‘void clear_key(int)’:
src/allegro5_wrapper.h:323:13: note: ‘key’ declared here
  323 | extern bool key[ALLEGRO_KEY_MAX];
      |             ^~~
src/gshelper.cpp: In function ‘void clear_keyarray()’:
src/gshelper.cpp:611:12: warning: ‘void* __builtin_memset(void*, int, long unsigned int)’ forming offset [227, 255] is out of the bounds [0, 227] of object ‘key’ with type ‘bool [227]’ [-Warray-bounds=]
  611 |     key[n] = 0;
      |     ~~~~~~~^~~
src/allegro5_wrapper.h:323:13: note: ‘key’ declared here
  323 | extern bool key[ALLEGRO_KEY_MAX];
      |             ^~~
Compiling src/gshiscor.cpp...
g++ -O2 -Wall -Wextra -std=c++11 -fpermissive -DDIRECT_ASSET_LOADING  -I/usr/include/lua5.4 -I./src -c src/gshiscor.cpp -o obj/gshiscor.o
In file included from src/gsbullet.h:17,
                 from src/gsplayer.h:17,
                 from src/gsglob.h:22,
                 from src/gshiscor.cpp:13:
src/luaclass.h: In member function ‘void Lua::open(int)’:
src/luaclass.h:20:23: warning: unused parameter ‘stacksize’ [-Wunused-parameter]
   20 |         void open(int stacksize = 0)
      |                   ~~~~^~~~~~~~~~~~~
src/luaclass.h: In member function ‘void Lua::setgcthreshold(int)’:
src/luaclass.h:136:33: warning: unused parameter ‘newthreshold’ [-Wunused-parameter]
  136 |         void setgcthreshold(int newthreshold)
      |                             ~~~~^~~~~~~~~~~~
src/gshiscor.cpp: In member function ‘int gsHiscore::save_hiscores(char*)’:
src/gshiscor.cpp:28:36: warning: unused parameter ‘retscore’ [-Wunused-parameter]
   28 | int gsHiscore::save_hiscores(char *retscore)
      |                              ~~~~~~^~~~~~~~
src/gshiscor.cpp: In member function ‘long int gsHiscore::get_full_time(char*)’:
src/gshiscor.cpp:34:41: warning: unused parameter ‘val’ [-Wunused-parameter]
   34 | long int gsHiscore::get_full_time(char *val)
      |                                   ~~~~~~^~~
src/gshiscor.cpp: In member function ‘char* gsHiscore::decode_string(char*, int)’:
src/gshiscor.cpp:49:10: warning: ISO C++ forbids converting a string constant to ‘char*’ [-Wwrite-strings]
   49 |   return "";
      |          ^~
src/gshiscor.cpp:46:38: warning: unused parameter ‘s’ [-Wunused-parameter]
   46 | char *gsHiscore::decode_string(char *s, int minus)
      |                                ~~~~~~^
src/gshiscor.cpp:46:45: warning: unused parameter ‘minus’ [-Wunused-parameter]
   46 | char *gsHiscore::decode_string(char *s, int minus)
      |                                         ~~~~^~~~~
src/gshiscor.cpp: In static member function ‘static void gsHiscore::save_checksum(const char*, int, int)’:
src/gshiscor.cpp:53:43: warning: unused parameter ‘fname’ [-Wunused-parameter]
   53 | void gsHiscore::save_checksum(const char *fname, int attrib, int param)
      |                               ~~~~~~~~~~~~^~~~~
src/gshiscor.cpp:53:54: warning: unused parameter ‘attrib’ [-Wunused-parameter]
   53 | void gsHiscore::save_checksum(const char *fname, int attrib, int param)
      |                                                  ~~~~^~~~~~
src/gshiscor.cpp:53:66: warning: unused parameter ‘param’ [-Wunused-parameter]
   53 | void gsHiscore::save_checksum(const char *fname, int attrib, int param)
      |                                                              ~~~~^~~~~
src/gshiscor.cpp: In member function ‘void gsHiscore::crc_failed_for_level(char*)’:
src/gshiscor.cpp:70:44: warning: unused parameter ‘l’ [-Wunused-parameter]
   70 | void gsHiscore::crc_failed_for_level(char *l)
      |                                      ~~~~~~^
Compiling src/gslevel.cpp...
g++ -O2 -Wall -Wextra -std=c++11 -fpermissive -DDIRECT_ASSET_LOADING  -I/usr/include/lua5.4 -I./src -c src/gslevel.cpp -o obj/gslevel.o
In file included from src/gsscript.h:16,
                 from src/gslevel.cpp:12:
src/luaclass.h: In member function ‘void Lua::open(int)’:
src/luaclass.h:20:23: warning: unused parameter ‘stacksize’ [-Wunused-parameter]
   20 |         void open(int stacksize = 0)
      |                   ~~~~^~~~~~~~~~~~~
src/luaclass.h: In member function ‘void Lua::setgcthreshold(int)’:
src/luaclass.h:136:33: warning: unused parameter ‘newthreshold’ [-Wunused-parameter]
  136 |         void setgcthreshold(int newthreshold)
      |                             ~~~~^~~~~~~~~~~~
src/gsscript.h: At global scope:
src/gsscript.h:43:43: warning: ISO C++ forbids converting a string constant to ‘char*’ [-Wwrite-strings]
   43 |     void  read_level_files(int=0, char *n="");
      |                                           ^~
In file included from src/gslevel.cpp:27:
src/gsosd.h: In member function ‘void OsdBitmap::set_dont_save_back(int)’:
src/gsosd.h:150:35: warning: unused parameter ‘n’ [-Wunused-parameter]
  150 |     void   set_dont_save_back(int n)               { dont_save_back = 1; }
      |                               ~~~~^
src/gslevel.cpp: In destructor ‘gsLevel::~gsLevel()’:
src/gslevel.cpp:62:3: warning: this ‘if’ clause does not guard... [-Wmisleading-indentation]
   62 |   if (gpanel[0])     delete(gpanel[0]);  gpanel[0] = NULL;
      |   ^~
src/gslevel.cpp:62:42: note: ...this statement, but the latter is misleadingly indented as if it were guarded by the ‘if’
   62 |   if (gpanel[0])     delete(gpanel[0]);  gpanel[0] = NULL;
      |                                          ^~~~~~
src/gslevel.cpp:63:3: warning: this ‘if’ clause does not guard... [-Wmisleading-indentation]
   63 |   if (gpanel[1])     delete(gpanel[1]);  gpanel[1] = NULL;
      |   ^~
src/gslevel.cpp:63:42: note: ...this statement, but the latter is misleadingly indented as if it were guarded by the ‘if’
   63 |   if (gpanel[1])     delete(gpanel[1]);  gpanel[1] = NULL;
      |                                          ^~~~~~
src/gslevel.cpp:64:3: warning: this ‘if’ clause does not guard... [-Wmisleading-indentation]
   64 |   if (bases)         delete(bases);      bases = NULL;
      |   ^~
src/gslevel.cpp:64:42: note: ...this statement, but the latter is misleadingly indented as if it were guarded by the ‘if’
   64 |   if (bases)         delete(bases);      bases = NULL;
      |                                          ^~~~~
src/gslevel.cpp:65:3: warning: this ‘if’ clause does not guard... [-Wmisleading-indentation]
   65 |   if (objects)       delete(objects);    objects = NULL;
      |   ^~
src/gslevel.cpp:65:42: note: ...this statement, but the latter is misleadingly indented as if it were guarded by the ‘if’
   65 |   if (objects)       delete(objects);    objects = NULL;
      |                                          ^~~~~~~
src/gslevel.cpp:66:3: warning: this ‘if’ clause does not guard... [-Wmisleading-indentation]
   66 |   if (enemies)       delete(enemies);    enemies = NULL;
      |   ^~
src/gslevel.cpp:66:42: note: ...this statement, but the latter is misleadingly indented as if it were guarded by the ‘if’
   66 |   if (enemies)       delete(enemies);    enemies = NULL;
      |                                          ^~~~~~~
src/gslevel.cpp:67:3: warning: this ‘if’ clause does not guard... [-Wmisleading-indentation]
   67 |   if (playmap[0])    delete(playmap[0]); playmap[0] = NULL;
      |   ^~
src/gslevel.cpp:67:42: note: ...this statement, but the latter is misleadingly indented as if it were guarded by the ‘if’
   67 |   if (playmap[0])    delete(playmap[0]); playmap[0] = NULL;
      |                                          ^~~~~~~
src/gslevel.cpp:68:3: warning: this ‘if’ clause does not guard... [-Wmisleading-indentation]
   68 |   if (playmap[1])    delete(playmap[1]); playmap[1] = NULL;
      |   ^~
src/gslevel.cpp:68:42: note: ...this statement, but the latter is misleadingly indented as if it were guarded by the ‘if’
   68 |   if (playmap[1])    delete(playmap[1]); playmap[1] = NULL;
      |                                          ^~~~~~~
src/gslevel.cpp:69:3: warning: this ‘if’ clause does not guard... [-Wmisleading-indentation]
   69 |   if (effects)       delete(effects);    effects = NULL;
      |   ^~
src/gslevel.cpp:69:42: note: ...this statement, but the latter is misleadingly indented as if it were guarded by the ‘if’
   69 |   if (effects)       delete(effects);    effects = NULL;
      |                                          ^~~~~~~
src/gslevel.cpp:70:3: warning: this ‘if’ clause does not guard... [-Wmisleading-indentation]
   70 |   if (fade)          delete(fade);       fade = NULL;
      |   ^~
src/gslevel.cpp:70:42: note: ...this statement, but the latter is misleadingly indented as if it were guarded by the ‘if’
   70 |   if (fade)          delete(fade);       fade = NULL;
      |                                          ^~~~
src/gslevel.cpp:71:3: warning: this ‘if’ clause does not guard... [-Wmisleading-indentation]
   71 |   if (globals->vscreen)  destroy_bitmap(globals->vscreen); globals->vscreen = NULL;
      |   ^~
src/gslevel.cpp:71:60: note: ...this statement, but the latter is misleadingly indented as if it were guarded by the ‘if’
   71 |   if (globals->vscreen)  destroy_bitmap(globals->vscreen); globals->vscreen = NULL;
      |                                                            ^~~~~~~
src/gslevel.cpp:72:3: warning: this ‘if’ clause does not guard... [-Wmisleading-indentation]
   72 |   if (globals->vscreen2) destroy_bitmap(globals->vscreen2); globals->vscreen2 = NULL;
      |   ^~
src/gslevel.cpp:72:61: note: ...this statement, but the latter is misleadingly indented as if it were guarded by the ‘if’
   72 |   if (globals->vscreen2) destroy_bitmap(globals->vscreen2); globals->vscreen2 = NULL;
      |                                                             ^~~~~~~
src/gslevel.cpp:73:3: warning: this ‘if’ clause does not guard... [-Wmisleading-indentation]
   73 |   if (images)        delete(images);     images = NULL;
      |   ^~
src/gslevel.cpp:73:42: note: ...this statement, but the latter is misleadingly indented as if it were guarded by the ‘if’
   73 |   if (images)        delete(images);     images = NULL;
      |                                          ^~~~~~
src/gslevel.cpp:74:3: warning: this ‘if’ clause does not guard... [-Wmisleading-indentation]
   74 |   if (comp_player[0])   delete(comp_player[0]); comp_player[0] = NULL;
      |   ^~
src/gslevel.cpp:74:49: note: ...this statement, but the latter is misleadingly indented as if it were guarded by the ‘if’
   74 |   if (comp_player[0])   delete(comp_player[0]); comp_player[0] = NULL;
      |                                                 ^~~~~~~~~~~
src/gslevel.cpp: In member function ‘int gsLevel::init_stuff()’:
src/gslevel.cpp:101:18: warning: ISO C++ forbids converting a string constant to ‘char*’ [-Wwrite-strings]
  101 |   errors->log(2, "init", "TWOPLAYER LEVEL");
      |                  ^~~~~~
src/gslevel.cpp:101:26: warning: ISO C++ forbids converting a string constant to ‘char*’ [-Wwrite-strings]
  101 |   errors->log(2, "init", "TWOPLAYER LEVEL");
      |                          ^~~~~~~~~~~~~~~~~
src/gslevel.cpp:114:18: warning: ISO C++ forbids converting a string constant to ‘char*’ [-Wwrite-strings]
  114 |   errors->log(2, "init", "color tables");
      |                  ^~~~~~
src/gslevel.cpp:114:26: warning: ISO C++ forbids converting a string constant to ‘char*’ [-Wwrite-strings]
  114 |   errors->log(2, "init", "color tables");
      |                          ^~~~~~~~~~~~~~
src/gslevel.cpp:122:18: warning: ISO C++ forbids converting a string constant to ‘char*’ [-Wwrite-strings]
  122 |   errors->log(2, "init", "player colors / sprites");
      |                  ^~~~~~
src/gslevel.cpp:122:26: warning: ISO C++ forbids converting a string constant to ‘char*’ [-Wwrite-strings]
  122 |   errors->log(2, "init", "player colors / sprites");
      |                          ^~~~~~~~~~~~~~~~~~~~~~~~~
src/gslevel.cpp:127:18: warning: ISO C++ forbids converting a string constant to ‘char*’ [-Wwrite-strings]
  127 |   errors->log(2, "init", "antialiased text");
      |                  ^~~~~~
src/gslevel.cpp:127:26: warning: ISO C++ forbids converting a string constant to ‘char*’ [-Wwrite-strings]
  127 |   errors->log(2, "init", "antialiased text");
      |                          ^~~~~~~~~~~~~~~~~~
src/gslevel.cpp:131:18: warning: ISO C++ forbids converting a string constant to ‘char*’ [-Wwrite-strings]
  131 |   errors->log(2, "init", "image handler");
      |                  ^~~~~~
src/gslevel.cpp:131:26: warning: ISO C++ forbids converting a string constant to ‘char*’ [-Wwrite-strings]
  131 |   errors->log(2, "init", "image handler");
      |                          ^~~~~~~~~~~~~~~
src/gslevel.cpp:135:18: warning: ISO C++ forbids converting a string constant to ‘char*’ [-Wwrite-strings]
  135 |   errors->log(2, "init", "bases");
      |                  ^~~~~~
src/gslevel.cpp:135:26: warning: ISO C++ forbids converting a string constant to ‘char*’ [-Wwrite-strings]
  135 |   errors->log(2, "init", "bases");
      |                          ^~~~~~~
src/gslevel.cpp:139:18: warning: ISO C++ forbids converting a string constant to ‘char*’ [-Wwrite-strings]
  139 |   errors->log(2, "init", "objects");
      |                  ^~~~~~
src/gslevel.cpp:139:26: warning: ISO C++ forbids converting a string constant to ‘char*’ [-Wwrite-strings]
  139 |   errors->log(2, "init", "objects");
      |                          ^~~~~~~~~
src/gslevel.cpp:143:18: warning: ISO C++ forbids converting a string constant to ‘char*’ [-Wwrite-strings]
  143 |   errors->log(2, "init", "enemies");
      |                  ^~~~~~
src/gslevel.cpp:143:26: warning: ISO C++ forbids converting a string constant to ‘char*’ [-Wwrite-strings]
  143 |   errors->log(2, "init", "enemies");
      |                          ^~~~~~~~~
src/gslevel.cpp:158:18: warning: ISO C++ forbids converting a string constant to ‘char*’ [-Wwrite-strings]
  158 |   errors->log(2, "init", "map(s)");
      |                  ^~~~~~
src/gslevel.cpp:158:26: warning: ISO C++ forbids converting a string constant to ‘char*’ [-Wwrite-strings]
  158 |   errors->log(2, "init", "map(s)");
      |                          ^~~~~~~~
src/gslevel.cpp:163:18: warning: ISO C++ forbids converting a string constant to ‘char*’ [-Wwrite-strings]
  163 |   errors->log(2, "init", "effects");
      |                  ^~~~~~
src/gslevel.cpp:163:26: warning: ISO C++ forbids converting a string constant to ‘char*’ [-Wwrite-strings]
  163 |   errors->log(2, "init", "effects");
      |                          ^~~~~~~~~
src/gslevel.cpp:167:18: warning: ISO C++ forbids converting a string constant to ‘char*’ [-Wwrite-strings]
  167 |   errors->log(2, "init", "player(s)");
      |                  ^~~~~~
src/gslevel.cpp:167:26: warning: ISO C++ forbids converting a string constant to ‘char*’ [-Wwrite-strings]
  167 |   errors->log(2, "init", "player(s)");
      |                          ^~~~~~~~~~~
src/gslevel.cpp:183:18: warning: ISO C++ forbids converting a string constant to ‘char*’ [-Wwrite-strings]
  183 |   errors->log(2, "init", "loading player controls");
      |                  ^~~~~~
src/gslevel.cpp:183:26: warning: ISO C++ forbids converting a string constant to ‘char*’ [-Wwrite-strings]
  183 |   errors->log(2, "init", "loading player controls");
      |                          ^~~~~~~~~~~~~~~~~~~~~~~~~
src/gslevel.cpp:198:20: warning: ISO C++ forbids converting a string constant to ‘char*’ [-Wwrite-strings]
  198 |     errors->log(2, "init", "vscreen");
      |                    ^~~~~~
src/gslevel.cpp:198:28: warning: ISO C++ forbids converting a string constant to ‘char*’ [-Wwrite-strings]
  198 |     errors->log(2, "init", "vscreen");
      |                            ^~~~~~~~~
src/gslevel.cpp:214:20: warning: ISO C++ forbids converting a string constant to ‘char*’ [-Wwrite-strings]
  214 |     errors->log(2, "init", "vscreen & vscreen2 (splitscreen)");
      |                    ^~~~~~
src/gslevel.cpp:214:28: warning: ISO C++ forbids converting a string constant to ‘char*’ [-Wwrite-strings]
  214 |     errors->log(2, "init", "vscreen & vscreen2 (splitscreen)");
      |                            ^~~~~~~~~~~~~~~~~~~~~~~~~~~~~~~~~~
src/gslevel.cpp:231:18: warning: ISO C++ forbids converting a string constant to ‘char*’ [-Wwrite-strings]
  231 |   errors->log(2, "init", "loading map");
      |                  ^~~~~~
src/gslevel.cpp:231:26: warning: ISO C++ forbids converting a string constant to ‘char*’ [-Wwrite-strings]
  231 |   errors->log(2, "init", "loading map");
      |                          ^~~~~~~~~~~~~
src/gslevel.cpp:242:40: warning: ISO C++ forbids converting a string constant to ‘char*’ [-Wwrite-strings]
  242 |     playmap[1]->set(globals->vscreen2, "", "");
      |                                        ^~
src/gslevel.cpp:242:44: warning: ISO C++ forbids converting a string constant to ‘char*’ [-Wwrite-strings]
  242 |     playmap[1]->set(globals->vscreen2, "", "");
      |                                            ^~
src/gslevel.cpp:246:18: warning: ISO C++ forbids converting a string constant to ‘char*’ [-Wwrite-strings]
  246 |   errors->log(2, "init", "panel(s)");
      |                  ^~~~~~
src/gslevel.cpp:246:26: warning: ISO C++ forbids converting a string constant to ‘char*’ [-Wwrite-strings]
  246 |   errors->log(2, "init", "panel(s)");
      |                          ^~~~~~~~~~
src/gslevel.cpp:269:18: warning: ISO C++ forbids converting a string constant to ‘char*’ [-Wwrite-strings]
  269 |   errors->log(2, "init", "fading");
      |                  ^~~~~~
src/gslevel.cpp:269:26: warning: ISO C++ forbids converting a string constant to ‘char*’ [-Wwrite-strings]
  269 |   errors->log(2, "init", "fading");
      |                          ^~~~~~~~
src/gslevel.cpp:275:18: warning: ISO C++ forbids converting a string constant to ‘char*’ [-Wwrite-strings]
  275 |   errors->log(2, "init", "loading ingame script", globals->level_files[globals->selected_level].scriptfile);
      |                  ^~~~~~
src/gslevel.cpp:275:26: warning: ISO C++ forbids converting a string constant to ‘char*’ [-Wwrite-strings]
  275 |   errors->log(2, "init", "loading ingame script", globals->level_files[globals->selected_level].scriptfile);
      |                          ^~~~~~~~~~~~~~~~~~~~~~~
src/gslevel.cpp:286:18: warning: ISO C++ forbids converting a string constant to ‘char*’ [-Wwrite-strings]
  286 |   errors->log(2, "init", "executing level init script", globals->level_files[globals->selected_level].initscriptfile);
      |                  ^~~~~~
src/gslevel.cpp:286:26: warning: ISO C++ forbids converting a string constant to ‘char*’ [-Wwrite-strings]
  286 |   errors->log(2, "init", "executing level init script", globals->level_files[globals->selected_level].initscriptfile);
      |                          ^~~~~~~~~~~~~~~~~~~~~~~~~~~~~
src/gslevel.cpp:292:20: warning: ISO C++ forbids converting a string constant to ‘char*’ [-Wwrite-strings]
  292 |     errors->log(2, "init", "executing global init script", globals->global_ini);
      |                    ^~~~~~
src/gslevel.cpp:292:28: warning: ISO C++ forbids converting a string constant to ‘char*’ [-Wwrite-strings]
  292 |     errors->log(2, "init", "executing global init script", globals->global_ini);
      |                            ^~~~~~~~~~~~~~~~~~~~~~~~~~~~~~
src/gslevel.cpp: In member function ‘void gsLevel::do_logic()’:
src/gslevel.cpp:583:6: warning: suggest explicit braces to avoid ambiguous ‘else’ [-Wdangling-else]
  583 |   if (globals->splitscreen)
      |      ^
Compiling src/gslng.cpp...
g++ -O2 -Wall -Wextra -std=c++11 -fpermissive -DDIRECT_ASSET_LOADING  -I/usr/include/lua5.4 -I./src -c src/gslng.cpp -o obj/gslng.o
src/gslng.cpp: In member function ‘char* gsLanguage::get_string(TEXT_STRINGS)’:
src/gslng.cpp:44:12: warning: ISO C++ forbids converting a string constant to ‘char*’ [-Wwrite-strings]
   44 |     return "n/a";
      |            ^~~~~
Compiling src/gslua.cpp...
g++ -O2 -Wall -Wextra -std=c++11 -fpermissive -DDIRECT_ASSET_LOADING  -I/usr/include/lua5.4 -I./src -c src/gslua.cpp -o obj/gslua.o
In file included from src/gsnetw.h:18,
                 from src/gslua.cpp:29:
src/gsnetsrv.h:67:7: warning: extra tokens at end of #endif directive [-Wendif-labels]
   67 | #endif;
      |       ^
In file included from src/gsbullet.h:17,
                 from src/gsplayer.h:17,
                 from src/gslua.cpp:17:
src/luaclass.h: In member function ‘void Lua::open(int)’:
src/luaclass.h:20:23: warning: unused parameter ‘stacksize’ [-Wunused-parameter]
   20 |         void open(int stacksize = 0)
      |                   ~~~~^~~~~~~~~~~~~
src/luaclass.h: In member function ‘void Lua::setgcthreshold(int)’:
src/luaclass.h:136:33: warning: unused parameter ‘newthreshold’ [-Wunused-parameter]
  136 |         void setgcthreshold(int newthreshold)
      |                             ~~~~^~~~~~~~~~~~
In file included from src/gslua.cpp:26:
src/gsscript.h: At global scope:
src/gsscript.h:43:43: warning: ISO C++ forbids converting a string constant to ‘char*’ [-Wwrite-strings]
   43 |     void  read_level_files(int=0, char *n="");
      |                                           ^~
In file included from src/gslua.cpp:27:
src/gsosd.h: In member function ‘void OsdBitmap::set_dont_save_back(int)’:
src/gsosd.h:150:35: warning: unused parameter ‘n’ [-Wunused-parameter]
  150 |     void   set_dont_save_back(int n)               { dont_save_back = 1; }
      |                               ~~~~^
In file included from src/gsnetcli.h:16,
                 from src/gsnetw.h:17:
src/network/BitStream.h: In constructor ‘BitStream::BitStream(char*, unsigned int, bool)’:
src/network/BitStream.h:22:61: warning: unused parameter ‘_copyData’ [-Wunused-parameter]
   22 |     BitStream(char* _data, unsigned int lengthInBytes, bool _copyData) : data(_data), numberOfBitsAllocated(lengthInBytes * 8), numberOfBitsUsed(lengthInBytes * 8), readOffset(0), maxLength(lengthInBytes) {}
      |                                                        ~~~~~^~~~~~~~~
src/network/BitStream.h: In member function ‘void BitStream::Write(int)’:
src/network/BitStream.h:25:20: warning: unused parameter ‘data’ [-Wunused-parameter]
   25 |     void Write(int data) {}
      |                ~~~~^~~~
src/network/BitStream.h: In member function ‘void BitStream::Write(unsigned char)’:
src/network/BitStream.h:26:30: warning: unused parameter ‘data’ [-Wunused-parameter]
   26 |     void Write(unsigned char data) {}
      |                ~~~~~~~~~~~~~~^~~~
src/network/BitStream.h: In member function ‘void BitStream::Write(char)’:
src/network/BitStream.h:27:21: warning: unused parameter ‘data’ [-Wunused-parameter]
   27 |     void Write(char data) {}
      |                ~~~~~^~~~
src/network/BitStream.h: In member function ‘void BitStream::Write(char*, unsigned int)’:
src/network/BitStream.h:28:22: warning: unused parameter ‘data’ [-Wunused-parameter]
   28 |     void Write(char* data, const unsigned int length) {}
      |                ~~~~~~^~~~
src/network/BitStream.h:28:47: warning: unused parameter ‘length’ [-Wunused-parameter]
   28 |     void Write(char* data, const unsigned int length) {}
      |                            ~~~~~~~~~~~~~~~~~~~^~~~~~
src/network/BitStream.h: In member function ‘void BitStream::Write(long unsigned int)’:
src/network/BitStream.h:29:30: warning: unused parameter ‘data’ [-Wunused-parameter]
   29 |     void Write(unsigned long data) {}
      |                ~~~~~~~~~~~~~~^~~~
src/network/BitStream.h: In member function ‘void BitStream::Write(float)’:
src/network/BitStream.h:30:22: warning: unused parameter ‘data’ [-Wunused-parameter]
   30 |     void Write(float data) {}
      |                ~~~~~~^~~~
src/network/BitStream.h: In member function ‘void BitStream::Write(bool)’:
src/network/BitStream.h:31:21: warning: unused parameter ‘data’ [-Wunused-parameter]
   31 |     void Write(bool data) {}
      |                ~~~~~^~~~
src/network/BitStream.h: In member function ‘void BitStream::Read(char*&, unsigned int)’:
src/network/BitStream.h:42:22: warning: unused parameter ‘data’ [-Wunused-parameter]
   42 |     void Read(char* &data, const unsigned int length) {}
      |               ~~~~~~~^~~~
src/network/BitStream.h:42:47: warning: unused parameter ‘length’ [-Wunused-parameter]
   42 |     void Read(char* &data, const unsigned int length) {}
      |                            ~~~~~~~~~~~~~~~~~~~^~~~~~
src/network/BitStream.h: In member function ‘void BitStream::Read(const char*&, unsigned int)’:
src/network/BitStream.h:43:28: warning: unused parameter ‘data’ [-Wunused-parameter]
   43 |     void Read(const char* &data, const unsigned int length) {}
      |               ~~~~~~~~~~~~~^~~~
src/network/BitStream.h:43:53: warning: unused parameter ‘length’ [-Wunused-parameter]
   43 |     void Read(const char* &data, const unsigned int length) {}
      |                                  ~~~~~~~~~~~~~~~~~~~^~~~~~
src/network/BitStream.h: In member function ‘void BitStream::Read(void*, unsigned int)’:
src/network/BitStream.h:44:21: warning: unused parameter ‘data’ [-Wunused-parameter]
   44 |     void Read(void* data, const unsigned int length) {}
      |               ~~~~~~^~~~
src/network/BitStream.h:44:46: warning: unused parameter ‘length’ [-Wunused-parameter]
   44 |     void Read(void* data, const unsigned int length) {}
      |                           ~~~~~~~~~~~~~~~~~~~^~~~~~
src/network/BitStream.h: In member function ‘void BitStream::SetWriteOffset(unsigned int)’:
src/network/BitStream.h:47:38: warning: unused parameter ‘offset’ [-Wunused-parameter]
   47 |     void SetWriteOffset(unsigned int offset) {}
      |                         ~~~~~~~~~~~~~^~~~~~
In file included from src/network/RakNetworkFactory.h:9,
                 from src/gsnetcli.h:17:
src/network/RakClientInterface.h: In member function ‘bool RakClientInterface::Connect(const char*, short unsigned int, const char*, short unsigned int)’:
src/network/RakClientInterface.h:17:30: warning: unused parameter ‘serverIP’ [-Wunused-parameter]
   17 |     bool Connect(const char* serverIP, unsigned short serverPort, const char* clientIP, unsigned short clientPort) { return false; }
      |                  ~~~~~~~~~~~~^~~~~~~~
src/network/RakClientInterface.h:17:55: warning: unused parameter ‘serverPort’ [-Wunused-parameter]
   17 |     bool Connect(const char* serverIP, unsigned short serverPort, const char* clientIP, unsigned short clientPort) { return false; }
      |                                        ~~~~~~~~~~~~~~~^~~~~~~~~~
src/network/RakClientInterface.h:17:79: warning: unused parameter ‘clientIP’ [-Wunused-parameter]
   17 |     bool Connect(const char* serverIP, unsigned short serverPort, const char* clientIP, unsigned short clientPort) { return false; }
      |                                                                   ~~~~~~~~~~~~^~~~~~~~
src/network/RakClientInterface.h:17:104: warning: unused parameter ‘clientPort’ [-Wunused-parameter]
   17 |     bool Connect(const char* serverIP, unsigned short serverPort, const char* clientIP, unsigned short clientPort) { return false; }
      |                                                                                         ~~~~~~~~~~~~~~~^~~~~~~~~~
src/network/RakClientInterface.h: In member function ‘bool RakClientInterface::Connect(const char*, short unsigned int, short unsigned int, unsigned int, int)’:
src/network/RakClientInterface.h:18:30: warning: unused parameter ‘host’ [-Wunused-parameter]
   18 |     bool Connect(const char* host, unsigned short serverPort, unsigned short clientPort, unsigned int connectionValidationInteger, int timeoutMS) { return false; }
      |                  ~~~~~~~~~~~~^~~~
src/network/RakClientInterface.h:18:51: warning: unused parameter ‘serverPort’ [-Wunused-parameter]
   18 |     bool Connect(const char* host, unsigned short serverPort, unsigned short clientPort, unsigned int connectionValidationInteger, int timeoutMS) { return false; }
      |                                    ~~~~~~~~~~~~~~~^~~~~~~~~~
src/network/RakClientInterface.h:18:78: warning: unused parameter ‘clientPort’ [-Wunused-parameter]
   18 |     bool Connect(const char* host, unsigned short serverPort, unsigned short clientPort, unsigned int connectionValidationInteger, int timeoutMS) { return false; }
      |                                                               ~~~~~~~~~~~~~~~^~~~~~~~~~
src/network/RakClientInterface.h:18:103: warning: unused parameter ‘connectionValidationInteger’ [-Wunused-parameter]
   18 |     bool Connect(const char* host, unsigned short serverPort, unsigned short clientPort, unsigned int connectionValidationInteger, int timeoutMS) { return false; }
      |                                                                                          ~~~~~~~~~~~~~^~~~~~~~~~~~~~~~~~~~~~~~~~~
src/network/RakClientInterface.h:18:136: warning: unused parameter ‘timeoutMS’ [-Wunused-parameter]
   18 |     bool Connect(const char* host, unsigned short serverPort, unsigned short clientPort, unsigned int connectionValidationInteger, int timeoutMS) { return false; }
      |                                                                                                                                    ~~~~^~~~~~~~~
src/network/RakClientInterface.h: In member function ‘void RakClientInterface::Disconnect(unsigned int, unsigned char)’:
src/network/RakClientInterface.h:19:34: warning: unused parameter ‘blockDuration’ [-Wunused-parameter]
   19 |     void Disconnect(unsigned int blockDuration = 0, unsigned char orderingChannel = 0) {}
      |                     ~~~~~~~~~~~~~^~~~~~~~~~~~~~~~~
src/network/RakClientInterface.h:19:67: warning: unused parameter ‘orderingChannel’ [-Wunused-parameter]
   19 |     void Disconnect(unsigned int blockDuration = 0, unsigned char orderingChannel = 0) {}
      |                                                     ~~~~~~~~~~~~~~^~~~~~~~~~~~~~~~~~~
src/network/RakClientInterface.h: In member function ‘void RakClientInterface::PingServer(const char*, short unsigned int, short unsigned int)’:
src/network/RakClientInterface.h:21:33: warning: unused parameter ‘host’ [-Wunused-parameter]
   21 |     void PingServer(const char* host, unsigned short remotePort, unsigned short sendPort) {}
      |                     ~~~~~~~~~~~~^~~~
src/network/RakClientInterface.h:21:54: warning: unused parameter ‘remotePort’ [-Wunused-parameter]
   21 |     void PingServer(const char* host, unsigned short remotePort, unsigned short sendPort) {}
      |                                       ~~~~~~~~~~~~~~~^~~~~~~~~~
src/network/RakClientInterface.h:21:81: warning: unused parameter ‘sendPort’ [-Wunused-parameter]
   21 |     void PingServer(const char* host, unsigned short remotePort, unsigned short sendPort) {}
      |                                                                  ~~~~~~~~~~~~~~~^~~~~~~~
src/network/RakClientInterface.h: In member function ‘bool RakClientInterface::Send(const char*, int, unsigned char, char, char, PlayerID, bool)’:
src/network/RakClientInterface.h:25:27: warning: unused parameter ‘data’ [-Wunused-parameter]
   25 |     bool Send(const char* data, int length, unsigned char priority, char reliability, char orderingChannel, PlayerID playerId, bool broadcast) { return true; }
      |               ~~~~~~~~~~~~^~~~
src/network/RakClientInterface.h:25:37: warning: unused parameter ‘length’ [-Wunused-parameter]
   25 |     bool Send(const char* data, int length, unsigned char priority, char reliability, char orderingChannel, PlayerID playerId, bool broadcast) { return true; }
      |                                 ~~~~^~~~~~
src/network/RakClientInterface.h:25:59: warning: unused parameter ‘priority’ [-Wunused-parameter]
   25 |     bool Send(const char* data, int length, unsigned char priority, char reliability, char orderingChannel, PlayerID playerId, bool broadcast) { return true; }
      |                                             ~~~~~~~~~~~~~~^~~~~~~~
src/network/RakClientInterface.h:25:74: warning: unused parameter ‘reliability’ [-Wunused-parameter]
   25 |     bool Send(const char* data, int length, unsigned char priority, char reliability, char orderingChannel, PlayerID playerId, bool broadcast) { return true; }
      |                                                                     ~~~~~^~~~~~~~~~~
src/network/RakClientInterface.h:25:92: warning: unused parameter ‘orderingChannel’ [-Wunused-parameter]
   25 |     bool Send(const char* data, int length, unsigned char priority, char reliability, char orderingChannel, PlayerID playerId, bool broadcast) { return true; }
      |                                                                                       ~~~~~^~~~~~~~~~~~~~~
src/network/RakClientInterface.h:25:118: warning: unused parameter ‘playerId’ [-Wunused-parameter]
   25 |     bool Send(const char* data, int length, unsigned char priority, char reliability, char orderingChannel, PlayerID playerId, bool broadcast) { return true; }
      |                                                                                                             ~~~~~~~~~^~~~~~~~
src/network/RakClientInterface.h:25:133: warning: unused parameter ‘broadcast’ [-Wunused-parameter]
   25 |     bool Send(const char* data, int length, unsigned char priority, char reliability, char orderingChannel, PlayerID playerId, bool broadcast) { return true; }
      |                                                                                                                                ~~~~~^~~~~~~~~
src/network/RakClientInterface.h: In member function ‘bool RakClientInterface::Send(BitStream*, unsigned char, char, char)’:
src/network/RakClientInterface.h:26:32: warning: unused parameter ‘bitStream’ [-Wunused-parameter]
   26 |     bool Send(class BitStream *bitStream, unsigned char priority, char reliability, char orderingChannel) { return true; }
      |               ~~~~~~~~~~~~~~~~~^~~~~~~~~
src/network/RakClientInterface.h:26:57: warning: unused parameter ‘priority’ [-Wunused-parameter]
   26 |     bool Send(class BitStream *bitStream, unsigned char priority, char reliability, char orderingChannel) { return true; }
      |                                           ~~~~~~~~~~~~~~^~~~~~~~
src/network/RakClientInterface.h:26:72: warning: unused parameter ‘reliability’ [-Wunused-parameter]
   26 |     bool Send(class BitStream *bitStream, unsigned char priority, char reliability, char orderingChannel) { return true; }
      |                                                                   ~~~~~^~~~~~~~~~~
src/network/RakClientInterface.h:26:90: warning: unused parameter ‘orderingChannel’ [-Wunused-parameter]
   26 |     bool Send(class BitStream *bitStream, unsigned char priority, char reliability, char orderingChannel) { return true; }
      |                                                                                     ~~~~~^~~~~~~~~~~~~~~
src/network/RakClientInterface.h: In member function ‘void RakClientInterface::PushBackPacket(Packet*, bool)’:
src/network/RakClientInterface.h:27:33: warning: unused parameter ‘packet’ [-Wunused-parameter]
   27 |     void PushBackPacket(Packet* packet, bool pushAtHead) {}
      |                         ~~~~~~~~^~~~~~
src/network/RakClientInterface.h:27:46: warning: unused parameter ‘pushAtHead’ [-Wunused-parameter]
   27 |     void PushBackPacket(Packet* packet, bool pushAtHead) {}
      |                                         ~~~~~^~~~~~~~~~
src/network/RakClientInterface.h: In member function ‘void RakClientInterface::DeallocatePacket(Packet*)’:
src/network/RakClientInterface.h:35:35: warning: unused parameter ‘packet’ [-Wunused-parameter]
   35 |     void DeallocatePacket(Packet *packet) {}
      |                           ~~~~~~~~^~~~~~
src/network/RakClientInterface.h: In member function ‘const char* RakClientInterface::PlayerIDToDottedIP(PlayerID)’:
src/network/RakClientInterface.h:36:45: warning: unused parameter ‘playerId’ [-Wunused-parameter]
   36 |     const char* PlayerIDToDottedIP(PlayerID playerId) { return "0.0.0.0"; }
      |                                    ~~~~~~~~~^~~~~~~~
In file included from src/network/RakNetworkFactory.h:10:
src/network/RakServerInterface.h: In member function ‘bool RakServerInterface::Start(int, int, int, int)’:
src/network/RakServerInterface.h:19:20: warning: unused parameter ‘AllowedPlayers’ [-Wunused-parameter]
   19 |     bool Start(int AllowedPlayers, int connectionValidationInteger, int threadSleepTimer, int port) { return false; }
      |                ~~~~^~~~~~~~~~~~~~
src/network/RakServerInterface.h:19:40: warning: unused parameter ‘connectionValidationInteger’ [-Wunused-parameter]
   19 |     bool Start(int AllowedPlayers, int connectionValidationInteger, int threadSleepTimer, int port) { return false; }
      |                                    ~~~~^~~~~~~~~~~~~~~~~~~~~~~~~~~
src/network/RakServerInterface.h:19:73: warning: unused parameter ‘threadSleepTimer’ [-Wunused-parameter]
   19 |     bool Start(int AllowedPlayers, int connectionValidationInteger, int threadSleepTimer, int port) { return false; }
      |                                                                     ~~~~^~~~~~~~~~~~~~~~
src/network/RakServerInterface.h:19:95: warning: unused parameter ‘port’ [-Wunused-parameter]
   19 |     bool Start(int AllowedPlayers, int connectionValidationInteger, int threadSleepTimer, int port) { return false; }
      |                                                                                           ~~~~^~~~
src/network/RakServerInterface.h: In member function ‘void RakServerInterface::Disconnect(unsigned int, unsigned char)’:
src/network/RakServerInterface.h:20:34: warning: unused parameter ‘blockDuration’ [-Wunused-parameter]
   20 |     void Disconnect(unsigned int blockDuration = 0, unsigned char orderingChannel = 0) {}
      |                     ~~~~~~~~~~~~~^~~~~~~~~~~~~~~~~
src/network/RakServerInterface.h:20:67: warning: unused parameter ‘orderingChannel’ [-Wunused-parameter]
   20 |     void Disconnect(unsigned int blockDuration = 0, unsigned char orderingChannel = 0) {}
      |                                                     ~~~~~~~~~~~~~~^~~~~~~~~~~~~~~~~~~
src/network/RakServerInterface.h: In member function ‘bool RakServerInterface::Send(const char*, int, unsigned char, char, char, PlayerID, bool)’:
src/network/RakServerInterface.h:21:27: warning: unused parameter ‘data’ [-Wunused-parameter]
   21 |     bool Send(const char* data, int length, unsigned char priority, char reliability, char orderingChannel, PlayerID playerId, bool broadcast) { return true; }
      |               ~~~~~~~~~~~~^~~~
src/network/RakServerInterface.h:21:37: warning: unused parameter ‘length’ [-Wunused-parameter]
   21 |     bool Send(const char* data, int length, unsigned char priority, char reliability, char orderingChannel, PlayerID playerId, bool broadcast) { return true; }
      |                                 ~~~~^~~~~~
src/network/RakServerInterface.h:21:59: warning: unused parameter ‘priority’ [-Wunused-parameter]
   21 |     bool Send(const char* data, int length, unsigned char priority, char reliability, char orderingChannel, PlayerID playerId, bool broadcast) { return true; }
      |                                             ~~~~~~~~~~~~~~^~~~~~~~
src/network/RakServerInterface.h:21:74: warning: unused parameter ‘reliability’ [-Wunused-parameter]
   21 |     bool Send(const char* data, int length, unsigned char priority, char reliability, char orderingChannel, PlayerID playerId, bool broadcast) { return true; }
      |                                                                     ~~~~~^~~~~~~~~~~
src/network/RakServerInterface.h:21:92: warning: unused parameter ‘orderingChannel’ [-Wunused-parameter]
   21 |     bool Send(const char* data, int length, unsigned char priority, char reliability, char orderingChannel, PlayerID playerId, bool broadcast) { return true; }
      |                                                                                       ~~~~~^~~~~~~~~~~~~~~
src/network/RakServerInterface.h:21:118: warning: unused parameter ‘playerId’ [-Wunused-parameter]
   21 |     bool Send(const char* data, int length, unsigned char priority, char reliability, char orderingChannel, PlayerID playerId, bool broadcast) { return true; }
      |                                                                                                             ~~~~~~~~~^~~~~~~~
src/network/RakServerInterface.h:21:133: warning: unused parameter ‘broadcast’ [-Wunused-parameter]
   21 |     bool Send(const char* data, int length, unsigned char priority, char reliability, char orderingChannel, PlayerID playerId, bool broadcast) { return true; }
      |                                                                                                                                ~~~~~^~~~~~~~~
src/network/RakServerInterface.h: In member function ‘bool RakServerInterface::Send(BitStream*, unsigned char, char, char, PlayerID, bool)’:
src/network/RakServerInterface.h:22:32: warning: unused parameter ‘bitStream’ [-Wunused-parameter]
   22 |     bool Send(class BitStream *bitStream, unsigned char priority, char reliability, char orderingChannel, PlayerID playerId, bool broadcast) { return true; }
      |               ~~~~~~~~~~~~~~~~~^~~~~~~~~
src/network/RakServerInterface.h:22:57: warning: unused parameter ‘priority’ [-Wunused-parameter]
   22 |     bool Send(class BitStream *bitStream, unsigned char priority, char reliability, char orderingChannel, PlayerID playerId, bool broadcast) { return true; }
      |                                           ~~~~~~~~~~~~~~^~~~~~~~
src/network/RakServerInterface.h:22:72: warning: unused parameter ‘reliability’ [-Wunused-parameter]
   22 |     bool Send(class BitStream *bitStream, unsigned char priority, char reliability, char orderingChannel, PlayerID playerId, bool broadcast) { return true; }
      |                                                                   ~~~~~^~~~~~~~~~~
src/network/RakServerInterface.h:22:90: warning: unused parameter ‘orderingChannel’ [-Wunused-parameter]
   22 |     bool Send(class BitStream *bitStream, unsigned char priority, char reliability, char orderingChannel, PlayerID playerId, bool broadcast) { return true; }
      |                                                                                     ~~~~~^~~~~~~~~~~~~~~
src/network/RakServerInterface.h:22:116: warning: unused parameter ‘playerId’ [-Wunused-parameter]
   22 |     bool Send(class BitStream *bitStream, unsigned char priority, char reliability, char orderingChannel, PlayerID playerId, bool broadcast) { return true; }
      |                                                                                                           ~~~~~~~~~^~~~~~~~
src/network/RakServerInterface.h:22:131: warning: unused parameter ‘broadcast’ [-Wunused-parameter]
   22 |     bool Send(class BitStream *bitStream, unsigned char priority, char reliability, char orderingChannel, PlayerID playerId, bool broadcast) { return true; }
      |                                                                                                                              ~~~~~^~~~~~~~~
src/network/RakServerInterface.h: In member function ‘void RakServerInterface::PushBackPacket(Packet*, bool)’:
src/network/RakServerInterface.h:23:33: warning: unused parameter ‘packet’ [-Wunused-parameter]
   23 |     void PushBackPacket(Packet* packet, bool pushAtHead) {}
      |                         ~~~~~~~~^~~~~~
src/network/RakServerInterface.h:23:46: warning: unused parameter ‘pushAtHead’ [-Wunused-parameter]
   23 |     void PushBackPacket(Packet* packet, bool pushAtHead) {}
      |                                         ~~~~~^~~~~~~~~~
src/network/RakServerInterface.h: In member function ‘void RakServerInterface::DeallocatePacket(Packet*)’:
src/network/RakServerInterface.h:24:35: warning: unused parameter ‘packet’ [-Wunused-parameter]
   24 |     void DeallocatePacket(Packet* packet) {}
      |                           ~~~~~~~~^~~~~~
src/network/RakServerInterface.h: In member function ‘int RakServerInterface::GetAveragePing(PlayerID)’:
src/network/RakServerInterface.h:25:33: warning: unused parameter ‘playerId’ [-Wunused-parameter]
   25 |     int GetAveragePing(PlayerID playerId) { return 0; }
      |                        ~~~~~~~~~^~~~~~~~
src/network/RakServerInterface.h: In member function ‘int RakServerInterface::GetLastPing(PlayerID)’:
src/network/RakServerInterface.h:26:30: warning: unused parameter ‘playerId’ [-Wunused-parameter]
   26 |     int GetLastPing(PlayerID playerId) { return 0; }
      |                     ~~~~~~~~~^~~~~~~~
src/network/RakServerInterface.h: In member function ‘int RakServerInterface::GetLowestPing(PlayerID)’:
src/network/RakServerInterface.h:27:32: warning: unused parameter ‘playerId’ [-Wunused-parameter]
   27 |     int GetLowestPing(PlayerID playerId) { return 0; }
      |                       ~~~~~~~~~^~~~~~~~
src/network/RakServerInterface.h: In member function ‘void RakServerInterface::Kick(PlayerID)’:
src/network/RakServerInterface.h:28:24: warning: unused parameter ‘playerId’ [-Wunused-parameter]
   28 |     void Kick(PlayerID playerId) {}
      |               ~~~~~~~~~^~~~~~~~
src/network/RakServerInterface.h: In member function ‘void RakServerInterface::SetAllowedPlayers(int)’:
src/network/RakServerInterface.h:31:32: warning: unused parameter ‘maxPlayers’ [-Wunused-parameter]
   31 |     void SetAllowedPlayers(int maxPlayers) {}
      |                            ~~~~^~~~~~~~~~
src/network/RakServerInterface.h: In member function ‘void* RakServerInterface::GetStatistics(PlayerID)’:
src/network/RakServerInterface.h:35:34: warning: unused parameter ‘playerId’ [-Wunused-parameter]
   35 |     void* GetStatistics(PlayerID playerId) { return 0; }
      |                         ~~~~~~~~~^~~~~~~~
src/network/RakNetworkFactory.h: In static member function ‘static void RakNetworkFactory::DestroyRakNetwork(void*)’:
src/network/RakNetworkFactory.h:15:41: warning: unused parameter ‘network’ [-Wunused-parameter]
   15 |     static void DestroyRakNetwork(void* network) {}
      |                                   ~~~~~~^~~~~~~
src/gslua.cpp: In function ‘int tolua_gslua_open(lua_State*)’:
src/gslua.cpp:26371:36: warning: invalid conversion from ‘int (*)(lua_State*)’ to ‘void*’ [-fpermissive]
26371 |  tolua_function(tolua_S,"get_prev",tolua_gslua_Object_get_prev00);
      |                                    ^~~~~~~~~~~~~~~~~~~~~~~~~~~~~
      |                                    |
      |                                    int (*)(lua_State*)
In file included from src/gslua.cpp:11:
src/tolua.h:48:65: note:   initializing argument 3 of ‘void tolua_function(lua_State*, const char*, void*)’
   48 | void tolua_function(lua_State* tolua_S, const char* name, void* func);
      |                                                           ~~~~~~^~~~
src/gslua.cpp:26372:36: warning: invalid conversion from ‘int (*)(lua_State*)’ to ‘void*’ [-fpermissive]
26372 |  tolua_function(tolua_S,"get_next",tolua_gslua_Object_get_next00);
      |                                    ^~~~~~~~~~~~~~~~~~~~~~~~~~~~~
      |                                    |
      |                                    int (*)(lua_State*)
src/tolua.h:48:65: note:   initializing argument 3 of ‘void tolua_function(lua_State*, const char*, void*)’
   48 | void tolua_function(lua_State* tolua_S, const char* name, void* func);
      |                                                           ~~~~~~^~~~
src/gslua.cpp:26373:36: warning: invalid conversion from ‘int (*)(lua_State*)’ to ‘void*’ [-fpermissive]
26373 |  tolua_function(tolua_S,"set_prev",tolua_gslua_Object_set_prev00);
      |                                    ^~~~~~~~~~~~~~~~~~~~~~~~~~~~~
      |                                    |
      |                                    int (*)(lua_State*)
src/tolua.h:48:65: note:   initializing argument 3 of ‘void tolua_function(lua_State*, const char*, void*)’
   48 | void tolua_function(lua_State* tolua_S, const char* name, void* func);
      |                                                           ~~~~~~^~~~
src/gslua.cpp:26374:36: warning: invalid conversion from ‘int (*)(lua_State*)’ to ‘void*’ [-fpermissive]
26374 |  tolua_function(tolua_S,"set_next",tolua_gslua_Object_set_next00);
      |                                    ^~~~~~~~~~~~~~~~~~~~~~~~~~~~~
      |                                    |
      |                                    int (*)(lua_State*)
src/tolua.h:48:65: note:   initializing argument 3 of ‘void tolua_function(lua_State*, const char*, void*)’
   48 | void tolua_function(lua_State* tolua_S, const char* name, void* func);
      |                                                           ~~~~~~^~~~
src/gslua.cpp:26375:36: warning: invalid conversion from ‘int (*)(lua_State*)’ to ‘void*’ [-fpermissive]
26375 |  tolua_function(tolua_S,"set_type",tolua_gslua_Object_set_type00);
      |                                    ^~~~~~~~~~~~~~~~~~~~~~~~~~~~~
      |                                    |
      |                                    int (*)(lua_State*)
src/tolua.h:48:65: note:   initializing argument 3 of ‘void tolua_function(lua_State*, const char*, void*)’
   48 | void tolua_function(lua_State* tolua_S, const char* name, void* func);
      |                                                           ~~~~~~^~~~
src/gslua.cpp:26376:36: warning: invalid conversion from ‘int (*)(lua_State*)’ to ‘void*’ [-fpermissive]
26376 |  tolua_function(tolua_S,"get_type",tolua_gslua_Object_get_type00);
      |                                    ^~~~~~~~~~~~~~~~~~~~~~~~~~~~~
      |                                    |
      |                                    int (*)(lua_State*)
src/tolua.h:48:65: note:   initializing argument 3 of ‘void tolua_function(lua_State*, const char*, void*)’
   48 | void tolua_function(lua_State* tolua_S, const char* name, void* func);
      |                                                           ~~~~~~^~~~
src/gslua.cpp:26377:34: warning: invalid conversion from ‘int (*)(lua_State*)’ to ‘void*’ [-fpermissive]
26377 |  tolua_function(tolua_S,"get_nr",tolua_gslua_Object_get_nr00);
      |                                  ^~~~~~~~~~~~~~~~~~~~~~~~~~~
      |                                  |
      |                                  int (*)(lua_State*)
src/tolua.h:48:65: note:   initializing argument 3 of ‘void tolua_function(lua_State*, const char*, void*)’
   48 | void tolua_function(lua_State* tolua_S, const char* name, void* func);
      |                                                           ~~~~~~^~~~
src/gslua.cpp:26378:38: warning: invalid conversion from ‘int (*)(lua_State*)’ to ‘void*’ [-fpermissive]
26378 |  tolua_function(tolua_S,"is_special",tolua_gslua_Object_is_special00);
      |                                      ^~~~~~~~~~~~~~~~~~~~~~~~~~~~~~~
      |                                      |
      |                                      int (*)(lua_State*)
src/tolua.h:48:65: note:   initializing argument 3 of ‘void tolua_function(lua_State*, const char*, void*)’
   48 | void tolua_function(lua_State* tolua_S, const char* name, void* func);
      |                                                           ~~~~~~^~~~
src/gslua.cpp:26379:40: warning: invalid conversion from ‘int (*)(lua_State*)’ to ‘void*’ [-fpermissive]
26379 |  tolua_function(tolua_S,"set_maxframe",tolua_gslua_Object_set_maxframe00);
      |                                        ^~~~~~~~~~~~~~~~~~~~~~~~~~~~~~~~~
      |                                        |
      |                                        int (*)(lua_State*)
src/tolua.h:48:65: note:   initializing argument 3 of ‘void tolua_function(lua_State*, const char*, void*)’
   48 | void tolua_function(lua_State* tolua_S, const char* name, void* func);
      |                                                           ~~~~~~^~~~
src/gslua.cpp:26380:40: warning: invalid conversion from ‘int (*)(lua_State*)’ to ‘void*’ [-fpermissive]
26380 |  tolua_function(tolua_S,"get_maxframe",tolua_gslua_Object_get_maxframe00);
      |                                        ^~~~~~~~~~~~~~~~~~~~~~~~~~~~~~~~~
      |                                        |
      |                                        int (*)(lua_State*)
src/tolua.h:48:65: note:   initializing argument 3 of ‘void tolua_function(lua_State*, const char*, void*)’
   48 | void tolua_function(lua_State* tolua_S, const char* name, void* func);
      |                                                           ~~~~~~^~~~
src/gslua.cpp:26381:41: warning: invalid conversion from ‘int (*)(lua_State*)’ to ‘void*’ [-fpermissive]
26381 |  tolua_function(tolua_S,"set_maxframet",tolua_gslua_Object_set_maxframet00);
      |                                         ^~~~~~~~~~~~~~~~~~~~~~~~~~~~~~~~~~
      |                                         |
      |                                         int (*)(lua_State*)
src/tolua.h:48:65: note:   initializing argument 3 of ‘void tolua_function(lua_State*, const char*, void*)’
   48 | void tolua_function(lua_State* tolua_S, const char* name, void* func);
      |                                                           ~~~~~~^~~~
src/gslua.cpp:26382:41: warning: invalid conversion from ‘int (*)(lua_State*)’ to ‘void*’ [-fpermissive]
26382 |  tolua_function(tolua_S,"get_maxframet",tolua_gslua_Object_get_maxframet00);
      |                                         ^~~~~~~~~~~~~~~~~~~~~~~~~~~~~~~~~~
      |                                         |
      |                                         int (*)(lua_State*)
src/tolua.h:48:65: note:   initializing argument 3 of ‘void tolua_function(lua_State*, const char*, void*)’
   48 | void tolua_function(lua_State* tolua_S, const char* name, void* func);
      |                                                           ~~~~~~^~~~
src/gslua.cpp:26383:40: warning: invalid conversion from ‘int (*)(lua_State*)’ to ‘void*’ [-fpermissive]
26383 |  tolua_function(tolua_S,"set_curframe",tolua_gslua_Object_set_curframe00);
      |                                        ^~~~~~~~~~~~~~~~~~~~~~~~~~~~~~~~~
      |                                        |
      |                                        int (*)(lua_State*)
src/tolua.h:48:65: note:   initializing argument 3 of ‘void tolua_function(lua_State*, const char*, void*)’
   48 | void tolua_function(lua_State* tolua_S, const char* name, void* func);
      |                                                           ~~~~~~^~~~
src/gslua.cpp:26384:40: warning: invalid conversion from ‘int (*)(lua_State*)’ to ‘void*’ [-fpermissive]
26384 |  tolua_function(tolua_S,"get_curframe",tolua_gslua_Object_get_curframe00);
      |                                        ^~~~~~~~~~~~~~~~~~~~~~~~~~~~~~~~~
      |                                        |
      |                                        int (*)(lua_State*)
src/tolua.h:48:65: note:   initializing argument 3 of ‘void tolua_function(lua_State*, const char*, void*)’
   48 | void tolua_function(lua_State* tolua_S, const char* name, void* func);
      |                                                           ~~~~~~^~~~
src/gslua.cpp:26385:41: warning: invalid conversion from ‘int (*)(lua_State*)’ to ‘void*’ [-fpermissive]
26385 |  tolua_function(tolua_S,"set_curframet",tolua_gslua_Object_set_curframet00);
      |                                         ^~~~~~~~~~~~~~~~~~~~~~~~~~~~~~~~~~
      |                                         |
      |                                         int (*)(lua_State*)
src/tolua.h:48:65: note:   initializing argument 3 of ‘void tolua_function(lua_State*, const char*, void*)’
   48 | void tolua_function(lua_State* tolua_S, const char* name, void* func);
      |                                                           ~~~~~~^~~~
src/gslua.cpp:26386:41: warning: invalid conversion from ‘int (*)(lua_State*)’ to ‘void*’ [-fpermissive]
26386 |  tolua_function(tolua_S,"get_curframet",tolua_gslua_Object_get_curframet00);
      |                                         ^~~~~~~~~~~~~~~~~~~~~~~~~~~~~~~~~~
      |                                         |
      |                                         int (*)(lua_State*)
src/tolua.h:48:65: note:   initializing argument 3 of ‘void tolua_function(lua_State*, const char*, void*)’
   48 | void tolua_function(lua_State* tolua_S, const char* name, void* func);
      |                                                           ~~~~~~^~~~
src/gslua.cpp:26387:41: warning: invalid conversion from ‘int (*)(lua_State*)’ to ‘void*’ [-fpermissive]
26387 |  tolua_function(tolua_S,"set_dispframe",tolua_gslua_Object_set_dispframe00);
      |                                         ^~~~~~~~~~~~~~~~~~~~~~~~~~~~~~~~~~
      |                                         |
      |                                         int (*)(lua_State*)
src/tolua.h:48:65: note:   initializing argument 3 of ‘void tolua_function(lua_State*, const char*, void*)’
   48 | void tolua_function(lua_State* tolua_S, const char* name, void* func);
      |                                                           ~~~~~~^~~~
src/gslua.cpp:26388:41: warning: invalid conversion from ‘int (*)(lua_State*)’ to ‘void*’ [-fpermissive]
26388 |  tolua_function(tolua_S,"get_dispframe",tolua_gslua_Object_get_dispframe00);
      |                                         ^~~~~~~~~~~~~~~~~~~~~~~~~~~~~~~~~~
      |                                         |
      |                                         int (*)(lua_State*)
src/tolua.h:48:65: note:   initializing argument 3 of ‘void tolua_function(lua_State*, const char*, void*)’
   48 | void tolua_function(lua_State* tolua_S, const char* name, void* func);
      |                                                           ~~~~~~^~~~
src/gslua.cpp:26389:42: warning: invalid conversion from ‘int (*)(lua_State*)’ to ‘void*’ [-fpermissive]
26389 |  tolua_function(tolua_S,"set_startframe",tolua_gslua_Object_set_startframe00);
      |                                          ^~~~~~~~~~~~~~~~~~~~~~~~~~~~~~~~~~~
      |                                          |
      |                                          int (*)(lua_State*)
src/tolua.h:48:65: note:   initializing argument 3 of ‘void tolua_function(lua_State*, const char*, void*)’
   48 | void tolua_function(lua_State* tolua_S, const char* name, void* func);
      |                                                           ~~~~~~^~~~
src/gslua.cpp:26390:42: warning: invalid conversion from ‘int (*)(lua_State*)’ to ‘void*’ [-fpermissive]
26390 |  tolua_function(tolua_S,"get_startframe",tolua_gslua_Object_get_startframe00);
      |                                          ^~~~~~~~~~~~~~~~~~~~~~~~~~~~~~~~~~~
      |                                          |
      |                                          int (*)(lua_State*)
src/tolua.h:48:65: note:   initializing argument 3 of ‘void tolua_function(lua_State*, const char*, void*)’
   48 | void tolua_function(lua_State* tolua_S, const char* name, void* func);
      |                                                           ~~~~~~^~~~
src/gslua.cpp:26391:33: warning: invalid conversion from ‘int (*)(lua_State*)’ to ‘void*’ [-fpermissive]
26391 |  tolua_function(tolua_S,"get_x",tolua_gslua_Object_get_x00);
      |                                 ^~~~~~~~~~~~~~~~~~~~~~~~~~
      |                                 |
      |                                 int (*)(lua_State*)
src/tolua.h:48:65: note:   initializing argument 3 of ‘void tolua_function(lua_State*, const char*, void*)’
   48 | void tolua_function(lua_State* tolua_S, const char* name, void* func);
      |                                                           ~~~~~~^~~~
src/gslua.cpp:26392:33: warning: invalid conversion from ‘int (*)(lua_State*)’ to ‘void*’ [-fpermissive]
26392 |  tolua_function(tolua_S,"get_y",tolua_gslua_Object_get_y00);
      |                                 ^~~~~~~~~~~~~~~~~~~~~~~~~~
      |                                 |
      |                                 int (*)(lua_State*)
src/tolua.h:48:65: note:   initializing argument 3 of ‘void tolua_function(lua_State*, const char*, void*)’
   48 | void tolua_function(lua_State* tolua_S, const char* name, void* func);
      |                                                           ~~~~~~^~~~
src/gslua.cpp:26393:36: warning: invalid conversion from ‘int (*)(lua_State*)’ to ‘void*’ [-fpermissive]
26393 |  tolua_function(tolua_S,"get_xspd",tolua_gslua_Object_get_xspd00);
      |                                    ^~~~~~~~~~~~~~~~~~~~~~~~~~~~~
      |                                    |
      |                                    int (*)(lua_State*)
src/tolua.h:48:65: note:   initializing argument 3 of ‘void tolua_function(lua_State*, const char*, void*)’
   48 | void tolua_function(lua_State* tolua_S, const char* name, void* func);
      |                                                           ~~~~~~^~~~
src/gslua.cpp:26394:36: warning: invalid conversion from ‘int (*)(lua_State*)’ to ‘void*’ [-fpermissive]
26394 |  tolua_function(tolua_S,"get_yspd",tolua_gslua_Object_get_yspd00);
      |                                    ^~~~~~~~~~~~~~~~~~~~~~~~~~~~~
      |                                    |
      |                                    int (*)(lua_State*)
src/tolua.h:48:65: note:   initializing argument 3 of ‘void tolua_function(lua_State*, const char*, void*)’
   48 | void tolua_function(lua_State* tolua_S, const char* name, void* func);
      |                                                           ~~~~~~^~~~
src/gslua.cpp:26395:33: warning: invalid conversion from ‘int (*)(lua_State*)’ to ‘void*’ [-fpermissive]
26395 |  tolua_function(tolua_S,"set_x",tolua_gslua_Object_set_x00);
      |                                 ^~~~~~~~~~~~~~~~~~~~~~~~~~
      |                                 |
      |                                 int (*)(lua_State*)
src/tolua.h:48:65: note:   initializing argument 3 of ‘void tolua_function(lua_State*, const char*, void*)’
   48 | void tolua_function(lua_State* tolua_S, const char* name, void* func);
      |                                                           ~~~~~~^~~~
src/gslua.cpp:26396:33: warning: invalid conversion from ‘int (*)(lua_State*)’ to ‘void*’ [-fpermissive]
26396 |  tolua_function(tolua_S,"set_y",tolua_gslua_Object_set_y00);
      |                                 ^~~~~~~~~~~~~~~~~~~~~~~~~~
      |                                 |
      |                                 int (*)(lua_State*)
src/tolua.h:48:65: note:   initializing argument 3 of ‘void tolua_function(lua_State*, const char*, void*)’
   48 | void tolua_function(lua_State* tolua_S, const char* name, void* func);
      |                                                           ~~~~~~^~~~
src/gslua.cpp:26397:36: warning: invalid conversion from ‘int (*)(lua_State*)’ to ‘void*’ [-fpermissive]
26397 |  tolua_function(tolua_S,"set_xspd",tolua_gslua_Object_set_xspd00);
      |                                    ^~~~~~~~~~~~~~~~~~~~~~~~~~~~~
      |                                    |
      |                                    int (*)(lua_State*)
src/tolua.h:48:65: note:   initializing argument 3 of ‘void tolua_function(lua_State*, const char*, void*)’
   48 | void tolua_function(lua_State* tolua_S, const char* name, void* func);
      |                                                           ~~~~~~^~~~
src/gslua.cpp:26398:36: warning: invalid conversion from ‘int (*)(lua_State*)’ to ‘void*’ [-fpermissive]
26398 |  tolua_function(tolua_S,"set_yspd",tolua_gslua_Object_set_yspd00);
      |                                    ^~~~~~~~~~~~~~~~~~~~~~~~~~~~~
      |                                    |
      |                                    int (*)(lua_State*)
src/tolua.h:48:65: note:   initializing argument 3 of ‘void tolua_function(lua_State*, const char*, void*)’
   48 | void tolua_function(lua_State* tolua_S, const char* name, void* func);
      |                                                           ~~~~~~^~~~
src/gslua.cpp:26399:37: warning: invalid conversion from ‘int (*)(lua_State*)’ to ‘void*’ [-fpermissive]
26399 |  tolua_function(tolua_S,"get_width",tolua_gslua_Object_get_width00);
      |                                     ^~~~~~~~~~~~~~~~~~~~~~~~~~~~~~
      |                                     |
      |                                     int (*)(lua_State*)
src/tolua.h:48:65: note:   initializing argument 3 of ‘void tolua_function(lua_State*, const char*, void*)’
   48 | void tolua_function(lua_State* tolua_S, const char* name, void* func);
      |                                                           ~~~~~~^~~~
src/gslua.cpp:26400:38: warning: invalid conversion from ‘int (*)(lua_State*)’ to ‘void*’ [-fpermissive]
26400 |  tolua_function(tolua_S,"get_height",tolua_gslua_Object_get_height00);
      |                                      ^~~~~~~~~~~~~~~~~~~~~~~~~~~~~~~
      |                                      |
      |                                      int (*)(lua_State*)
src/tolua.h:48:65: note:   initializing argument 3 of ‘void tolua_function(lua_State*, const char*, void*)’
   48 | void tolua_function(lua_State* tolua_S, const char* name, void* func);
      |                                                           ~~~~~~^~~~
src/gslua.cpp:26401:39: warning: invalid conversion from ‘int (*)(lua_State*)’ to ‘void*’ [-fpermissive]
26401 |  tolua_function(tolua_S,"set_bound_x",tolua_gslua_Object_set_bound_x00);
      |                                       ^~~~~~~~~~~~~~~~~~~~~~~~~~~~~~~~
      |                                       |
      |                                       int (*)(lua_State*)
src/tolua.h:48:65: note:   initializing argument 3 of ‘void tolua_function(lua_State*, const char*, void*)’
   48 | void tolua_function(lua_State* tolua_S, const char* name, void* func);
      |                                                           ~~~~~~^~~~
src/gslua.cpp:26402:39: warning: invalid conversion from ‘int (*)(lua_State*)’ to ‘void*’ [-fpermissive]
26402 |  tolua_function(tolua_S,"set_bound_y",tolua_gslua_Object_set_bound_y00);
      |                                       ^~~~~~~~~~~~~~~~~~~~~~~~~~~~~~~~
      |                                       |
      |                                       int (*)(lua_State*)
src/tolua.h:48:65: note:   initializing argument 3 of ‘void tolua_function(lua_State*, const char*, void*)’
   48 | void tolua_function(lua_State* tolua_S, const char* name, void* func);
      |                                                           ~~~~~~^~~~
src/gslua.cpp:26403:39: warning: invalid conversion from ‘int (*)(lua_State*)’ to ‘void*’ [-fpermissive]
26403 |  tolua_function(tolua_S,"set_bound_w",tolua_gslua_Object_set_bound_w00);
      |                                       ^~~~~~~~~~~~~~~~~~~~~~~~~~~~~~~~
      |                                       |
      |                                       int (*)(lua_State*)
src/tolua.h:48:65: note:   initializing argument 3 of ‘void tolua_function(lua_State*, const char*, void*)’
   48 | void tolua_function(lua_State* tolua_S, const char* name, void* func);
      |                                                           ~~~~~~^~~~
src/gslua.cpp:26404:39: warning: invalid conversion from ‘int (*)(lua_State*)’ to ‘void*’ [-fpermissive]
26404 |  tolua_function(tolua_S,"set_bound_h",tolua_gslua_Object_set_bound_h00);
      |                                       ^~~~~~~~~~~~~~~~~~~~~~~~~~~~~~~~
      |                                       |
      |                                       int (*)(lua_State*)
src/tolua.h:48:65: note:   initializing argument 3 of ‘void tolua_function(lua_State*, const char*, void*)’
   48 | void tolua_function(lua_State* tolua_S, const char* name, void* func);
      |                                                           ~~~~~~^~~~
src/gslua.cpp:26405:41: warning: invalid conversion from ‘int (*)(lua_State*)’ to ‘void*’ [-fpermissive]
26405 |  tolua_function(tolua_S,"add_hitpoints",tolua_gslua_Object_add_hitpoints00);
      |                                         ^~~~~~~~~~~~~~~~~~~~~~~~~~~~~~~~~~
      |                                         |
      |                                         int (*)(lua_State*)
src/tolua.h:48:65: note:   initializing argument 3 of ‘void tolua_function(lua_State*, const char*, void*)’
   48 | void tolua_function(lua_State* tolua_S, const char* name, void* func);
      |                                                           ~~~~~~^~~~
src/gslua.cpp:26406:35: warning: invalid conversion from ‘int (*)(lua_State*)’ to ‘void*’ [-fpermissive]
26406 |  tolua_function(tolua_S,"get_hit",tolua_gslua_Object_get_hit00);
      |                                   ^~~~~~~~~~~~~~~~~~~~~~~~~~~~
      |                                   |
      |                                   int (*)(lua_State*)
src/tolua.h:48:65: note:   initializing argument 3 of ‘void tolua_function(lua_State*, const char*, void*)’
   48 | void tolua_function(lua_State* tolua_S, const char* name, void* func);
      |                                                           ~~~~~~^~~~
src/gslua.cpp:26407:38: warning: invalid conversion from ‘int (*)(lua_State*)’ to ‘void*’ [-fpermissive]
26407 |  tolua_function(tolua_S,"get_maxhit",tolua_gslua_Object_get_maxhit00);
      |                                      ^~~~~~~~~~~~~~~~~~~~~~~~~~~~~~~
      |                                      |
      |                                      int (*)(lua_State*)
src/tolua.h:48:65: note:   initializing argument 3 of ‘void tolua_function(lua_State*, const char*, void*)’
   48 | void tolua_function(lua_State* tolua_S, const char* name, void* func);
      |                                                           ~~~~~~^~~~
src/gslua.cpp:26408:35: warning: invalid conversion from ‘int (*)(lua_State*)’ to ‘void*’ [-fpermissive]
26408 |  tolua_function(tolua_S,"set_hit",tolua_gslua_Object_set_hit00);
      |                                   ^~~~~~~~~~~~~~~~~~~~~~~~~~~~
      |                                   |
      |                                   int (*)(lua_State*)
src/tolua.h:48:65: note:   initializing argument 3 of ‘void tolua_function(lua_State*, const char*, void*)’
   48 | void tolua_function(lua_State* tolua_S, const char* name, void* func);
      |                                                           ~~~~~~^~~~
src/gslua.cpp:26409:38: warning: invalid conversion from ‘int (*)(lua_State*)’ to ‘void*’ [-fpermissive]
26409 |  tolua_function(tolua_S,"set_maxhit",tolua_gslua_Object_set_maxhit00);
      |                                      ^~~~~~~~~~~~~~~~~~~~~~~~~~~~~~~
      |                                      |
      |                                      int (*)(lua_State*)
src/tolua.h:48:65: note:   initializing argument 3 of ‘void tolua_function(lua_State*, const char*, void*)’
   48 | void tolua_function(lua_State* tolua_S, const char* name, void* func);
      |                                                           ~~~~~~^~~~
src/gslua.cpp:26410:37: warning: invalid conversion from ‘int (*)(lua_State*)’ to ‘void*’ [-fpermissive]
26410 |  tolua_function(tolua_S,"get_hitby",tolua_gslua_Object_get_hitby00);
      |                                     ^~~~~~~~~~~~~~~~~~~~~~~~~~~~~~
      |                                     |
      |                                     int (*)(lua_State*)
src/tolua.h:48:65: note:   initializing argument 3 of ‘void tolua_function(lua_State*, const char*, void*)’
   48 | void tolua_function(lua_State* tolua_S, const char* name, void* func);
      |                                                           ~~~~~~^~~~
src/gslua.cpp:26411:40: warning: invalid conversion from ‘int (*)(lua_State*)’ to ‘void*’ [-fpermissive]
26411 |  tolua_function(tolua_S,"get_hitby_sx",tolua_gslua_Object_get_hitby_sx00);
      |                                        ^~~~~~~~~~~~~~~~~~~~~~~~~~~~~~~~~
      |                                        |
      |                                        int (*)(lua_State*)
src/tolua.h:48:65: note:   initializing argument 3 of ‘void tolua_function(lua_State*, const char*, void*)’
   48 | void tolua_function(lua_State* tolua_S, const char* name, void* func);
      |                                                           ~~~~~~^~~~
src/gslua.cpp:26412:40: warning: invalid conversion from ‘int (*)(lua_State*)’ to ‘void*’ [-fpermissive]
26412 |  tolua_function(tolua_S,"get_hitby_sy",tolua_gslua_Object_get_hitby_sy00);
      |                                        ^~~~~~~~~~~~~~~~~~~~~~~~~~~~~~~~~
      |                                        |
      |                                        int (*)(lua_State*)
src/tolua.h:48:65: note:   initializing argument 3 of ‘void tolua_function(lua_State*, const char*, void*)’
   48 | void tolua_function(lua_State* tolua_S, const char* name, void* func);
      |                                                           ~~~~~~^~~~
src/gslua.cpp:26413:36: warning: invalid conversion from ‘int (*)(lua_State*)’ to ‘void*’ [-fpermissive]
26413 |  tolua_function(tolua_S,"get_user",tolua_gslua_Object_get_user00);
      |                                    ^~~~~~~~~~~~~~~~~~~~~~~~~~~~~
      |                                    |
      |                                    int (*)(lua_State*)
src/tolua.h:48:65: note:   initializing argument 3 of ‘void tolua_function(lua_State*, const char*, void*)’
   48 | void tolua_function(lua_State* tolua_S, const char* name, void* func);
      |                                                           ~~~~~~^~~~
src/gslua.cpp:26414:36: warning: invalid conversion from ‘int (*)(lua_State*)’ to ‘void*’ [-fpermissive]
26414 |  tolua_function(tolua_S,"set_user",tolua_gslua_Object_set_user00);
      |                                    ^~~~~~~~~~~~~~~~~~~~~~~~~~~~~
      |                                    |
      |                                    int (*)(lua_State*)
src/tolua.h:48:65: note:   initializing argument 3 of ‘void tolua_function(lua_State*, const char*, void*)’
   48 | void tolua_function(lua_State* tolua_S, const char* name, void* func);
      |                                                           ~~~~~~^~~~
src/gslua.cpp:26415:38: warning: invalid conversion from ‘int (*)(lua_State*)’ to ‘void*’ [-fpermissive]
26415 |  tolua_function(tolua_S,"get_active",tolua_gslua_Object_get_active00);
      |                                      ^~~~~~~~~~~~~~~~~~~~~~~~~~~~~~~
      |                                      |
      |                                      int (*)(lua_State*)
src/tolua.h:48:65: note:   initializing argument 3 of ‘void tolua_function(lua_State*, const char*, void*)’
   48 | void tolua_function(lua_State* tolua_S, const char* name, void* func);
      |                                                           ~~~~~~^~~~
src/gslua.cpp:26416:38: warning: invalid conversion from ‘int (*)(lua_State*)’ to ‘void*’ [-fpermissive]
26416 |  tolua_function(tolua_S,"set_active",tolua_gslua_Object_set_active00);
      |                                      ^~~~~~~~~~~~~~~~~~~~~~~~~~~~~~~
      |                                      |
      |                                      int (*)(lua_State*)
src/tolua.h:48:65: note:   initializing argument 3 of ‘void tolua_function(lua_State*, const char*, void*)’
   48 | void tolua_function(lua_State* tolua_S, const char* name, void* func);
      |                                                           ~~~~~~^~~~
src/gslua.cpp:26417:45: warning: invalid conversion from ‘int (*)(lua_State*)’ to ‘void*’ [-fpermissive]
26417 |  tolua_function(tolua_S,"get_teleport_time",tolua_gslua_Object_get_teleport_time00);
      |                                             ^~~~~~~~~~~~~~~~~~~~~~~~~~~~~~~~~~~~~~
      |                                             |
      |                                             int (*)(lua_State*)
src/tolua.h:48:65: note:   initializing argument 3 of ‘void tolua_function(lua_State*, const char*, void*)’
   48 | void tolua_function(lua_State* tolua_S, const char* name, void* func);
      |                                                           ~~~~~~^~~~
src/gslua.cpp:26418:41: warning: invalid conversion from ‘int (*)(lua_State*)’ to ‘void*’ [-fpermissive]
26418 |  tolua_function(tolua_S,"get_invisible",tolua_gslua_Object_get_invisible00);
      |                                         ^~~~~~~~~~~~~~~~~~~~~~~~~~~~~~~~~~
      |                                         |
      |                                         int (*)(lua_State*)
src/tolua.h:48:65: note:   initializing argument 3 of ‘void tolua_function(lua_State*, const char*, void*)’
   48 | void tolua_function(lua_State* tolua_S, const char* name, void* func);
      |                                                           ~~~~~~^~~~
src/gslua.cpp:26419:41: warning: invalid conversion from ‘int (*)(lua_State*)’ to ‘void*’ [-fpermissive]
26419 |  tolua_function(tolua_S,"set_invisible",tolua_gslua_Object_set_invisible00);
      |                                         ^~~~~~~~~~~~~~~~~~~~~~~~~~~~~~~~~~
      |                                         |
      |                                         int (*)(lua_State*)
src/tolua.h:48:65: note:   initializing argument 3 of ‘void tolua_function(lua_State*, const char*, void*)’
   48 | void tolua_function(lua_State* tolua_S, const char* name, void* func);
      |                                                           ~~~~~~^~~~
src/gslua.cpp:26420:45: warning: invalid conversion from ‘int (*)(lua_State*)’ to ‘void*’ [-fpermissive]
26420 |  tolua_function(tolua_S,"set_dont_continue",tolua_gslua_Object_set_dont_continue00);
      |                                             ^~~~~~~~~~~~~~~~~~~~~~~~~~~~~~~~~~~~~~
      |                                             |
      |                                             int (*)(lua_State*)
src/tolua.h:48:65: note:   initializing argument 3 of ‘void tolua_function(lua_State*, const char*, void*)’
   48 | void tolua_function(lua_State* tolua_S, const char* name, void* func);
      |                                                           ~~~~~~^~~~
src/gslua.cpp:26421:40: warning: invalid conversion from ‘int (*)(lua_State*)’ to ‘void*’ [-fpermissive]
26421 |  tolua_function(tolua_S,"get_do_hooks",tolua_gslua_Object_get_do_hooks00);
      |                                        ^~~~~~~~~~~~~~~~~~~~~~~~~~~~~~~~~
      |                                        |
      |                                        int (*)(lua_State*)
src/tolua.h:48:65: note:   initializing argument 3 of ‘void tolua_function(lua_State*, const char*, void*)’
   48 | void tolua_function(lua_State* tolua_S, const char* name, void* func);
      |                                                           ~~~~~~^~~~
src/gslua.cpp:26422:40: warning: invalid conversion from ‘int (*)(lua_State*)’ to ‘void*’ [-fpermissive]
26422 |  tolua_function(tolua_S,"set_do_hooks",tolua_gslua_Object_set_do_hooks00);
      |                                        ^~~~~~~~~~~~~~~~~~~~~~~~~~~~~~~~~
      |                                        |
      |                                        int (*)(lua_State*)
src/tolua.h:48:65: note:   initializing argument 3 of ‘void tolua_function(lua_State*, const char*, void*)’
   48 | void tolua_function(lua_State* tolua_S, const char* name, void* func);
      |                                                           ~~~~~~^~~~
src/gslua.cpp:26423:43: warning: invalid conversion from ‘int (*)(lua_State*)’ to ‘void*’ [-fpermissive]
26423 |  tolua_function(tolua_S,"set_dont_update",tolua_gslua_Object_set_dont_update00);
      |                                           ^~~~~~~~~~~~~~~~~~~~~~~~~~~~~~~~~~~~
      |                                           |
      |                                           int (*)(lua_State*)
src/tolua.h:48:65: note:   initializing argument 3 of ‘void tolua_function(lua_State*, const char*, void*)’
   48 | void tolua_function(lua_State* tolua_S, const char* name, void* func);
      |                                                           ~~~~~~^~~~
src/gslua.cpp:26424:43: warning: invalid conversion from ‘int (*)(lua_State*)’ to ‘void*’ [-fpermissive]
26424 |  tolua_function(tolua_S,"get_dont_update",tolua_gslua_Object_get_dont_update00);
      |                                           ^~~~~~~~~~~~~~~~~~~~~~~~~~~~~~~~~~~~
      |                                           |
      |                                           int (*)(lua_State*)
src/tolua.h:48:65: note:   initializing argument 3 of ‘void tolua_function(lua_State*, const char*, void*)’
   48 | void tolua_function(lua_State* tolua_S, const char* name, void* func);
      |                                                           ~~~~~~^~~~
src/gslua.cpp:26425:34: warning: invalid conversion from ‘int (*)(lua_State*)’ to ‘void*’ [-fpermissive]
26425 |  tolua_function(tolua_S,"remove",tolua_gslua_Object_remove00);
      |                                  ^~~~~~~~~~~~~~~~~~~~~~~~~~~
      |                                  |
      |                                  int (*)(lua_State*)
src/tolua.h:48:65: note:   initializing argument 3 of ‘void tolua_function(lua_State*, const char*, void*)’
   48 | void tolua_function(lua_State* tolua_S, const char* name, void* func);
      |                                                           ~~~~~~^~~~
src/gslua.cpp:26426:38: warning: invalid conversion from ‘int (*)(lua_State*)’ to ‘void*’ [-fpermissive]
26426 |  tolua_function(tolua_S,"get_remove",tolua_gslua_Object_get_remove00);
      |                                      ^~~~~~~~~~~~~~~~~~~~~~~~~~~~~~~
      |                                      |
      |                                      int (*)(lua_State*)
src/tolua.h:48:65: note:   initializing argument 3 of ‘void tolua_function(lua_State*, const char*, void*)’
   48 | void tolua_function(lua_State* tolua_S, const char* name, void* func);
      |                                                           ~~~~~~^~~~
src/gslua.cpp:26427:47: warning: invalid conversion from ‘int (*)(lua_State*)’ to ‘void*’ [-fpermissive]
26427 |  tolua_function(tolua_S,"get_restrict_to_map",tolua_gslua_Object_get_restrict_to_map00);
      |                                               ^~~~~~~~~~~~~~~~~~~~~~~~~~~~~~~~~~~~~~~~
      |                                               |
      |                                               int (*)(lua_State*)
src/tolua.h:48:65: note:   initializing argument 3 of ‘void tolua_function(lua_State*, const char*, void*)’
   48 | void tolua_function(lua_State* tolua_S, const char* name, void* func);
      |                                                           ~~~~~~^~~~
src/gslua.cpp:26428:47: warning: invalid conversion from ‘int (*)(lua_State*)’ to ‘void*’ [-fpermissive]
26428 |  tolua_function(tolua_S,"set_restrict_to_map",tolua_gslua_Object_set_restrict_to_map00);
      |                                               ^~~~~~~~~~~~~~~~~~~~~~~~~~~~~~~~~~~~~~~~
      |                                               |
      |                                               int (*)(lua_State*)
src/tolua.h:48:65: note:   initializing argument 3 of ‘void tolua_function(lua_State*, const char*, void*)’
   48 | void tolua_function(lua_State* tolua_S, const char* name, void* func);
      |                                                           ~~~~~~^~~~
src/gslua.cpp:26429:40: warning: invalid conversion from ‘int (*)(lua_State*)’ to ‘void*’ [-fpermissive]
26429 |  tolua_function(tolua_S,"set_user_int",tolua_gslua_Object_set_user_int00);
      |                                        ^~~~~~~~~~~~~~~~~~~~~~~~~~~~~~~~~
      |                                        |
      |                                        int (*)(lua_State*)
src/tolua.h:48:65: note:   initializing argument 3 of ‘void tolua_function(lua_State*, const char*, void*)’
   48 | void tolua_function(lua_State* tolua_S, const char* name, void* func);
      |                                                           ~~~~~~^~~~
src/gslua.cpp:26430:42: warning: invalid conversion from ‘int (*)(lua_State*)’ to ‘void*’ [-fpermissive]
26430 |  tolua_function(tolua_S,"set_user_float",tolua_gslua_Object_set_user_float00);
      |                                          ^~~~~~~~~~~~~~~~~~~~~~~~~~~~~~~~~~~
      |                                          |
      |                                          int (*)(lua_State*)
src/tolua.h:48:65: note:   initializing argument 3 of ‘void tolua_function(lua_State*, const char*, void*)’
   48 | void tolua_function(lua_State* tolua_S, const char* name, void* func);
      |                                                           ~~~~~~^~~~
src/gslua.cpp:26431:40: warning: invalid conversion from ‘int (*)(lua_State*)’ to ‘void*’ [-fpermissive]
26431 |  tolua_function(tolua_S,"get_user_int",tolua_gslua_Object_get_user_int00);
      |                                        ^~~~~~~~~~~~~~~~~~~~~~~~~~~~~~~~~
      |                                        |
      |                                        int (*)(lua_State*)
src/tolua.h:48:65: note:   initializing argument 3 of ‘void tolua_function(lua_State*, const char*, void*)’
   48 | void tolua_function(lua_State* tolua_S, const char* name, void* func);
      |                                                           ~~~~~~^~~~
src/gslua.cpp:26432:42: warning: invalid conversion from ‘int (*)(lua_State*)’ to ‘void*’ [-fpermissive]
26432 |  tolua_function(tolua_S,"get_user_float",tolua_gslua_Object_get_user_float00);
      |                                          ^~~~~~~~~~~~~~~~~~~~~~~~~~~~~~~~~~~
      |                                          |
      |                                          int (*)(lua_State*)
src/tolua.h:48:65: note:   initializing argument 3 of ‘void tolua_function(lua_State*, const char*, void*)’
   48 | void tolua_function(lua_State* tolua_S, const char* name, void* func);
      |                                                           ~~~~~~^~~~
src/gslua.cpp:26433:32: warning: invalid conversion from ‘int (*)(lua_State*)’ to ‘void*’ [-fpermissive]
26433 |  tolua_function(tolua_S,"draw",tolua_gslua_Object_script_redraw00);
      |                                ^~~~~~~~~~~~~~~~~~~~~~~~~~~~~~~~~~
      |                                |
      |                                int (*)(lua_State*)
src/tolua.h:48:65: note:   initializing argument 3 of ‘void tolua_function(lua_State*, const char*, void*)’
   48 | void tolua_function(lua_State* tolua_S, const char* name, void* func);
      |                                                           ~~~~~~^~~~
src/gslua.cpp:26437:44: warning: invalid conversion from ‘int (*)(lua_State*)’ to ‘void*’ [-fpermissive]
26437 |  tolua_function(tolua_S,"get_first_object",tolua_gslua_gsObject_get_first_object00);
      |                                            ^~~~~~~~~~~~~~~~~~~~~~~~~~~~~~~~~~~~~~~
      |                                            |
      |                                            int (*)(lua_State*)
src/tolua.h:48:65: note:   initializing argument 3 of ‘void tolua_function(lua_State*, const char*, void*)’
   48 | void tolua_function(lua_State* tolua_S, const char* name, void* func);
      |                                                           ~~~~~~^~~~
src/gslua.cpp:26438:43: warning: invalid conversion from ‘int (*)(lua_State*)’ to ‘void*’ [-fpermissive]
26438 |  tolua_function(tolua_S,"get_last_object",tolua_gslua_gsObject_get_last_object00);
      |                                           ^~~~~~~~~~~~~~~~~~~~~~~~~~~~~~~~~~~~~~
      |                                           |
      |                                           int (*)(lua_State*)
src/tolua.h:48:65: note:   initializing argument 3 of ‘void tolua_function(lua_State*, const char*, void*)’
   48 | void tolua_function(lua_State* tolua_S, const char* name, void* func);
      |                                                           ~~~~~~^~~~
src/gslua.cpp:26439:46: warning: invalid conversion from ‘int (*)(lua_State*)’ to ‘void*’ [-fpermissive]
26439 |  tolua_function(tolua_S,"get_first_spobject",tolua_gslua_gsObject_get_first_spobject00);
      |                                              ^~~~~~~~~~~~~~~~~~~~~~~~~~~~~~~~~~~~~~~~~
      |                                              |
      |                                              int (*)(lua_State*)
src/tolua.h:48:65: note:   initializing argument 3 of ‘void tolua_function(lua_State*, const char*, void*)’
   48 | void tolua_function(lua_State* tolua_S, const char* name, void* func);
      |                                                           ~~~~~~^~~~
src/gslua.cpp:26440:45: warning: invalid conversion from ‘int (*)(lua_State*)’ to ‘void*’ [-fpermissive]
26440 |  tolua_function(tolua_S,"get_last_spobject",tolua_gslua_gsObject_get_last_spobject00);
      |                                             ^~~~~~~~~~~~~~~~~~~~~~~~~~~~~~~~~~~~~~~~
      |                                             |
      |                                             int (*)(lua_State*)
src/tolua.h:48:65: note:   initializing argument 3 of ‘void tolua_function(lua_State*, const char*, void*)’
   48 | void tolua_function(lua_State* tolua_S, const char* name, void* func);
      |                                                           ~~~~~~^~~~
src/gslua.cpp:26441:37: warning: invalid conversion from ‘int (*)(lua_State*)’ to ‘void*’ [-fpermissive]
26441 |  tolua_function(tolua_S,"get_count",tolua_gslua_gsObject_get_count00);
      |                                     ^~~~~~~~~~~~~~~~~~~~~~~~~~~~~~~~
      |                                     |
      |                                     int (*)(lua_State*)
src/tolua.h:48:65: note:   initializing argument 3 of ‘void tolua_function(lua_State*, const char*, void*)’
   48 | void tolua_function(lua_State* tolua_S, const char* name, void* func);
      |                                                           ~~~~~~^~~~
src/gslua.cpp:26442:31: warning: invalid conversion from ‘int (*)(lua_State*)’ to ‘void*’ [-fpermissive]
26442 |  tolua_function(tolua_S,"add",tolua_gslua_gsObject_add00);
      |                               ^~~~~~~~~~~~~~~~~~~~~~~~~~
      |                               |
      |                               int (*)(lua_State*)
src/tolua.h:48:65: note:   initializing argument 3 of ‘void tolua_function(lua_State*, const char*, void*)’
   48 | void tolua_function(lua_State* tolua_S, const char* name, void* func);
      |                                                           ~~~~~~^~~~
src/gslua.cpp:26443:39: warning: invalid conversion from ‘int (*)(lua_State*)’ to ‘void*’ [-fpermissive]
26443 |  tolua_function(tolua_S,"add_special",tolua_gslua_gsObject_add_special00);
      |                                       ^~~~~~~~~~~~~~~~~~~~~~~~~~~~~~~~~~
      |                                       |
      |                                       int (*)(lua_State*)
src/tolua.h:48:65: note:   initializing argument 3 of ‘void tolua_function(lua_State*, const char*, void*)’
   48 | void tolua_function(lua_State* tolua_S, const char* name, void* func);
      |                                                           ~~~~~~^~~~
src/gslua.cpp:26444:34: warning: invalid conversion from ‘int (*)(lua_State*)’ to ‘void*’ [-fpermissive]
26444 |  tolua_function(tolua_S,"remove",tolua_gslua_gsObject_remove_for_script00);
      |                                  ^~~~~~~~~~~~~~~~~~~~~~~~~~~~~~~~~~~~~~~~
      |                                  |
      |                                  int (*)(lua_State*)
src/tolua.h:48:65: note:   initializing argument 3 of ‘void tolua_function(lua_State*, const char*, void*)’
   48 | void tolua_function(lua_State* tolua_S, const char* name, void* func);
      |                                                           ~~~~~~^~~~
src/gslua.cpp:26445:42: warning: invalid conversion from ‘int (*)(lua_State*)’ to ‘void*’ [-fpermissive]
26445 |  tolua_function(tolua_S,"remove_special",tolua_gslua_gsObject_remove_for_script00);
      |                                          ^~~~~~~~~~~~~~~~~~~~~~~~~~~~~~~~~~~~~~~~
      |                                          |
      |                                          int (*)(lua_State*)
src/tolua.h:48:65: note:   initializing argument 3 of ‘void tolua_function(lua_State*, const char*, void*)’
   48 | void tolua_function(lua_State* tolua_S, const char* name, void* func);
      |                                                           ~~~~~~^~~~
src/gslua.cpp:26446:38: warning: invalid conversion from ‘int (*)(lua_State*)’ to ‘void*’ [-fpermissive]
26446 |  tolua_function(tolua_S,"get_object",tolua_gslua_gsObject_get_object00);
      |                                      ^~~~~~~~~~~~~~~~~~~~~~~~~~~~~~~~~
      |                                      |
      |                                      int (*)(lua_State*)
src/tolua.h:48:65: note:   initializing argument 3 of ‘void tolua_function(lua_State*, const char*, void*)’
   48 | void tolua_function(lua_State* tolua_S, const char* name, void* func);
      |                                                           ~~~~~~^~~~
src/gslua.cpp:26447:40: warning: invalid conversion from ‘int (*)(lua_State*)’ to ‘void*’ [-fpermissive]
26447 |  tolua_function(tolua_S,"get_spobject",tolua_gslua_gsObject_get_spobject00);
      |                                        ^~~~~~~~~~~~~~~~~~~~~~~~~~~~~~~~~~~
      |                                        |
      |                                        int (*)(lua_State*)
src/tolua.h:48:65: note:   initializing argument 3 of ‘void tolua_function(lua_State*, const char*, void*)’
   48 | void tolua_function(lua_State* tolua_S, const char* name, void* func);
      |                                                           ~~~~~~^~~~
src/gslua.cpp:26469:33: warning: invalid conversion from ‘int (*)(lua_State*)’ to ‘void*’ [-fpermissive]
26469 |  tolua_function(tolua_S,"get_x",tolua_gslua_Bullet_get_x00);
      |                                 ^~~~~~~~~~~~~~~~~~~~~~~~~~
      |                                 |
      |                                 int (*)(lua_State*)
src/tolua.h:48:65: note:   initializing argument 3 of ‘void tolua_function(lua_State*, const char*, void*)’
   48 | void tolua_function(lua_State* tolua_S, const char* name, void* func);
      |                                                           ~~~~~~^~~~
src/gslua.cpp:26470:33: warning: invalid conversion from ‘int (*)(lua_State*)’ to ‘void*’ [-fpermissive]
26470 |  tolua_function(tolua_S,"get_y",tolua_gslua_Bullet_get_y00);
      |                                 ^~~~~~~~~~~~~~~~~~~~~~~~~~
      |                                 |
      |                                 int (*)(lua_State*)
src/tolua.h:48:65: note:   initializing argument 3 of ‘void tolua_function(lua_State*, const char*, void*)’
   48 | void tolua_function(lua_State* tolua_S, const char* name, void* func);
      |                                                           ~~~~~~^~~~
src/gslua.cpp:26471:36: warning: invalid conversion from ‘int (*)(lua_State*)’ to ‘void*’ [-fpermissive]
26471 |  tolua_function(tolua_S,"get_xspd",tolua_gslua_Bullet_get_xspd00);
      |                                    ^~~~~~~~~~~~~~~~~~~~~~~~~~~~~
      |                                    |
      |                                    int (*)(lua_State*)
src/tolua.h:48:65: note:   initializing argument 3 of ‘void tolua_function(lua_State*, const char*, void*)’
   48 | void tolua_function(lua_State* tolua_S, const char* name, void* func);
      |                                                           ~~~~~~^~~~
src/gslua.cpp:26472:36: warning: invalid conversion from ‘int (*)(lua_State*)’ to ‘void*’ [-fpermissive]
26472 |  tolua_function(tolua_S,"get_yspd",tolua_gslua_Bullet_get_yspd00);
      |                                    ^~~~~~~~~~~~~~~~~~~~~~~~~~~~~
      |                                    |
      |                                    int (*)(lua_State*)
src/tolua.h:48:65: note:   initializing argument 3 of ‘void tolua_function(lua_State*, const char*, void*)’
   48 | void tolua_function(lua_State* tolua_S, const char* name, void* func);
      |                                                           ~~~~~~^~~~
src/gslua.cpp:26473:36: warning: invalid conversion from ‘int (*)(lua_State*)’ to ‘void*’ [-fpermissive]
26473 |  tolua_function(tolua_S,"get_prev",tolua_gslua_Bullet_get_prev00);
      |                                    ^~~~~~~~~~~~~~~~~~~~~~~~~~~~~
      |                                    |
      |                                    int (*)(lua_State*)
src/tolua.h:48:65: note:   initializing argument 3 of ‘void tolua_function(lua_State*, const char*, void*)’
   48 | void tolua_function(lua_State* tolua_S, const char* name, void* func);
      |                                                           ~~~~~~^~~~
src/gslua.cpp:26474:36: warning: invalid conversion from ‘int (*)(lua_State*)’ to ‘void*’ [-fpermissive]
26474 |  tolua_function(tolua_S,"get_next",tolua_gslua_Bullet_get_next00);
      |                                    ^~~~~~~~~~~~~~~~~~~~~~~~~~~~~
      |                                    |
      |                                    int (*)(lua_State*)
src/tolua.h:48:65: note:   initializing argument 3 of ‘void tolua_function(lua_State*, const char*, void*)’
   48 | void tolua_function(lua_State* tolua_S, const char* name, void* func);
      |                                                           ~~~~~~^~~~
src/gslua.cpp:26475:33: warning: invalid conversion from ‘int (*)(lua_State*)’ to ‘void*’ [-fpermissive]
26475 |  tolua_function(tolua_S,"set_x",tolua_gslua_Bullet_set_x00);
      |                                 ^~~~~~~~~~~~~~~~~~~~~~~~~~
      |                                 |
      |                                 int (*)(lua_State*)
src/tolua.h:48:65: note:   initializing argument 3 of ‘void tolua_function(lua_State*, const char*, void*)’
   48 | void tolua_function(lua_State* tolua_S, const char* name, void* func);
      |                                                           ~~~~~~^~~~
src/gslua.cpp:26476:33: warning: invalid conversion from ‘int (*)(lua_State*)’ to ‘void*’ [-fpermissive]
26476 |  tolua_function(tolua_S,"set_y",tolua_gslua_Bullet_set_y00);
      |                                 ^~~~~~~~~~~~~~~~~~~~~~~~~~
      |                                 |
      |                                 int (*)(lua_State*)
src/tolua.h:48:65: note:   initializing argument 3 of ‘void tolua_function(lua_State*, const char*, void*)’
   48 | void tolua_function(lua_State* tolua_S, const char* name, void* func);
      |                                                           ~~~~~~^~~~
src/gslua.cpp:26477:36: warning: invalid conversion from ‘int (*)(lua_State*)’ to ‘void*’ [-fpermissive]
26477 |  tolua_function(tolua_S,"set_xspd",tolua_gslua_Bullet_set_xspd00);
      |                                    ^~~~~~~~~~~~~~~~~~~~~~~~~~~~~
      |                                    |
      |                                    int (*)(lua_State*)
src/tolua.h:48:65: note:   initializing argument 3 of ‘void tolua_function(lua_State*, const char*, void*)’
   48 | void tolua_function(lua_State* tolua_S, const char* name, void* func);
      |                                                           ~~~~~~^~~~
src/gslua.cpp:26478:36: warning: invalid conversion from ‘int (*)(lua_State*)’ to ‘void*’ [-fpermissive]
26478 |  tolua_function(tolua_S,"set_yspd",tolua_gslua_Bullet_set_yspd00);
      |                                    ^~~~~~~~~~~~~~~~~~~~~~~~~~~~~
      |                                    |
      |                                    int (*)(lua_State*)
src/tolua.h:48:65: note:   initializing argument 3 of ‘void tolua_function(lua_State*, const char*, void*)’
   48 | void tolua_function(lua_State* tolua_S, const char* name, void* func);
      |                                                           ~~~~~~^~~~
src/gslua.cpp:26479:37: warning: invalid conversion from ‘int (*)(lua_State*)’ to ‘void*’ [-fpermissive]
26479 |  tolua_function(tolua_S,"get_width",tolua_gslua_Bullet_get_width00);
      |                                     ^~~~~~~~~~~~~~~~~~~~~~~~~~~~~~
      |                                     |
      |                                     int (*)(lua_State*)
src/tolua.h:48:65: note:   initializing argument 3 of ‘void tolua_function(lua_State*, const char*, void*)’
   48 | void tolua_function(lua_State* tolua_S, const char* name, void* func);
      |                                                           ~~~~~~^~~~
src/gslua.cpp:26480:38: warning: invalid conversion from ‘int (*)(lua_State*)’ to ‘void*’ [-fpermissive]
26480 |  tolua_function(tolua_S,"get_height",tolua_gslua_Bullet_get_height00);
      |                                      ^~~~~~~~~~~~~~~~~~~~~~~~~~~~~~~
      |                                      |
      |                                      int (*)(lua_State*)
src/tolua.h:48:65: note:   initializing argument 3 of ‘void tolua_function(lua_State*, const char*, void*)’
   48 | void tolua_function(lua_State* tolua_S, const char* name, void* func);
      |                                                           ~~~~~~^~~~
src/gslua.cpp:26481:37: warning: invalid conversion from ‘int (*)(lua_State*)’ to ‘void*’ [-fpermissive]
26481 |  tolua_function(tolua_S,"set_width",tolua_gslua_Bullet_set_width00);
      |                                     ^~~~~~~~~~~~~~~~~~~~~~~~~~~~~~
      |                                     |
      |                                     int (*)(lua_State*)
src/tolua.h:48:65: note:   initializing argument 3 of ‘void tolua_function(lua_State*, const char*, void*)’
   48 | void tolua_function(lua_State* tolua_S, const char* name, void* func);
      |                                                           ~~~~~~^~~~
src/gslua.cpp:26482:38: warning: invalid conversion from ‘int (*)(lua_State*)’ to ‘void*’ [-fpermissive]
26482 |  tolua_function(tolua_S,"set_height",tolua_gslua_Bullet_set_height00);
      |                                      ^~~~~~~~~~~~~~~~~~~~~~~~~~~~~~~
      |                                      |
      |                                      int (*)(lua_State*)
src/tolua.h:48:65: note:   initializing argument 3 of ‘void tolua_function(lua_State*, const char*, void*)’
   48 | void tolua_function(lua_State* tolua_S, const char* name, void* func);
      |                                                           ~~~~~~^~~~
src/gslua.cpp:26483:37: warning: invalid conversion from ‘int (*)(lua_State*)’ to ‘void*’ [-fpermissive]
26483 |  tolua_function(tolua_S,"get_min_x",tolua_gslua_Bullet_get_min_x00);
      |                                     ^~~~~~~~~~~~~~~~~~~~~~~~~~~~~~
      |                                     |
      |                                     int (*)(lua_State*)
src/tolua.h:48:65: note:   initializing argument 3 of ‘void tolua_function(lua_State*, const char*, void*)’
   48 | void tolua_function(lua_State* tolua_S, const char* name, void* func);
      |                                                           ~~~~~~^~~~
src/gslua.cpp:26484:37: warning: invalid conversion from ‘int (*)(lua_State*)’ to ‘void*’ [-fpermissive]
26484 |  tolua_function(tolua_S,"get_min_y",tolua_gslua_Bullet_get_min_y00);
      |                                     ^~~~~~~~~~~~~~~~~~~~~~~~~~~~~~
      |                                     |
      |                                     int (*)(lua_State*)
src/tolua.h:48:65: note:   initializing argument 3 of ‘void tolua_function(lua_State*, const char*, void*)’
   48 | void tolua_function(lua_State* tolua_S, const char* name, void* func);
      |                                                           ~~~~~~^~~~
src/gslua.cpp:26485:37: warning: invalid conversion from ‘int (*)(lua_State*)’ to ‘void*’ [-fpermissive]
26485 |  tolua_function(tolua_S,"get_max_x",tolua_gslua_Bullet_get_max_x00);
      |                                     ^~~~~~~~~~~~~~~~~~~~~~~~~~~~~~
      |                                     |
      |                                     int (*)(lua_State*)
src/tolua.h:48:65: note:   initializing argument 3 of ‘void tolua_function(lua_State*, const char*, void*)’
   48 | void tolua_function(lua_State* tolua_S, const char* name, void* func);
      |                                                           ~~~~~~^~~~
src/gslua.cpp:26486:37: warning: invalid conversion from ‘int (*)(lua_State*)’ to ‘void*’ [-fpermissive]
26486 |  tolua_function(tolua_S,"get_max_y",tolua_gslua_Bullet_get_max_y00);
      |                                     ^~~~~~~~~~~~~~~~~~~~~~~~~~~~~~
      |                                     |
      |                                     int (*)(lua_State*)
src/tolua.h:48:65: note:   initializing argument 3 of ‘void tolua_function(lua_State*, const char*, void*)’
   48 | void tolua_function(lua_State* tolua_S, const char* name, void* func);
      |                                                           ~~~~~~^~~~
src/gslua.cpp:26487:37: warning: invalid conversion from ‘int (*)(lua_State*)’ to ‘void*’ [-fpermissive]
26487 |  tolua_function(tolua_S,"set_min_x",tolua_gslua_Bullet_set_min_x00);
      |                                     ^~~~~~~~~~~~~~~~~~~~~~~~~~~~~~
      |                                     |
      |                                     int (*)(lua_State*)
src/tolua.h:48:65: note:   initializing argument 3 of ‘void tolua_function(lua_State*, const char*, void*)’
   48 | void tolua_function(lua_State* tolua_S, const char* name, void* func);
      |                                                           ~~~~~~^~~~
src/gslua.cpp:26488:37: warning: invalid conversion from ‘int (*)(lua_State*)’ to ‘void*’ [-fpermissive]
26488 |  tolua_function(tolua_S,"set_min_y",tolua_gslua_Bullet_set_min_y00);
      |                                     ^~~~~~~~~~~~~~~~~~~~~~~~~~~~~~
      |                                     |
      |                                     int (*)(lua_State*)
src/tolua.h:48:65: note:   initializing argument 3 of ‘void tolua_function(lua_State*, const char*, void*)’
   48 | void tolua_function(lua_State* tolua_S, const char* name, void* func);
      |                                                           ~~~~~~^~~~
src/gslua.cpp:26489:37: warning: invalid conversion from ‘int (*)(lua_State*)’ to ‘void*’ [-fpermissive]
26489 |  tolua_function(tolua_S,"set_max_x",tolua_gslua_Bullet_set_max_x00);
      |                                     ^~~~~~~~~~~~~~~~~~~~~~~~~~~~~~
      |                                     |
      |                                     int (*)(lua_State*)
src/tolua.h:48:65: note:   initializing argument 3 of ‘void tolua_function(lua_State*, const char*, void*)’
   48 | void tolua_function(lua_State* tolua_S, const char* name, void* func);
      |                                                           ~~~~~~^~~~
src/gslua.cpp:26490:37: warning: invalid conversion from ‘int (*)(lua_State*)’ to ‘void*’ [-fpermissive]
26490 |  tolua_function(tolua_S,"set_max_y",tolua_gslua_Bullet_set_max_y00);
      |                                     ^~~~~~~~~~~~~~~~~~~~~~~~~~~~~~
      |                                     |
      |                                     int (*)(lua_State*)
src/tolua.h:48:65: note:   initializing argument 3 of ‘void tolua_function(lua_State*, const char*, void*)’
   48 | void tolua_function(lua_State* tolua_S, const char* name, void* func);
      |                                                           ~~~~~~^~~~
src/gslua.cpp:26491:41: warning: invalid conversion from ‘int (*)(lua_State*)’ to ‘void*’ [-fpermissive]
26491 |  tolua_function(tolua_S,"get_by_player",tolua_gslua_Bullet_get_by_player00);
      |                                         ^~~~~~~~~~~~~~~~~~~~~~~~~~~~~~~~~~
      |                                         |
      |                                         int (*)(lua_State*)
src/tolua.h:48:65: note:   initializing argument 3 of ‘void tolua_function(lua_State*, const char*, void*)’
   48 | void tolua_function(lua_State* tolua_S, const char* name, void* func);
      |                                                           ~~~~~~^~~~
src/gslua.cpp:26492:41: warning: invalid conversion from ‘int (*)(lua_State*)’ to ‘void*’ [-fpermissive]
26492 |  tolua_function(tolua_S,"set_by_player",tolua_gslua_Bullet_set_by_player00);
      |                                         ^~~~~~~~~~~~~~~~~~~~~~~~~~~~~~~~~~
      |                                         |
      |                                         int (*)(lua_State*)
src/tolua.h:48:65: note:   initializing argument 3 of ‘void tolua_function(lua_State*, const char*, void*)’
   48 | void tolua_function(lua_State* tolua_S, const char* name, void* func);
      |                                                           ~~~~~~^~~~
src/gslua.cpp:26493:40: warning: invalid conversion from ‘int (*)(lua_State*)’ to ‘void*’ [-fpermissive]
26493 |  tolua_function(tolua_S,"get_by_enemy",tolua_gslua_Bullet_get_by_enemy00);
      |                                        ^~~~~~~~~~~~~~~~~~~~~~~~~~~~~~~~~
      |                                        |
      |                                        int (*)(lua_State*)
src/tolua.h:48:65: note:   initializing argument 3 of ‘void tolua_function(lua_State*, const char*, void*)’
   48 | void tolua_function(lua_State* tolua_S, const char* name, void* func);
      |                                                           ~~~~~~^~~~
src/gslua.cpp:26494:40: warning: invalid conversion from ‘int (*)(lua_State*)’ to ‘void*’ [-fpermissive]
26494 |  tolua_function(tolua_S,"set_by_enemy",tolua_gslua_Bullet_set_by_enemy00);
      |                                        ^~~~~~~~~~~~~~~~~~~~~~~~~~~~~~~~~
      |                                        |
      |                                        int (*)(lua_State*)
src/tolua.h:48:65: note:   initializing argument 3 of ‘void tolua_function(lua_State*, const char*, void*)’
   48 | void tolua_function(lua_State* tolua_S, const char* name, void* func);
      |                                                           ~~~~~~^~~~
src/gslua.cpp:26495:40: warning: invalid conversion from ‘int (*)(lua_State*)’ to ‘void*’ [-fpermissive]
26495 |  tolua_function(tolua_S,"get_strength",tolua_gslua_Bullet_get_strength00);
      |                                        ^~~~~~~~~~~~~~~~~~~~~~~~~~~~~~~~~
      |                                        |
      |                                        int (*)(lua_State*)
src/tolua.h:48:65: note:   initializing argument 3 of ‘void tolua_function(lua_State*, const char*, void*)’
   48 | void tolua_function(lua_State* tolua_S, const char* name, void* func);
      |                                                           ~~~~~~^~~~
src/gslua.cpp:26496:40: warning: invalid conversion from ‘int (*)(lua_State*)’ to ‘void*’ [-fpermissive]
26496 |  tolua_function(tolua_S,"set_strength",tolua_gslua_Bullet_set_strength00);
      |                                        ^~~~~~~~~~~~~~~~~~~~~~~~~~~~~~~~~
      |                                        |
      |                                        int (*)(lua_State*)
src/tolua.h:48:65: note:   initializing argument 3 of ‘void tolua_function(lua_State*, const char*, void*)’
   48 | void tolua_function(lua_State* tolua_S, const char* name, void* func);
      |                                                           ~~~~~~^~~~
src/gslua.cpp:26497:41: warning: invalid conversion from ‘int (*)(lua_State*)’ to ‘void*’ [-fpermissive]
26497 |  tolua_function(tolua_S,"get_hull_hitp",tolua_gslua_Bullet_get_hull_hitp00);
      |                                         ^~~~~~~~~~~~~~~~~~~~~~~~~~~~~~~~~~
      |                                         |
      |                                         int (*)(lua_State*)
src/tolua.h:48:65: note:   initializing argument 3 of ‘void tolua_function(lua_State*, const char*, void*)’
   48 | void tolua_function(lua_State* tolua_S, const char* name, void* func);
      |                                                           ~~~~~~^~~~
src/gslua.cpp:26498:41: warning: invalid conversion from ‘int (*)(lua_State*)’ to ‘void*’ [-fpermissive]
26498 |  tolua_function(tolua_S,"set_hull_hitp",tolua_gslua_Bullet_set_hull_hitp00);
      |                                         ^~~~~~~~~~~~~~~~~~~~~~~~~~~~~~~~~~
      |                                         |
      |                                         int (*)(lua_State*)
src/tolua.h:48:65: note:   initializing argument 3 of ‘void tolua_function(lua_State*, const char*, void*)’
   48 | void tolua_function(lua_State* tolua_S, const char* name, void* func);
      |                                                           ~~~~~~^~~~
src/gslua.cpp:26499:43: warning: invalid conversion from ‘int (*)(lua_State*)’ to ‘void*’ [-fpermissive]
26499 |  tolua_function(tolua_S,"get_shield_hitp",tolua_gslua_Bullet_get_shield_hitp00);
      |                                           ^~~~~~~~~~~~~~~~~~~~~~~~~~~~~~~~~~~~
      |                                           |
      |                                           int (*)(lua_State*)
src/tolua.h:48:65: note:   initializing argument 3 of ‘void tolua_function(lua_State*, const char*, void*)’
   48 | void tolua_function(lua_State* tolua_S, const char* name, void* func);
      |                                                           ~~~~~~^~~~
src/gslua.cpp:26500:43: warning: invalid conversion from ‘int (*)(lua_State*)’ to ‘void*’ [-fpermissive]
26500 |  tolua_function(tolua_S,"set_shield_hitp",tolua_gslua_Bullet_set_shield_hitp00);
      |                                           ^~~~~~~~~~~~~~~~~~~~~~~~~~~~~~~~~~~~
      |                                           |
      |                                           int (*)(lua_State*)
src/tolua.h:48:65: note:   initializing argument 3 of ‘void tolua_function(lua_State*, const char*, void*)’
   48 | void tolua_function(lua_State* tolua_S, const char* name, void* func);
      |                                                           ~~~~~~^~~~
src/gslua.cpp:26501:36: warning: invalid conversion from ‘int (*)(lua_State*)’ to ‘void*’ [-fpermissive]
26501 |  tolua_function(tolua_S,"get_type",tolua_gslua_Bullet_get_type00);
      |                                    ^~~~~~~~~~~~~~~~~~~~~~~~~~~~~
      |                                    |
      |                                    int (*)(lua_State*)
src/tolua.h:48:65: note:   initializing argument 3 of ‘void tolua_function(lua_State*, const char*, void*)’
   48 | void tolua_function(lua_State* tolua_S, const char* name, void* func);
      |                                                           ~~~~~~^~~~
src/gslua.cpp:26502:35: warning: invalid conversion from ‘int (*)(lua_State*)’ to ‘void*’ [-fpermissive]
26502 |  tolua_function(tolua_S,"get_ttl",tolua_gslua_Bullet_get_ttl00);
      |                                   ^~~~~~~~~~~~~~~~~~~~~~~~~~~~
      |                                   |
      |                                   int (*)(lua_State*)
src/tolua.h:48:65: note:   initializing argument 3 of ‘void tolua_function(lua_State*, const char*, void*)’
   48 | void tolua_function(lua_State* tolua_S, const char* name, void* func);
      |                                                           ~~~~~~^~~~
src/gslua.cpp:26503:35: warning: invalid conversion from ‘int (*)(lua_State*)’ to ‘void*’ [-fpermissive]
26503 |  tolua_function(tolua_S,"set_ttl",tolua_gslua_Bullet_set_ttl00);
      |                                   ^~~~~~~~~~~~~~~~~~~~~~~~~~~~
      |                                   |
      |                                   int (*)(lua_State*)
src/tolua.h:48:65: note:   initializing argument 3 of ‘void tolua_function(lua_State*, const char*, void*)’
   48 | void tolua_function(lua_State* tolua_S, const char* name, void* func);
      |                                                           ~~~~~~^~~~
src/gslua.cpp:26504:36: warning: invalid conversion from ‘int (*)(lua_State*)’ to ‘void*’ [-fpermissive]
26504 |  tolua_function(tolua_S,"get_user",tolua_gslua_Bullet_get_user00);
      |                                    ^~~~~~~~~~~~~~~~~~~~~~~~~~~~~
      |                                    |
      |                                    int (*)(lua_State*)
src/tolua.h:48:65: note:   initializing argument 3 of ‘void tolua_function(lua_State*, const char*, void*)’
   48 | void tolua_function(lua_State* tolua_S, const char* name, void* func);
      |                                                           ~~~~~~^~~~
src/gslua.cpp:26505:36: warning: invalid conversion from ‘int (*)(lua_State*)’ to ‘void*’ [-fpermissive]
26505 |  tolua_function(tolua_S,"set_user",tolua_gslua_Bullet_set_user00);
      |                                    ^~~~~~~~~~~~~~~~~~~~~~~~~~~~~
      |                                    |
      |                                    int (*)(lua_State*)
src/tolua.h:48:65: note:   initializing argument 3 of ‘void tolua_function(lua_State*, const char*, void*)’
   48 | void tolua_function(lua_State* tolua_S, const char* name, void* func);
      |                                                           ~~~~~~^~~~
src/gslua.cpp:26506:41: warning: invalid conversion from ‘int (*)(lua_State*)’ to ‘void*’ [-fpermissive]
26506 |  tolua_function(tolua_S,"get_invisible",tolua_gslua_Bullet_get_invisible00);
      |                                         ^~~~~~~~~~~~~~~~~~~~~~~~~~~~~~~~~~
      |                                         |
      |                                         int (*)(lua_State*)
src/tolua.h:48:65: note:   initializing argument 3 of ‘void tolua_function(lua_State*, const char*, void*)’
   48 | void tolua_function(lua_State* tolua_S, const char* name, void* func);
      |                                                           ~~~~~~^~~~
src/gslua.cpp:26507:41: warning: invalid conversion from ‘int (*)(lua_State*)’ to ‘void*’ [-fpermissive]
26507 |  tolua_function(tolua_S,"set_invisible",tolua_gslua_Bullet_set_invisible00);
      |                                         ^~~~~~~~~~~~~~~~~~~~~~~~~~~~~~~~~~
      |                                         |
      |                                         int (*)(lua_State*)
src/tolua.h:48:65: note:   initializing argument 3 of ‘void tolua_function(lua_State*, const char*, void*)’
   48 | void tolua_function(lua_State* tolua_S, const char* name, void* func);
      |                                                           ~~~~~~^~~~
src/gslua.cpp:26508:39: warning: invalid conversion from ‘int (*)(lua_State*)’ to ‘void*’ [-fpermissive]
26508 |  tolua_function(tolua_S,"get_upgrade",tolua_gslua_Bullet_get_upgrade00);
      |                                       ^~~~~~~~~~~~~~~~~~~~~~~~~~~~~~~~
      |                                       |
      |                                       int (*)(lua_State*)
src/tolua.h:48:65: note:   initializing argument 3 of ‘void tolua_function(lua_State*, const char*, void*)’
   48 | void tolua_function(lua_State* tolua_S, const char* name, void* func);
      |                                                           ~~~~~~^~~~
src/gslua.cpp:26509:39: warning: invalid conversion from ‘int (*)(lua_State*)’ to ‘void*’ [-fpermissive]
26509 |  tolua_function(tolua_S,"set_upgrade",tolua_gslua_Bullet_set_upgrade00);
      |                                       ^~~~~~~~~~~~~~~~~~~~~~~~~~~~~~~~
      |                                       |
      |                                       int (*)(lua_State*)
src/tolua.h:48:65: note:   initializing argument 3 of ‘void tolua_function(lua_State*, const char*, void*)’
   48 | void tolua_function(lua_State* tolua_S, const char* name, void* func);
      |                                                           ~~~~~~^~~~
src/gslua.cpp:26510:38: warning: invalid conversion from ‘int (*)(lua_State*)’ to ‘void*’ [-fpermissive]
26510 |  tolua_function(tolua_S,"get_target",tolua_gslua_Bullet_get_target00);
      |                                      ^~~~~~~~~~~~~~~~~~~~~~~~~~~~~~~
      |                                      |
      |                                      int (*)(lua_State*)
src/tolua.h:48:65: note:   initializing argument 3 of ‘void tolua_function(lua_State*, const char*, void*)’
   48 | void tolua_function(lua_State* tolua_S, const char* name, void* func);
      |                                                           ~~~~~~^~~~
src/gslua.cpp:26511:38: warning: invalid conversion from ‘int (*)(lua_State*)’ to ‘void*’ [-fpermissive]
26511 |  tolua_function(tolua_S,"set_target",tolua_gslua_Bullet_set_target00);
      |                                      ^~~~~~~~~~~~~~~~~~~~~~~~~~~~~~~
      |                                      |
      |                                      int (*)(lua_State*)
src/tolua.h:48:65: note:   initializing argument 3 of ‘void tolua_function(lua_State*, const char*, void*)’
   48 | void tolua_function(lua_State* tolua_S, const char* name, void* func);
      |                                                           ~~~~~~^~~~
src/gslua.cpp:26512:35: warning: invalid conversion from ‘int (*)(lua_State*)’ to ‘void*’ [-fpermissive]
26512 |  tolua_function(tolua_S,"set_hit",tolua_gslua_Bullet_set_hit00);
      |                                   ^~~~~~~~~~~~~~~~~~~~~~~~~~~~
      |                                   |
      |                                   int (*)(lua_State*)
src/tolua.h:48:65: note:   initializing argument 3 of ‘void tolua_function(lua_State*, const char*, void*)’
   48 | void tolua_function(lua_State* tolua_S, const char* name, void* func);
      |                                                           ~~~~~~^~~~
src/gslua.cpp:26513:38: warning: invalid conversion from ‘int (*)(lua_State*)’ to ‘void*’ [-fpermissive]
26513 |  tolua_function(tolua_S,"set_maxhit",tolua_gslua_Bullet_set_maxhit00);
      |                                      ^~~~~~~~~~~~~~~~~~~~~~~~~~~~~~~
      |                                      |
      |                                      int (*)(lua_State*)
src/tolua.h:48:65: note:   initializing argument 3 of ‘void tolua_function(lua_State*, const char*, void*)’
   48 | void tolua_function(lua_State* tolua_S, const char* name, void* func);
      |                                                           ~~~~~~^~~~
src/gslua.cpp:26514:35: warning: invalid conversion from ‘int (*)(lua_State*)’ to ‘void*’ [-fpermissive]
26514 |  tolua_function(tolua_S,"get_hit",tolua_gslua_Bullet_get_hit00);
      |                                   ^~~~~~~~~~~~~~~~~~~~~~~~~~~~
      |                                   |
      |                                   int (*)(lua_State*)
src/tolua.h:48:65: note:   initializing argument 3 of ‘void tolua_function(lua_State*, const char*, void*)’
   48 | void tolua_function(lua_State* tolua_S, const char* name, void* func);
      |                                                           ~~~~~~^~~~
src/gslua.cpp:26515:38: warning: invalid conversion from ‘int (*)(lua_State*)’ to ‘void*’ [-fpermissive]
26515 |  tolua_function(tolua_S,"get_maxhit",tolua_gslua_Bullet_get_maxhit00);
      |                                      ^~~~~~~~~~~~~~~~~~~~~~~~~~~~~~~
      |                                      |
      |                                      int (*)(lua_State*)
src/tolua.h:48:65: note:   initializing argument 3 of ‘void tolua_function(lua_State*, const char*, void*)’
   48 | void tolua_function(lua_State* tolua_S, const char* name, void* func);
      |                                                           ~~~~~~^~~~
src/gslua.cpp:26516:45: warning: invalid conversion from ‘int (*)(lua_State*)’ to ‘void*’ [-fpermissive]
26516 |  tolua_function(tolua_S,"get_dont_continue",tolua_gslua_Bullet_get_dont_continue00);
      |                                             ^~~~~~~~~~~~~~~~~~~~~~~~~~~~~~~~~~~~~~
      |                                             |
      |                                             int (*)(lua_State*)
src/tolua.h:48:65: note:   initializing argument 3 of ‘void tolua_function(lua_State*, const char*, void*)’
   48 | void tolua_function(lua_State* tolua_S, const char* name, void* func);
      |                                                           ~~~~~~^~~~
src/gslua.cpp:26517:45: warning: invalid conversion from ‘int (*)(lua_State*)’ to ‘void*’ [-fpermissive]
26517 |  tolua_function(tolua_S,"set_dont_continue",tolua_gslua_Bullet_set_dont_continue00);
      |                                             ^~~~~~~~~~~~~~~~~~~~~~~~~~~~~~~~~~~~~~
      |                                             |
      |                                             int (*)(lua_State*)
src/tolua.h:48:65: note:   initializing argument 3 of ‘void tolua_function(lua_State*, const char*, void*)’
   48 | void tolua_function(lua_State* tolua_S, const char* name, void* func);
      |                                                           ~~~~~~^~~~
src/gslua.cpp:26518:40: warning: invalid conversion from ‘int (*)(lua_State*)’ to ‘void*’ [-fpermissive]
26518 |  tolua_function(tolua_S,"get_do_hooks",tolua_gslua_Bullet_get_do_hooks00);
      |                                        ^~~~~~~~~~~~~~~~~~~~~~~~~~~~~~~~~
      |                                        |
      |                                        int (*)(lua_State*)
src/tolua.h:48:65: note:   initializing argument 3 of ‘void tolua_function(lua_State*, const char*, void*)’
   48 | void tolua_function(lua_State* tolua_S, const char* name, void* func);
      |                                                           ~~~~~~^~~~
src/gslua.cpp:26519:40: warning: invalid conversion from ‘int (*)(lua_State*)’ to ‘void*’ [-fpermissive]
26519 |  tolua_function(tolua_S,"set_do_hooks",tolua_gslua_Bullet_set_do_hooks00);
      |                                        ^~~~~~~~~~~~~~~~~~~~~~~~~~~~~~~~~
      |                                        |
      |                                        int (*)(lua_State*)
src/tolua.h:48:65: note:   initializing argument 3 of ‘void tolua_function(lua_State*, const char*, void*)’
   48 | void tolua_function(lua_State* tolua_S, const char* name, void* func);
      |                                                           ~~~~~~^~~~
src/gslua.cpp:26520:34: warning: invalid conversion from ‘int (*)(lua_State*)’ to ‘void*’ [-fpermissive]
26520 |  tolua_function(tolua_S,"remove",tolua_gslua_Bullet_remove00);
      |                                  ^~~~~~~~~~~~~~~~~~~~~~~~~~~
      |                                  |
      |                                  int (*)(lua_State*)
src/tolua.h:48:65: note:   initializing argument 3 of ‘void tolua_function(lua_State*, const char*, void*)’
   48 | void tolua_function(lua_State* tolua_S, const char* name, void* func);
      |                                                           ~~~~~~^~~~
src/gslua.cpp:26521:38: warning: invalid conversion from ‘int (*)(lua_State*)’ to ‘void*’ [-fpermissive]
26521 |  tolua_function(tolua_S,"get_remove",tolua_gslua_Bullet_get_remove00);
      |                                      ^~~~~~~~~~~~~~~~~~~~~~~~~~~~~~~
      |                                      |
      |                                      int (*)(lua_State*)
src/tolua.h:48:65: note:   initializing argument 3 of ‘void tolua_function(lua_State*, const char*, void*)’
   48 | void tolua_function(lua_State* tolua_S, const char* name, void* func);
      |                                                           ~~~~~~^~~~
src/gslua.cpp:26522:40: warning: invalid conversion from ‘int (*)(lua_State*)’ to ‘void*’ [-fpermissive]
26522 |  tolua_function(tolua_S,"set_user_int",tolua_gslua_Bullet_set_user_int00);
      |                                        ^~~~~~~~~~~~~~~~~~~~~~~~~~~~~~~~~
      |                                        |
      |                                        int (*)(lua_State*)
src/tolua.h:48:65: note:   initializing argument 3 of ‘void tolua_function(lua_State*, const char*, void*)’
   48 | void tolua_function(lua_State* tolua_S, const char* name, void* func);
      |                                                           ~~~~~~^~~~
src/gslua.cpp:26523:42: warning: invalid conversion from ‘int (*)(lua_State*)’ to ‘void*’ [-fpermissive]
26523 |  tolua_function(tolua_S,"set_user_float",tolua_gslua_Bullet_set_user_float00);
      |                                          ^~~~~~~~~~~~~~~~~~~~~~~~~~~~~~~~~~~
      |                                          |
      |                                          int (*)(lua_State*)
src/tolua.h:48:65: note:   initializing argument 3 of ‘void tolua_function(lua_State*, const char*, void*)’
   48 | void tolua_function(lua_State* tolua_S, const char* name, void* func);
      |                                                           ~~~~~~^~~~
src/gslua.cpp:26524:40: warning: invalid conversion from ‘int (*)(lua_State*)’ to ‘void*’ [-fpermissive]
26524 |  tolua_function(tolua_S,"get_user_int",tolua_gslua_Bullet_get_user_int00);
      |                                        ^~~~~~~~~~~~~~~~~~~~~~~~~~~~~~~~~
      |                                        |
      |                                        int (*)(lua_State*)
src/tolua.h:48:65: note:   initializing argument 3 of ‘void tolua_function(lua_State*, const char*, void*)’
   48 | void tolua_function(lua_State* tolua_S, const char* name, void* func);
      |                                                           ~~~~~~^~~~
src/gslua.cpp:26525:42: warning: invalid conversion from ‘int (*)(lua_State*)’ to ‘void*’ [-fpermissive]
26525 |  tolua_function(tolua_S,"get_user_float",tolua_gslua_Bullet_get_user_float00);
      |                                          ^~~~~~~~~~~~~~~~~~~~~~~~~~~~~~~~~~~
      |                                          |
      |                                          int (*)(lua_State*)
src/tolua.h:48:65: note:   initializing argument 3 of ‘void tolua_function(lua_State*, const char*, void*)’
   48 | void tolua_function(lua_State* tolua_S, const char* name, void* func);
      |                                                           ~~~~~~^~~~
src/gslua.cpp:26529:37: warning: invalid conversion from ‘int (*)(lua_State*)’ to ‘void*’ [-fpermissive]
26529 |  tolua_function(tolua_S,"get_count",tolua_gslua_gsBullet_get_count00);
      |                                     ^~~~~~~~~~~~~~~~~~~~~~~~~~~~~~~~
      |                                     |
      |                                     int (*)(lua_State*)
src/tolua.h:48:65: note:   initializing argument 3 of ‘void tolua_function(lua_State*, const char*, void*)’
   48 | void tolua_function(lua_State* tolua_S, const char* name, void* func);
      |                                                           ~~~~~~^~~~
src/gslua.cpp:26530:37: warning: invalid conversion from ‘int (*)(lua_State*)’ to ‘void*’ [-fpermissive]
26530 |  tolua_function(tolua_S,"get_first",tolua_gslua_gsBullet_get_first00);
      |                                     ^~~~~~~~~~~~~~~~~~~~~~~~~~~~~~~~
      |                                     |
      |                                     int (*)(lua_State*)
src/tolua.h:48:65: note:   initializing argument 3 of ‘void tolua_function(lua_State*, const char*, void*)’
   48 | void tolua_function(lua_State* tolua_S, const char* name, void* func);
      |                                                           ~~~~~~^~~~
src/gslua.cpp:26531:31: warning: invalid conversion from ‘int (*)(lua_State*)’ to ‘void*’ [-fpermissive]
26531 |  tolua_function(tolua_S,"add",tolua_gslua_gsBullet_add00);
      |                               ^~~~~~~~~~~~~~~~~~~~~~~~~~
      |                               |
      |                               int (*)(lua_State*)
src/tolua.h:48:65: note:   initializing argument 3 of ‘void tolua_function(lua_State*, const char*, void*)’
   48 | void tolua_function(lua_State* tolua_S, const char* name, void* func);
      |                                                           ~~~~~~^~~~
src/gslua.cpp:26532:31: warning: invalid conversion from ‘int (*)(lua_State*)’ to ‘void*’ [-fpermissive]
26532 |  tolua_function(tolua_S,"add",tolua_gslua_gsBullet_add01);
      |                               ^~~~~~~~~~~~~~~~~~~~~~~~~~
      |                               |
      |                               int (*)(lua_State*)
src/tolua.h:48:65: note:   initializing argument 3 of ‘void tolua_function(lua_State*, const char*, void*)’
   48 | void tolua_function(lua_State* tolua_S, const char* name, void* func);
      |                                                           ~~~~~~^~~~
src/gslua.cpp:26533:31: warning: invalid conversion from ‘int (*)(lua_State*)’ to ‘void*’ [-fpermissive]
26533 |  tolua_function(tolua_S,"add",tolua_gslua_gsBullet_add02);
      |                               ^~~~~~~~~~~~~~~~~~~~~~~~~~
      |                               |
      |                               int (*)(lua_State*)
src/tolua.h:48:65: note:   initializing argument 3 of ‘void tolua_function(lua_State*, const char*, void*)’
   48 | void tolua_function(lua_State* tolua_S, const char* name, void* func);
      |                                                           ~~~~~~^~~~
src/gslua.cpp:26534:34: warning: invalid conversion from ‘int (*)(lua_State*)’ to ‘void*’ [-fpermissive]
26534 |  tolua_function(tolua_S,"remove",tolua_gslua_gsBullet_remove_for_script00);
      |                                  ^~~~~~~~~~~~~~~~~~~~~~~~~~~~~~~~~~~~~~~~
      |                                  |
      |                                  int (*)(lua_State*)
src/tolua.h:48:65: note:   initializing argument 3 of ‘void tolua_function(lua_State*, const char*, void*)’
   48 | void tolua_function(lua_State* tolua_S, const char* name, void* func);
      |                                                           ~~~~~~^~~~
src/gslua.cpp:26585:32: warning: invalid conversion from ‘int (*)(lua_State*)’ to ‘void*’ [-fpermissive]
26585 |  tolua_array(tolua_S,"laptime",tolua_get_gslua_statistics_laptime,tolua_set_gslua_statistics_laptime);
      |                                ^~~~~~~~~~~~~~~~~~~~~~~~~~~~~~~~~~
      |                                |
      |                                int (*)(lua_State*)
src/tolua.h:68:62: note:   initializing argument 3 of ‘void tolua_array(lua_State*, const char*, void*, void*)’
   68 | void tolua_array(lua_State* tolua_S, const char* name, void* getter, void* setter);
      |                                                        ~~~~~~^~~~~~
src/gslua.cpp:26585:67: warning: invalid conversion from ‘int (*)(lua_State*)’ to ‘void*’ [-fpermissive]
26585 |  tolua_array(tolua_S,"laptime",tolua_get_gslua_statistics_laptime,tolua_set_gslua_statistics_laptime);
      |                                                                   ^~~~~~~~~~~~~~~~~~~~~~~~~~~~~~~~~~
      |                                                                   |
      |                                                                   int (*)(lua_State*)
src/tolua.h:68:76: note:   initializing argument 4 of ‘void tolua_array(lua_State*, const char*, void*, void*)’
   68 | void tolua_array(lua_State* tolua_S, const char* name, void* getter, void* setter);
      |                                                                      ~~~~~~^~~~~~
src/gslua.cpp:26597:33: warning: invalid conversion from ‘int (*)(lua_State*)’ to ‘void*’ [-fpermissive]
26597 |  tolua_function(tolua_S,"get_x",tolua_gslua_gsPlayer_get_x00);
      |                                 ^~~~~~~~~~~~~~~~~~~~~~~~~~~~
      |                                 |
      |                                 int (*)(lua_State*)
src/tolua.h:48:65: note:   initializing argument 3 of ‘void tolua_function(lua_State*, const char*, void*)’
   48 | void tolua_function(lua_State* tolua_S, const char* name, void* func);
      |                                                           ~~~~~~^~~~
src/gslua.cpp:26598:33: warning: invalid conversion from ‘int (*)(lua_State*)’ to ‘void*’ [-fpermissive]
26598 |  tolua_function(tolua_S,"set_x",tolua_gslua_gsPlayer_set_x00);
      |                                 ^~~~~~~~~~~~~~~~~~~~~~~~~~~~
      |                                 |
      |                                 int (*)(lua_State*)
src/tolua.h:48:65: note:   initializing argument 3 of ‘void tolua_function(lua_State*, const char*, void*)’
   48 | void tolua_function(lua_State* tolua_S, const char* name, void* func);
      |                                                           ~~~~~~^~~~
src/gslua.cpp:26599:33: warning: invalid conversion from ‘int (*)(lua_State*)’ to ‘void*’ [-fpermissive]
26599 |  tolua_function(tolua_S,"get_y",tolua_gslua_gsPlayer_get_y00);
      |                                 ^~~~~~~~~~~~~~~~~~~~~~~~~~~~
      |                                 |
      |                                 int (*)(lua_State*)
src/tolua.h:48:65: note:   initializing argument 3 of ‘void tolua_function(lua_State*, const char*, void*)’
   48 | void tolua_function(lua_State* tolua_S, const char* name, void* func);
      |                                                           ~~~~~~^~~~
src/gslua.cpp:26600:33: warning: invalid conversion from ‘int (*)(lua_State*)’ to ‘void*’ [-fpermissive]
26600 |  tolua_function(tolua_S,"set_y",tolua_gslua_gsPlayer_set_y00);
      |                                 ^~~~~~~~~~~~~~~~~~~~~~~~~~~~
      |                                 |
      |                                 int (*)(lua_State*)
src/tolua.h:48:65: note:   initializing argument 3 of ‘void tolua_function(lua_State*, const char*, void*)’
   48 | void tolua_function(lua_State* tolua_S, const char* name, void* func);
      |                                                           ~~~~~~^~~~
src/gslua.cpp:26601:36: warning: invalid conversion from ‘int (*)(lua_State*)’ to ‘void*’ [-fpermissive]
26601 |  tolua_function(tolua_S,"get_xspd",tolua_gslua_gsPlayer_get_xspd00);
      |                                    ^~~~~~~~~~~~~~~~~~~~~~~~~~~~~~~
      |                                    |
      |                                    int (*)(lua_State*)
src/tolua.h:48:65: note:   initializing argument 3 of ‘void tolua_function(lua_State*, const char*, void*)’
   48 | void tolua_function(lua_State* tolua_S, const char* name, void* func);
      |                                                           ~~~~~~^~~~
src/gslua.cpp:26602:36: warning: invalid conversion from ‘int (*)(lua_State*)’ to ‘void*’ [-fpermissive]
26602 |  tolua_function(tolua_S,"get_yspd",tolua_gslua_gsPlayer_get_yspd00);
      |                                    ^~~~~~~~~~~~~~~~~~~~~~~~~~~~~~~
      |                                    |
      |                                    int (*)(lua_State*)
src/tolua.h:48:65: note:   initializing argument 3 of ‘void tolua_function(lua_State*, const char*, void*)’
   48 | void tolua_function(lua_State* tolua_S, const char* name, void* func);
      |                                                           ~~~~~~^~~~
src/gslua.cpp:26603:36: warning: invalid conversion from ‘int (*)(lua_State*)’ to ‘void*’ [-fpermissive]
26603 |  tolua_function(tolua_S,"set_xspd",tolua_gslua_gsPlayer_set_xspd00);
      |                                    ^~~~~~~~~~~~~~~~~~~~~~~~~~~~~~~
      |                                    |
      |                                    int (*)(lua_State*)
src/tolua.h:48:65: note:   initializing argument 3 of ‘void tolua_function(lua_State*, const char*, void*)’
   48 | void tolua_function(lua_State* tolua_S, const char* name, void* func);
      |                                                           ~~~~~~^~~~
src/gslua.cpp:26604:36: warning: invalid conversion from ‘int (*)(lua_State*)’ to ‘void*’ [-fpermissive]
26604 |  tolua_function(tolua_S,"set_yspd",tolua_gslua_gsPlayer_set_yspd00);
      |                                    ^~~~~~~~~~~~~~~~~~~~~~~~~~~~~~~
      |                                    |
      |                                    int (*)(lua_State*)
src/tolua.h:48:65: note:   initializing argument 3 of ‘void tolua_function(lua_State*, const char*, void*)’
   48 | void tolua_function(lua_State* tolua_S, const char* name, void* func);
      |                                                           ~~~~~~^~~~
src/gslua.cpp:26605:36: warning: invalid conversion from ‘int (*)(lua_State*)’ to ‘void*’ [-fpermissive]
26605 |  tolua_function(tolua_S,"get_xacc",tolua_gslua_gsPlayer_get_xacc00);
      |                                    ^~~~~~~~~~~~~~~~~~~~~~~~~~~~~~~
      |                                    |
      |                                    int (*)(lua_State*)
src/tolua.h:48:65: note:   initializing argument 3 of ‘void tolua_function(lua_State*, const char*, void*)’
   48 | void tolua_function(lua_State* tolua_S, const char* name, void* func);
      |                                                           ~~~~~~^~~~
src/gslua.cpp:26606:36: warning: invalid conversion from ‘int (*)(lua_State*)’ to ‘void*’ [-fpermissive]
26606 |  tolua_function(tolua_S,"get_yacc",tolua_gslua_gsPlayer_get_yacc00);
      |                                    ^~~~~~~~~~~~~~~~~~~~~~~~~~~~~~~
      |                                    |
      |                                    int (*)(lua_State*)
src/tolua.h:48:65: note:   initializing argument 3 of ‘void tolua_function(lua_State*, const char*, void*)’
   48 | void tolua_function(lua_State* tolua_S, const char* name, void* func);
      |                                                           ~~~~~~^~~~
src/gslua.cpp:26607:36: warning: invalid conversion from ‘int (*)(lua_State*)’ to ‘void*’ [-fpermissive]
26607 |  tolua_function(tolua_S,"set_xacc",tolua_gslua_gsPlayer_set_xacc00);
      |                                    ^~~~~~~~~~~~~~~~~~~~~~~~~~~~~~~
      |                                    |
      |                                    int (*)(lua_State*)
src/tolua.h:48:65: note:   initializing argument 3 of ‘void tolua_function(lua_State*, const char*, void*)’
   48 | void tolua_function(lua_State* tolua_S, const char* name, void* func);
      |                                                           ~~~~~~^~~~
src/gslua.cpp:26608:36: warning: invalid conversion from ‘int (*)(lua_State*)’ to ‘void*’ [-fpermissive]
26608 |  tolua_function(tolua_S,"set_yacc",tolua_gslua_gsPlayer_set_yacc00);
      |                                    ^~~~~~~~~~~~~~~~~~~~~~~~~~~~~~~
      |                                    |
      |                                    int (*)(lua_State*)
src/tolua.h:48:65: note:   initializing argument 3 of ‘void tolua_function(lua_State*, const char*, void*)’
   48 | void tolua_function(lua_State* tolua_S, const char* name, void* func);
      |                                                           ~~~~~~^~~~
src/gslua.cpp:26609:37: warning: invalid conversion from ‘int (*)(lua_State*)’ to ‘void*’ [-fpermissive]
26609 |  tolua_function(tolua_S,"set_xacc2",tolua_gslua_gsPlayer_set_xacc200);
      |                                     ^~~~~~~~~~~~~~~~~~~~~~~~~~~~~~~~
      |                                     |
      |                                     int (*)(lua_State*)
src/tolua.h:48:65: note:   initializing argument 3 of ‘void tolua_function(lua_State*, const char*, void*)’
   48 | void tolua_function(lua_State* tolua_S, const char* name, void* func);
      |                                                           ~~~~~~^~~~
src/gslua.cpp:26610:37: warning: invalid conversion from ‘int (*)(lua_State*)’ to ‘void*’ [-fpermissive]
26610 |  tolua_function(tolua_S,"set_yacc2",tolua_gslua_gsPlayer_set_yacc200);
      |                                     ^~~~~~~~~~~~~~~~~~~~~~~~~~~~~~~~
      |                                     |
      |                                     int (*)(lua_State*)
src/tolua.h:48:65: note:   initializing argument 3 of ‘void tolua_function(lua_State*, const char*, void*)’
   48 | void tolua_function(lua_State* tolua_S, const char* name, void* func);
      |                                                           ~~~~~~^~~~
src/gslua.cpp:26611:38: warning: invalid conversion from ‘int (*)(lua_State*)’ to ‘void*’ [-fpermissive]
26611 |  tolua_function(tolua_S,"set_thrust",tolua_gslua_gsPlayer_set_thrust00);
      |                                      ^~~~~~~~~~~~~~~~~~~~~~~~~~~~~~~~~
      |                                      |
      |                                      int (*)(lua_State*)
src/tolua.h:48:65: note:   initializing argument 3 of ‘void tolua_function(lua_State*, const char*, void*)’
   48 | void tolua_function(lua_State* tolua_S, const char* name, void* func);
      |                                                           ~~~~~~^~~~
src/gslua.cpp:26612:38: warning: invalid conversion from ‘int (*)(lua_State*)’ to ‘void*’ [-fpermissive]
26612 |  tolua_function(tolua_S,"get_thrust",tolua_gslua_gsPlayer_get_thrust00);
      |                                      ^~~~~~~~~~~~~~~~~~~~~~~~~~~~~~~~~
      |                                      |
      |                                      int (*)(lua_State*)
src/tolua.h:48:65: note:   initializing argument 3 of ‘void tolua_function(lua_State*, const char*, void*)’
   48 | void tolua_function(lua_State* tolua_S, const char* name, void* func);
      |                                                           ~~~~~~^~~~
src/gslua.cpp:26613:45: warning: invalid conversion from ‘int (*)(lua_State*)’ to ‘void*’ [-fpermissive]
26613 |  tolua_function(tolua_S,"show_thrust_frame",tolua_gslua_gsPlayer_show_thrust_frame00);
      |                                             ^~~~~~~~~~~~~~~~~~~~~~~~~~~~~~~~~~~~~~~~
      |                                             |
      |                                             int (*)(lua_State*)
src/tolua.h:48:65: note:   initializing argument 3 of ‘void tolua_function(lua_State*, const char*, void*)’
   48 | void tolua_function(lua_State* tolua_S, const char* name, void* func);
      |                                                           ~~~~~~^~~~
src/gslua.cpp:26614:44: warning: invalid conversion from ‘int (*)(lua_State*)’ to ‘void*’ [-fpermissive]
26614 |  tolua_function(tolua_S,"set_extra_action",tolua_gslua_gsPlayer_set_extra_action00);
      |                                            ^~~~~~~~~~~~~~~~~~~~~~~~~~~~~~~~~~~~~~~
      |                                            |
      |                                            int (*)(lua_State*)
src/tolua.h:48:65: note:   initializing argument 3 of ‘void tolua_function(lua_State*, const char*, void*)’
   48 | void tolua_function(lua_State* tolua_S, const char* name, void* func);
      |                                                           ~~~~~~^~~~
src/gslua.cpp:26615:44: warning: invalid conversion from ‘int (*)(lua_State*)’ to ‘void*’ [-fpermissive]
26615 |  tolua_function(tolua_S,"get_extra_action",tolua_gslua_gsPlayer_get_extra_action00);
      |                                            ^~~~~~~~~~~~~~~~~~~~~~~~~~~~~~~~~~~~~~~
      |                                            |
      |                                            int (*)(lua_State*)
src/tolua.h:48:65: note:   initializing argument 3 of ‘void tolua_function(lua_State*, const char*, void*)’
   48 | void tolua_function(lua_State* tolua_S, const char* name, void* func);
      |                                                           ~~~~~~^~~~
src/gslua.cpp:26616:37: warning: invalid conversion from ‘int (*)(lua_State*)’ to ‘void*’ [-fpermissive]
26616 |  tolua_function(tolua_S,"get_extra",tolua_gslua_gsPlayer_get_extra00);
      |                                     ^~~~~~~~~~~~~~~~~~~~~~~~~~~~~~~~
      |                                     |
      |                                     int (*)(lua_State*)
src/tolua.h:48:65: note:   initializing argument 3 of ‘void tolua_function(lua_State*, const char*, void*)’
   48 | void tolua_function(lua_State* tolua_S, const char* name, void* func);
      |                                                           ~~~~~~^~~~
src/gslua.cpp:26617:37: warning: invalid conversion from ‘int (*)(lua_State*)’ to ‘void*’ [-fpermissive]
26617 |  tolua_function(tolua_S,"set_extra",tolua_gslua_gsPlayer_set_extra00);
      |                                     ^~~~~~~~~~~~~~~~~~~~~~~~~~~~~~~~
      |                                     |
      |                                     int (*)(lua_State*)
src/tolua.h:48:65: note:   initializing argument 3 of ‘void tolua_function(lua_State*, const char*, void*)’
   48 | void tolua_function(lua_State* tolua_S, const char* name, void* func);
      |                                                           ~~~~~~^~~~
src/gslua.cpp:26618:37: warning: invalid conversion from ‘int (*)(lua_State*)’ to ‘void*’ [-fpermissive]
26618 |  tolua_function(tolua_S,"get_lifes",tolua_gslua_gsPlayer_get_lifes00);
      |                                     ^~~~~~~~~~~~~~~~~~~~~~~~~~~~~~~~
      |                                     |
      |                                     int (*)(lua_State*)
src/tolua.h:48:65: note:   initializing argument 3 of ‘void tolua_function(lua_State*, const char*, void*)’
   48 | void tolua_function(lua_State* tolua_S, const char* name, void* func);
      |                                                           ~~~~~~^~~~
src/gslua.cpp:26619:37: warning: invalid conversion from ‘int (*)(lua_State*)’ to ‘void*’ [-fpermissive]
26619 |  tolua_function(tolua_S,"set_lifes",tolua_gslua_gsPlayer_set_lifes00);
      |                                     ^~~~~~~~~~~~~~~~~~~~~~~~~~~~~~~~
      |                                     |
      |                                     int (*)(lua_State*)
src/tolua.h:48:65: note:   initializing argument 3 of ‘void tolua_function(lua_State*, const char*, void*)’
   48 | void tolua_function(lua_State* tolua_S, const char* name, void* func);
      |                                                           ~~~~~~^~~~
src/gslua.cpp:26620:47: warning: invalid conversion from ‘int (*)(lua_State*)’ to ‘void*’ [-fpermissive]
26620 |  tolua_function(tolua_S,"set_invulnerability",tolua_gslua_gsPlayer_set_invulnerability00);
      |                                               ^~~~~~~~~~~~~~~~~~~~~~~~~~~~~~~~~~~~~~~~~~
      |                                               |
      |                                               int (*)(lua_State*)
src/tolua.h:48:65: note:   initializing argument 3 of ‘void tolua_function(lua_State*, const char*, void*)’
   48 | void tolua_function(lua_State* tolua_S, const char* name, void* func);
      |                                                           ~~~~~~^~~~
src/gslua.cpp:26621:47: warning: invalid conversion from ‘int (*)(lua_State*)’ to ‘void*’ [-fpermissive]
26621 |  tolua_function(tolua_S,"get_invulnerability",tolua_gslua_gsPlayer_get_invulnerability00);
      |                                               ^~~~~~~~~~~~~~~~~~~~~~~~~~~~~~~~~~~~~~~~~~
      |                                               |
      |                                               int (*)(lua_State*)
src/tolua.h:48:65: note:   initializing argument 3 of ‘void tolua_function(lua_State*, const char*, void*)’
   48 | void tolua_function(lua_State* tolua_S, const char* name, void* func);
      |                                                           ~~~~~~^~~~
src/gslua.cpp:26622:37: warning: invalid conversion from ‘int (*)(lua_State*)’ to ‘void*’ [-fpermissive]
26622 |  tolua_function(tolua_S,"get_width",tolua_gslua_gsPlayer_get_width00);
      |                                     ^~~~~~~~~~~~~~~~~~~~~~~~~~~~~~~~
      |                                     |
      |                                     int (*)(lua_State*)
src/tolua.h:48:65: note:   initializing argument 3 of ‘void tolua_function(lua_State*, const char*, void*)’
   48 | void tolua_function(lua_State* tolua_S, const char* name, void* func);
      |                                                           ~~~~~~^~~~
src/gslua.cpp:26623:38: warning: invalid conversion from ‘int (*)(lua_State*)’ to ‘void*’ [-fpermissive]
26623 |  tolua_function(tolua_S,"get_height",tolua_gslua_gsPlayer_get_height00);
      |                                      ^~~~~~~~~~~~~~~~~~~~~~~~~~~~~~~~~
      |                                      |
      |                                      int (*)(lua_State*)
src/tolua.h:48:65: note:   initializing argument 3 of ‘void tolua_function(lua_State*, const char*, void*)’
   48 | void tolua_function(lua_State* tolua_S, const char* name, void* func);
      |                                                           ~~~~~~^~~~
src/gslua.cpp:26624:38: warning: invalid conversion from ‘int (*)(lua_State*)’ to ‘void*’ [-fpermissive]
26624 |  tolua_function(tolua_S,"get_owidth",tolua_gslua_gsPlayer_get_owidth00);
      |                                      ^~~~~~~~~~~~~~~~~~~~~~~~~~~~~~~~~
      |                                      |
      |                                      int (*)(lua_State*)
src/tolua.h:48:65: note:   initializing argument 3 of ‘void tolua_function(lua_State*, const char*, void*)’
   48 | void tolua_function(lua_State* tolua_S, const char* name, void* func);
      |                                                           ~~~~~~^~~~
src/gslua.cpp:26625:39: warning: invalid conversion from ‘int (*)(lua_State*)’ to ‘void*’ [-fpermissive]
26625 |  tolua_function(tolua_S,"get_oheight",tolua_gslua_gsPlayer_get_oheight00);
      |                                       ^~~~~~~~~~~~~~~~~~~~~~~~~~~~~~~~~~
      |                                       |
      |                                       int (*)(lua_State*)
src/tolua.h:48:65: note:   initializing argument 3 of ‘void tolua_function(lua_State*, const char*, void*)’
   48 | void tolua_function(lua_State* tolua_S, const char* name, void* func);
      |                                                           ~~~~~~^~~~
src/gslua.cpp:26626:42: warning: invalid conversion from ‘int (*)(lua_State*)’ to ‘void*’ [-fpermissive]
26626 |  tolua_function(tolua_S,"get_back_width",tolua_gslua_gsPlayer_get_back_width00);
      |                                          ^~~~~~~~~~~~~~~~~~~~~~~~~~~~~~~~~~~~~
      |                                          |
      |                                          int (*)(lua_State*)
src/tolua.h:48:65: note:   initializing argument 3 of ‘void tolua_function(lua_State*, const char*, void*)’
   48 | void tolua_function(lua_State* tolua_S, const char* name, void* func);
      |                                                           ~~~~~~^~~~
src/gslua.cpp:26627:43: warning: invalid conversion from ‘int (*)(lua_State*)’ to ‘void*’ [-fpermissive]
26627 |  tolua_function(tolua_S,"get_back_height",tolua_gslua_gsPlayer_get_back_height00);
      |                                           ^~~~~~~~~~~~~~~~~~~~~~~~~~~~~~~~~~~~~~
      |                                           |
      |                                           int (*)(lua_State*)
src/tolua.h:48:65: note:   initializing argument 3 of ‘void tolua_function(lua_State*, const char*, void*)’
   48 | void tolua_function(lua_State* tolua_S, const char* name, void* func);
      |                                                           ~~~~~~^~~~
src/gslua.cpp:26628:40: warning: invalid conversion from ‘int (*)(lua_State*)’ to ‘void*’ [-fpermissive]
26628 |  tolua_function(tolua_S,"get_shield_w",tolua_gslua_gsPlayer_get_shield_w00);
      |                                        ^~~~~~~~~~~~~~~~~~~~~~~~~~~~~~~~~~~
      |                                        |
      |                                        int (*)(lua_State*)
src/tolua.h:48:65: note:   initializing argument 3 of ‘void tolua_function(lua_State*, const char*, void*)’
   48 | void tolua_function(lua_State* tolua_S, const char* name, void* func);
      |                                                           ~~~~~~^~~~
src/gslua.cpp:26629:40: warning: invalid conversion from ‘int (*)(lua_State*)’ to ‘void*’ [-fpermissive]
26629 |  tolua_function(tolua_S,"get_shield_h",tolua_gslua_gsPlayer_get_shield_h00);
      |                                        ^~~~~~~~~~~~~~~~~~~~~~~~~~~~~~~~~~~
      |                                        |
      |                                        int (*)(lua_State*)
src/tolua.h:48:65: note:   initializing argument 3 of ‘void tolua_function(lua_State*, const char*, void*)’
   48 | void tolua_function(lua_State* tolua_S, const char* name, void* func);
      |                                                           ~~~~~~^~~~
src/gslua.cpp:26630:36: warning: invalid conversion from ‘int (*)(lua_State*)’ to ‘void*’ [-fpermissive]
26630 |  tolua_function(tolua_S,"get_head",tolua_gslua_gsPlayer_get_head00);
      |                                    ^~~~~~~~~~~~~~~~~~~~~~~~~~~~~~~
      |                                    |
      |                                    int (*)(lua_State*)
src/tolua.h:48:65: note:   initializing argument 3 of ‘void tolua_function(lua_State*, const char*, void*)’
   48 | void tolua_function(lua_State* tolua_S, const char* name, void* func);
      |                                                           ~~~~~~^~~~
src/gslua.cpp:26631:36: warning: invalid conversion from ‘int (*)(lua_State*)’ to ‘void*’ [-fpermissive]
26631 |  tolua_function(tolua_S,"set_head",tolua_gslua_gsPlayer_set_head00);
      |                                    ^~~~~~~~~~~~~~~~~~~~~~~~~~~~~~~
      |                                    |
      |                                    int (*)(lua_State*)
src/tolua.h:48:65: note:   initializing argument 3 of ‘void tolua_function(lua_State*, const char*, void*)’
   48 | void tolua_function(lua_State* tolua_S, const char* name, void* func);
      |                                                           ~~~~~~^~~~
src/gslua.cpp:26632:39: warning: invalid conversion from ‘int (*)(lua_State*)’ to ‘void*’ [-fpermissive]
26632 |  tolua_function(tolua_S,"get_head_to",tolua_gslua_gsPlayer_get_head_to00);
      |                                       ^~~~~~~~~~~~~~~~~~~~~~~~~~~~~~~~~~
      |                                       |
      |                                       int (*)(lua_State*)
src/tolua.h:48:65: note:   initializing argument 3 of ‘void tolua_function(lua_State*, const char*, void*)’
   48 | void tolua_function(lua_State* tolua_S, const char* name, void* func);
      |                                                           ~~~~~~^~~~
src/gslua.cpp:26633:39: warning: invalid conversion from ‘int (*)(lua_State*)’ to ‘void*’ [-fpermissive]
26633 |  tolua_function(tolua_S,"set_head_to",tolua_gslua_gsPlayer_set_head_to00);
      |                                       ^~~~~~~~~~~~~~~~~~~~~~~~~~~~~~~~~~
      |                                       |
      |                                       int (*)(lua_State*)
src/tolua.h:48:65: note:   initializing argument 3 of ‘void tolua_function(lua_State*, const char*, void*)’
   48 | void tolua_function(lua_State* tolua_S, const char* name, void* func);
      |                                                           ~~~~~~^~~~
src/gslua.cpp:26634:35: warning: invalid conversion from ‘int (*)(lua_State*)’ to ‘void*’ [-fpermissive]
26634 |  tolua_function(tolua_S,"turn_to",tolua_gslua_gsPlayer_turn_to00);
      |                                   ^~~~~~~~~~~~~~~~~~~~~~~~~~~~~~
      |                                   |
      |                                   int (*)(lua_State*)
src/tolua.h:48:65: note:   initializing argument 3 of ‘void tolua_function(lua_State*, const char*, void*)’
   48 | void tolua_function(lua_State* tolua_S, const char* name, void* func);
      |                                                           ~~~~~~^~~~
src/gslua.cpp:26635:39: warning: invalid conversion from ‘int (*)(lua_State*)’ to ‘void*’ [-fpermissive]
26635 |  tolua_function(tolua_S,"get_network",tolua_gslua_gsPlayer_get_network00);
      |                                       ^~~~~~~~~~~~~~~~~~~~~~~~~~~~~~~~~~
      |                                       |
      |                                       int (*)(lua_State*)
src/tolua.h:48:65: note:   initializing argument 3 of ‘void tolua_function(lua_State*, const char*, void*)’
   48 | void tolua_function(lua_State* tolua_S, const char* name, void* func);
      |                                                           ~~~~~~^~~~
src/gslua.cpp:26636:35: warning: invalid conversion from ‘int (*)(lua_State*)’ to ‘void*’ [-fpermissive]
26636 |  tolua_function(tolua_S,"get_sig",tolua_gslua_gsPlayer_get_sig00);
      |                                   ^~~~~~~~~~~~~~~~~~~~~~~~~~~~~~
      |                                   |
      |                                   int (*)(lua_State*)
src/tolua.h:48:65: note:   initializing argument 3 of ‘void tolua_function(lua_State*, const char*, void*)’
   48 | void tolua_function(lua_State* tolua_S, const char* name, void* func);
      |                                                           ~~~~~~^~~~
src/gslua.cpp:26637:35: warning: invalid conversion from ‘int (*)(lua_State*)’ to ‘void*’ [-fpermissive]
26637 |  tolua_function(tolua_S,"set_sig",tolua_gslua_gsPlayer_set_sig00);
      |                                   ^~~~~~~~~~~~~~~~~~~~~~~~~~~~~~
      |                                   |
      |                                   int (*)(lua_State*)
src/tolua.h:48:65: note:   initializing argument 3 of ‘void tolua_function(lua_State*, const char*, void*)’
   48 | void tolua_function(lua_State* tolua_S, const char* name, void* func);
      |                                                           ~~~~~~^~~~
src/gslua.cpp:26638:37: warning: invalid conversion from ‘int (*)(lua_State*)’ to ‘void*’ [-fpermissive]
26638 |  tolua_function(tolua_S,"get_frags",tolua_gslua_gsPlayer_get_frags00);
      |                                     ^~~~~~~~~~~~~~~~~~~~~~~~~~~~~~~~
      |                                     |
      |                                     int (*)(lua_State*)
src/tolua.h:48:65: note:   initializing argument 3 of ‘void tolua_function(lua_State*, const char*, void*)’
   48 | void tolua_function(lua_State* tolua_S, const char* name, void* func);
      |                                                           ~~~~~~^~~~
src/gslua.cpp:26639:37: warning: invalid conversion from ‘int (*)(lua_State*)’ to ‘void*’ [-fpermissive]
26639 |  tolua_function(tolua_S,"set_frags",tolua_gslua_gsPlayer_set_frags00);
      |                                     ^~~~~~~~~~~~~~~~~~~~~~~~~~~~~~~~
      |                                     |
      |                                     int (*)(lua_State*)
src/tolua.h:48:65: note:   initializing argument 3 of ‘void tolua_function(lua_State*, const char*, void*)’
   48 | void tolua_function(lua_State* tolua_S, const char* name, void* func);
      |                                                           ~~~~~~^~~~
src/gslua.cpp:26640:37: warning: invalid conversion from ‘int (*)(lua_State*)’ to ‘void*’ [-fpermissive]
26640 |  tolua_function(tolua_S,"inc_frags",tolua_gslua_gsPlayer_inc_frags00);
      |                                     ^~~~~~~~~~~~~~~~~~~~~~~~~~~~~~~~
      |                                     |
      |                                     int (*)(lua_State*)
src/tolua.h:48:65: note:   initializing argument 3 of ‘void tolua_function(lua_State*, const char*, void*)’
   48 | void tolua_function(lua_State* tolua_S, const char* name, void* func);
      |                                                           ~~~~~~^~~~
src/gslua.cpp:26641:37: warning: invalid conversion from ‘int (*)(lua_State*)’ to ‘void*’ [-fpermissive]
26641 |  tolua_function(tolua_S,"dec_frags",tolua_gslua_gsPlayer_dec_frags00);
      |                                     ^~~~~~~~~~~~~~~~~~~~~~~~~~~~~~~~
      |                                     |
      |                                     int (*)(lua_State*)
src/tolua.h:48:65: note:   initializing argument 3 of ‘void tolua_function(lua_State*, const char*, void*)’
   48 | void tolua_function(lua_State* tolua_S, const char* name, void* func);
      |                                                           ~~~~~~^~~~
src/gslua.cpp:26642:40: warning: invalid conversion from ‘int (*)(lua_State*)’ to ‘void*’ [-fpermissive]
26642 |  tolua_function(tolua_S,"get_suicides",tolua_gslua_gsPlayer_get_suicides00);
      |                                        ^~~~~~~~~~~~~~~~~~~~~~~~~~~~~~~~~~~
      |                                        |
      |                                        int (*)(lua_State*)
src/tolua.h:48:65: note:   initializing argument 3 of ‘void tolua_function(lua_State*, const char*, void*)’
   48 | void tolua_function(lua_State* tolua_S, const char* name, void* func);
      |                                                           ~~~~~~^~~~
src/gslua.cpp:26643:40: warning: invalid conversion from ‘int (*)(lua_State*)’ to ‘void*’ [-fpermissive]
26643 |  tolua_function(tolua_S,"inc_suicides",tolua_gslua_gsPlayer_inc_suicides00);
      |                                        ^~~~~~~~~~~~~~~~~~~~~~~~~~~~~~~~~~~
      |                                        |
      |                                        int (*)(lua_State*)
src/tolua.h:48:65: note:   initializing argument 3 of ‘void tolua_function(lua_State*, const char*, void*)’
   48 | void tolua_function(lua_State* tolua_S, const char* name, void* func);
      |                                                           ~~~~~~^~~~
src/gslua.cpp:26644:37: warning: invalid conversion from ‘int (*)(lua_State*)’ to ‘void*’ [-fpermissive]
26644 |  tolua_function(tolua_S,"inc_bonus",tolua_gslua_gsPlayer_inc_bonus00);
      |                                     ^~~~~~~~~~~~~~~~~~~~~~~~~~~~~~~~
      |                                     |
      |                                     int (*)(lua_State*)
src/tolua.h:48:65: note:   initializing argument 3 of ‘void tolua_function(lua_State*, const char*, void*)’
   48 | void tolua_function(lua_State* tolua_S, const char* name, void* func);
      |                                                           ~~~~~~^~~~
src/gslua.cpp:26645:37: warning: invalid conversion from ‘int (*)(lua_State*)’ to ‘void*’ [-fpermissive]
26645 |  tolua_function(tolua_S,"dec_bonus",tolua_gslua_gsPlayer_dec_bonus00);
      |                                     ^~~~~~~~~~~~~~~~~~~~~~~~~~~~~~~~
      |                                     |
      |                                     int (*)(lua_State*)
src/tolua.h:48:65: note:   initializing argument 3 of ‘void tolua_function(lua_State*, const char*, void*)’
   48 | void tolua_function(lua_State* tolua_S, const char* name, void* func);
      |                                                           ~~~~~~^~~~
src/gslua.cpp:26646:43: warning: invalid conversion from ‘int (*)(lua_State*)’ to ‘void*’ [-fpermissive]
26646 |  tolua_function(tolua_S,"inc_enemy_bonus",tolua_gslua_gsPlayer_inc_enemy_bonus00);
      |                                           ^~~~~~~~~~~~~~~~~~~~~~~~~~~~~~~~~~~~~~
      |                                           |
      |                                           int (*)(lua_State*)
src/tolua.h:48:65: note:   initializing argument 3 of ‘void tolua_function(lua_State*, const char*, void*)’
   48 | void tolua_function(lua_State* tolua_S, const char* name, void* func);
      |                                                           ~~~~~~^~~~
src/gslua.cpp:26647:43: warning: invalid conversion from ‘int (*)(lua_State*)’ to ‘void*’ [-fpermissive]
26647 |  tolua_function(tolua_S,"dec_enemy_bonus",tolua_gslua_gsPlayer_dec_enemy_bonus00);
      |                                           ^~~~~~~~~~~~~~~~~~~~~~~~~~~~~~~~~~~~~~
      |                                           |
      |                                           int (*)(lua_State*)
src/tolua.h:48:65: note:   initializing argument 3 of ‘void tolua_function(lua_State*, const char*, void*)’
   48 | void tolua_function(lua_State* tolua_S, const char* name, void* func);
      |                                                           ~~~~~~^~~~
src/gslua.cpp:26648:44: warning: invalid conversion from ‘int (*)(lua_State*)’ to ‘void*’ [-fpermissive]
26648 |  tolua_function(tolua_S,"inc_bullets_shot",tolua_gslua_gsPlayer_inc_bullets_shot00);
      |                                            ^~~~~~~~~~~~~~~~~~~~~~~~~~~~~~~~~~~~~~~
      |                                            |
      |                                            int (*)(lua_State*)
src/tolua.h:48:65: note:   initializing argument 3 of ‘void tolua_function(lua_State*, const char*, void*)’
   48 | void tolua_function(lua_State* tolua_S, const char* name, void* func);
      |                                                           ~~~~~~^~~~
src/gslua.cpp:26649:44: warning: invalid conversion from ‘int (*)(lua_State*)’ to ‘void*’ [-fpermissive]
26649 |  tolua_function(tolua_S,"get_bullets_shot",tolua_gslua_gsPlayer_get_bullets_shot00);
      |                                            ^~~~~~~~~~~~~~~~~~~~~~~~~~~~~~~~~~~~~~~
      |                                            |
      |                                            int (*)(lua_State*)
src/tolua.h:48:65: note:   initializing argument 3 of ‘void tolua_function(lua_State*, const char*, void*)’
   48 | void tolua_function(lua_State* tolua_S, const char* name, void* func);
      |                                                           ~~~~~~^~~~
src/gslua.cpp:26650:43: warning: invalid conversion from ‘int (*)(lua_State*)’ to ‘void*’ [-fpermissive]
26650 |  tolua_function(tolua_S,"inc_bullets_hit",tolua_gslua_gsPlayer_inc_bullets_hit00);
      |                                           ^~~~~~~~~~~~~~~~~~~~~~~~~~~~~~~~~~~~~~
      |                                           |
      |                                           int (*)(lua_State*)
src/tolua.h:48:65: note:   initializing argument 3 of ‘void tolua_function(lua_State*, const char*, void*)’
   48 | void tolua_function(lua_State* tolua_S, const char* name, void* func);
      |                                                           ~~~~~~^~~~
src/gslua.cpp:26651:43: warning: invalid conversion from ‘int (*)(lua_State*)’ to ‘void*’ [-fpermissive]
26651 |  tolua_function(tolua_S,"get_bullets_hit",tolua_gslua_gsPlayer_get_bullets_hit00);
      |                                           ^~~~~~~~~~~~~~~~~~~~~~~~~~~~~~~~~~~~~~
      |                                           |
      |                                           int (*)(lua_State*)
src/tolua.h:48:65: note:   initializing argument 3 of ‘void tolua_function(lua_State*, const char*, void*)’
   48 | void tolua_function(lua_State* tolua_S, const char* name, void* func);
      |                                                           ~~~~~~^~~~
src/gslua.cpp:26652:46: warning: invalid conversion from ‘int (*)(lua_State*)’ to ‘void*’ [-fpermissive]
26652 |  tolua_function(tolua_S,"set_mission_status",tolua_gslua_gsPlayer_set_mission_status00);
      |                                              ^~~~~~~~~~~~~~~~~~~~~~~~~~~~~~~~~~~~~~~~~
      |                                              |
      |                                              int (*)(lua_State*)
src/tolua.h:48:65: note:   initializing argument 3 of ‘void tolua_function(lua_State*, const char*, void*)’
   48 | void tolua_function(lua_State* tolua_S, const char* name, void* func);
      |                                                           ~~~~~~^~~~
src/gslua.cpp:26653:37: warning: invalid conversion from ‘int (*)(lua_State*)’ to ‘void*’ [-fpermissive]
26653 |  tolua_function(tolua_S,"get_bonus",tolua_gslua_gsPlayer_get_bonus00);
      |                                     ^~~~~~~~~~~~~~~~~~~~~~~~~~~~~~~~
      |                                     |
      |                                     int (*)(lua_State*)
src/tolua.h:48:65: note:   initializing argument 3 of ‘void tolua_function(lua_State*, const char*, void*)’
   48 | void tolua_function(lua_State* tolua_S, const char* name, void* func);
      |                                                           ~~~~~~^~~~
src/gslua.cpp:26654:42: warning: invalid conversion from ‘int (*)(lua_State*)’ to ‘void*’ [-fpermissive]
26654 |  tolua_function(tolua_S,"get_statistics",tolua_gslua_gsPlayer_get_statistics00);
      |                                          ^~~~~~~~~~~~~~~~~~~~~~~~~~~~~~~~~~~~~
      |                                          |
      |                                          int (*)(lua_State*)
src/tolua.h:48:65: note:   initializing argument 3 of ‘void tolua_function(lua_State*, const char*, void*)’
   48 | void tolua_function(lua_State* tolua_S, const char* name, void* func);
      |                                                           ~~~~~~^~~~
src/gslua.cpp:26655:42: warning: invalid conversion from ‘int (*)(lua_State*)’ to ‘void*’ [-fpermissive]
26655 |  tolua_function(tolua_S,"set_statistics",tolua_gslua_gsPlayer_set_statistics00);
      |                                          ^~~~~~~~~~~~~~~~~~~~~~~~~~~~~~~~~~~~~
      |                                          |
      |                                          int (*)(lua_State*)
src/tolua.h:48:65: note:   initializing argument 3 of ‘void tolua_function(lua_State*, const char*, void*)’
   48 | void tolua_function(lua_State* tolua_S, const char* name, void* func);
      |                                                           ~~~~~~^~~~
src/gslua.cpp:26656:40: warning: invalid conversion from ‘int (*)(lua_State*)’ to ‘void*’ [-fpermissive]
26656 |  tolua_function(tolua_S,"get_homebase",tolua_gslua_gsPlayer_get_homebase00);
      |                                        ^~~~~~~~~~~~~~~~~~~~~~~~~~~~~~~~~~~
      |                                        |
      |                                        int (*)(lua_State*)
src/tolua.h:48:65: note:   initializing argument 3 of ‘void tolua_function(lua_State*, const char*, void*)’
   48 | void tolua_function(lua_State* tolua_S, const char* name, void* func);
      |                                                           ~~~~~~^~~~
src/gslua.cpp:26657:40: warning: invalid conversion from ‘int (*)(lua_State*)’ to ‘void*’ [-fpermissive]
26657 |  tolua_function(tolua_S,"set_homebase",tolua_gslua_gsPlayer_set_homebase00);
      |                                        ^~~~~~~~~~~~~~~~~~~~~~~~~~~~~~~~~~~
      |                                        |
      |                                        int (*)(lua_State*)
src/tolua.h:48:65: note:   initializing argument 3 of ‘void tolua_function(lua_State*, const char*, void*)’
   48 | void tolua_function(lua_State* tolua_S, const char* name, void* func);
      |                                                           ~~~~~~^~~~
src/gslua.cpp:26658:38: warning: invalid conversion from ‘int (*)(lua_State*)’ to ‘void*’ [-fpermissive]
26658 |  tolua_function(tolua_S,"get_home_x",tolua_gslua_gsPlayer_get_home_x00);
      |                                      ^~~~~~~~~~~~~~~~~~~~~~~~~~~~~~~~~
      |                                      |
      |                                      int (*)(lua_State*)
src/tolua.h:48:65: note:   initializing argument 3 of ‘void tolua_function(lua_State*, const char*, void*)’
   48 | void tolua_function(lua_State* tolua_S, const char* name, void* func);
      |                                                           ~~~~~~^~~~
src/gslua.cpp:26659:38: warning: invalid conversion from ‘int (*)(lua_State*)’ to ‘void*’ [-fpermissive]
26659 |  tolua_function(tolua_S,"get_home_y",tolua_gslua_gsPlayer_get_home_y00);
      |                                      ^~~~~~~~~~~~~~~~~~~~~~~~~~~~~~~~~
      |                                      |
      |                                      int (*)(lua_State*)
src/tolua.h:48:65: note:   initializing argument 3 of ‘void tolua_function(lua_State*, const char*, void*)’
   48 | void tolua_function(lua_State* tolua_S, const char* name, void* func);
      |                                                           ~~~~~~^~~~
src/gslua.cpp:26660:38: warning: invalid conversion from ‘int (*)(lua_State*)’ to ‘void*’ [-fpermissive]
26660 |  tolua_function(tolua_S,"set_home_x",tolua_gslua_gsPlayer_set_home_x00);
      |                                      ^~~~~~~~~~~~~~~~~~~~~~~~~~~~~~~~~
      |                                      |
      |                                      int (*)(lua_State*)
src/tolua.h:48:65: note:   initializing argument 3 of ‘void tolua_function(lua_State*, const char*, void*)’
   48 | void tolua_function(lua_State* tolua_S, const char* name, void* func);
      |                                                           ~~~~~~^~~~
src/gslua.cpp:26661:38: warning: invalid conversion from ‘int (*)(lua_State*)’ to ‘void*’ [-fpermissive]
26661 |  tolua_function(tolua_S,"set_home_y",tolua_gslua_gsPlayer_set_home_y00);
      |                                      ^~~~~~~~~~~~~~~~~~~~~~~~~~~~~~~~~
      |                                      |
      |                                      int (*)(lua_State*)
src/tolua.h:48:65: note:   initializing argument 3 of ‘void tolua_function(lua_State*, const char*, void*)’
   48 | void tolua_function(lua_State* tolua_S, const char* name, void* func);
      |                                                           ~~~~~~^~~~
src/gslua.cpp:26662:36: warning: invalid conversion from ‘int (*)(lua_State*)’ to ‘void*’ [-fpermissive]
26662 |  tolua_function(tolua_S,"get_name",tolua_gslua_gsPlayer_get_name00);
      |                                    ^~~~~~~~~~~~~~~~~~~~~~~~~~~~~~~
      |                                    |
      |                                    int (*)(lua_State*)
src/tolua.h:48:65: note:   initializing argument 3 of ‘void tolua_function(lua_State*, const char*, void*)’
   48 | void tolua_function(lua_State* tolua_S, const char* name, void* func);
      |                                                           ~~~~~~^~~~
src/gslua.cpp:26663:36: warning: invalid conversion from ‘int (*)(lua_State*)’ to ‘void*’ [-fpermissive]
26663 |  tolua_function(tolua_S,"set_name",tolua_gslua_gsPlayer_set_name00);
      |                                    ^~~~~~~~~~~~~~~~~~~~~~~~~~~~~~~
      |                                    |
      |                                    int (*)(lua_State*)
src/tolua.h:48:65: note:   initializing argument 3 of ‘void tolua_function(lua_State*, const char*, void*)’
   48 | void tolua_function(lua_State* tolua_S, const char* name, void* func);
      |                                                           ~~~~~~^~~~
src/gslua.cpp:26664:41: warning: invalid conversion from ‘int (*)(lua_State*)’ to ‘void*’ [-fpermissive]
26664 |  tolua_function(tolua_S,"get_ship_name",tolua_gslua_gsPlayer_get_ship_name00);
      |                                         ^~~~~~~~~~~~~~~~~~~~~~~~~~~~~~~~~~~~
      |                                         |
      |                                         int (*)(lua_State*)
src/tolua.h:48:65: note:   initializing argument 3 of ‘void tolua_function(lua_State*, const char*, void*)’
   48 | void tolua_function(lua_State* tolua_S, const char* name, void* func);
      |                                                           ~~~~~~^~~~
src/gslua.cpp:26665:41: warning: invalid conversion from ‘int (*)(lua_State*)’ to ‘void*’ [-fpermissive]
26665 |  tolua_function(tolua_S,"set_ship_name",tolua_gslua_gsPlayer_set_ship_name00);
      |                                         ^~~~~~~~~~~~~~~~~~~~~~~~~~~~~~~~~~~~
      |                                         |
      |                                         int (*)(lua_State*)
src/tolua.h:48:65: note:   initializing argument 3 of ‘void tolua_function(lua_State*, const char*, void*)’
   48 | void tolua_function(lua_State* tolua_S, const char* name, void* func);
      |                                                           ~~~~~~^~~~
src/gslua.cpp:26666:41: warning: invalid conversion from ‘int (*)(lua_State*)’ to ‘void*’ [-fpermissive]
26666 |  tolua_function(tolua_S,"get_ship_desc",tolua_gslua_gsPlayer_get_ship_desc00);
      |                                         ^~~~~~~~~~~~~~~~~~~~~~~~~~~~~~~~~~~~
      |                                         |
      |                                         int (*)(lua_State*)
src/tolua.h:48:65: note:   initializing argument 3 of ‘void tolua_function(lua_State*, const char*, void*)’
   48 | void tolua_function(lua_State* tolua_S, const char* name, void* func);
      |                                                           ~~~~~~^~~~
src/gslua.cpp:26667:41: warning: invalid conversion from ‘int (*)(lua_State*)’ to ‘void*’ [-fpermissive]
26667 |  tolua_function(tolua_S,"set_ship_desc",tolua_gslua_gsPlayer_set_ship_desc00);
      |                                         ^~~~~~~~~~~~~~~~~~~~~~~~~~~~~~~~~~~~
      |                                         |
      |                                         int (*)(lua_State*)
src/tolua.h:48:65: note:   initializing argument 3 of ‘void tolua_function(lua_State*, const char*, void*)’
   48 | void tolua_function(lua_State* tolua_S, const char* name, void* func);
      |                                                           ~~~~~~^~~~
src/gslua.cpp:26668:50: warning: invalid conversion from ‘int (*)(lua_State*)’ to ‘void*’ [-fpermissive]
26668 |  tolua_function(tolua_S,"get_shipimage_filename",tolua_gslua_gsPlayer_get_shipimage_filename00);
      |                                                  ^~~~~~~~~~~~~~~~~~~~~~~~~~~~~~~~~~~~~~~~~~~~~
      |                                                  |
      |                                                  int (*)(lua_State*)
src/tolua.h:48:65: note:   initializing argument 3 of ‘void tolua_function(lua_State*, const char*, void*)’
   48 | void tolua_function(lua_State* tolua_S, const char* name, void* func);
      |                                                           ~~~~~~^~~~
src/gslua.cpp:26669:45: warning: invalid conversion from ‘int (*)(lua_State*)’ to ‘void*’ [-fpermissive]
26669 |  tolua_function(tolua_S,"set_percent_value",tolua_gslua_gsPlayer_set_percent_value00);
      |                                             ^~~~~~~~~~~~~~~~~~~~~~~~~~~~~~~~~~~~~~~~
      |                                             |
      |                                             int (*)(lua_State*)
src/tolua.h:48:65: note:   initializing argument 3 of ‘void tolua_function(lua_State*, const char*, void*)’
   48 | void tolua_function(lua_State* tolua_S, const char* name, void* func);
      |                                                           ~~~~~~^~~~
src/gslua.cpp:26670:45: warning: invalid conversion from ‘int (*)(lua_State*)’ to ‘void*’ [-fpermissive]
26670 |  tolua_function(tolua_S,"get_percent_value",tolua_gslua_gsPlayer_get_percent_value00);
      |                                             ^~~~~~~~~~~~~~~~~~~~~~~~~~~~~~~~~~~~~~~~
      |                                             |
      |                                             int (*)(lua_State*)
src/tolua.h:48:65: note:   initializing argument 3 of ‘void tolua_function(lua_State*, const char*, void*)’
   48 | void tolua_function(lua_State* tolua_S, const char* name, void* func);
      |                                                           ~~~~~~^~~~
src/gslua.cpp:26671:36: warning: invalid conversion from ‘int (*)(lua_State*)’ to ‘void*’ [-fpermissive]
26671 |  tolua_function(tolua_S,"set_dead",tolua_gslua_gsPlayer_set_dead00);
      |                                    ^~~~~~~~~~~~~~~~~~~~~~~~~~~~~~~
      |                                    |
      |                                    int (*)(lua_State*)
src/tolua.h:48:65: note:   initializing argument 3 of ‘void tolua_function(lua_State*, const char*, void*)’
   48 | void tolua_function(lua_State* tolua_S, const char* name, void* func);
      |                                                           ~~~~~~^~~~
src/gslua.cpp:26672:36: warning: invalid conversion from ‘int (*)(lua_State*)’ to ‘void*’ [-fpermissive]
26672 |  tolua_function(tolua_S,"get_dead",tolua_gslua_gsPlayer_get_dead00);
      |                                    ^~~~~~~~~~~~~~~~~~~~~~~~~~~~~~~
      |                                    |
      |                                    int (*)(lua_State*)
src/tolua.h:48:65: note:   initializing argument 3 of ‘void tolua_function(lua_State*, const char*, void*)’
   48 | void tolua_function(lua_State* tolua_S, const char* name, void* func);
      |                                                           ~~~~~~^~~~
src/gslua.cpp:26673:39: warning: invalid conversion from ‘int (*)(lua_State*)’ to ‘void*’ [-fpermissive]
26673 |  tolua_function(tolua_S,"set_freezed",tolua_gslua_gsPlayer_set_freezed00);
      |                                       ^~~~~~~~~~~~~~~~~~~~~~~~~~~~~~~~~~
      |                                       |
      |                                       int (*)(lua_State*)
src/tolua.h:48:65: note:   initializing argument 3 of ‘void tolua_function(lua_State*, const char*, void*)’
   48 | void tolua_function(lua_State* tolua_S, const char* name, void* func);
      |                                                           ~~~~~~^~~~
src/gslua.cpp:26674:39: warning: invalid conversion from ‘int (*)(lua_State*)’ to ‘void*’ [-fpermissive]
26674 |  tolua_function(tolua_S,"get_freezed",tolua_gslua_gsPlayer_get_freezed00);
      |                                       ^~~~~~~~~~~~~~~~~~~~~~~~~~~~~~~~~~
      |                                       |
      |                                       int (*)(lua_State*)
src/tolua.h:48:65: note:   initializing argument 3 of ‘void tolua_function(lua_State*, const char*, void*)’
   48 | void tolua_function(lua_State* tolua_S, const char* name, void* func);
      |                                                           ~~~~~~^~~~
src/gslua.cpp:26675:40: warning: invalid conversion from ‘int (*)(lua_State*)’ to ‘void*’ [-fpermissive]
26675 |  tolua_function(tolua_S,"set_shrinked",tolua_gslua_gsPlayer_set_shrinked00);
      |                                        ^~~~~~~~~~~~~~~~~~~~~~~~~~~~~~~~~~~
      |                                        |
      |                                        int (*)(lua_State*)
src/tolua.h:48:65: note:   initializing argument 3 of ‘void tolua_function(lua_State*, const char*, void*)’
   48 | void tolua_function(lua_State* tolua_S, const char* name, void* func);
      |                                                           ~~~~~~^~~~
src/gslua.cpp:26676:40: warning: invalid conversion from ‘int (*)(lua_State*)’ to ‘void*’ [-fpermissive]
26676 |  tolua_function(tolua_S,"get_shrinked",tolua_gslua_gsPlayer_get_shrinked00);
      |                                        ^~~~~~~~~~~~~~~~~~~~~~~~~~~~~~~~~~~
      |                                        |
      |                                        int (*)(lua_State*)
src/tolua.h:48:65: note:   initializing argument 3 of ‘void tolua_function(lua_State*, const char*, void*)’
   48 | void tolua_function(lua_State* tolua_S, const char* name, void* func);
      |                                                           ~~~~~~^~~~
src/gslua.cpp:26677:40: warning: invalid conversion from ‘int (*)(lua_State*)’ to ‘void*’ [-fpermissive]
26677 |  tolua_function(tolua_S,"set_delirium",tolua_gslua_gsPlayer_set_delirium00);
      |                                        ^~~~~~~~~~~~~~~~~~~~~~~~~~~~~~~~~~~
      |                                        |
      |                                        int (*)(lua_State*)
src/tolua.h:48:65: note:   initializing argument 3 of ‘void tolua_function(lua_State*, const char*, void*)’
   48 | void tolua_function(lua_State* tolua_S, const char* name, void* func);
      |                                                           ~~~~~~^~~~
src/gslua.cpp:26678:40: warning: invalid conversion from ‘int (*)(lua_State*)’ to ‘void*’ [-fpermissive]
26678 |  tolua_function(tolua_S,"get_delirium",tolua_gslua_gsPlayer_get_delirium00);
      |                                        ^~~~~~~~~~~~~~~~~~~~~~~~~~~~~~~~~~~
      |                                        |
      |                                        int (*)(lua_State*)
src/tolua.h:48:65: note:   initializing argument 3 of ‘void tolua_function(lua_State*, const char*, void*)’
   48 | void tolua_function(lua_State* tolua_S, const char* name, void* func);
      |                                                           ~~~~~~^~~~
src/gslua.cpp:26679:37: warning: invalid conversion from ‘int (*)(lua_State*)’ to ‘void*’ [-fpermissive]
26679 |  tolua_function(tolua_S,"get_hitby",tolua_gslua_gsPlayer_get_hitby00);
      |                                     ^~~~~~~~~~~~~~~~~~~~~~~~~~~~~~~~
      |                                     |
      |                                     int (*)(lua_State*)
src/tolua.h:48:65: note:   initializing argument 3 of ‘void tolua_function(lua_State*, const char*, void*)’
   48 | void tolua_function(lua_State* tolua_S, const char* name, void* func);
      |                                                           ~~~~~~^~~~
src/gslua.cpp:26680:40: warning: invalid conversion from ‘int (*)(lua_State*)’ to ‘void*’ [-fpermissive]
26680 |  tolua_function(tolua_S,"get_killedby",tolua_gslua_gsPlayer_get_killedby00);
      |                                        ^~~~~~~~~~~~~~~~~~~~~~~~~~~~~~~~~~~
      |                                        |
      |                                        int (*)(lua_State*)
src/tolua.h:48:65: note:   initializing argument 3 of ‘void tolua_function(lua_State*, const char*, void*)’
   48 | void tolua_function(lua_State* tolua_S, const char* name, void* func);
      |                                                           ~~~~~~^~~~
src/gslua.cpp:26681:37: warning: invalid conversion from ‘int (*)(lua_State*)’ to ‘void*’ [-fpermissive]
26681 |  tolua_function(tolua_S,"set_hitby",tolua_gslua_gsPlayer_set_hitby00);
      |                                     ^~~~~~~~~~~~~~~~~~~~~~~~~~~~~~~~
      |                                     |
      |                                     int (*)(lua_State*)
src/tolua.h:48:65: note:   initializing argument 3 of ‘void tolua_function(lua_State*, const char*, void*)’
   48 | void tolua_function(lua_State* tolua_S, const char* name, void* func);
      |                                                           ~~~~~~^~~~
src/gslua.cpp:26682:40: warning: invalid conversion from ‘int (*)(lua_State*)’ to ‘void*’ [-fpermissive]
26682 |  tolua_function(tolua_S,"set_killedby",tolua_gslua_gsPlayer_set_killedby00);
      |                                        ^~~~~~~~~~~~~~~~~~~~~~~~~~~~~~~~~~~
      |                                        |
      |                                        int (*)(lua_State*)
src/tolua.h:48:65: note:   initializing argument 3 of ‘void tolua_function(lua_State*, const char*, void*)’
   48 | void tolua_function(lua_State* tolua_S, const char* name, void* func);
      |                                                           ~~~~~~^~~~
src/gslua.cpp:26683:41: warning: invalid conversion from ‘int (*)(lua_State*)’ to ‘void*’ [-fpermissive]
26683 |  tolua_function(tolua_S,"get_hitbyweap",tolua_gslua_gsPlayer_get_hitbyweap00);
      |                                         ^~~~~~~~~~~~~~~~~~~~~~~~~~~~~~~~~~~~
      |                                         |
      |                                         int (*)(lua_State*)
src/tolua.h:48:65: note:   initializing argument 3 of ‘void tolua_function(lua_State*, const char*, void*)’
   48 | void tolua_function(lua_State* tolua_S, const char* name, void* func);
      |                                                           ~~~~~~^~~~
src/gslua.cpp:26684:41: warning: invalid conversion from ‘int (*)(lua_State*)’ to ‘void*’ [-fpermissive]
26684 |  tolua_function(tolua_S,"set_hitbyweap",tolua_gslua_gsPlayer_set_hitbyweap00);
      |                                         ^~~~~~~~~~~~~~~~~~~~~~~~~~~~~~~~~~~~
      |                                         |
      |                                         int (*)(lua_State*)
src/tolua.h:48:65: note:   initializing argument 3 of ‘void tolua_function(lua_State*, const char*, void*)’
   48 | void tolua_function(lua_State* tolua_S, const char* name, void* func);
      |                                                           ~~~~~~^~~~
src/gslua.cpp:26685:42: warning: invalid conversion from ‘int (*)(lua_State*)’ to ‘void*’ [-fpermissive]
26685 |  tolua_function(tolua_S,"get_time_alive",tolua_gslua_gsPlayer_get_time_alive00);
      |                                          ^~~~~~~~~~~~~~~~~~~~~~~~~~~~~~~~~~~~~
      |                                          |
      |                                          int (*)(lua_State*)
src/tolua.h:48:65: note:   initializing argument 3 of ‘void tolua_function(lua_State*, const char*, void*)’
   48 | void tolua_function(lua_State* tolua_S, const char* name, void* func);
      |                                                           ~~~~~~^~~~
src/gslua.cpp:26686:38: warning: invalid conversion from ‘int (*)(lua_State*)’ to ‘void*’ [-fpermissive]
26686 |  tolua_function(tolua_S,"get_damage",tolua_gslua_gsPlayer_get_damage00);
      |                                      ^~~~~~~~~~~~~~~~~~~~~~~~~~~~~~~~~
      |                                      |
      |                                      int (*)(lua_State*)
src/tolua.h:48:65: note:   initializing argument 3 of ‘void tolua_function(lua_State*, const char*, void*)’
   48 | void tolua_function(lua_State* tolua_S, const char* name, void* func);
      |                                                           ~~~~~~^~~~
src/gslua.cpp:26687:38: warning: invalid conversion from ‘int (*)(lua_State*)’ to ‘void*’ [-fpermissive]
26687 |  tolua_function(tolua_S,"set_damage",tolua_gslua_gsPlayer_set_damage00);
      |                                      ^~~~~~~~~~~~~~~~~~~~~~~~~~~~~~~~~
      |                                      |
      |                                      int (*)(lua_State*)
src/tolua.h:48:65: note:   initializing argument 3 of ‘void tolua_function(lua_State*, const char*, void*)’
   48 | void tolua_function(lua_State* tolua_S, const char* name, void* func);
      |                                                           ~~~~~~^~~~
src/gslua.cpp:26688:36: warning: invalid conversion from ‘int (*)(lua_State*)’ to ‘void*’ [-fpermissive]
26688 |  tolua_function(tolua_S,"set_land",tolua_gslua_gsPlayer_set_land00);
      |                                    ^~~~~~~~~~~~~~~~~~~~~~~~~~~~~~~
      |                                    |
      |                                    int (*)(lua_State*)
src/tolua.h:48:65: note:   initializing argument 3 of ‘void tolua_function(lua_State*, const char*, void*)’
   48 | void tolua_function(lua_State* tolua_S, const char* name, void* func);
      |                                                           ~~~~~~^~~~
src/gslua.cpp:26689:36: warning: invalid conversion from ‘int (*)(lua_State*)’ to ‘void*’ [-fpermissive]
26689 |  tolua_function(tolua_S,"get_land",tolua_gslua_gsPlayer_get_land00);
      |                                    ^~~~~~~~~~~~~~~~~~~~~~~~~~~~~~~
      |                                    |
      |                                    int (*)(lua_State*)
src/tolua.h:48:65: note:   initializing argument 3 of ‘void tolua_function(lua_State*, const char*, void*)’
   48 | void tolua_function(lua_State* tolua_S, const char* name, void* func);
      |                                                           ~~~~~~^~~~
src/gslua.cpp:26690:40: warning: invalid conversion from ‘int (*)(lua_State*)’ to ‘void*’ [-fpermissive]
26690 |  tolua_function(tolua_S,"get_land_dur",tolua_gslua_gsPlayer_get_land_dur00);
      |                                        ^~~~~~~~~~~~~~~~~~~~~~~~~~~~~~~~~~~
      |                                        |
      |                                        int (*)(lua_State*)
src/tolua.h:48:65: note:   initializing argument 3 of ‘void tolua_function(lua_State*, const char*, void*)’
   48 | void tolua_function(lua_State* tolua_S, const char* name, void* func);
      |                                                           ~~~~~~^~~~
src/gslua.cpp:26691:41: warning: invalid conversion from ‘int (*)(lua_State*)’ to ‘void*’ [-fpermissive]
26691 |  tolua_function(tolua_S,"set_land_base",tolua_gslua_gsPlayer_set_land_base00);
      |                                         ^~~~~~~~~~~~~~~~~~~~~~~~~~~~~~~~~~~~
      |                                         |
      |                                         int (*)(lua_State*)
src/tolua.h:48:65: note:   initializing argument 3 of ‘void tolua_function(lua_State*, const char*, void*)’
   48 | void tolua_function(lua_State* tolua_S, const char* name, void* func);
      |                                                           ~~~~~~^~~~
src/gslua.cpp:26692:41: warning: invalid conversion from ‘int (*)(lua_State*)’ to ‘void*’ [-fpermissive]
26692 |  tolua_function(tolua_S,"get_land_base",tolua_gslua_gsPlayer_get_land_base00);
      |                                         ^~~~~~~~~~~~~~~~~~~~~~~~~~~~~~~~~~~~
      |                                         |
      |                                         int (*)(lua_State*)
src/tolua.h:48:65: note:   initializing argument 3 of ‘void tolua_function(lua_State*, const char*, void*)’
   48 | void tolua_function(lua_State* tolua_S, const char* name, void* func);
      |                                                           ~~~~~~^~~~
src/gslua.cpp:26693:38: warning: invalid conversion from ‘int (*)(lua_State*)’ to ‘void*’ [-fpermissive]
26693 |  tolua_function(tolua_S,"get_weight",tolua_gslua_gsPlayer_get_weight00);
      |                                      ^~~~~~~~~~~~~~~~~~~~~~~~~~~~~~~~~
      |                                      |
      |                                      int (*)(lua_State*)
src/tolua.h:48:65: note:   initializing argument 3 of ‘void tolua_function(lua_State*, const char*, void*)’
   48 | void tolua_function(lua_State* tolua_S, const char* name, void* func);
      |                                                           ~~~~~~^~~~
src/gslua.cpp:26694:38: warning: invalid conversion from ‘int (*)(lua_State*)’ to ‘void*’ [-fpermissive]
26694 |  tolua_function(tolua_S,"set_weight",tolua_gslua_gsPlayer_set_weight00);
      |                                      ^~~~~~~~~~~~~~~~~~~~~~~~~~~~~~~~~
      |                                      |
      |                                      int (*)(lua_State*)
src/tolua.h:48:65: note:   initializing argument 3 of ‘void tolua_function(lua_State*, const char*, void*)’
   48 | void tolua_function(lua_State* tolua_S, const char* name, void* func);
      |                                                           ~~~~~~^~~~
src/gslua.cpp:26695:45: warning: invalid conversion from ‘int (*)(lua_State*)’ to ‘void*’ [-fpermissive]
26695 |  tolua_function(tolua_S,"get_weight_factor",tolua_gslua_gsPlayer_get_weight_factor00);
      |                                             ^~~~~~~~~~~~~~~~~~~~~~~~~~~~~~~~~~~~~~~~
      |                                             |
      |                                             int (*)(lua_State*)
src/tolua.h:48:65: note:   initializing argument 3 of ‘void tolua_function(lua_State*, const char*, void*)’
   48 | void tolua_function(lua_State* tolua_S, const char* name, void* func);
      |                                                           ~~~~~~^~~~
src/gslua.cpp:26696:45: warning: invalid conversion from ‘int (*)(lua_State*)’ to ‘void*’ [-fpermissive]
26696 |  tolua_function(tolua_S,"set_weight_factor",tolua_gslua_gsPlayer_set_weight_factor00);
      |                                             ^~~~~~~~~~~~~~~~~~~~~~~~~~~~~~~~~~~~~~~~
      |                                             |
      |                                             int (*)(lua_State*)
src/tolua.h:48:65: note:   initializing argument 3 of ‘void tolua_function(lua_State*, const char*, void*)’
   48 | void tolua_function(lua_State* tolua_S, const char* name, void* func);
      |                                                           ~~~~~~^~~~
src/gslua.cpp:26697:36: warning: invalid conversion from ‘int (*)(lua_State*)’ to ‘void*’ [-fpermissive]
26697 |  tolua_function(tolua_S,"get_hull",tolua_gslua_gsPlayer_get_hull00);
      |                                    ^~~~~~~~~~~~~~~~~~~~~~~~~~~~~~~
      |                                    |
      |                                    int (*)(lua_State*)
src/tolua.h:48:65: note:   initializing argument 3 of ‘void tolua_function(lua_State*, const char*, void*)’
   48 | void tolua_function(lua_State* tolua_S, const char* name, void* func);
      |                                                           ~~~~~~^~~~
src/gslua.cpp:26698:38: warning: invalid conversion from ‘int (*)(lua_State*)’ to ‘void*’ [-fpermissive]
26698 |  tolua_function(tolua_S,"get_shield",tolua_gslua_gsPlayer_get_shield00);
      |                                      ^~~~~~~~~~~~~~~~~~~~~~~~~~~~~~~~~
      |                                      |
      |                                      int (*)(lua_State*)
src/tolua.h:48:65: note:   initializing argument 3 of ‘void tolua_function(lua_State*, const char*, void*)’
   48 | void tolua_function(lua_State* tolua_S, const char* name, void* func);
      |                                                           ~~~~~~^~~~
src/gslua.cpp:26699:36: warning: invalid conversion from ‘int (*)(lua_State*)’ to ‘void*’ [-fpermissive]
26699 |  tolua_function(tolua_S,"get_fuel",tolua_gslua_gsPlayer_get_fuel00);
      |                                    ^~~~~~~~~~~~~~~~~~~~~~~~~~~~~~~
      |                                    |
      |                                    int (*)(lua_State*)
src/tolua.h:48:65: note:   initializing argument 3 of ‘void tolua_function(lua_State*, const char*, void*)’
   48 | void tolua_function(lua_State* tolua_S, const char* name, void* func);
      |                                                           ~~~~~~^~~~
src/gslua.cpp:26700:36: warning: invalid conversion from ‘int (*)(lua_State*)’ to ‘void*’ [-fpermissive]
26700 |  tolua_function(tolua_S,"set_hull",tolua_gslua_gsPlayer_set_hull00);
      |                                    ^~~~~~~~~~~~~~~~~~~~~~~~~~~~~~~
      |                                    |
      |                                    int (*)(lua_State*)
src/tolua.h:48:65: note:   initializing argument 3 of ‘void tolua_function(lua_State*, const char*, void*)’
   48 | void tolua_function(lua_State* tolua_S, const char* name, void* func);
      |                                                           ~~~~~~^~~~
src/gslua.cpp:26701:38: warning: invalid conversion from ‘int (*)(lua_State*)’ to ‘void*’ [-fpermissive]
26701 |  tolua_function(tolua_S,"set_shield",tolua_gslua_gsPlayer_set_shield00);
      |                                      ^~~~~~~~~~~~~~~~~~~~~~~~~~~~~~~~~
      |                                      |
      |                                      int (*)(lua_State*)
src/tolua.h:48:65: note:   initializing argument 3 of ‘void tolua_function(lua_State*, const char*, void*)’
   48 | void tolua_function(lua_State* tolua_S, const char* name, void* func);
      |                                                           ~~~~~~^~~~
src/gslua.cpp:26702:36: warning: invalid conversion from ‘int (*)(lua_State*)’ to ‘void*’ [-fpermissive]
26702 |  tolua_function(tolua_S,"set_fuel",tolua_gslua_gsPlayer_set_fuel00);
      |                                    ^~~~~~~~~~~~~~~~~~~~~~~~~~~~~~~
      |                                    |
      |                                    int (*)(lua_State*)
src/tolua.h:48:65: note:   initializing argument 3 of ‘void tolua_function(lua_State*, const char*, void*)’
   48 | void tolua_function(lua_State* tolua_S, const char* name, void* func);
      |                                                           ~~~~~~^~~~
src/gslua.cpp:26703:43: warning: invalid conversion from ‘int (*)(lua_State*)’ to ‘void*’ [-fpermissive]
26703 |  tolua_function(tolua_S,"set_wall_shield",tolua_gslua_gsPlayer_set_wall_shield00);
      |                                           ^~~~~~~~~~~~~~~~~~~~~~~~~~~~~~~~~~~~~~
      |                                           |
      |                                           int (*)(lua_State*)
src/tolua.h:48:65: note:   initializing argument 3 of ‘void tolua_function(lua_State*, const char*, void*)’
   48 | void tolua_function(lua_State* tolua_S, const char* name, void* func);
      |                                                           ~~~~~~^~~~
src/gslua.cpp:26704:43: warning: invalid conversion from ‘int (*)(lua_State*)’ to ‘void*’ [-fpermissive]
26704 |  tolua_function(tolua_S,"get_wall_shield",tolua_gslua_gsPlayer_get_wall_shield00);
      |                                           ^~~~~~~~~~~~~~~~~~~~~~~~~~~~~~~~~~~~~~
      |                                           |
      |                                           int (*)(lua_State*)
src/tolua.h:48:65: note:   initializing argument 3 of ‘void tolua_function(lua_State*, const char*, void*)’
   48 | void tolua_function(lua_State* tolua_S, const char* name, void* func);
      |                                                           ~~~~~~^~~~
src/gslua.cpp:26705:52: warning: invalid conversion from ‘int (*)(lua_State*)’ to ‘void*’ [-fpermissive]
26705 |  tolua_function(tolua_S,"set_wall_shield_recharge",tolua_gslua_gsPlayer_set_wall_shield_recharge00);
      |                                                    ^~~~~~~~~~~~~~~~~~~~~~~~~~~~~~~~~~~~~~~~~~~~~~~
      |                                                    |
      |                                                    int (*)(lua_State*)
src/tolua.h:48:65: note:   initializing argument 3 of ‘void tolua_function(lua_State*, const char*, void*)’
   48 | void tolua_function(lua_State* tolua_S, const char* name, void* func);
      |                                                           ~~~~~~^~~~
src/gslua.cpp:26706:52: warning: invalid conversion from ‘int (*)(lua_State*)’ to ‘void*’ [-fpermissive]
26706 |  tolua_function(tolua_S,"get_wall_shield_recharge",tolua_gslua_gsPlayer_get_wall_shield_recharge00);
      |                                                    ^~~~~~~~~~~~~~~~~~~~~~~~~~~~~~~~~~~~~~~~~~~~~~~
      |                                                    |
      |                                                    int (*)(lua_State*)
src/tolua.h:48:65: note:   initializing argument 3 of ‘void tolua_function(lua_State*, const char*, void*)’
   48 | void tolua_function(lua_State* tolua_S, const char* name, void* func);
      |                                                           ~~~~~~^~~~
src/gslua.cpp:26707:40: warning: invalid conversion from ‘int (*)(lua_State*)’ to ‘void*’ [-fpermissive]
26707 |  tolua_function(tolua_S,"get_max_fuel",tolua_gslua_gsPlayer_get_max_fuel00);
      |                                        ^~~~~~~~~~~~~~~~~~~~~~~~~~~~~~~~~~~
      |                                        |
      |                                        int (*)(lua_State*)
src/tolua.h:48:65: note:   initializing argument 3 of ‘void tolua_function(lua_State*, const char*, void*)’
   48 | void tolua_function(lua_State* tolua_S, const char* name, void* func);
      |                                                           ~~~~~~^~~~
src/gslua.cpp:26708:40: warning: invalid conversion from ‘int (*)(lua_State*)’ to ‘void*’ [-fpermissive]
26708 |  tolua_function(tolua_S,"get_max_hull",tolua_gslua_gsPlayer_get_max_hull00);
      |                                        ^~~~~~~~~~~~~~~~~~~~~~~~~~~~~~~~~~~
      |                                        |
      |                                        int (*)(lua_State*)
src/tolua.h:48:65: note:   initializing argument 3 of ‘void tolua_function(lua_State*, const char*, void*)’
   48 | void tolua_function(lua_State* tolua_S, const char* name, void* func);
      |                                                           ~~~~~~^~~~
src/gslua.cpp:26709:42: warning: invalid conversion from ‘int (*)(lua_State*)’ to ‘void*’ [-fpermissive]
26709 |  tolua_function(tolua_S,"get_max_shield",tolua_gslua_gsPlayer_get_max_shield00);
      |                                          ^~~~~~~~~~~~~~~~~~~~~~~~~~~~~~~~~~~~~
      |                                          |
      |                                          int (*)(lua_State*)
src/tolua.h:48:65: note:   initializing argument 3 of ‘void tolua_function(lua_State*, const char*, void*)’
   48 | void tolua_function(lua_State* tolua_S, const char* name, void* func);
      |                                                           ~~~~~~^~~~
src/gslua.cpp:26710:42: warning: invalid conversion from ‘int (*)(lua_State*)’ to ‘void*’ [-fpermissive]
26710 |  tolua_function(tolua_S,"set_max_shield",tolua_gslua_gsPlayer_set_max_shield00);
      |                                          ^~~~~~~~~~~~~~~~~~~~~~~~~~~~~~~~~~~~~
      |                                          |
      |                                          int (*)(lua_State*)
src/tolua.h:48:65: note:   initializing argument 3 of ‘void tolua_function(lua_State*, const char*, void*)’
   48 | void tolua_function(lua_State* tolua_S, const char* name, void* func);
      |                                                           ~~~~~~^~~~
src/gslua.cpp:26711:40: warning: invalid conversion from ‘int (*)(lua_State*)’ to ‘void*’ [-fpermissive]
26711 |  tolua_function(tolua_S,"set_max_hull",tolua_gslua_gsPlayer_set_max_hull00);
      |                                        ^~~~~~~~~~~~~~~~~~~~~~~~~~~~~~~~~~~
      |                                        |
      |                                        int (*)(lua_State*)
src/tolua.h:48:65: note:   initializing argument 3 of ‘void tolua_function(lua_State*, const char*, void*)’
   48 | void tolua_function(lua_State* tolua_S, const char* name, void* func);
      |                                                           ~~~~~~^~~~
src/gslua.cpp:26712:47: warning: invalid conversion from ‘int (*)(lua_State*)’ to ‘void*’ [-fpermissive]
26712 |  tolua_function(tolua_S,"get_max_wall_shield",tolua_gslua_gsPlayer_get_max_wall_shield00);
      |                                               ^~~~~~~~~~~~~~~~~~~~~~~~~~~~~~~~~~~~~~~~~~
      |                                               |
      |                                               int (*)(lua_State*)
src/tolua.h:48:65: note:   initializing argument 3 of ‘void tolua_function(lua_State*, const char*, void*)’
   48 | void tolua_function(lua_State* tolua_S, const char* name, void* func);
      |                                                           ~~~~~~^~~~
src/gslua.cpp:26713:43: warning: invalid conversion from ‘int (*)(lua_State*)’ to ‘void*’ [-fpermissive]
26713 |  tolua_function(tolua_S,"set_hull_repair",tolua_gslua_gsPlayer_set_hull_repair00);
      |                                           ^~~~~~~~~~~~~~~~~~~~~~~~~~~~~~~~~~~~~~
      |                                           |
      |                                           int (*)(lua_State*)
src/tolua.h:48:65: note:   initializing argument 3 of ‘void tolua_function(lua_State*, const char*, void*)’
   48 | void tolua_function(lua_State* tolua_S, const char* name, void* func);
      |                                                           ~~~~~~^~~~
src/gslua.cpp:26714:43: warning: invalid conversion from ‘int (*)(lua_State*)’ to ‘void*’ [-fpermissive]
26714 |  tolua_function(tolua_S,"get_hull_repair",tolua_gslua_gsPlayer_get_hull_repair00);
      |                                           ^~~~~~~~~~~~~~~~~~~~~~~~~~~~~~~~~~~~~~
      |                                           |
      |                                           int (*)(lua_State*)
src/tolua.h:48:65: note:   initializing argument 3 of ‘void tolua_function(lua_State*, const char*, void*)’
   48 | void tolua_function(lua_State* tolua_S, const char* name, void* func);
      |                                                           ~~~~~~^~~~
src/gslua.cpp:26715:47: warning: invalid conversion from ‘int (*)(lua_State*)’ to ‘void*’ [-fpermissive]
26715 |  tolua_function(tolua_S,"get_shield_recharge",tolua_gslua_gsPlayer_get_shield_recharge00);
      |                                               ^~~~~~~~~~~~~~~~~~~~~~~~~~~~~~~~~~~~~~~~~~
      |                                               |
      |                                               int (*)(lua_State*)
src/tolua.h:48:65: note:   initializing argument 3 of ‘void tolua_function(lua_State*, const char*, void*)’
   48 | void tolua_function(lua_State* tolua_S, const char* name, void* func);
      |                                                           ~~~~~~^~~~
src/gslua.cpp:26716:47: warning: invalid conversion from ‘int (*)(lua_State*)’ to ‘void*’ [-fpermissive]
26716 |  tolua_function(tolua_S,"set_shield_recharge",tolua_gslua_gsPlayer_set_shield_recharge00);
      |                                               ^~~~~~~~~~~~~~~~~~~~~~~~~~~~~~~~~~~~~~~~~~
      |                                               |
      |                                               int (*)(lua_State*)
src/tolua.h:48:65: note:   initializing argument 3 of ‘void tolua_function(lua_State*, const char*, void*)’
   48 | void tolua_function(lua_State* tolua_S, const char* name, void* func);
      |                                                           ~~~~~~^~~~
src/gslua.cpp:26717:40: warning: invalid conversion from ‘int (*)(lua_State*)’ to ‘void*’ [-fpermissive]
26717 |  tolua_function(tolua_S,"get_fuel_dec",tolua_gslua_gsPlayer_get_fuel_dec00);
      |                                        ^~~~~~~~~~~~~~~~~~~~~~~~~~~~~~~~~~~
      |                                        |
      |                                        int (*)(lua_State*)
src/tolua.h:48:65: note:   initializing argument 3 of ‘void tolua_function(lua_State*, const char*, void*)’
   48 | void tolua_function(lua_State* tolua_S, const char* name, void* func);
      |                                                           ~~~~~~^~~~
src/gslua.cpp:26718:40: warning: invalid conversion from ‘int (*)(lua_State*)’ to ‘void*’ [-fpermissive]
26718 |  tolua_function(tolua_S,"set_fuel_dec",tolua_gslua_gsPlayer_set_fuel_dec00);
      |                                        ^~~~~~~~~~~~~~~~~~~~~~~~~~~~~~~~~~~
      |                                        |
      |                                        int (*)(lua_State*)
src/tolua.h:48:65: note:   initializing argument 3 of ‘void tolua_function(lua_State*, const char*, void*)’
   48 | void tolua_function(lua_State* tolua_S, const char* name, void* func);
      |                                                           ~~~~~~^~~~
src/gslua.cpp:26719:41: warning: invalid conversion from ‘int (*)(lua_State*)’ to ‘void*’ [-fpermissive]
26719 |  tolua_function(tolua_S,"get_max_speed",tolua_gslua_gsPlayer_get_max_speed00);
      |                                         ^~~~~~~~~~~~~~~~~~~~~~~~~~~~~~~~~~~~
      |                                         |
      |                                         int (*)(lua_State*)
src/tolua.h:48:65: note:   initializing argument 3 of ‘void tolua_function(lua_State*, const char*, void*)’
   48 | void tolua_function(lua_State* tolua_S, const char* name, void* func);
      |                                                           ~~~~~~^~~~
src/gslua.cpp:26720:41: warning: invalid conversion from ‘int (*)(lua_State*)’ to ‘void*’ [-fpermissive]
26720 |  tolua_function(tolua_S,"set_max_speed",tolua_gslua_gsPlayer_set_max_speed00);
      |                                         ^~~~~~~~~~~~~~~~~~~~~~~~~~~~~~~~~~~~
      |                                         |
      |                                         int (*)(lua_State*)
src/tolua.h:48:65: note:   initializing argument 3 of ‘void tolua_function(lua_State*, const char*, void*)’
   48 | void tolua_function(lua_State* tolua_S, const char* name, void* func);
      |                                                           ~~~~~~^~~~
src/gslua.cpp:26721:42: warning: invalid conversion from ‘int (*)(lua_State*)’ to ‘void*’ [-fpermissive]
26721 |  tolua_function(tolua_S,"get_player_acc",tolua_gslua_gsPlayer_get_player_acc00);
      |                                          ^~~~~~~~~~~~~~~~~~~~~~~~~~~~~~~~~~~~~
      |                                          |
      |                                          int (*)(lua_State*)
src/tolua.h:48:65: note:   initializing argument 3 of ‘void tolua_function(lua_State*, const char*, void*)’
   48 | void tolua_function(lua_State* tolua_S, const char* name, void* func);
      |                                                           ~~~~~~^~~~
src/gslua.cpp:26722:42: warning: invalid conversion from ‘int (*)(lua_State*)’ to ‘void*’ [-fpermissive]
26722 |  tolua_function(tolua_S,"set_player_acc",tolua_gslua_gsPlayer_set_player_acc00);
      |                                          ^~~~~~~~~~~~~~~~~~~~~~~~~~~~~~~~~~~~~
      |                                          |
      |                                          int (*)(lua_State*)
src/tolua.h:48:65: note:   initializing argument 3 of ‘void tolua_function(lua_State*, const char*, void*)’
   48 | void tolua_function(lua_State* tolua_S, const char* name, void* func);
      |                                                           ~~~~~~^~~~
src/gslua.cpp:26723:42: warning: invalid conversion from ‘int (*)(lua_State*)’ to ‘void*’ [-fpermissive]
26723 |  tolua_function(tolua_S,"get_turn_speed",tolua_gslua_gsPlayer_get_turn_speed00);
      |                                          ^~~~~~~~~~~~~~~~~~~~~~~~~~~~~~~~~~~~~
      |                                          |
      |                                          int (*)(lua_State*)
src/tolua.h:48:65: note:   initializing argument 3 of ‘void tolua_function(lua_State*, const char*, void*)’
   48 | void tolua_function(lua_State* tolua_S, const char* name, void* func);
      |                                                           ~~~~~~^~~~
src/gslua.cpp:26724:42: warning: invalid conversion from ‘int (*)(lua_State*)’ to ‘void*’ [-fpermissive]
26724 |  tolua_function(tolua_S,"set_turn_speed",tolua_gslua_gsPlayer_set_turn_speed00);
      |                                          ^~~~~~~~~~~~~~~~~~~~~~~~~~~~~~~~~~~~~
      |                                          |
      |                                          int (*)(lua_State*)
src/tolua.h:48:65: note:   initializing argument 3 of ‘void tolua_function(lua_State*, const char*, void*)’
   48 | void tolua_function(lua_State* tolua_S, const char* name, void* func);
      |                                                           ~~~~~~^~~~
src/gslua.cpp:26725:41: warning: invalid conversion from ‘int (*)(lua_State*)’ to ‘void*’ [-fpermissive]
26725 |  tolua_function(tolua_S,"set_ship_type",tolua_gslua_gsPlayer_set_ship_type00);
      |                                         ^~~~~~~~~~~~~~~~~~~~~~~~~~~~~~~~~~~~
      |                                         |
      |                                         int (*)(lua_State*)
src/tolua.h:48:65: note:   initializing argument 3 of ‘void tolua_function(lua_State*, const char*, void*)’
   48 | void tolua_function(lua_State* tolua_S, const char* name, void* func);
      |                                                           ~~~~~~^~~~
src/gslua.cpp:26726:41: warning: invalid conversion from ‘int (*)(lua_State*)’ to ‘void*’ [-fpermissive]
26726 |  tolua_function(tolua_S,"get_ship_type",tolua_gslua_gsPlayer_get_ship_type00);
      |                                         ^~~~~~~~~~~~~~~~~~~~~~~~~~~~~~~~~~~~
      |                                         |
      |                                         int (*)(lua_State*)
src/tolua.h:48:65: note:   initializing argument 3 of ‘void tolua_function(lua_State*, const char*, void*)’
   48 | void tolua_function(lua_State* tolua_S, const char* name, void* func);
      |                                                           ~~~~~~^~~~
src/gslua.cpp:26727:46: warning: invalid conversion from ‘int (*)(lua_State*)’ to ‘void*’ [-fpermissive]
26727 |  tolua_function(tolua_S,"set_max_radar_zoom",tolua_gslua_gsPlayer_set_max_radar_zoom00);
      |                                              ^~~~~~~~~~~~~~~~~~~~~~~~~~~~~~~~~~~~~~~~~
      |                                              |
      |                                              int (*)(lua_State*)
src/tolua.h:48:65: note:   initializing argument 3 of ‘void tolua_function(lua_State*, const char*, void*)’
   48 | void tolua_function(lua_State* tolua_S, const char* name, void* func);
      |                                                           ~~~~~~^~~~
src/gslua.cpp:26728:46: warning: invalid conversion from ‘int (*)(lua_State*)’ to ‘void*’ [-fpermissive]
26728 |  tolua_function(tolua_S,"get_max_radar_zoom",tolua_gslua_gsPlayer_get_max_radar_zoom00);
      |                                              ^~~~~~~~~~~~~~~~~~~~~~~~~~~~~~~~~~~~~~~~~
      |                                              |
      |                                              int (*)(lua_State*)
src/tolua.h:48:65: note:   initializing argument 3 of ‘void tolua_function(lua_State*, const char*, void*)’
   48 | void tolua_function(lua_State* tolua_S, const char* name, void* func);
      |                                                           ~~~~~~^~~~
src/gslua.cpp:26729:46: warning: invalid conversion from ‘int (*)(lua_State*)’ to ‘void*’ [-fpermissive]
26729 |  tolua_function(tolua_S,"set_weapon_storage",tolua_gslua_gsPlayer_set_weapon_storage00);
      |                                              ^~~~~~~~~~~~~~~~~~~~~~~~~~~~~~~~~~~~~~~~~
      |                                              |
      |                                              int (*)(lua_State*)
src/tolua.h:48:65: note:   initializing argument 3 of ‘void tolua_function(lua_State*, const char*, void*)’
   48 | void tolua_function(lua_State* tolua_S, const char* name, void* func);
      |                                                           ~~~~~~^~~~
src/gslua.cpp:26730:46: warning: invalid conversion from ‘int (*)(lua_State*)’ to ‘void*’ [-fpermissive]
26730 |  tolua_function(tolua_S,"get_weapon_storage",tolua_gslua_gsPlayer_get_weapon_storage00);
      |                                              ^~~~~~~~~~~~~~~~~~~~~~~~~~~~~~~~~~~~~~~~~
      |                                              |
      |                                              int (*)(lua_State*)
src/tolua.h:48:65: note:   initializing argument 3 of ‘void tolua_function(lua_State*, const char*, void*)’
   48 | void tolua_function(lua_State* tolua_S, const char* name, void* func);
      |                                                           ~~~~~~^~~~
src/gslua.cpp:26731:45: warning: invalid conversion from ‘int (*)(lua_State*)’ to ‘void*’ [-fpermissive]
26731 |  tolua_function(tolua_S,"get_locked_player",tolua_gslua_gsPlayer_get_locked_player00);
      |                                             ^~~~~~~~~~~~~~~~~~~~~~~~~~~~~~~~~~~~~~~~
      |                                             |
      |                                             int (*)(lua_State*)
src/tolua.h:48:65: note:   initializing argument 3 of ‘void tolua_function(lua_State*, const char*, void*)’
   48 | void tolua_function(lua_State* tolua_S, const char* name, void* func);
      |                                                           ~~~~~~^~~~
src/gslua.cpp:26732:49: warning: invalid conversion from ‘int (*)(lua_State*)’ to ‘void*’ [-fpermissive]
26732 |  tolua_function(tolua_S,"get_rocket_turn_speed",tolua_gslua_gsPlayer_get_rocket_turn_speed00);
      |                                                 ^~~~~~~~~~~~~~~~~~~~~~~~~~~~~~~~~~~~~~~~~~~~
      |                                                 |
      |                                                 int (*)(lua_State*)
src/tolua.h:48:65: note:   initializing argument 3 of ‘void tolua_function(lua_State*, const char*, void*)’
   48 | void tolua_function(lua_State* tolua_S, const char* name, void* func);
      |                                                           ~~~~~~^~~~
src/gslua.cpp:26733:49: warning: invalid conversion from ‘int (*)(lua_State*)’ to ‘void*’ [-fpermissive]
26733 |  tolua_function(tolua_S,"set_rocket_turn_speed",tolua_gslua_gsPlayer_set_rocket_turn_speed00);
      |                                                 ^~~~~~~~~~~~~~~~~~~~~~~~~~~~~~~~~~~~~~~~~~~~
      |                                                 |
      |                                                 int (*)(lua_State*)
src/tolua.h:48:65: note:   initializing argument 3 of ‘void tolua_function(lua_State*, const char*, void*)’
   48 | void tolua_function(lua_State* tolua_S, const char* name, void* func);
      |                                                           ~~~~~~^~~~
src/gslua.cpp:26734:47: warning: invalid conversion from ‘int (*)(lua_State*)’ to ‘void*’ [-fpermissive]
26734 |  tolua_function(tolua_S,"get_weapon_recharge",tolua_gslua_gsPlayer_get_weapon_recharge00);
      |                                               ^~~~~~~~~~~~~~~~~~~~~~~~~~~~~~~~~~~~~~~~~~
      |                                               |
      |                                               int (*)(lua_State*)
src/tolua.h:48:65: note:   initializing argument 3 of ‘void tolua_function(lua_State*, const char*, void*)’
   48 | void tolua_function(lua_State* tolua_S, const char* name, void* func);
      |                                                           ~~~~~~^~~~
src/gslua.cpp:26735:47: warning: invalid conversion from ‘int (*)(lua_State*)’ to ‘void*’ [-fpermissive]
26735 |  tolua_function(tolua_S,"set_weapon_recharge",tolua_gslua_gsPlayer_set_weapon_recharge00);
      |                                               ^~~~~~~~~~~~~~~~~~~~~~~~~~~~~~~~~~~~~~~~~~
      |                                               |
      |                                               int (*)(lua_State*)
src/tolua.h:48:65: note:   initializing argument 3 of ‘void tolua_function(lua_State*, const char*, void*)’
   48 | void tolua_function(lua_State* tolua_S, const char* name, void* func);
      |                                                           ~~~~~~^~~~
src/gslua.cpp:26736:43: warning: invalid conversion from ‘int (*)(lua_State*)’ to ‘void*’ [-fpermissive]
26736 |  tolua_function(tolua_S,"get_extra_power",tolua_gslua_gsPlayer_get_extra_power00);
      |                                           ^~~~~~~~~~~~~~~~~~~~~~~~~~~~~~~~~~~~~~
      |                                           |
      |                                           int (*)(lua_State*)
src/tolua.h:48:65: note:   initializing argument 3 of ‘void tolua_function(lua_State*, const char*, void*)’
   48 | void tolua_function(lua_State* tolua_S, const char* name, void* func);
      |                                                           ~~~~~~^~~~
src/gslua.cpp:26737:43: warning: invalid conversion from ‘int (*)(lua_State*)’ to ‘void*’ [-fpermissive]
26737 |  tolua_function(tolua_S,"set_extra_power",tolua_gslua_gsPlayer_set_extra_power00);
      |                                           ^~~~~~~~~~~~~~~~~~~~~~~~~~~~~~~~~~~~~~
      |                                           |
      |                                           int (*)(lua_State*)
src/tolua.h:48:65: note:   initializing argument 3 of ‘void tolua_function(lua_State*, const char*, void*)’
   48 | void tolua_function(lua_State* tolua_S, const char* name, void* func);
      |                                                           ~~~~~~^~~~
src/gslua.cpp:26738:46: warning: invalid conversion from ‘int (*)(lua_State*)’ to ‘void*’ [-fpermissive]
26738 |  tolua_function(tolua_S,"get_extra_recharge",tolua_gslua_gsPlayer_get_extra_recharge00);
      |                                              ^~~~~~~~~~~~~~~~~~~~~~~~~~~~~~~~~~~~~~~~~
      |                                              |
      |                                              int (*)(lua_State*)
src/tolua.h:48:65: note:   initializing argument 3 of ‘void tolua_function(lua_State*, const char*, void*)’
   48 | void tolua_function(lua_State* tolua_S, const char* name, void* func);
      |                                                           ~~~~~~^~~~
src/gslua.cpp:26739:46: warning: invalid conversion from ‘int (*)(lua_State*)’ to ‘void*’ [-fpermissive]
26739 |  tolua_function(tolua_S,"set_extra_recharge",tolua_gslua_gsPlayer_set_extra_recharge00);
      |                                              ^~~~~~~~~~~~~~~~~~~~~~~~~~~~~~~~~~~~~~~~~
      |                                              |
      |                                              int (*)(lua_State*)
src/tolua.h:48:65: note:   initializing argument 3 of ‘void tolua_function(lua_State*, const char*, void*)’
   48 | void tolua_function(lua_State* tolua_S, const char* name, void* func);
      |                                                           ~~~~~~^~~~
src/gslua.cpp:26740:47: warning: invalid conversion from ‘int (*)(lua_State*)’ to ‘void*’ [-fpermissive]
26740 |  tolua_function(tolua_S,"get_max_extra_power",tolua_gslua_gsPlayer_get_max_extra_power00);
      |                                               ^~~~~~~~~~~~~~~~~~~~~~~~~~~~~~~~~~~~~~~~~~
      |                                               |
      |                                               int (*)(lua_State*)
src/tolua.h:48:65: note:   initializing argument 3 of ‘void tolua_function(lua_State*, const char*, void*)’
   48 | void tolua_function(lua_State* tolua_S, const char* name, void* func);
      |                                                           ~~~~~~^~~~
src/gslua.cpp:26741:45: warning: invalid conversion from ‘int (*)(lua_State*)’ to ‘void*’ [-fpermissive]
26741 |  tolua_function(tolua_S,"get_active_weapon",tolua_gslua_gsPlayer_get_active_weapon00);
      |                                             ^~~~~~~~~~~~~~~~~~~~~~~~~~~~~~~~~~~~~~~~
      |                                             |
      |                                             int (*)(lua_State*)
src/tolua.h:48:65: note:   initializing argument 3 of ‘void tolua_function(lua_State*, const char*, void*)’
   48 | void tolua_function(lua_State* tolua_S, const char* name, void* func);
      |                                                           ~~~~~~^~~~
src/gslua.cpp:26742:45: warning: invalid conversion from ‘int (*)(lua_State*)’ to ‘void*’ [-fpermissive]
26742 |  tolua_function(tolua_S,"set_active_weapon",tolua_gslua_gsPlayer_set_active_weapon00);
      |                                             ^~~~~~~~~~~~~~~~~~~~~~~~~~~~~~~~~~~~~~~~
      |                                             |
      |                                             int (*)(lua_State*)
src/tolua.h:48:65: note:   initializing argument 3 of ‘void tolua_function(lua_State*, const char*, void*)’
   48 | void tolua_function(lua_State* tolua_S, const char* name, void* func);
      |                                                           ~~~~~~^~~~
src/gslua.cpp:26743:37: warning: invalid conversion from ‘int (*)(lua_State*)’ to ‘void*’ [-fpermissive]
26743 |  tolua_function(tolua_S,"get_extra",tolua_gslua_gsPlayer_get_extra01);
      |                                     ^~~~~~~~~~~~~~~~~~~~~~~~~~~~~~~~
      |                                     |
      |                                     int (*)(lua_State*)
src/tolua.h:48:65: note:   initializing argument 3 of ‘void tolua_function(lua_State*, const char*, void*)’
   48 | void tolua_function(lua_State* tolua_S, const char* name, void* func);
      |                                                           ~~~~~~^~~~
src/gslua.cpp:26744:37: warning: invalid conversion from ‘int (*)(lua_State*)’ to ‘void*’ [-fpermissive]
26744 |  tolua_function(tolua_S,"set_extra",tolua_gslua_gsPlayer_set_extra01);
      |                                     ^~~~~~~~~~~~~~~~~~~~~~~~~~~~~~~~
      |                                     |
      |                                     int (*)(lua_State*)
src/tolua.h:48:65: note:   initializing argument 3 of ‘void tolua_function(lua_State*, const char*, void*)’
   48 | void tolua_function(lua_State* tolua_S, const char* name, void* func);
      |                                                           ~~~~~~^~~~
src/gslua.cpp:26745:43: warning: invalid conversion from ‘int (*)(lua_State*)’ to ‘void*’ [-fpermissive]
26745 |  tolua_function(tolua_S,"get_weapon_slot",tolua_gslua_gsPlayer_get_weapon_slot00);
      |                                           ^~~~~~~~~~~~~~~~~~~~~~~~~~~~~~~~~~~~~~
      |                                           |
      |                                           int (*)(lua_State*)
src/tolua.h:48:65: note:   initializing argument 3 of ‘void tolua_function(lua_State*, const char*, void*)’
   48 | void tolua_function(lua_State* tolua_S, const char* name, void* func);
      |                                                           ~~~~~~^~~~
src/gslua.cpp:26746:43: warning: invalid conversion from ‘int (*)(lua_State*)’ to ‘void*’ [-fpermissive]
26746 |  tolua_function(tolua_S,"set_weapon_slot",tolua_gslua_gsPlayer_set_weapon_slot00);
      |                                           ^~~~~~~~~~~~~~~~~~~~~~~~~~~~~~~~~~~~~~
      |                                           |
      |                                           int (*)(lua_State*)
src/tolua.h:48:65: note:   initializing argument 3 of ‘void tolua_function(lua_State*, const char*, void*)’
   48 | void tolua_function(lua_State* tolua_S, const char* name, void* func);
      |                                                           ~~~~~~^~~~
src/gslua.cpp:26747:50: warning: invalid conversion from ‘int (*)(lua_State*)’ to ‘void*’ [-fpermissive]
26747 |  tolua_function(tolua_S,"get_avail_weapon_slots",tolua_gslua_gsPlayer_get_avail_weapon_slots00);
      |                                                  ^~~~~~~~~~~~~~~~~~~~~~~~~~~~~~~~~~~~~~~~~~~~~
      |                                                  |
      |                                                  int (*)(lua_State*)
src/tolua.h:48:65: note:   initializing argument 3 of ‘void tolua_function(lua_State*, const char*, void*)’
   48 | void tolua_function(lua_State* tolua_S, const char* name, void* func);
      |                                                           ~~~~~~^~~~
src/gslua.cpp:26748:50: warning: invalid conversion from ‘int (*)(lua_State*)’ to ‘void*’ [-fpermissive]
26748 |  tolua_function(tolua_S,"set_avail_weapon_slots",tolua_gslua_gsPlayer_set_avail_weapon_slots00);
      |                                                  ^~~~~~~~~~~~~~~~~~~~~~~~~~~~~~~~~~~~~~~~~~~~~
      |                                                  |
      |                                                  int (*)(lua_State*)
src/tolua.h:48:65: note:   initializing argument 3 of ‘void tolua_function(lua_State*, const char*, void*)’
   48 | void tolua_function(lua_State* tolua_S, const char* name, void* func);
      |                                                           ~~~~~~^~~~
src/gslua.cpp:26749:46: warning: invalid conversion from ‘int (*)(lua_State*)’ to ‘void*’ [-fpermissive]
26749 |  tolua_function(tolua_S,"set_weapon_bullets",tolua_gslua_gsPlayer_set_weapon_bullets00);
      |                                              ^~~~~~~~~~~~~~~~~~~~~~~~~~~~~~~~~~~~~~~~~
      |                                              |
      |                                              int (*)(lua_State*)
src/tolua.h:48:65: note:   initializing argument 3 of ‘void tolua_function(lua_State*, const char*, void*)’
   48 | void tolua_function(lua_State* tolua_S, const char* name, void* func);
      |                                                           ~~~~~~^~~~
src/gslua.cpp:26750:46: warning: invalid conversion from ‘int (*)(lua_State*)’ to ‘void*’ [-fpermissive]
26750 |  tolua_function(tolua_S,"get_weapon_bullets",tolua_gslua_gsPlayer_get_weapon_bullets00);
      |                                              ^~~~~~~~~~~~~~~~~~~~~~~~~~~~~~~~~~~~~~~~~
      |                                              |
      |                                              int (*)(lua_State*)
src/tolua.h:48:65: note:   initializing argument 3 of ‘void tolua_function(lua_State*, const char*, void*)’
   48 | void tolua_function(lua_State* tolua_S, const char* name, void* func);
      |                                                           ~~~~~~^~~~
src/gslua.cpp:26751:48: warning: invalid conversion from ‘int (*)(lua_State*)’ to ‘void*’ [-fpermissive]
26751 |  tolua_function(tolua_S,"activate_weapon_slot",tolua_gslua_gsPlayer_activate_weapon_slot00);
      |                                                ^~~~~~~~~~~~~~~~~~~~~~~~~~~~~~~~~~~~~~~~~~~
      |                                                |
      |                                                int (*)(lua_State*)
src/tolua.h:48:65: note:   initializing argument 3 of ‘void tolua_function(lua_State*, const char*, void*)’
   48 | void tolua_function(lua_State* tolua_S, const char* name, void* func);
      |                                                           ~~~~~~^~~~
src/gslua.cpp:26752:50: warning: invalid conversion from ‘int (*)(lua_State*)’ to ‘void*’ [-fpermissive]
26752 |  tolua_function(tolua_S,"deactivate_weapon_slot",tolua_gslua_gsPlayer_deactivate_weapon_slot00);
      |                                                  ^~~~~~~~~~~~~~~~~~~~~~~~~~~~~~~~~~~~~~~~~~~~~
      |                                                  |
      |                                                  int (*)(lua_State*)
src/tolua.h:48:65: note:   initializing argument 3 of ‘void tolua_function(lua_State*, const char*, void*)’
   48 | void tolua_function(lua_State* tolua_S, const char* name, void* func);
      |                                                           ~~~~~~^~~~
src/gslua.cpp:26753:42: warning: invalid conversion from ‘int (*)(lua_State*)’ to ‘void*’ [-fpermissive]
26753 |  tolua_function(tolua_S,"set_ship_value",tolua_gslua_gsPlayer_set_ship_value00);
      |                                          ^~~~~~~~~~~~~~~~~~~~~~~~~~~~~~~~~~~~~
      |                                          |
      |                                          int (*)(lua_State*)
src/tolua.h:48:65: note:   initializing argument 3 of ‘void tolua_function(lua_State*, const char*, void*)’
   48 | void tolua_function(lua_State* tolua_S, const char* name, void* func);
      |                                                           ~~~~~~^~~~
src/gslua.cpp:26754:42: warning: invalid conversion from ‘int (*)(lua_State*)’ to ‘void*’ [-fpermissive]
26754 |  tolua_function(tolua_S,"get_ship_value",tolua_gslua_gsPlayer_get_ship_value00);
      |                                          ^~~~~~~~~~~~~~~~~~~~~~~~~~~~~~~~~~~~~
      |                                          |
      |                                          int (*)(lua_State*)
src/tolua.h:48:65: note:   initializing argument 3 of ‘void tolua_function(lua_State*, const char*, void*)’
   48 | void tolua_function(lua_State* tolua_S, const char* name, void* func);
      |                                                           ~~~~~~^~~~
src/gslua.cpp:26755:43: warning: invalid conversion from ‘int (*)(lua_State*)’ to ‘void*’ [-fpermissive]
26755 |  tolua_function(tolua_S,"set_status_mode",tolua_gslua_gsPlayer_set_status_mode00);
      |                                           ^~~~~~~~~~~~~~~~~~~~~~~~~~~~~~~~~~~~~~
      |                                           |
      |                                           int (*)(lua_State*)
src/tolua.h:48:65: note:   initializing argument 3 of ‘void tolua_function(lua_State*, const char*, void*)’
   48 | void tolua_function(lua_State* tolua_S, const char* name, void* func);
      |                                                           ~~~~~~^~~~
src/gslua.cpp:26756:47: warning: invalid conversion from ‘int (*)(lua_State*)’ to ‘void*’ [-fpermissive]
26756 |  tolua_function(tolua_S,"show_status_set_map",tolua_gslua_gsPlayer_show_status_set_map00);
      |                                               ^~~~~~~~~~~~~~~~~~~~~~~~~~~~~~~~~~~~~~~~~~
      |                                               |
      |                                               int (*)(lua_State*)
src/tolua.h:48:65: note:   initializing argument 3 of ‘void tolua_function(lua_State*, const char*, void*)’
   48 | void tolua_function(lua_State* tolua_S, const char* name, void* func);
      |                                                           ~~~~~~^~~~
src/gslua.cpp:26757:39: warning: invalid conversion from ‘int (*)(lua_State*)’ to ‘void*’ [-fpermissive]
26757 |  tolua_function(tolua_S,"show_status",tolua_gslua_gsPlayer_show_status00);
      |                                       ^~~~~~~~~~~~~~~~~~~~~~~~~~~~~~~~~~
      |                                       |
      |                                       int (*)(lua_State*)
src/tolua.h:48:65: note:   initializing argument 3 of ‘void tolua_function(lua_State*, const char*, void*)’
   48 | void tolua_function(lua_State* tolua_S, const char* name, void* func);
      |                                                           ~~~~~~^~~~
src/gslua.cpp:26758:39: warning: invalid conversion from ‘int (*)(lua_State*)’ to ‘void*’ [-fpermissive]
26758 |  tolua_function(tolua_S,"hide_status",tolua_gslua_gsPlayer_hide_status00);
      |                                       ^~~~~~~~~~~~~~~~~~~~~~~~~~~~~~~~~~
      |                                       |
      |                                       int (*)(lua_State*)
src/tolua.h:48:65: note:   initializing argument 3 of ‘void tolua_function(lua_State*, const char*, void*)’
   48 | void tolua_function(lua_State* tolua_S, const char* name, void* func);
      |                                                           ~~~~~~^~~~
src/gslua.cpp:26759:40: warning: invalid conversion from ‘int (*)(lua_State*)’ to ‘void*’ [-fpermissive]
26759 |  tolua_function(tolua_S,"get_handicap",tolua_gslua_gsPlayer_get_handicap00);
      |                                        ^~~~~~~~~~~~~~~~~~~~~~~~~~~~~~~~~~~
      |                                        |
      |                                        int (*)(lua_State*)
src/tolua.h:48:65: note:   initializing argument 3 of ‘void tolua_function(lua_State*, const char*, void*)’
   48 | void tolua_function(lua_State* tolua_S, const char* name, void* func);
      |                                                           ~~~~~~^~~~
src/gslua.cpp:26760:40: warning: invalid conversion from ‘int (*)(lua_State*)’ to ‘void*’ [-fpermissive]
26760 |  tolua_function(tolua_S,"set_handicap",tolua_gslua_gsPlayer_set_handicap00);
      |                                        ^~~~~~~~~~~~~~~~~~~~~~~~~~~~~~~~~~~
      |                                        |
      |                                        int (*)(lua_State*)
src/tolua.h:48:65: note:   initializing argument 3 of ‘void tolua_function(lua_State*, const char*, void*)’
   48 | void tolua_function(lua_State* tolua_S, const char* name, void* func);
      |                                                           ~~~~~~^~~~
src/gslua.cpp:26761:38: warning: invalid conversion from ‘int (*)(lua_State*)’ to ‘void*’ [-fpermissive]
26761 |  tolua_function(tolua_S,"get_recoil",tolua_gslua_gsPlayer_get_recoil00);
      |                                      ^~~~~~~~~~~~~~~~~~~~~~~~~~~~~~~~~
      |                                      |
      |                                      int (*)(lua_State*)
src/tolua.h:48:65: note:   initializing argument 3 of ‘void tolua_function(lua_State*, const char*, void*)’
   48 | void tolua_function(lua_State* tolua_S, const char* name, void* func);
      |                                                           ~~~~~~^~~~
src/gslua.cpp:26762:38: warning: invalid conversion from ‘int (*)(lua_State*)’ to ‘void*’ [-fpermissive]
26762 |  tolua_function(tolua_S,"set_recoil",tolua_gslua_gsPlayer_set_recoil00);
      |                                      ^~~~~~~~~~~~~~~~~~~~~~~~~~~~~~~~~
      |                                      |
      |                                      int (*)(lua_State*)
src/tolua.h:48:65: note:   initializing argument 3 of ‘void tolua_function(lua_State*, const char*, void*)’
   48 | void tolua_function(lua_State* tolua_S, const char* name, void* func);
      |                                                           ~~~~~~^~~~
src/gslua.cpp:26763:45: warning: invalid conversion from ‘int (*)(lua_State*)’ to ‘void*’ [-fpermissive]
26763 |  tolua_function(tolua_S,"set_dont_continue",tolua_gslua_gsPlayer_set_dont_continue00);
      |                                             ^~~~~~~~~~~~~~~~~~~~~~~~~~~~~~~~~~~~~~~~
      |                                             |
      |                                             int (*)(lua_State*)
src/tolua.h:48:65: note:   initializing argument 3 of ‘void tolua_function(lua_State*, const char*, void*)’
   48 | void tolua_function(lua_State* tolua_S, const char* name, void* func);
      |                                                           ~~~~~~^~~~
src/gslua.cpp:26764:40: warning: invalid conversion from ‘int (*)(lua_State*)’ to ‘void*’ [-fpermissive]
26764 |  tolua_function(tolua_S,"get_do_hooks",tolua_gslua_gsPlayer_get_do_hooks00);
      |                                        ^~~~~~~~~~~~~~~~~~~~~~~~~~~~~~~~~~~
      |                                        |
      |                                        int (*)(lua_State*)
src/tolua.h:48:65: note:   initializing argument 3 of ‘void tolua_function(lua_State*, const char*, void*)’
   48 | void tolua_function(lua_State* tolua_S, const char* name, void* func);
      |                                                           ~~~~~~^~~~
src/gslua.cpp:26765:40: warning: invalid conversion from ‘int (*)(lua_State*)’ to ‘void*’ [-fpermissive]
26765 |  tolua_function(tolua_S,"set_do_hooks",tolua_gslua_gsPlayer_set_do_hooks00);
      |                                        ^~~~~~~~~~~~~~~~~~~~~~~~~~~~~~~~~~~
      |                                        |
      |                                        int (*)(lua_State*)
src/tolua.h:48:65: note:   initializing argument 3 of ‘void tolua_function(lua_State*, const char*, void*)’
   48 | void tolua_function(lua_State* tolua_S, const char* name, void* func);
      |                                                           ~~~~~~^~~~
src/gslua.cpp:26766:40: warning: invalid conversion from ‘int (*)(lua_State*)’ to ‘void*’ [-fpermissive]
26766 |  tolua_function(tolua_S,"set_user_int",tolua_gslua_gsPlayer_set_user_int00);
      |                                        ^~~~~~~~~~~~~~~~~~~~~~~~~~~~~~~~~~~
      |                                        |
      |                                        int (*)(lua_State*)
src/tolua.h:48:65: note:   initializing argument 3 of ‘void tolua_function(lua_State*, const char*, void*)’
   48 | void tolua_function(lua_State* tolua_S, const char* name, void* func);
      |                                                           ~~~~~~^~~~
src/gslua.cpp:26767:42: warning: invalid conversion from ‘int (*)(lua_State*)’ to ‘void*’ [-fpermissive]
26767 |  tolua_function(tolua_S,"set_user_float",tolua_gslua_gsPlayer_set_user_float00);
      |                                          ^~~~~~~~~~~~~~~~~~~~~~~~~~~~~~~~~~~~~
      |                                          |
      |                                          int (*)(lua_State*)
src/tolua.h:48:65: note:   initializing argument 3 of ‘void tolua_function(lua_State*, const char*, void*)’
   48 | void tolua_function(lua_State* tolua_S, const char* name, void* func);
      |                                                           ~~~~~~^~~~
src/gslua.cpp:26768:40: warning: invalid conversion from ‘int (*)(lua_State*)’ to ‘void*’ [-fpermissive]
26768 |  tolua_function(tolua_S,"get_user_int",tolua_gslua_gsPlayer_get_user_int00);
      |                                        ^~~~~~~~~~~~~~~~~~~~~~~~~~~~~~~~~~~
      |                                        |
      |                                        int (*)(lua_State*)
src/tolua.h:48:65: note:   initializing argument 3 of ‘void tolua_function(lua_State*, const char*, void*)’
   48 | void tolua_function(lua_State* tolua_S, const char* name, void* func);
      |                                                           ~~~~~~^~~~
src/gslua.cpp:26769:42: warning: invalid conversion from ‘int (*)(lua_State*)’ to ‘void*’ [-fpermissive]
26769 |  tolua_function(tolua_S,"get_user_float",tolua_gslua_gsPlayer_get_user_float00);
      |                                          ^~~~~~~~~~~~~~~~~~~~~~~~~~~~~~~~~~~~~
      |                                          |
      |                                          int (*)(lua_State*)
src/tolua.h:48:65: note:   initializing argument 3 of ‘void tolua_function(lua_State*, const char*, void*)’
   48 | void tolua_function(lua_State* tolua_S, const char* name, void* func);
      |                                                           ~~~~~~^~~~
src/gslua.cpp:26770:34: warning: invalid conversion from ‘int (*)(lua_State*)’ to ‘void*’ [-fpermissive]
26770 |  tolua_function(tolua_S,"reinit",tolua_gslua_gsPlayer_reinit00);
      |                                  ^~~~~~~~~~~~~~~~~~~~~~~~~~~~~
      |                                  |
      |                                  int (*)(lua_State*)
src/tolua.h:48:65: note:   initializing argument 3 of ‘void tolua_function(lua_State*, const char*, void*)’
   48 | void tolua_function(lua_State* tolua_S, const char* name, void* func);
      |                                                           ~~~~~~^~~~
src/gslua.cpp:26771:48: warning: invalid conversion from ‘int (*)(lua_State*)’ to ‘void*’ [-fpermissive]
26771 |  tolua_function(tolua_S,"set_standard_bullets",tolua_gslua_gsPlayer_set_standard_bullets00);
      |                                                ^~~~~~~~~~~~~~~~~~~~~~~~~~~~~~~~~~~~~~~~~~~
      |                                                |
      |                                                int (*)(lua_State*)
src/tolua.h:48:65: note:   initializing argument 3 of ‘void tolua_function(lua_State*, const char*, void*)’
   48 | void tolua_function(lua_State* tolua_S, const char* name, void* func);
      |                                                           ~~~~~~^~~~
src/gslua.cpp:26772:39: warning: invalid conversion from ‘int (*)(lua_State*)’ to ‘void*’ [-fpermissive]
26772 |  tolua_function(tolua_S,"return_home",tolua_gslua_gsPlayer_return_home00);
      |                                       ^~~~~~~~~~~~~~~~~~~~~~~~~~~~~~~~~~
      |                                       |
      |                                       int (*)(lua_State*)
src/tolua.h:48:65: note:   initializing argument 3 of ‘void tolua_function(lua_State*, const char*, void*)’
   48 | void tolua_function(lua_State* tolua_S, const char* name, void* func);
      |                                                           ~~~~~~^~~~
src/gslua.cpp:26773:38: warning: invalid conversion from ‘int (*)(lua_State*)’ to ‘void*’ [-fpermissive]
26773 |  tolua_function(tolua_S,"set_weapon",tolua_gslua_gsPlayer_set_weapon00);
      |                                      ^~~~~~~~~~~~~~~~~~~~~~~~~~~~~~~~~
      |                                      |
      |                                      int (*)(lua_State*)
src/tolua.h:48:65: note:   initializing argument 3 of ‘void tolua_function(lua_State*, const char*, void*)’
   48 | void tolua_function(lua_State* tolua_S, const char* name, void* func);
      |                                                           ~~~~~~^~~~
src/gslua.cpp:26774:33: warning: invalid conversion from ‘int (*)(lua_State*)’ to ‘void*’ [-fpermissive]
26774 |  tolua_function(tolua_S,"shoot",tolua_gslua_gsPlayer_shoot00);
      |                                 ^~~~~~~~~~~~~~~~~~~~~~~~~~~~
      |                                 |
      |                                 int (*)(lua_State*)
src/tolua.h:48:65: note:   initializing argument 3 of ‘void tolua_function(lua_State*, const char*, void*)’
   48 | void tolua_function(lua_State* tolua_S, const char* name, void* func);
      |                                                           ~~~~~~^~~~
src/gslua.cpp:26775:31: warning: invalid conversion from ‘int (*)(lua_State*)’ to ‘void*’ [-fpermissive]
26775 |  tolua_function(tolua_S,"hit",tolua_gslua_gsPlayer_hit00);
      |                               ^~~~~~~~~~~~~~~~~~~~~~~~~~
      |                               |
      |                               int (*)(lua_State*)
src/tolua.h:48:65: note:   initializing argument 3 of ‘void tolua_function(lua_State*, const char*, void*)’
   48 | void tolua_function(lua_State* tolua_S, const char* name, void* func);
      |                                                           ~~~~~~^~~~
src/gslua.cpp:26776:37: warning: invalid conversion from ‘int (*)(lua_State*)’ to ‘void*’ [-fpermissive]
26776 |  tolua_function(tolua_S,"load_ship",tolua_gslua_gsPlayer_load_ship00);
      |                                     ^~~~~~~~~~~~~~~~~~~~~~~~~~~~~~~~
      |                                     |
      |                                     int (*)(lua_State*)
src/tolua.h:48:65: note:   initializing argument 3 of ‘void tolua_function(lua_State*, const char*, void*)’
   48 | void tolua_function(lua_State* tolua_S, const char* name, void* func);
      |                                                           ~~~~~~^~~~
src/gslua.cpp:26777:38: warning: invalid conversion from ‘int (*)(lua_State*)’ to ‘void*’ [-fpermissive]
26777 |  tolua_function(tolua_S,"load_image",tolua_gslua_gsPlayer_load_image00);
      |                                      ^~~~~~~~~~~~~~~~~~~~~~~~~~~~~~~~~
      |                                      |
      |                                      int (*)(lua_State*)
src/tolua.h:48:65: note:   initializing argument 3 of ‘void tolua_function(lua_State*, const char*, void*)’
   48 | void tolua_function(lua_State* tolua_S, const char* name, void* func);
      |                                                           ~~~~~~^~~~
src/gslua.cpp:26779:48: warning: invalid conversion from ‘int (*)(lua_State*)’ to ‘void*’ [-fpermissive]
26779 |  tolua_function(tolua_S,"get_player_nr_by_sig",tolua_gslua_get_player_nr_by_sig00);
      |                                                ^~~~~~~~~~~~~~~~~~~~~~~~~~~~~~~~~~
      |                                                |
      |                                                int (*)(lua_State*)
src/tolua.h:48:65: note:   initializing argument 3 of ‘void tolua_function(lua_State*, const char*, void*)’
   48 | void tolua_function(lua_State* tolua_S, const char* name, void* func);
      |                                                           ~~~~~~^~~~
src/gslua.cpp:26780:45: warning: invalid conversion from ‘int (*)(lua_State*)’ to ‘void*’ [-fpermissive]
26780 |  tolua_function(tolua_S,"get_player_by_sig",tolua_gslua_get_player_by_sig00);
      |                                             ^~~~~~~~~~~~~~~~~~~~~~~~~~~~~~~
      |                                             |
      |                                             int (*)(lua_State*)
src/tolua.h:48:65: note:   initializing argument 3 of ‘void tolua_function(lua_State*, const char*, void*)’
   48 | void tolua_function(lua_State* tolua_S, const char* name, void* func);
      |                                                           ~~~~~~^~~~
src/gslua.cpp:26781:31: warning: invalid conversion from ‘int (*)(lua_State*)’ to ‘void*’ [-fpermissive]
26781 |  tolua_array(tolua_S,"player",tolua_get_gslua_player,tolua_set_gslua_player);
      |                               ^~~~~~~~~~~~~~~~~~~~~~
      |                               |
      |                               int (*)(lua_State*)
src/tolua.h:68:62: note:   initializing argument 3 of ‘void tolua_array(lua_State*, const char*, void*, void*)’
   68 | void tolua_array(lua_State* tolua_S, const char* name, void* getter, void* setter);
      |                                                        ~~~~~~^~~~~~
src/gslua.cpp:26781:54: warning: invalid conversion from ‘int (*)(lua_State*)’ to ‘void*’ [-fpermissive]
26781 |  tolua_array(tolua_S,"player",tolua_get_gslua_player,tolua_set_gslua_player);
      |                                                      ^~~~~~~~~~~~~~~~~~~~~~
      |                                                      |
      |                                                      int (*)(lua_State*)
src/tolua.h:68:76: note:   initializing argument 4 of ‘void tolua_array(lua_State*, const char*, void*, void*)’
   68 | void tolua_array(lua_State* tolua_S, const char* name, void* getter, void* setter);
      |                                                                      ~~~~~~^~~~~~
src/gslua.cpp:26796:33: warning: invalid conversion from ‘int (*)(lua_State*)’ to ‘void*’ [-fpermissive]
26796 |  tolua_function(tolua_S,"get_x",tolua_gslua_Base_get_x00);
      |                                 ^~~~~~~~~~~~~~~~~~~~~~~~
      |                                 |
      |                                 int (*)(lua_State*)
src/tolua.h:48:65: note:   initializing argument 3 of ‘void tolua_function(lua_State*, const char*, void*)’
   48 | void tolua_function(lua_State* tolua_S, const char* name, void* func);
      |                                                           ~~~~~~^~~~
src/gslua.cpp:26797:33: warning: invalid conversion from ‘int (*)(lua_State*)’ to ‘void*’ [-fpermissive]
26797 |  tolua_function(tolua_S,"get_y",tolua_gslua_Base_get_y00);
      |                                 ^~~~~~~~~~~~~~~~~~~~~~~~
      |                                 |
      |                                 int (*)(lua_State*)
src/tolua.h:48:65: note:   initializing argument 3 of ‘void tolua_function(lua_State*, const char*, void*)’
   48 | void tolua_function(lua_State* tolua_S, const char* name, void* func);
      |                                                           ~~~~~~^~~~
src/gslua.cpp:26798:36: warning: invalid conversion from ‘int (*)(lua_State*)’ to ‘void*’ [-fpermissive]
26798 |  tolua_function(tolua_S,"get_xspd",tolua_gslua_Base_get_xspd00);
      |                                    ^~~~~~~~~~~~~~~~~~~~~~~~~~~
      |                                    |
      |                                    int (*)(lua_State*)
src/tolua.h:48:65: note:   initializing argument 3 of ‘void tolua_function(lua_State*, const char*, void*)’
   48 | void tolua_function(lua_State* tolua_S, const char* name, void* func);
      |                                                           ~~~~~~^~~~
src/gslua.cpp:26799:36: warning: invalid conversion from ‘int (*)(lua_State*)’ to ‘void*’ [-fpermissive]
26799 |  tolua_function(tolua_S,"get_yspd",tolua_gslua_Base_get_yspd00);
      |                                    ^~~~~~~~~~~~~~~~~~~~~~~~~~~
      |                                    |
      |                                    int (*)(lua_State*)
src/tolua.h:48:65: note:   initializing argument 3 of ‘void tolua_function(lua_State*, const char*, void*)’
   48 | void tolua_function(lua_State* tolua_S, const char* name, void* func);
      |                                                           ~~~~~~^~~~
src/gslua.cpp:26800:33: warning: invalid conversion from ‘int (*)(lua_State*)’ to ‘void*’ [-fpermissive]
26800 |  tolua_function(tolua_S,"set_x",tolua_gslua_Base_set_x00);
      |                                 ^~~~~~~~~~~~~~~~~~~~~~~~
      |                                 |
      |                                 int (*)(lua_State*)
src/tolua.h:48:65: note:   initializing argument 3 of ‘void tolua_function(lua_State*, const char*, void*)’
   48 | void tolua_function(lua_State* tolua_S, const char* name, void* func);
      |                                                           ~~~~~~^~~~
src/gslua.cpp:26801:33: warning: invalid conversion from ‘int (*)(lua_State*)’ to ‘void*’ [-fpermissive]
26801 |  tolua_function(tolua_S,"set_y",tolua_gslua_Base_set_y00);
      |                                 ^~~~~~~~~~~~~~~~~~~~~~~~
      |                                 |
      |                                 int (*)(lua_State*)
src/tolua.h:48:65: note:   initializing argument 3 of ‘void tolua_function(lua_State*, const char*, void*)’
   48 | void tolua_function(lua_State* tolua_S, const char* name, void* func);
      |                                                           ~~~~~~^~~~
src/gslua.cpp:26802:36: warning: invalid conversion from ‘int (*)(lua_State*)’ to ‘void*’ [-fpermissive]
26802 |  tolua_function(tolua_S,"set_xspd",tolua_gslua_Base_set_xspd00);
      |                                    ^~~~~~~~~~~~~~~~~~~~~~~~~~~
      |                                    |
      |                                    int (*)(lua_State*)
src/tolua.h:48:65: note:   initializing argument 3 of ‘void tolua_function(lua_State*, const char*, void*)’
   48 | void tolua_function(lua_State* tolua_S, const char* name, void* func);
      |                                                           ~~~~~~^~~~
src/gslua.cpp:26803:36: warning: invalid conversion from ‘int (*)(lua_State*)’ to ‘void*’ [-fpermissive]
26803 |  tolua_function(tolua_S,"set_yspd",tolua_gslua_Base_set_yspd00);
      |                                    ^~~~~~~~~~~~~~~~~~~~~~~~~~~
      |                                    |
      |                                    int (*)(lua_State*)
src/tolua.h:48:65: note:   initializing argument 3 of ‘void tolua_function(lua_State*, const char*, void*)’
   48 | void tolua_function(lua_State* tolua_S, const char* name, void* func);
      |                                                           ~~~~~~^~~~
src/gslua.cpp:26804:37: warning: invalid conversion from ‘int (*)(lua_State*)’ to ‘void*’ [-fpermissive]
26804 |  tolua_function(tolua_S,"get_width",tolua_gslua_Base_get_width00);
      |                                     ^~~~~~~~~~~~~~~~~~~~~~~~~~~~
      |                                     |
      |                                     int (*)(lua_State*)
src/tolua.h:48:65: note:   initializing argument 3 of ‘void tolua_function(lua_State*, const char*, void*)’
   48 | void tolua_function(lua_State* tolua_S, const char* name, void* func);
      |                                                           ~~~~~~^~~~
src/gslua.cpp:26805:38: warning: invalid conversion from ‘int (*)(lua_State*)’ to ‘void*’ [-fpermissive]
26805 |  tolua_function(tolua_S,"get_height",tolua_gslua_Base_get_height00);
      |                                      ^~~~~~~~~~~~~~~~~~~~~~~~~~~~~
      |                                      |
      |                                      int (*)(lua_State*)
src/tolua.h:48:65: note:   initializing argument 3 of ‘void tolua_function(lua_State*, const char*, void*)’
   48 | void tolua_function(lua_State* tolua_S, const char* name, void* func);
      |                                                           ~~~~~~^~~~
src/gslua.cpp:26806:36: warning: invalid conversion from ‘int (*)(lua_State*)’ to ‘void*’ [-fpermissive]
26806 |  tolua_function(tolua_S,"get_prev",tolua_gslua_Base_get_prev00);
      |                                    ^~~~~~~~~~~~~~~~~~~~~~~~~~~
      |                                    |
      |                                    int (*)(lua_State*)
src/tolua.h:48:65: note:   initializing argument 3 of ‘void tolua_function(lua_State*, const char*, void*)’
   48 | void tolua_function(lua_State* tolua_S, const char* name, void* func);
      |                                                           ~~~~~~^~~~
src/gslua.cpp:26807:36: warning: invalid conversion from ‘int (*)(lua_State*)’ to ‘void*’ [-fpermissive]
26807 |  tolua_function(tolua_S,"get_next",tolua_gslua_Base_get_next00);
      |                                    ^~~~~~~~~~~~~~~~~~~~~~~~~~~
      |                                    |
      |                                    int (*)(lua_State*)
src/tolua.h:48:65: note:   initializing argument 3 of ‘void tolua_function(lua_State*, const char*, void*)’
   48 | void tolua_function(lua_State* tolua_S, const char* name, void* func);
      |                                                           ~~~~~~^~~~
src/gslua.cpp:26808:36: warning: invalid conversion from ‘int (*)(lua_State*)’ to ‘void*’ [-fpermissive]
26808 |  tolua_function(tolua_S,"set_prev",tolua_gslua_Base_set_prev00);
      |                                    ^~~~~~~~~~~~~~~~~~~~~~~~~~~
      |                                    |
      |                                    int (*)(lua_State*)
src/tolua.h:48:65: note:   initializing argument 3 of ‘void tolua_function(lua_State*, const char*, void*)’
   48 | void tolua_function(lua_State* tolua_S, const char* name, void* func);
      |                                                           ~~~~~~^~~~
src/gslua.cpp:26809:36: warning: invalid conversion from ‘int (*)(lua_State*)’ to ‘void*’ [-fpermissive]
26809 |  tolua_function(tolua_S,"set_next",tolua_gslua_Base_set_next00);
      |                                    ^~~~~~~~~~~~~~~~~~~~~~~~~~~
      |                                    |
      |                                    int (*)(lua_State*)
src/tolua.h:48:65: note:   initializing argument 3 of ‘void tolua_function(lua_State*, const char*, void*)’
   48 | void tolua_function(lua_State* tolua_S, const char* name, void* func);
      |                                                           ~~~~~~^~~~
src/gslua.cpp:26810:38: warning: invalid conversion from ‘int (*)(lua_State*)’ to ‘void*’ [-fpermissive]
26810 |  tolua_function(tolua_S,"get_land_x",tolua_gslua_Base_get_land_x00);
      |                                      ^~~~~~~~~~~~~~~~~~~~~~~~~~~~~
      |                                      |
      |                                      int (*)(lua_State*)
src/tolua.h:48:65: note:   initializing argument 3 of ‘void tolua_function(lua_State*, const char*, void*)’
   48 | void tolua_function(lua_State* tolua_S, const char* name, void* func);
      |                                                           ~~~~~~^~~~
src/gslua.cpp:26811:38: warning: invalid conversion from ‘int (*)(lua_State*)’ to ‘void*’ [-fpermissive]
26811 |  tolua_function(tolua_S,"get_land_y",tolua_gslua_Base_get_land_y00);
      |                                      ^~~~~~~~~~~~~~~~~~~~~~~~~~~~~
      |                                      |
      |                                      int (*)(lua_State*)
src/tolua.h:48:65: note:   initializing argument 3 of ‘void tolua_function(lua_State*, const char*, void*)’
   48 | void tolua_function(lua_State* tolua_S, const char* name, void* func);
      |                                                           ~~~~~~^~~~
src/gslua.cpp:26812:38: warning: invalid conversion from ‘int (*)(lua_State*)’ to ‘void*’ [-fpermissive]
26812 |  tolua_function(tolua_S,"get_land_w",tolua_gslua_Base_get_land_w00);
      |                                      ^~~~~~~~~~~~~~~~~~~~~~~~~~~~~
      |                                      |
      |                                      int (*)(lua_State*)
src/tolua.h:48:65: note:   initializing argument 3 of ‘void tolua_function(lua_State*, const char*, void*)’
   48 | void tolua_function(lua_State* tolua_S, const char* name, void* func);
      |                                                           ~~~~~~^~~~
src/gslua.cpp:26813:38: warning: invalid conversion from ‘int (*)(lua_State*)’ to ‘void*’ [-fpermissive]
26813 |  tolua_function(tolua_S,"set_land_x",tolua_gslua_Base_set_land_x00);
      |                                      ^~~~~~~~~~~~~~~~~~~~~~~~~~~~~
      |                                      |
      |                                      int (*)(lua_State*)
src/tolua.h:48:65: note:   initializing argument 3 of ‘void tolua_function(lua_State*, const char*, void*)’
   48 | void tolua_function(lua_State* tolua_S, const char* name, void* func);
      |                                                           ~~~~~~^~~~
src/gslua.cpp:26814:38: warning: invalid conversion from ‘int (*)(lua_State*)’ to ‘void*’ [-fpermissive]
26814 |  tolua_function(tolua_S,"set_land_y",tolua_gslua_Base_set_land_y00);
      |                                      ^~~~~~~~~~~~~~~~~~~~~~~~~~~~~
      |                                      |
      |                                      int (*)(lua_State*)
src/tolua.h:48:65: note:   initializing argument 3 of ‘void tolua_function(lua_State*, const char*, void*)’
   48 | void tolua_function(lua_State* tolua_S, const char* name, void* func);
      |                                                           ~~~~~~^~~~
src/gslua.cpp:26815:38: warning: invalid conversion from ‘int (*)(lua_State*)’ to ‘void*’ [-fpermissive]
26815 |  tolua_function(tolua_S,"set_land_w",tolua_gslua_Base_set_land_w00);
      |                                      ^~~~~~~~~~~~~~~~~~~~~~~~~~~~~
      |                                      |
      |                                      int (*)(lua_State*)
src/tolua.h:48:65: note:   initializing argument 3 of ‘void tolua_function(lua_State*, const char*, void*)’
   48 | void tolua_function(lua_State* tolua_S, const char* name, void* func);
      |                                                           ~~~~~~^~~~
src/gslua.cpp:26816:36: warning: invalid conversion from ‘int (*)(lua_State*)’ to ‘void*’ [-fpermissive]
26816 |  tolua_function(tolua_S,"set_type",tolua_gslua_Base_set_type00);
      |                                    ^~~~~~~~~~~~~~~~~~~~~~~~~~~
      |                                    |
      |                                    int (*)(lua_State*)
src/tolua.h:48:65: note:   initializing argument 3 of ‘void tolua_function(lua_State*, const char*, void*)’
   48 | void tolua_function(lua_State* tolua_S, const char* name, void* func);
      |                                                           ~~~~~~^~~~
src/gslua.cpp:26817:36: warning: invalid conversion from ‘int (*)(lua_State*)’ to ‘void*’ [-fpermissive]
26817 |  tolua_function(tolua_S,"get_type",tolua_gslua_Base_get_type00);
      |                                    ^~~~~~~~~~~~~~~~~~~~~~~~~~~
      |                                    |
      |                                    int (*)(lua_State*)
src/tolua.h:48:65: note:   initializing argument 3 of ‘void tolua_function(lua_State*, const char*, void*)’
   48 | void tolua_function(lua_State* tolua_S, const char* name, void* func);
      |                                                           ~~~~~~^~~~
src/gslua.cpp:26818:42: warning: invalid conversion from ‘int (*)(lua_State*)’ to ‘void*’ [-fpermissive]
26818 |  tolua_function(tolua_S,"set_cargo_type",tolua_gslua_Base_set_cargo_type00);
      |                                          ^~~~~~~~~~~~~~~~~~~~~~~~~~~~~~~~~
      |                                          |
      |                                          int (*)(lua_State*)
src/tolua.h:48:65: note:   initializing argument 3 of ‘void tolua_function(lua_State*, const char*, void*)’
   48 | void tolua_function(lua_State* tolua_S, const char* name, void* func);
      |                                                           ~~~~~~^~~~
src/gslua.cpp:26819:42: warning: invalid conversion from ‘int (*)(lua_State*)’ to ‘void*’ [-fpermissive]
26819 |  tolua_function(tolua_S,"get_cargo_type",tolua_gslua_Base_get_cargo_type00);
      |                                          ^~~~~~~~~~~~~~~~~~~~~~~~~~~~~~~~~
      |                                          |
      |                                          int (*)(lua_State*)
src/tolua.h:48:65: note:   initializing argument 3 of ‘void tolua_function(lua_State*, const char*, void*)’
   48 | void tolua_function(lua_State* tolua_S, const char* name, void* func);
      |                                                           ~~~~~~^~~~
src/gslua.cpp:26820:44: warning: invalid conversion from ‘int (*)(lua_State*)’ to ‘void*’ [-fpermissive]
26820 |  tolua_function(tolua_S,"set_cargo_weight",tolua_gslua_Base_set_cargo_weight00);
      |                                            ^~~~~~~~~~~~~~~~~~~~~~~~~~~~~~~~~~~
      |                                            |
      |                                            int (*)(lua_State*)
src/tolua.h:48:65: note:   initializing argument 3 of ‘void tolua_function(lua_State*, const char*, void*)’
   48 | void tolua_function(lua_State* tolua_S, const char* name, void* func);
      |                                                           ~~~~~~^~~~
src/gslua.cpp:26821:44: warning: invalid conversion from ‘int (*)(lua_State*)’ to ‘void*’ [-fpermissive]
26821 |  tolua_function(tolua_S,"get_cargo_weight",tolua_gslua_Base_get_cargo_weight00);
      |                                            ^~~~~~~~~~~~~~~~~~~~~~~~~~~~~~~~~~~
      |                                            |
      |                                            int (*)(lua_State*)
src/tolua.h:48:65: note:   initializing argument 3 of ‘void tolua_function(lua_State*, const char*, void*)’
   48 | void tolua_function(lua_State* tolua_S, const char* name, void* func);
      |                                                           ~~~~~~^~~~
src/gslua.cpp:26822:44: warning: invalid conversion from ‘int (*)(lua_State*)’ to ‘void*’ [-fpermissive]
26822 |  tolua_function(tolua_S,"get_cargo_object",tolua_gslua_Base_get_cargo_object00);
      |                                            ^~~~~~~~~~~~~~~~~~~~~~~~~~~~~~~~~~~
      |                                            |
      |                                            int (*)(lua_State*)
src/tolua.h:48:65: note:   initializing argument 3 of ‘void tolua_function(lua_State*, const char*, void*)’
   48 | void tolua_function(lua_State* tolua_S, const char* name, void* func);
      |                                                           ~~~~~~^~~~
src/gslua.cpp:26823:44: warning: invalid conversion from ‘int (*)(lua_State*)’ to ‘void*’ [-fpermissive]
26823 |  tolua_function(tolua_S,"set_cargo_object",tolua_gslua_Base_set_cargo_object00);
      |                                            ^~~~~~~~~~~~~~~~~~~~~~~~~~~~~~~~~~~
      |                                            |
      |                                            int (*)(lua_State*)
src/tolua.h:48:65: note:   initializing argument 3 of ‘void tolua_function(lua_State*, const char*, void*)’
   48 | void tolua_function(lua_State* tolua_S, const char* name, void* func);
      |                                                           ~~~~~~^~~~
src/gslua.cpp:26824:42: warning: invalid conversion from ‘int (*)(lua_State*)’ to ‘void*’ [-fpermissive]
26824 |  tolua_function(tolua_S,"set_cargo_name",tolua_gslua_Base_set_cargo_name00);
      |                                          ^~~~~~~~~~~~~~~~~~~~~~~~~~~~~~~~~
      |                                          |
      |                                          int (*)(lua_State*)
src/tolua.h:48:65: note:   initializing argument 3 of ‘void tolua_function(lua_State*, const char*, void*)’
   48 | void tolua_function(lua_State* tolua_S, const char* name, void* func);
      |                                                           ~~~~~~^~~~
src/gslua.cpp:26825:42: warning: invalid conversion from ‘int (*)(lua_State*)’ to ‘void*’ [-fpermissive]
26825 |  tolua_function(tolua_S,"get_cargo_name",tolua_gslua_Base_get_cargo_name00);
      |                                          ^~~~~~~~~~~~~~~~~~~~~~~~~~~~~~~~~
      |                                          |
      |                                          int (*)(lua_State*)
src/tolua.h:48:65: note:   initializing argument 3 of ‘void tolua_function(lua_State*, const char*, void*)’
   48 | void tolua_function(lua_State* tolua_S, const char* name, void* func);
      |                                                           ~~~~~~^~~~
src/gslua.cpp:26826:34: warning: invalid conversion from ‘int (*)(lua_State*)’ to ‘void*’ [-fpermissive]
26826 |  tolua_function(tolua_S,"get_nr",tolua_gslua_Base_get_nr00);
      |                                  ^~~~~~~~~~~~~~~~~~~~~~~~~
      |                                  |
      |                                  int (*)(lua_State*)
src/tolua.h:48:65: note:   initializing argument 3 of ‘void tolua_function(lua_State*, const char*, void*)’
   48 | void tolua_function(lua_State* tolua_S, const char* name, void* func);
      |                                                           ~~~~~~^~~~
src/gslua.cpp:26827:46: warning: invalid conversion from ‘int (*)(lua_State*)’ to ‘void*’ [-fpermissive]
26827 |  tolua_function(tolua_S,"get_player_on_base",tolua_gslua_Base_get_player_on_base00);
      |                                              ^~~~~~~~~~~~~~~~~~~~~~~~~~~~~~~~~~~~~
      |                                              |
      |                                              int (*)(lua_State*)
src/tolua.h:48:65: note:   initializing argument 3 of ‘void tolua_function(lua_State*, const char*, void*)’
   48 | void tolua_function(lua_State* tolua_S, const char* name, void* func);
      |                                                           ~~~~~~^~~~
src/gslua.cpp:26828:46: warning: invalid conversion from ‘int (*)(lua_State*)’ to ‘void*’ [-fpermissive]
26828 |  tolua_function(tolua_S,"set_player_on_base",tolua_gslua_Base_set_player_on_base00);
      |                                              ^~~~~~~~~~~~~~~~~~~~~~~~~~~~~~~~~~~~~
      |                                              |
      |                                              int (*)(lua_State*)
src/tolua.h:48:65: note:   initializing argument 3 of ‘void tolua_function(lua_State*, const char*, void*)’
   48 | void tolua_function(lua_State* tolua_S, const char* name, void* func);
      |                                                           ~~~~~~^~~~
src/gslua.cpp:26829:46: warning: invalid conversion from ‘int (*)(lua_State*)’ to ‘void*’ [-fpermissive]
26829 |  tolua_function(tolua_S,"set_refuel_percent",tolua_gslua_Base_set_refuel_percent00);
      |                                              ^~~~~~~~~~~~~~~~~~~~~~~~~~~~~~~~~~~~~
      |                                              |
      |                                              int (*)(lua_State*)
src/tolua.h:48:65: note:   initializing argument 3 of ‘void tolua_function(lua_State*, const char*, void*)’
   48 | void tolua_function(lua_State* tolua_S, const char* name, void* func);
      |                                                           ~~~~~~^~~~
src/gslua.cpp:26830:46: warning: invalid conversion from ‘int (*)(lua_State*)’ to ‘void*’ [-fpermissive]
26830 |  tolua_function(tolua_S,"get_refuel_percent",tolua_gslua_Base_get_refuel_percent00);
      |                                              ^~~~~~~~~~~~~~~~~~~~~~~~~~~~~~~~~~~~~
      |                                              |
      |                                              int (*)(lua_State*)
src/tolua.h:48:65: note:   initializing argument 3 of ‘void tolua_function(lua_State*, const char*, void*)’
   48 | void tolua_function(lua_State* tolua_S, const char* name, void* func);
      |                                                           ~~~~~~^~~~
src/gslua.cpp:26831:45: warning: invalid conversion from ‘int (*)(lua_State*)’ to ‘void*’ [-fpermissive]
26831 |  tolua_function(tolua_S,"get_refuel_player",tolua_gslua_Base_get_refuel_player00);
      |                                             ^~~~~~~~~~~~~~~~~~~~~~~~~~~~~~~~~~~~
      |                                             |
      |                                             int (*)(lua_State*)
src/tolua.h:48:65: note:   initializing argument 3 of ‘void tolua_function(lua_State*, const char*, void*)’
   48 | void tolua_function(lua_State* tolua_S, const char* name, void* func);
      |                                                           ~~~~~~^~~~
src/gslua.cpp:26835:42: warning: invalid conversion from ‘int (*)(lua_State*)’ to ‘void*’ [-fpermissive]
26835 |  tolua_function(tolua_S,"get_first_base",tolua_gslua_gsBase_get_first_base00);
      |                                          ^~~~~~~~~~~~~~~~~~~~~~~~~~~~~~~~~~~
      |                                          |
      |                                          int (*)(lua_State*)
src/tolua.h:48:65: note:   initializing argument 3 of ‘void tolua_function(lua_State*, const char*, void*)’
   48 | void tolua_function(lua_State* tolua_S, const char* name, void* func);
      |                                                           ~~~~~~^~~~
src/gslua.cpp:26836:41: warning: invalid conversion from ‘int (*)(lua_State*)’ to ‘void*’ [-fpermissive]
26836 |  tolua_function(tolua_S,"get_last_base",tolua_gslua_gsBase_get_last_base00);
      |                                         ^~~~~~~~~~~~~~~~~~~~~~~~~~~~~~~~~~
      |                                         |
      |                                         int (*)(lua_State*)
src/tolua.h:48:65: note:   initializing argument 3 of ‘void tolua_function(lua_State*, const char*, void*)’
   48 | void tolua_function(lua_State* tolua_S, const char* name, void* func);
      |                                                           ~~~~~~^~~~
src/gslua.cpp:26837:37: warning: invalid conversion from ‘int (*)(lua_State*)’ to ‘void*’ [-fpermissive]
26837 |  tolua_function(tolua_S,"get_count",tolua_gslua_gsBase_get_count00);
      |                                     ^~~~~~~~~~~~~~~~~~~~~~~~~~~~~~
      |                                     |
      |                                     int (*)(lua_State*)
src/tolua.h:48:65: note:   initializing argument 3 of ‘void tolua_function(lua_State*, const char*, void*)’
   48 | void tolua_function(lua_State* tolua_S, const char* name, void* func);
      |                                                           ~~~~~~^~~~
src/gslua.cpp:26838:31: warning: invalid conversion from ‘int (*)(lua_State*)’ to ‘void*’ [-fpermissive]
26838 |  tolua_function(tolua_S,"add",tolua_gslua_gsBase_add00);
      |                               ^~~~~~~~~~~~~~~~~~~~~~~~
      |                               |
      |                               int (*)(lua_State*)
src/tolua.h:48:65: note:   initializing argument 3 of ‘void tolua_function(lua_State*, const char*, void*)’
   48 | void tolua_function(lua_State* tolua_S, const char* name, void* func);
      |                                                           ~~~~~~^~~~
src/gslua.cpp:26839:36: warning: invalid conversion from ‘int (*)(lua_State*)’ to ‘void*’ [-fpermissive]
26839 |  tolua_function(tolua_S,"get_base",tolua_gslua_gsBase_get_base00);
      |                                    ^~~~~~~~~~~~~~~~~~~~~~~~~~~~~
      |                                    |
      |                                    int (*)(lua_State*)
src/tolua.h:48:65: note:   initializing argument 3 of ‘void tolua_function(lua_State*, const char*, void*)’
   48 | void tolua_function(lua_State* tolua_S, const char* name, void* func);
      |                                                           ~~~~~~^~~~
src/gslua.cpp:26852:33: warning: invalid conversion from ‘int (*)(lua_State*)’ to ‘void*’ [-fpermissive]
26852 |  tolua_function(tolua_S,"get_x",tolua_gslua_Pixel_get_x00);
      |                                 ^~~~~~~~~~~~~~~~~~~~~~~~~
      |                                 |
      |                                 int (*)(lua_State*)
src/tolua.h:48:65: note:   initializing argument 3 of ‘void tolua_function(lua_State*, const char*, void*)’
   48 | void tolua_function(lua_State* tolua_S, const char* name, void* func);
      |                                                           ~~~~~~^~~~
src/gslua.cpp:26853:33: warning: invalid conversion from ‘int (*)(lua_State*)’ to ‘void*’ [-fpermissive]
26853 |  tolua_function(tolua_S,"get_y",tolua_gslua_Pixel_get_y00);
      |                                 ^~~~~~~~~~~~~~~~~~~~~~~~~
      |                                 |
      |                                 int (*)(lua_State*)
src/tolua.h:48:65: note:   initializing argument 3 of ‘void tolua_function(lua_State*, const char*, void*)’
   48 | void tolua_function(lua_State* tolua_S, const char* name, void* func);
      |                                                           ~~~~~~^~~~
src/gslua.cpp:26854:33: warning: invalid conversion from ‘int (*)(lua_State*)’ to ‘void*’ [-fpermissive]
26854 |  tolua_function(tolua_S,"set_x",tolua_gslua_Pixel_set_x00);
      |                                 ^~~~~~~~~~~~~~~~~~~~~~~~~
      |                                 |
      |                                 int (*)(lua_State*)
src/tolua.h:48:65: note:   initializing argument 3 of ‘void tolua_function(lua_State*, const char*, void*)’
   48 | void tolua_function(lua_State* tolua_S, const char* name, void* func);
      |                                                           ~~~~~~^~~~
src/gslua.cpp:26855:33: warning: invalid conversion from ‘int (*)(lua_State*)’ to ‘void*’ [-fpermissive]
26855 |  tolua_function(tolua_S,"set_y",tolua_gslua_Pixel_set_y00);
      |                                 ^~~~~~~~~~~~~~~~~~~~~~~~~
      |                                 |
      |                                 int (*)(lua_State*)
src/tolua.h:48:65: note:   initializing argument 3 of ‘void tolua_function(lua_State*, const char*, void*)’
   48 | void tolua_function(lua_State* tolua_S, const char* name, void* func);
      |                                                           ~~~~~~^~~~
src/gslua.cpp:26856:36: warning: invalid conversion from ‘int (*)(lua_State*)’ to ‘void*’ [-fpermissive]
26856 |  tolua_function(tolua_S,"get_xspd",tolua_gslua_Pixel_get_xspd00);
      |                                    ^~~~~~~~~~~~~~~~~~~~~~~~~~~~
      |                                    |
      |                                    int (*)(lua_State*)
src/tolua.h:48:65: note:   initializing argument 3 of ‘void tolua_function(lua_State*, const char*, void*)’
   48 | void tolua_function(lua_State* tolua_S, const char* name, void* func);
      |                                                           ~~~~~~^~~~
src/gslua.cpp:26857:36: warning: invalid conversion from ‘int (*)(lua_State*)’ to ‘void*’ [-fpermissive]
26857 |  tolua_function(tolua_S,"get_yspd",tolua_gslua_Pixel_get_yspd00);
      |                                    ^~~~~~~~~~~~~~~~~~~~~~~~~~~~
      |                                    |
      |                                    int (*)(lua_State*)
src/tolua.h:48:65: note:   initializing argument 3 of ‘void tolua_function(lua_State*, const char*, void*)’
   48 | void tolua_function(lua_State* tolua_S, const char* name, void* func);
      |                                                           ~~~~~~^~~~
src/gslua.cpp:26858:36: warning: invalid conversion from ‘int (*)(lua_State*)’ to ‘void*’ [-fpermissive]
26858 |  tolua_function(tolua_S,"set_xspd",tolua_gslua_Pixel_set_xspd00);
      |                                    ^~~~~~~~~~~~~~~~~~~~~~~~~~~~
      |                                    |
      |                                    int (*)(lua_State*)
src/tolua.h:48:65: note:   initializing argument 3 of ‘void tolua_function(lua_State*, const char*, void*)’
   48 | void tolua_function(lua_State* tolua_S, const char* name, void* func);
      |                                                           ~~~~~~^~~~
src/gslua.cpp:26859:36: warning: invalid conversion from ‘int (*)(lua_State*)’ to ‘void*’ [-fpermissive]
26859 |  tolua_function(tolua_S,"set_yspd",tolua_gslua_Pixel_set_yspd00);
      |                                    ^~~~~~~~~~~~~~~~~~~~~~~~~~~~
      |                                    |
      |                                    int (*)(lua_State*)
src/tolua.h:48:65: note:   initializing argument 3 of ‘void tolua_function(lua_State*, const char*, void*)’
   48 | void tolua_function(lua_State* tolua_S, const char* name, void* func);
      |                                                           ~~~~~~^~~~
src/gslua.cpp:26860:36: warning: invalid conversion from ‘int (*)(lua_State*)’ to ‘void*’ [-fpermissive]
26860 |  tolua_function(tolua_S,"get_prev",tolua_gslua_Pixel_get_prev00);
      |                                    ^~~~~~~~~~~~~~~~~~~~~~~~~~~~
      |                                    |
      |                                    int (*)(lua_State*)
src/tolua.h:48:65: note:   initializing argument 3 of ‘void tolua_function(lua_State*, const char*, void*)’
   48 | void tolua_function(lua_State* tolua_S, const char* name, void* func);
      |                                                           ~~~~~~^~~~
src/gslua.cpp:26861:36: warning: invalid conversion from ‘int (*)(lua_State*)’ to ‘void*’ [-fpermissive]
26861 |  tolua_function(tolua_S,"get_next",tolua_gslua_Pixel_get_next00);
      |                                    ^~~~~~~~~~~~~~~~~~~~~~~~~~~~
      |                                    |
      |                                    int (*)(lua_State*)
src/tolua.h:48:65: note:   initializing argument 3 of ‘void tolua_function(lua_State*, const char*, void*)’
   48 | void tolua_function(lua_State* tolua_S, const char* name, void* func);
      |                                                           ~~~~~~^~~~
src/gslua.cpp:26877:37: warning: invalid conversion from ‘int (*)(lua_State*)’ to ‘void*’ [-fpermissive]
26877 |  tolua_function(tolua_S,"get_first",tolua_gslua_gsPixelRain_get_first00);
      |                                     ^~~~~~~~~~~~~~~~~~~~~~~~~~~~~~~~~~~
      |                                     |
      |                                     int (*)(lua_State*)
src/tolua.h:48:65: note:   initializing argument 3 of ‘void tolua_function(lua_State*, const char*, void*)’
   48 | void tolua_function(lua_State* tolua_S, const char* name, void* func);
      |                                                           ~~~~~~^~~~
src/gslua.cpp:26878:36: warning: invalid conversion from ‘int (*)(lua_State*)’ to ‘void*’ [-fpermissive]
26878 |  tolua_function(tolua_S,"get_last",tolua_gslua_gsPixelRain_get_last00);
      |                                    ^~~~~~~~~~~~~~~~~~~~~~~~~~~~~~~~~~
      |                                    |
      |                                    int (*)(lua_State*)
src/tolua.h:48:65: note:   initializing argument 3 of ‘void tolua_function(lua_State*, const char*, void*)’
   48 | void tolua_function(lua_State* tolua_S, const char* name, void* func);
      |                                                           ~~~~~~^~~~
src/gslua.cpp:26879:37: warning: invalid conversion from ‘int (*)(lua_State*)’ to ‘void*’ [-fpermissive]
26879 |  tolua_function(tolua_S,"get_count",tolua_gslua_gsPixelRain_get_count00);
      |                                     ^~~~~~~~~~~~~~~~~~~~~~~~~~~~~~~~~~~
      |                                     |
      |                                     int (*)(lua_State*)
src/tolua.h:48:65: note:   initializing argument 3 of ‘void tolua_function(lua_State*, const char*, void*)’
   48 | void tolua_function(lua_State* tolua_S, const char* name, void* func);
      |                                                           ~~~~~~^~~~
src/gslua.cpp:26880:31: warning: invalid conversion from ‘int (*)(lua_State*)’ to ‘void*’ [-fpermissive]
26880 |  tolua_function(tolua_S,"add",tolua_gslua_gsPixelRain_add00);
      |                               ^~~~~~~~~~~~~~~~~~~~~~~~~~~~~
      |                               |
      |                               int (*)(lua_State*)
src/tolua.h:48:65: note:   initializing argument 3 of ‘void tolua_function(lua_State*, const char*, void*)’
   48 | void tolua_function(lua_State* tolua_S, const char* name, void* func);
      |                                                           ~~~~~~^~~~
src/gslua.cpp:26883:52: warning: invalid conversion from ‘int (*)(lua_State*)’ to ‘void*’ [-fpermissive]
26883 |  tolua_cclass(tolua_S,"level_info","level_info","",tolua_collect_level_info);
      |                                                    ^~~~~~~~~~~~~~~~~~~~~~~~
      |                                                    |
      |                                                    int (*)(lua_State*)
src/tolua.h:69:100: note:   initializing argument 5 of ‘void tolua_cclass(lua_State*, const char*, const char*, const char*, void*)’
   69 | void tolua_cclass(lua_State* tolua_S, const char* lname, const char* name, const char* base, void* collector);
      |                                                                                              ~~~~~~^~~~~~~~~
src/gslua.cpp:26921:50: warning: invalid conversion from ‘int (*)(lua_State*)’ to ‘void*’ [-fpermissive]
26921 |  tolua_cclass(tolua_S,"UserStats","UserStats","",tolua_collect_UserStats);
      |                                                  ^~~~~~~~~~~~~~~~~~~~~~~
      |                                                  |
      |                                                  int (*)(lua_State*)
src/tolua.h:69:100: note:   initializing argument 5 of ‘void tolua_cclass(lua_State*, const char*, const char*, const char*, void*)’
   69 | void tolua_cclass(lua_State* tolua_S, const char* lname, const char* name, const char* base, void* collector);
      |                                                                                              ~~~~~~^~~~~~~~~
src/gslua.cpp:26926:36: warning: invalid conversion from ‘int (*)(lua_State*)’ to ‘void*’ [-fpermissive]
26926 |  tolua_function(tolua_S,"set_text",tolua_gslua_UserStats_set_text00);
      |                                    ^~~~~~~~~~~~~~~~~~~~~~~~~~~~~~~~
      |                                    |
      |                                    int (*)(lua_State*)
src/tolua.h:48:65: note:   initializing argument 3 of ‘void tolua_function(lua_State*, const char*, void*)’
   48 | void tolua_function(lua_State* tolua_S, const char* name, void* func);
      |                                                           ~~~~~~^~~~
src/gslua.cpp:26927:41: warning: invalid conversion from ‘int (*)(lua_State*)’ to ‘void*’ [-fpermissive]
26927 |  tolua_function(tolua_S,"set_textcolor",tolua_gslua_UserStats_set_textcolor00);
      |                                         ^~~~~~~~~~~~~~~~~~~~~~~~~~~~~~~~~~~~~
      |                                         |
      |                                         int (*)(lua_State*)
src/tolua.h:48:65: note:   initializing argument 3 of ‘void tolua_function(lua_State*, const char*, void*)’
   48 | void tolua_function(lua_State* tolua_S, const char* name, void* func);
      |                                                           ~~~~~~^~~~
src/gslua.cpp:26928:37: warning: invalid conversion from ‘int (*)(lua_State*)’ to ‘void*’ [-fpermissive]
26928 |  tolua_function(tolua_S,"set_value",tolua_gslua_UserStats_set_value00);
      |                                     ^~~~~~~~~~~~~~~~~~~~~~~~~~~~~~~~~
      |                                     |
      |                                     int (*)(lua_State*)
src/tolua.h:48:65: note:   initializing argument 3 of ‘void tolua_function(lua_State*, const char*, void*)’
   48 | void tolua_function(lua_State* tolua_S, const char* name, void* func);
      |                                                           ~~~~~~^~~~
src/gslua.cpp:26929:37: warning: invalid conversion from ‘int (*)(lua_State*)’ to ‘void*’ [-fpermissive]
26929 |  tolua_function(tolua_S,"set_value",tolua_gslua_UserStats_set_value01);
      |                                     ^~~~~~~~~~~~~~~~~~~~~~~~~~~~~~~~~
      |                                     |
      |                                     int (*)(lua_State*)
src/tolua.h:48:65: note:   initializing argument 3 of ‘void tolua_function(lua_State*, const char*, void*)’
   48 | void tolua_function(lua_State* tolua_S, const char* name, void* func);
      |                                                           ~~~~~~^~~~
src/gslua.cpp:26930:42: warning: invalid conversion from ‘int (*)(lua_State*)’ to ‘void*’ [-fpermissive]
26930 |  tolua_function(tolua_S,"set_valuecolor",tolua_gslua_UserStats_set_valuecolor00);
      |                                          ^~~~~~~~~~~~~~~~~~~~~~~~~~~~~~~~~~~~~~
      |                                          |
      |                                          int (*)(lua_State*)
src/tolua.h:48:65: note:   initializing argument 3 of ‘void tolua_function(lua_State*, const char*, void*)’
   48 | void tolua_function(lua_State* tolua_S, const char* name, void* func);
      |                                                           ~~~~~~^~~~
src/gslua.cpp:26931:37: warning: invalid conversion from ‘int (*)(lua_State*)’ to ‘void*’ [-fpermissive]
26931 |  tolua_function(tolua_S,"set_plusx",tolua_gslua_UserStats_set_plusx00);
      |                                     ^~~~~~~~~~~~~~~~~~~~~~~~~~~~~~~~~
      |                                     |
      |                                     int (*)(lua_State*)
src/tolua.h:48:65: note:   initializing argument 3 of ‘void tolua_function(lua_State*, const char*, void*)’
   48 | void tolua_function(lua_State* tolua_S, const char* name, void* func);
      |                                                           ~~~~~~^~~~
src/gslua.cpp:26932:36: warning: invalid conversion from ‘int (*)(lua_State*)’ to ‘void*’ [-fpermissive]
26932 |  tolua_function(tolua_S,"get_text",tolua_gslua_UserStats_get_text00);
      |                                    ^~~~~~~~~~~~~~~~~~~~~~~~~~~~~~~~
      |                                    |
      |                                    int (*)(lua_State*)
src/tolua.h:48:65: note:   initializing argument 3 of ‘void tolua_function(lua_State*, const char*, void*)’
   48 | void tolua_function(lua_State* tolua_S, const char* name, void* func);
      |                                                           ~~~~~~^~~~
src/gslua.cpp:26933:41: warning: invalid conversion from ‘int (*)(lua_State*)’ to ‘void*’ [-fpermissive]
26933 |  tolua_function(tolua_S,"get_textcolor",tolua_gslua_UserStats_get_textcolor00);
      |                                         ^~~~~~~~~~~~~~~~~~~~~~~~~~~~~~~~~~~~~
      |                                         |
      |                                         int (*)(lua_State*)
src/tolua.h:48:65: note:   initializing argument 3 of ‘void tolua_function(lua_State*, const char*, void*)’
   48 | void tolua_function(lua_State* tolua_S, const char* name, void* func);
      |                                                           ~~~~~~^~~~
src/gslua.cpp:26934:37: warning: invalid conversion from ‘int (*)(lua_State*)’ to ‘void*’ [-fpermissive]
26934 |  tolua_function(tolua_S,"get_value",tolua_gslua_UserStats_get_value00);
      |                                     ^~~~~~~~~~~~~~~~~~~~~~~~~~~~~~~~~
      |                                     |
      |                                     int (*)(lua_State*)
src/tolua.h:48:65: note:   initializing argument 3 of ‘void tolua_function(lua_State*, const char*, void*)’
   48 | void tolua_function(lua_State* tolua_S, const char* name, void* func);
      |                                                           ~~~~~~^~~~
src/gslua.cpp:26935:42: warning: invalid conversion from ‘int (*)(lua_State*)’ to ‘void*’ [-fpermissive]
26935 |  tolua_function(tolua_S,"get_valuecolor",tolua_gslua_UserStats_get_valuecolor00);
      |                                          ^~~~~~~~~~~~~~~~~~~~~~~~~~~~~~~~~~~~~~
      |                                          |
      |                                          int (*)(lua_State*)
src/tolua.h:48:65: note:   initializing argument 3 of ‘void tolua_function(lua_State*, const char*, void*)’
   48 | void tolua_function(lua_State* tolua_S, const char* name, void* func);
      |                                                           ~~~~~~^~~~
src/gslua.cpp:26936:37: warning: invalid conversion from ‘int (*)(lua_State*)’ to ‘void*’ [-fpermissive]
26936 |  tolua_function(tolua_S,"get_plusx",tolua_gslua_UserStats_get_plusx00);
      |                                     ^~~~~~~~~~~~~~~~~~~~~~~~~~~~~~~~~
      |                                     |
      |                                     int (*)(lua_State*)
src/tolua.h:48:65: note:   initializing argument 3 of ‘void tolua_function(lua_State*, const char*, void*)’
   48 | void tolua_function(lua_State* tolua_S, const char* name, void* func);
      |                                                           ~~~~~~^~~~
src/gslua.cpp:26984:33: warning: invalid conversion from ‘int (*)(lua_State*)’ to ‘void*’ [-fpermissive]
26984 |  tolua_array(tolua_S,"tbl_blue",tolua_get_gslua_gsGlobals_tbl_blue,NULL);
      |                                 ^~~~~~~~~~~~~~~~~~~~~~~~~~~~~~~~~~
      |                                 |
      |                                 int (*)(lua_State*)
src/tolua.h:68:62: note:   initializing argument 3 of ‘void tolua_array(lua_State*, const char*, void*, void*)’
   68 | void tolua_array(lua_State* tolua_S, const char* name, void* getter, void* setter);
      |                                                        ~~~~~~^~~~~~
src/gslua.cpp:26985:34: warning: invalid conversion from ‘int (*)(lua_State*)’ to ‘void*’ [-fpermissive]
26985 |  tolua_array(tolua_S,"tbl_white",tolua_get_gslua_gsGlobals_tbl_white,NULL);
      |                                  ^~~~~~~~~~~~~~~~~~~~~~~~~~~~~~~~~~~
      |                                  |
      |                                  int (*)(lua_State*)
src/tolua.h:68:62: note:   initializing argument 3 of ‘void tolua_array(lua_State*, const char*, void*, void*)’
   68 | void tolua_array(lua_State* tolua_S, const char* name, void* getter, void* setter);
      |                                                        ~~~~~~^~~~~~
src/gslua.cpp:26986:38: warning: invalid conversion from ‘int (*)(lua_State*)’ to ‘void*’ [-fpermissive]
26986 |  tolua_array(tolua_S,"tbl_bluewhite",tolua_get_gslua_gsGlobals_tbl_bluewhite,NULL);
      |                                      ^~~~~~~~~~~~~~~~~~~~~~~~~~~~~~~~~~~~~~~
      |                                      |
      |                                      int (*)(lua_State*)
src/tolua.h:68:62: note:   initializing argument 3 of ‘void tolua_array(lua_State*, const char*, void*, void*)’
   68 | void tolua_array(lua_State* tolua_S, const char* name, void* getter, void* setter);
      |                                                        ~~~~~~^~~~~~
src/gslua.cpp:26987:34: warning: invalid conversion from ‘int (*)(lua_State*)’ to ‘void*’ [-fpermissive]
26987 |  tolua_array(tolua_S,"tbl_green",tolua_get_gslua_gsGlobals_tbl_green,NULL);
      |                                  ^~~~~~~~~~~~~~~~~~~~~~~~~~~~~~~~~~~
      |                                  |
      |                                  int (*)(lua_State*)
src/tolua.h:68:62: note:   initializing argument 3 of ‘void tolua_array(lua_State*, const char*, void*, void*)’
   68 | void tolua_array(lua_State* tolua_S, const char* name, void* getter, void* setter);
      |                                                        ~~~~~~^~~~~~
src/gslua.cpp:26988:35: warning: invalid conversion from ‘int (*)(lua_State*)’ to ‘void*’ [-fpermissive]
26988 |  tolua_array(tolua_S,"tbl_yellow",tolua_get_gslua_gsGlobals_tbl_yellow,NULL);
      |                                   ^~~~~~~~~~~~~~~~~~~~~~~~~~~~~~~~~~~~
      |                                   |
      |                                   int (*)(lua_State*)
src/tolua.h:68:62: note:   initializing argument 3 of ‘void tolua_array(lua_State*, const char*, void*, void*)’
   68 | void tolua_array(lua_State* tolua_S, const char* name, void* getter, void* setter);
      |                                                        ~~~~~~^~~~~~
src/gslua.cpp:26989:32: warning: invalid conversion from ‘int (*)(lua_State*)’ to ‘void*’ [-fpermissive]
26989 |  tolua_array(tolua_S,"tbl_red",tolua_get_gslua_gsGlobals_tbl_red,NULL);
      |                                ^~~~~~~~~~~~~~~~~~~~~~~~~~~~~~~~~
      |                                |
      |                                int (*)(lua_State*)
src/tolua.h:68:62: note:   initializing argument 3 of ‘void tolua_array(lua_State*, const char*, void*, void*)’
   68 | void tolua_array(lua_State* tolua_S, const char* name, void* getter, void* setter);
      |                                                        ~~~~~~^~~~~~
src/gslua.cpp:26990:32: warning: invalid conversion from ‘int (*)(lua_State*)’ to ‘void*’ [-fpermissive]
26990 |  tolua_array(tolua_S,"tbl_all",tolua_get_gslua_gsGlobals_tbl_all,NULL);
      |                                ^~~~~~~~~~~~~~~~~~~~~~~~~~~~~~~~~
      |                                |
      |                                int (*)(lua_State*)
src/tolua.h:68:62: note:   initializing argument 3 of ‘void tolua_array(lua_State*, const char*, void*, void*)’
   68 | void tolua_array(lua_State* tolua_S, const char* name, void* getter, void* setter);
      |                                                        ~~~~~~^~~~~~
src/gslua.cpp:26998:30: warning: invalid conversion from ‘int (*)(lua_State*)’ to ‘void*’ [-fpermissive]
26998 |  tolua_array(tolua_S,"color",tolua_get_gslua_gsGlobals_color,NULL);
      |                              ^~~~~~~~~~~~~~~~~~~~~~~~~~~~~~~
      |                              |
      |                              int (*)(lua_State*)
src/tolua.h:68:62: note:   initializing argument 3 of ‘void tolua_array(lua_State*, const char*, void*, void*)’
   68 | void tolua_array(lua_State* tolua_S, const char* name, void* getter, void* setter);
      |                                                        ~~~~~~^~~~~~
src/gslua.cpp:27018:36: warning: invalid conversion from ‘int (*)(lua_State*)’ to ‘void*’ [-fpermissive]
27018 |  tolua_array(tolua_S,"level_files",tolua_get_gslua_gsGlobals_level_files,NULL);
      |                                    ^~~~~~~~~~~~~~~~~~~~~~~~~~~~~~~~~~~~~
      |                                    |
      |                                    int (*)(lua_State*)
src/tolua.h:68:62: note:   initializing argument 3 of ‘void tolua_array(lua_State*, const char*, void*, void*)’
   68 | void tolua_array(lua_State* tolua_S, const char* name, void* getter, void* setter);
      |                                                        ~~~~~~^~~~~~
src/gslua.cpp:27023:38: warning: invalid conversion from ‘int (*)(lua_State*)’ to ‘void*’ [-fpermissive]
27023 |  tolua_function(tolua_S,"make_color",tolua_gslua_gsGlobals_make_color00);
      |                                      ^~~~~~~~~~~~~~~~~~~~~~~~~~~~~~~~~~
      |                                      |
      |                                      int (*)(lua_State*)
src/tolua.h:48:65: note:   initializing argument 3 of ‘void tolua_function(lua_State*, const char*, void*)’
   48 | void tolua_function(lua_State* tolua_S, const char* name, void* func);
      |                                                           ~~~~~~^~~~
src/gslua.cpp:27024:55: warning: invalid conversion from ‘int (*)(lua_State*)’ to ‘void*’ [-fpermissive]
27024 |  tolua_function(tolua_S,"get_level_num_from_filename",tolua_gslua_gsGlobals_get_level_num_from_filename00);
      |                                                       ^~~~~~~~~~~~~~~~~~~~~~~~~~~~~~~~~~~~~~~~~~~~~~~~~~~
      |                                                       |
      |                                                       int (*)(lua_State*)
src/tolua.h:48:65: note:   initializing argument 3 of ‘void tolua_function(lua_State*, const char*, void*)’
   48 | void tolua_function(lua_State* tolua_S, const char* name, void* func);
      |                                                           ~~~~~~^~~~
src/gslua.cpp:27025:41: warning: invalid conversion from ‘int (*)(lua_State*)’ to ‘void*’ [-fpermissive]
27025 |  tolua_function(tolua_S,"set_highscore",tolua_gslua_gsGlobals_set_highscore00);
      |                                         ^~~~~~~~~~~~~~~~~~~~~~~~~~~~~~~~~~~~~
      |                                         |
      |                                         int (*)(lua_State*)
src/tolua.h:48:65: note:   initializing argument 3 of ‘void tolua_function(lua_State*, const char*, void*)’
   48 | void tolua_function(lua_State* tolua_S, const char* name, void* func);
      |                                                           ~~~~~~^~~~
src/gslua.cpp:27026:41: warning: invalid conversion from ‘int (*)(lua_State*)’ to ‘void*’ [-fpermissive]
27026 |  tolua_function(tolua_S,"set_highscore",tolua_gslua_gsGlobals_set_highscore01);
      |                                         ^~~~~~~~~~~~~~~~~~~~~~~~~~~~~~~~~~~~~
      |                                         |
      |                                         int (*)(lua_State*)
src/tolua.h:48:65: note:   initializing argument 3 of ‘void tolua_function(lua_State*, const char*, void*)’
   48 | void tolua_function(lua_State* tolua_S, const char* name, void* func);
      |                                                           ~~~~~~^~~~
src/gslua.cpp:27027:50: warning: invalid conversion from ‘int (*)(lua_State*)’ to ‘void*’ [-fpermissive]
27027 |  tolua_function(tolua_S,"create_level_done_file",tolua_gslua_gsGlobals_create_level_done_file00);
      |                                                  ^~~~~~~~~~~~~~~~~~~~~~~~~~~~~~~~~~~~~~~~~~~~~~
      |                                                  |
      |                                                  int (*)(lua_State*)
src/tolua.h:48:65: note:   initializing argument 3 of ‘void tolua_function(lua_State*, const char*, void*)’
   48 | void tolua_function(lua_State* tolua_S, const char* name, void* func);
      |                                                           ~~~~~~^~~~
src/gslua.cpp:27052:35: warning: invalid conversion from ‘int (*)(lua_State*)’ to ‘void*’ [-fpermissive]
27052 |  tolua_array(tolua_S,"user_stats",tolua_get_gslua_gsGlobals_user_stats,tolua_set_gslua_gsGlobals_user_stats);
      |                                   ^~~~~~~~~~~~~~~~~~~~~~~~~~~~~~~~~~~~
      |                                   |
      |                                   int (*)(lua_State*)
src/tolua.h:68:62: note:   initializing argument 3 of ‘void tolua_array(lua_State*, const char*, void*, void*)’
   68 | void tolua_array(lua_State* tolua_S, const char* name, void* getter, void* setter);
      |                                                        ~~~~~~^~~~~~
src/gslua.cpp:27052:72: warning: invalid conversion from ‘int (*)(lua_State*)’ to ‘void*’ [-fpermissive]
27052 |  tolua_array(tolua_S,"user_stats",tolua_get_gslua_gsGlobals_user_stats,tolua_set_gslua_gsGlobals_user_stats);
      |                                                                        ^~~~~~~~~~~~~~~~~~~~~~~~~~~~~~~~~~~~
      |                                                                        |
      |                                                                        int (*)(lua_State*)
src/tolua.h:68:76: note:   initializing argument 4 of ‘void tolua_array(lua_State*, const char*, void*, void*)’
   68 | void tolua_array(lua_State* tolua_S, const char* name, void* getter, void* setter);
      |                                                                      ~~~~~~^~~~~~
src/gslua.cpp:27131:35: warning: invalid conversion from ‘int (*)(lua_State*)’ to ‘void*’ [-fpermissive]
27131 |  tolua_function(tolua_S,"set_key",tolua_gslua_gsControl_set_key00);
      |                                   ^~~~~~~~~~~~~~~~~~~~~~~~~~~~~~~
      |                                   |
      |                                   int (*)(lua_State*)
src/tolua.h:48:65: note:   initializing argument 3 of ‘void tolua_function(lua_State*, const char*, void*)’
   48 | void tolua_function(lua_State* tolua_S, const char* name, void* func);
      |                                                           ~~~~~~^~~~
src/gslua.cpp:27132:35: warning: invalid conversion from ‘int (*)(lua_State*)’ to ‘void*’ [-fpermissive]
27132 |  tolua_function(tolua_S,"get_key",tolua_gslua_gsControl_get_key00);
      |                                   ^~~~~~~~~~~~~~~~~~~~~~~~~~~~~~~
      |                                   |
      |                                   int (*)(lua_State*)
src/tolua.h:48:65: note:   initializing argument 3 of ‘void tolua_function(lua_State*, const char*, void*)’
   48 | void tolua_function(lua_State* tolua_S, const char* name, void* func);
      |                                                           ~~~~~~^~~~
src/gslua.cpp:27133:34: warning: invalid conversion from ‘int (*)(lua_State*)’ to ‘void*’ [-fpermissive]
27133 |  tolua_function(tolua_S,"update",tolua_gslua_gsControl_update00);
      |                                  ^~~~~~~~~~~~~~~~~~~~~~~~~~~~~~
      |                                  |
      |                                  int (*)(lua_State*)
src/tolua.h:48:65: note:   initializing argument 3 of ‘void tolua_function(lua_State*, const char*, void*)’
   48 | void tolua_function(lua_State* tolua_S, const char* name, void* func);
      |                                                           ~~~~~~^~~~
src/gslua.cpp:27134:43: warning: invalid conversion from ‘int (*)(lua_State*)’ to ‘void*’ [-fpermissive]
27134 |  tolua_function(tolua_S,"get_pressed_key",tolua_gslua_gsControl_get_pressed_key00);
      |                                           ^~~~~~~~~~~~~~~~~~~~~~~~~~~~~~~~~~~~~~~
      |                                           |
      |                                           int (*)(lua_State*)
src/tolua.h:48:65: note:   initializing argument 3 of ‘void tolua_function(lua_State*, const char*, void*)’
   48 | void tolua_function(lua_State* tolua_S, const char* name, void* func);
      |                                                           ~~~~~~^~~~
src/gslua.cpp:27135:34: warning: invalid conversion from ‘int (*)(lua_State*)’ to ‘void*’ [-fpermissive]
27135 |  tolua_function(tolua_S,"enable",tolua_gslua_gsControl_enable00);
      |                                  ^~~~~~~~~~~~~~~~~~~~~~~~~~~~~~
      |                                  |
      |                                  int (*)(lua_State*)
src/tolua.h:48:65: note:   initializing argument 3 of ‘void tolua_function(lua_State*, const char*, void*)’
   48 | void tolua_function(lua_State* tolua_S, const char* name, void* func);
      |                                                           ~~~~~~^~~~
src/gslua.cpp:27136:35: warning: invalid conversion from ‘int (*)(lua_State*)’ to ‘void*’ [-fpermissive]
27136 |  tolua_function(tolua_S,"disable",tolua_gslua_gsControl_disable00);
      |                                   ^~~~~~~~~~~~~~~~~~~~~~~~~~~~~~~
      |                                   |
      |                                   int (*)(lua_State*)
src/tolua.h:48:65: note:   initializing argument 3 of ‘void tolua_function(lua_State*, const char*, void*)’
   48 | void tolua_function(lua_State* tolua_S, const char* name, void* func);
      |                                                           ~~~~~~^~~~
src/gslua.cpp:27137:40: warning: invalid conversion from ‘int (*)(lua_State*)’ to ‘void*’ [-fpermissive]
27137 |  tolua_function(tolua_S,"get_disabled",tolua_gslua_gsControl_get_disabled00);
      |                                        ^~~~~~~~~~~~~~~~~~~~~~~~~~~~~~~~~~~~
      |                                        |
      |                                        int (*)(lua_State*)
src/tolua.h:48:65: note:   initializing argument 3 of ‘void tolua_function(lua_State*, const char*, void*)’
   48 | void tolua_function(lua_State* tolua_S, const char* name, void* func);
      |                                                           ~~~~~~^~~~
src/gslua.cpp:27138:32: warning: invalid conversion from ‘int (*)(lua_State*)’ to ‘void*’ [-fpermissive]
27138 |  tolua_function(tolua_S,"left",tolua_gslua_gsControl_left00);
      |                                ^~~~~~~~~~~~~~~~~~~~~~~~~~~~
      |                                |
      |                                int (*)(lua_State*)
src/tolua.h:48:65: note:   initializing argument 3 of ‘void tolua_function(lua_State*, const char*, void*)’
   48 | void tolua_function(lua_State* tolua_S, const char* name, void* func);
      |                                                           ~~~~~~^~~~
src/gslua.cpp:27139:33: warning: invalid conversion from ‘int (*)(lua_State*)’ to ‘void*’ [-fpermissive]
27139 |  tolua_function(tolua_S,"right",tolua_gslua_gsControl_right00);
      |                                 ^~~~~~~~~~~~~~~~~~~~~~~~~~~~~
      |                                 |
      |                                 int (*)(lua_State*)
src/tolua.h:48:65: note:   initializing argument 3 of ‘void tolua_function(lua_State*, const char*, void*)’
   48 | void tolua_function(lua_State* tolua_S, const char* name, void* func);
      |                                                           ~~~~~~^~~~
src/gslua.cpp:27140:34: warning: invalid conversion from ‘int (*)(lua_State*)’ to ‘void*’ [-fpermissive]
27140 |  tolua_function(tolua_S,"thrust",tolua_gslua_gsControl_thrust00);
      |                                  ^~~~~~~~~~~~~~~~~~~~~~~~~~~~~~
      |                                  |
      |                                  int (*)(lua_State*)
src/tolua.h:48:65: note:   initializing argument 3 of ‘void tolua_function(lua_State*, const char*, void*)’
   48 | void tolua_function(lua_State* tolua_S, const char* name, void* func);
      |                                                           ~~~~~~^~~~
src/gslua.cpp:27141:33: warning: invalid conversion from ‘int (*)(lua_State*)’ to ‘void*’ [-fpermissive]
27141 |  tolua_function(tolua_S,"shoot",tolua_gslua_gsControl_shoot00);
      |                                 ^~~~~~~~~~~~~~~~~~~~~~~~~~~~~
      |                                 |
      |                                 int (*)(lua_State*)
src/tolua.h:48:65: note:   initializing argument 3 of ‘void tolua_function(lua_State*, const char*, void*)’
   48 | void tolua_function(lua_State* tolua_S, const char* name, void* func);
      |                                                           ~~~~~~^~~~
src/gslua.cpp:27142:35: warning: invalid conversion from ‘int (*)(lua_State*)’ to ‘void*’ [-fpermissive]
27142 |  tolua_function(tolua_S,"special",tolua_gslua_gsControl_special00);
      |                                   ^~~~~~~~~~~~~~~~~~~~~~~~~~~~~~~
      |                                   |
      |                                   int (*)(lua_State*)
src/tolua.h:48:65: note:   initializing argument 3 of ‘void tolua_function(lua_State*, const char*, void*)’
   48 | void tolua_function(lua_State* tolua_S, const char* name, void* func);
      |                                                           ~~~~~~^~~~
src/gslua.cpp:27143:40: warning: invalid conversion from ‘int (*)(lua_State*)’ to ‘void*’ [-fpermissive]
27143 |  tolua_function(tolua_S,"extra_action",tolua_gslua_gsControl_extra_action00);
      |                                        ^~~~~~~~~~~~~~~~~~~~~~~~~~~~~~~~~~~~
      |                                        |
      |                                        int (*)(lua_State*)
src/tolua.h:48:65: note:   initializing argument 3 of ‘void tolua_function(lua_State*, const char*, void*)’
   48 | void tolua_function(lua_State* tolua_S, const char* name, void* func);
      |                                                           ~~~~~~^~~~
src/gslua.cpp:27144:30: warning: invalid conversion from ‘int (*)(lua_State*)’ to ‘void*’ [-fpermissive]
27144 |  tolua_function(tolua_S,"nw",tolua_gslua_gsControl_nw00);
      |                              ^~~~~~~~~~~~~~~~~~~~~~~~~~
      |                              |
      |                              int (*)(lua_State*)
src/tolua.h:48:65: note:   initializing argument 3 of ‘void tolua_function(lua_State*, const char*, void*)’
   48 | void tolua_function(lua_State* tolua_S, const char* name, void* func);
      |                                                           ~~~~~~^~~~
src/gslua.cpp:27145:30: warning: invalid conversion from ‘int (*)(lua_State*)’ to ‘void*’ [-fpermissive]
27145 |  tolua_function(tolua_S,"pw",tolua_gslua_gsControl_pw00);
      |                              ^~~~~~~~~~~~~~~~~~~~~~~~~~
      |                              |
      |                              int (*)(lua_State*)
src/tolua.h:48:65: note:   initializing argument 3 of ‘void tolua_function(lua_State*, const char*, void*)’
   48 | void tolua_function(lua_State* tolua_S, const char* name, void* func);
      |                                                           ~~~~~~^~~~
src/gslua.cpp:27146:30: warning: invalid conversion from ‘int (*)(lua_State*)’ to ‘void*’ [-fpermissive]
27146 |  tolua_function(tolua_S,"w1",tolua_gslua_gsControl_w100);
      |                              ^~~~~~~~~~~~~~~~~~~~~~~~~~
      |                              |
      |                              int (*)(lua_State*)
src/tolua.h:48:65: note:   initializing argument 3 of ‘void tolua_function(lua_State*, const char*, void*)’
   48 | void tolua_function(lua_State* tolua_S, const char* name, void* func);
      |                                                           ~~~~~~^~~~
src/gslua.cpp:27147:30: warning: invalid conversion from ‘int (*)(lua_State*)’ to ‘void*’ [-fpermissive]
27147 |  tolua_function(tolua_S,"w2",tolua_gslua_gsControl_w200);
      |                              ^~~~~~~~~~~~~~~~~~~~~~~~~~
      |                              |
      |                              int (*)(lua_State*)
src/tolua.h:48:65: note:   initializing argument 3 of ‘void tolua_function(lua_State*, const char*, void*)’
   48 | void tolua_function(lua_State* tolua_S, const char* name, void* func);
      |                                                           ~~~~~~^~~~
src/gslua.cpp:27148:30: warning: invalid conversion from ‘int (*)(lua_State*)’ to ‘void*’ [-fpermissive]
27148 |  tolua_function(tolua_S,"w3",tolua_gslua_gsControl_w300);
      |                              ^~~~~~~~~~~~~~~~~~~~~~~~~~
      |                              |
      |                              int (*)(lua_State*)
src/tolua.h:48:65: note:   initializing argument 3 of ‘void tolua_function(lua_State*, const char*, void*)’
   48 | void tolua_function(lua_State* tolua_S, const char* name, void* func);
      |                                                           ~~~~~~^~~~
src/gslua.cpp:27149:30: warning: invalid conversion from ‘int (*)(lua_State*)’ to ‘void*’ [-fpermissive]
27149 |  tolua_function(tolua_S,"w4",tolua_gslua_gsControl_w400);
      |                              ^~~~~~~~~~~~~~~~~~~~~~~~~~
      |                              |
      |                              int (*)(lua_State*)
src/tolua.h:48:65: note:   initializing argument 3 of ‘void tolua_function(lua_State*, const char*, void*)’
   48 | void tolua_function(lua_State* tolua_S, const char* name, void* func);
      |                                                           ~~~~~~^~~~
src/gslua.cpp:27150:30: warning: invalid conversion from ‘int (*)(lua_State*)’ to ‘void*’ [-fpermissive]
27150 |  tolua_function(tolua_S,"w5",tolua_gslua_gsControl_w500);
      |                              ^~~~~~~~~~~~~~~~~~~~~~~~~~
      |                              |
      |                              int (*)(lua_State*)
src/tolua.h:48:65: note:   initializing argument 3 of ‘void tolua_function(lua_State*, const char*, void*)’
   48 | void tolua_function(lua_State* tolua_S, const char* name, void* func);
      |                                                           ~~~~~~^~~~
src/gslua.cpp:27151:30: warning: invalid conversion from ‘int (*)(lua_State*)’ to ‘void*’ [-fpermissive]
27151 |  tolua_function(tolua_S,"w6",tolua_gslua_gsControl_w600);
      |                              ^~~~~~~~~~~~~~~~~~~~~~~~~~
      |                              |
      |                              int (*)(lua_State*)
src/tolua.h:48:65: note:   initializing argument 3 of ‘void tolua_function(lua_State*, const char*, void*)’
   48 | void tolua_function(lua_State* tolua_S, const char* name, void* func);
      |                                                           ~~~~~~^~~~
src/gslua.cpp:27158:40: warning: invalid conversion from ‘int (*)(lua_State*)’ to ‘void*’ [-fpermissive]
27158 |  tolua_function(tolua_S,"get_scroll_x",tolua_gslua_gsMap_get_scroll_x00);
      |                                        ^~~~~~~~~~~~~~~~~~~~~~~~~~~~~~~~
      |                                        |
      |                                        int (*)(lua_State*)
src/tolua.h:48:65: note:   initializing argument 3 of ‘void tolua_function(lua_State*, const char*, void*)’
   48 | void tolua_function(lua_State* tolua_S, const char* name, void* func);
      |                                                           ~~~~~~^~~~
src/gslua.cpp:27159:40: warning: invalid conversion from ‘int (*)(lua_State*)’ to ‘void*’ [-fpermissive]
27159 |  tolua_function(tolua_S,"get_scroll_y",tolua_gslua_gsMap_get_scroll_y00);
      |                                        ^~~~~~~~~~~~~~~~~~~~~~~~~~~~~~~~
      |                                        |
      |                                        int (*)(lua_State*)
src/tolua.h:48:65: note:   initializing argument 3 of ‘void tolua_function(lua_State*, const char*, void*)’
   48 | void tolua_function(lua_State* tolua_S, const char* name, void* func);
      |                                                           ~~~~~~^~~~
src/gslua.cpp:27160:43: warning: invalid conversion from ‘int (*)(lua_State*)’ to ‘void*’ [-fpermissive]
27160 |  tolua_function(tolua_S,"get_scroll_to_x",tolua_gslua_gsMap_get_scroll_to_x00);
      |                                           ^~~~~~~~~~~~~~~~~~~~~~~~~~~~~~~~~~~
      |                                           |
      |                                           int (*)(lua_State*)
src/tolua.h:48:65: note:   initializing argument 3 of ‘void tolua_function(lua_State*, const char*, void*)’
   48 | void tolua_function(lua_State* tolua_S, const char* name, void* func);
      |                                                           ~~~~~~^~~~
src/gslua.cpp:27161:43: warning: invalid conversion from ‘int (*)(lua_State*)’ to ‘void*’ [-fpermissive]
27161 |  tolua_function(tolua_S,"get_scroll_to_y",tolua_gslua_gsMap_get_scroll_to_y00);
      |                                           ^~~~~~~~~~~~~~~~~~~~~~~~~~~~~~~~~~~
      |                                           |
      |                                           int (*)(lua_State*)
src/tolua.h:48:65: note:   initializing argument 3 of ‘void tolua_function(lua_State*, const char*, void*)’
   48 | void tolua_function(lua_State* tolua_S, const char* name, void* func);
      |                                                           ~~~~~~^~~~
src/gslua.cpp:27162:37: warning: invalid conversion from ‘int (*)(lua_State*)’ to ‘void*’ [-fpermissive]
27162 |  tolua_function(tolua_S,"get_map_x",tolua_gslua_gsMap_get_map_x00);
      |                                     ^~~~~~~~~~~~~~~~~~~~~~~~~~~~~
      |                                     |
      |                                     int (*)(lua_State*)
src/tolua.h:48:65: note:   initializing argument 3 of ‘void tolua_function(lua_State*, const char*, void*)’
   48 | void tolua_function(lua_State* tolua_S, const char* name, void* func);
      |                                                           ~~~~~~^~~~
src/gslua.cpp:27163:37: warning: invalid conversion from ‘int (*)(lua_State*)’ to ‘void*’ [-fpermissive]
27163 |  tolua_function(tolua_S,"get_map_y",tolua_gslua_gsMap_get_map_y00);
      |                                     ^~~~~~~~~~~~~~~~~~~~~~~~~~~~~
      |                                     |
      |                                     int (*)(lua_State*)
src/tolua.h:48:65: note:   initializing argument 3 of ‘void tolua_function(lua_State*, const char*, void*)’
   48 | void tolua_function(lua_State* tolua_S, const char* name, void* func);
      |                                                           ~~~~~~^~~~
src/gslua.cpp:27164:46: warning: invalid conversion from ‘int (*)(lua_State*)’ to ‘void*’ [-fpermissive]
27164 |  tolua_function(tolua_S,"get_scroll_speed_x",tolua_gslua_gsMap_get_scroll_speed_x00);
      |                                              ^~~~~~~~~~~~~~~~~~~~~~~~~~~~~~~~~~~~~~
      |                                              |
      |                                              int (*)(lua_State*)
src/tolua.h:48:65: note:   initializing argument 3 of ‘void tolua_function(lua_State*, const char*, void*)’
   48 | void tolua_function(lua_State* tolua_S, const char* name, void* func);
      |                                                           ~~~~~~^~~~
src/gslua.cpp:27165:46: warning: invalid conversion from ‘int (*)(lua_State*)’ to ‘void*’ [-fpermissive]
27165 |  tolua_function(tolua_S,"get_scroll_speed_y",tolua_gslua_gsMap_get_scroll_speed_y00);
      |                                              ^~~~~~~~~~~~~~~~~~~~~~~~~~~~~~~~~~~~~~
      |                                              |
      |                                              int (*)(lua_State*)
src/tolua.h:48:65: note:   initializing argument 3 of ‘void tolua_function(lua_State*, const char*, void*)’
   48 | void tolua_function(lua_State* tolua_S, const char* name, void* func);
      |                                                           ~~~~~~^~~~
src/gslua.cpp:27166:41: warning: invalid conversion from ‘int (*)(lua_State*)’ to ‘void*’ [-fpermissive]
27166 |  tolua_function(tolua_S,"get_fscroll_x",tolua_gslua_gsMap_get_fscroll_x00);
      |                                         ^~~~~~~~~~~~~~~~~~~~~~~~~~~~~~~~~
      |                                         |
      |                                         int (*)(lua_State*)
src/tolua.h:48:65: note:   initializing argument 3 of ‘void tolua_function(lua_State*, const char*, void*)’
   48 | void tolua_function(lua_State* tolua_S, const char* name, void* func);
      |                                                           ~~~~~~^~~~
src/gslua.cpp:27167:41: warning: invalid conversion from ‘int (*)(lua_State*)’ to ‘void*’ [-fpermissive]
27167 |  tolua_function(tolua_S,"get_fscroll_y",tolua_gslua_gsMap_get_fscroll_y00);
      |                                         ^~~~~~~~~~~~~~~~~~~~~~~~~~~~~~~~~
      |                                         |
      |                                         int (*)(lua_State*)
src/tolua.h:48:65: note:   initializing argument 3 of ‘void tolua_function(lua_State*, const char*, void*)’
   48 | void tolua_function(lua_State* tolua_S, const char* name, void* func);
      |                                                           ~~~~~~^~~~
src/gslua.cpp:27168:44: warning: invalid conversion from ‘int (*)(lua_State*)’ to ‘void*’ [-fpermissive]
27168 |  tolua_function(tolua_S,"is_redraw_needed",tolua_gslua_gsMap_is_redraw_needed00);
      |                                            ^~~~~~~~~~~~~~~~~~~~~~~~~~~~~~~~~~~~
      |                                            |
      |                                            int (*)(lua_State*)
src/tolua.h:48:65: note:   initializing argument 3 of ‘void tolua_function(lua_State*, const char*, void*)’
   48 | void tolua_function(lua_State* tolua_S, const char* name, void* func);
      |                                                           ~~~~~~^~~~
src/gslua.cpp:27169:42: warning: invalid conversion from ‘int (*)(lua_State*)’ to ‘void*’ [-fpermissive]
27169 |  tolua_function(tolua_S,"request_redraw",tolua_gslua_gsMap_request_redraw00);
      |                                          ^~~~~~~~~~~~~~~~~~~~~~~~~~~~~~~~~~
      |                                          |
      |                                          int (*)(lua_State*)
src/tolua.h:48:65: note:   initializing argument 3 of ‘void tolua_function(lua_State*, const char*, void*)’
   48 | void tolua_function(lua_State* tolua_S, const char* name, void* func);
      |                                                           ~~~~~~^~~~
src/gslua.cpp:27170:37: warning: invalid conversion from ‘int (*)(lua_State*)’ to ‘void*’ [-fpermissive]
27170 |  tolua_function(tolua_S,"get_style",tolua_gslua_gsMap_get_style00);
      |                                     ^~~~~~~~~~~~~~~~~~~~~~~~~~~~~
      |                                     |
      |                                     int (*)(lua_State*)
src/tolua.h:48:65: note:   initializing argument 3 of ‘void tolua_function(lua_State*, const char*, void*)’
   48 | void tolua_function(lua_State* tolua_S, const char* name, void* func);
      |                                                           ~~~~~~^~~~
src/gslua.cpp:27171:45: warning: invalid conversion from ‘int (*)(lua_State*)’ to ‘void*’ [-fpermissive]
27171 |  tolua_function(tolua_S,"restrict_scroll_x",tolua_gslua_gsMap_restrict_scroll_x00);
      |                                             ^~~~~~~~~~~~~~~~~~~~~~~~~~~~~~~~~~~~~
      |                                             |
      |                                             int (*)(lua_State*)
src/tolua.h:48:65: note:   initializing argument 3 of ‘void tolua_function(lua_State*, const char*, void*)’
   48 | void tolua_function(lua_State* tolua_S, const char* name, void* func);
      |                                                           ~~~~~~^~~~
src/gslua.cpp:27172:45: warning: invalid conversion from ‘int (*)(lua_State*)’ to ‘void*’ [-fpermissive]
27172 |  tolua_function(tolua_S,"restrict_scroll_y",tolua_gslua_gsMap_restrict_scroll_y00);
      |                                             ^~~~~~~~~~~~~~~~~~~~~~~~~~~~~~~~~~~~~
      |                                             |
      |                                             int (*)(lua_State*)
src/tolua.h:48:65: note:   initializing argument 3 of ‘void tolua_function(lua_State*, const char*, void*)’
   48 | void tolua_function(lua_State* tolua_S, const char* name, void* func);
      |                                                           ~~~~~~^~~~
src/gslua.cpp:27173:37: warning: invalid conversion from ‘int (*)(lua_State*)’ to ‘void*’ [-fpermissive]
27173 |  tolua_function(tolua_S,"scroll_to",tolua_gslua_gsMap_scroll_to00);
      |                                     ^~~~~~~~~~~~~~~~~~~~~~~~~~~~~
      |                                     |
      |                                     int (*)(lua_State*)
src/tolua.h:48:65: note:   initializing argument 3 of ‘void tolua_function(lua_State*, const char*, void*)’
   48 | void tolua_function(lua_State* tolua_S, const char* name, void* func);
      |                                                           ~~~~~~^~~~
src/gslua.cpp:27174:37: warning: invalid conversion from ‘int (*)(lua_State*)’ to ‘void*’ [-fpermissive]
27174 |  tolua_function(tolua_S,"scroll_to",tolua_gslua_gsMap_scroll_to01);
      |                                     ^~~~~~~~~~~~~~~~~~~~~~~~~~~~~
      |                                     |
      |                                     int (*)(lua_State*)
src/tolua.h:48:65: note:   initializing argument 3 of ‘void tolua_function(lua_State*, const char*, void*)’
   48 | void tolua_function(lua_State* tolua_S, const char* name, void* func);
      |                                                           ~~~~~~^~~~
src/gslua.cpp:27175:37: warning: invalid conversion from ‘int (*)(lua_State*)’ to ‘void*’ [-fpermissive]
27175 |  tolua_function(tolua_S,"scroll_to",tolua_gslua_gsMap_scroll_to02);
      |                                     ^~~~~~~~~~~~~~~~~~~~~~~~~~~~~
      |                                     |
      |                                     int (*)(lua_State*)
src/tolua.h:48:65: note:   initializing argument 3 of ‘void tolua_function(lua_State*, const char*, void*)’
   48 | void tolua_function(lua_State* tolua_S, const char* name, void* func);
      |                                                           ~~~~~~^~~~
src/gslua.cpp:27176:34: warning: invalid conversion from ‘int (*)(lua_State*)’ to ‘void*’ [-fpermissive]
27176 |  tolua_function(tolua_S,"scroll",tolua_gslua_gsMap_scroll00);
      |                                  ^~~~~~~~~~~~~~~~~~~~~~~~~~
      |                                  |
      |                                  int (*)(lua_State*)
src/tolua.h:48:65: note:   initializing argument 3 of ‘void tolua_function(lua_State*, const char*, void*)’
   48 | void tolua_function(lua_State* tolua_S, const char* name, void* func);
      |                                                           ~~~~~~^~~~
src/gslua.cpp:27177:34: warning: invalid conversion from ‘int (*)(lua_State*)’ to ‘void*’ [-fpermissive]
27177 |  tolua_function(tolua_S,"redraw",tolua_gslua_gsMap_redraw00);
      |                                  ^~~~~~~~~~~~~~~~~~~~~~~~~~
      |                                  |
      |                                  int (*)(lua_State*)
src/tolua.h:48:65: note:   initializing argument 3 of ‘void tolua_function(lua_State*, const char*, void*)’
   48 | void tolua_function(lua_State* tolua_S, const char* name, void* func);
      |                                                           ~~~~~~^~~~
src/gslua.cpp:27178:36: warning: invalid conversion from ‘int (*)(lua_State*)’ to ‘void*’ [-fpermissive]
27178 |  tolua_function(tolua_S,"is_pixel",tolua_gslua_gsMap_is_pixel00);
      |                                    ^~~~~~~~~~~~~~~~~~~~~~~~~~~~
      |                                    |
      |                                    int (*)(lua_State*)
src/tolua.h:48:65: note:   initializing argument 3 of ‘void tolua_function(lua_State*, const char*, void*)’
   48 | void tolua_function(lua_State* tolua_S, const char* name, void* func);
      |                                                           ~~~~~~^~~~
src/gslua.cpp:27179:37: warning: invalid conversion from ‘int (*)(lua_State*)’ to ‘void*’ [-fpermissive]
27179 |  tolua_function(tolua_S,"get_pixel",tolua_gslua_gsMap_get_pixel00);
      |                                     ^~~~~~~~~~~~~~~~~~~~~~~~~~~~~
      |                                     |
      |                                     int (*)(lua_State*)
src/tolua.h:48:65: note:   initializing argument 3 of ‘void tolua_function(lua_State*, const char*, void*)’
   48 | void tolua_function(lua_State* tolua_S, const char* name, void* func);
      |                                                           ~~~~~~^~~~
src/gslua.cpp:27180:35: warning: invalid conversion from ‘int (*)(lua_State*)’ to ‘void*’ [-fpermissive]
27180 |  tolua_function(tolua_S,"is_tile",tolua_gslua_gsMap_is_tile00);
      |                                   ^~~~~~~~~~~~~~~~~~~~~~~~~~~
      |                                   |
      |                                   int (*)(lua_State*)
src/tolua.h:48:65: note:   initializing argument 3 of ‘void tolua_function(lua_State*, const char*, void*)’
   48 | void tolua_function(lua_State* tolua_S, const char* name, void* func);
      |                                                           ~~~~~~^~~~
src/gslua.cpp:27181:40: warning: invalid conversion from ‘int (*)(lua_State*)’ to ‘void*’ [-fpermissive]
27181 |  tolua_function(tolua_S,"is_on_screen",tolua_gslua_gsMap_is_on_screen00);
      |                                        ^~~~~~~~~~~~~~~~~~~~~~~~~~~~~~~~
      |                                        |
      |                                        int (*)(lua_State*)
src/tolua.h:48:65: note:   initializing argument 3 of ‘void tolua_function(lua_State*, const char*, void*)’
   48 | void tolua_function(lua_State* tolua_S, const char* name, void* func);
      |                                                           ~~~~~~^~~~
src/gslua.cpp:27182:37: warning: invalid conversion from ‘int (*)(lua_State*)’ to ‘void*’ [-fpermissive]
27182 |  tolua_function(tolua_S,"is_on_map",tolua_gslua_gsMap_is_on_map00);
      |                                     ^~~~~~~~~~~~~~~~~~~~~~~~~~~~~
      |                                     |
      |                                     int (*)(lua_State*)
src/tolua.h:48:65: note:   initializing argument 3 of ‘void tolua_function(lua_State*, const char*, void*)’
   48 | void tolua_function(lua_State* tolua_S, const char* name, void* func);
      |                                                           ~~~~~~^~~~
src/gslua.cpp:27183:42: warning: invalid conversion from ‘int (*)(lua_State*)’ to ‘void*’ [-fpermissive]
27183 |  tolua_function(tolua_S,"draw_rectangle",tolua_gslua_gsMap_draw_rectangle00);
      |                                          ^~~~~~~~~~~~~~~~~~~~~~~~~~~~~~~~~~
      |                                          |
      |                                          int (*)(lua_State*)
src/tolua.h:48:65: note:   initializing argument 3 of ‘void tolua_function(lua_State*, const char*, void*)’
   48 | void tolua_function(lua_State* tolua_S, const char* name, void* func);
      |                                                           ~~~~~~^~~~
src/gslua.cpp:27184:49: warning: invalid conversion from ‘int (*)(lua_State*)’ to ‘void*’ [-fpermissive]
27184 |  tolua_function(tolua_S,"draw_filled_rectangle",tolua_gslua_gsMap_draw_filled_rectangle00);
      |                                                 ^~~~~~~~~~~~~~~~~~~~~~~~~~~~~~~~~~~~~~~~~
      |                                                 |
      |                                                 int (*)(lua_State*)
src/tolua.h:48:65: note:   initializing argument 3 of ‘void tolua_function(lua_State*, const char*, void*)’
   48 | void tolua_function(lua_State* tolua_S, const char* name, void* func);
      |                                                           ~~~~~~^~~~
src/gslua.cpp:27185:38: warning: invalid conversion from ‘int (*)(lua_State*)’ to ‘void*’ [-fpermissive]
27185 |  tolua_function(tolua_S,"draw_pixel",tolua_gslua_gsMap_draw_pixel00);
      |                                      ^~~~~~~~~~~~~~~~~~~~~~~~~~~~~~
      |                                      |
      |                                      int (*)(lua_State*)
src/tolua.h:48:65: note:   initializing argument 3 of ‘void tolua_function(lua_State*, const char*, void*)’
   48 | void tolua_function(lua_State* tolua_S, const char* name, void* func);
      |                                                           ~~~~~~^~~~
src/gslua.cpp:27186:39: warning: invalid conversion from ‘int (*)(lua_State*)’ to ‘void*’ [-fpermissive]
27186 |  tolua_function(tolua_S,"draw_circle",tolua_gslua_gsMap_draw_circle00);
      |                                       ^~~~~~~~~~~~~~~~~~~~~~~~~~~~~~~
      |                                       |
      |                                       int (*)(lua_State*)
src/tolua.h:48:65: note:   initializing argument 3 of ‘void tolua_function(lua_State*, const char*, void*)’
   48 | void tolua_function(lua_State* tolua_S, const char* name, void* func);
      |                                                           ~~~~~~^~~~
src/gslua.cpp:27187:46: warning: invalid conversion from ‘int (*)(lua_State*)’ to ‘void*’ [-fpermissive]
27187 |  tolua_function(tolua_S,"draw_filled_circle",tolua_gslua_gsMap_draw_filled_circle00);
      |                                              ^~~~~~~~~~~~~~~~~~~~~~~~~~~~~~~~~~~~~~
      |                                              |
      |                                              int (*)(lua_State*)
src/tolua.h:48:65: note:   initializing argument 3 of ‘void tolua_function(lua_State*, const char*, void*)’
   48 | void tolua_function(lua_State* tolua_S, const char* name, void* func);
      |                                                           ~~~~~~^~~~
src/gslua.cpp:27188:40: warning: invalid conversion from ‘int (*)(lua_State*)’ to ‘void*’ [-fpermissive]
27188 |  tolua_function(tolua_S,"draw_ellipse",tolua_gslua_gsMap_draw_ellipse00);
      |                                        ^~~~~~~~~~~~~~~~~~~~~~~~~~~~~~~~
      |                                        |
      |                                        int (*)(lua_State*)
src/tolua.h:48:65: note:   initializing argument 3 of ‘void tolua_function(lua_State*, const char*, void*)’
   48 | void tolua_function(lua_State* tolua_S, const char* name, void* func);
      |                                                           ~~~~~~^~~~
src/gslua.cpp:27189:47: warning: invalid conversion from ‘int (*)(lua_State*)’ to ‘void*’ [-fpermissive]
27189 |  tolua_function(tolua_S,"draw_filled_ellipse",tolua_gslua_gsMap_draw_filled_ellipse00);
      |                                               ^~~~~~~~~~~~~~~~~~~~~~~~~~~~~~~~~~~~~~~
      |                                               |
      |                                               int (*)(lua_State*)
src/tolua.h:48:65: note:   initializing argument 3 of ‘void tolua_function(lua_State*, const char*, void*)’
   48 | void tolua_function(lua_State* tolua_S, const char* name, void* func);
      |                                                           ~~~~~~^~~~
src/gslua.cpp:27190:37: warning: invalid conversion from ‘int (*)(lua_State*)’ to ‘void*’ [-fpermissive]
27190 |  tolua_function(tolua_S,"draw_line",tolua_gslua_gsMap_draw_line00);
      |                                     ^~~~~~~~~~~~~~~~~~~~~~~~~~~~~
      |                                     |
      |                                     int (*)(lua_State*)
src/tolua.h:48:65: note:   initializing argument 3 of ‘void tolua_function(lua_State*, const char*, void*)’
   48 | void tolua_function(lua_State* tolua_S, const char* name, void* func);
      |                                                           ~~~~~~^~~~
src/gslua.cpp:27191:37: warning: invalid conversion from ‘int (*)(lua_State*)’ to ‘void*’ [-fpermissive]
27191 |  tolua_function(tolua_S,"draw_text",tolua_gslua_gsMap_draw_text00);
      |                                     ^~~~~~~~~~~~~~~~~~~~~~~~~~~~~
      |                                     |
      |                                     int (*)(lua_State*)
src/tolua.h:48:65: note:   initializing argument 3 of ‘void tolua_function(lua_State*, const char*, void*)’
   48 | void tolua_function(lua_State* tolua_S, const char* name, void* func);
      |                                                           ~~~~~~^~~~
src/gslua.cpp:27192:39: warning: invalid conversion from ‘int (*)(lua_State*)’ to ‘void*’ [-fpermissive]
27192 |  tolua_function(tolua_S,"draw_sprite",tolua_gslua_gsMap_draw_sprite00);
      |                                       ^~~~~~~~~~~~~~~~~~~~~~~~~~~~~~~
      |                                       |
      |                                       int (*)(lua_State*)
src/tolua.h:48:65: note:   initializing argument 3 of ‘void tolua_function(lua_State*, const char*, void*)’
   48 | void tolua_function(lua_State* tolua_S, const char* name, void* func);
      |                                                           ~~~~~~^~~~
src/gslua.cpp:27193:37: warning: invalid conversion from ‘int (*)(lua_State*)’ to ‘void*’ [-fpermissive]
27193 |  tolua_function(tolua_S,"fill_area",tolua_gslua_gsMap_fill_area00);
      |                                     ^~~~~~~~~~~~~~~~~~~~~~~~~~~~~
      |                                     |
      |                                     int (*)(lua_State*)
src/tolua.h:48:65: note:   initializing argument 3 of ‘void tolua_function(lua_State*, const char*, void*)’
   48 | void tolua_function(lua_State* tolua_S, const char* name, void* func);
      |                                                           ~~~~~~^~~~
src/gslua.cpp:27195:32: warning: invalid conversion from ‘int (*)(lua_State*)’ to ‘void*’ [-fpermissive]
27195 |  tolua_array(tolua_S,"playmap",tolua_get_gslua_playmap,tolua_set_gslua_playmap);
      |                                ^~~~~~~~~~~~~~~~~~~~~~~
      |                                |
      |                                int (*)(lua_State*)
src/tolua.h:68:62: note:   initializing argument 3 of ‘void tolua_array(lua_State*, const char*, void*, void*)’
   68 | void tolua_array(lua_State* tolua_S, const char* name, void* getter, void* setter);
      |                                                        ~~~~~~^~~~~~
src/gslua.cpp:27195:56: warning: invalid conversion from ‘int (*)(lua_State*)’ to ‘void*’ [-fpermissive]
27195 |  tolua_array(tolua_S,"playmap",tolua_get_gslua_playmap,tolua_set_gslua_playmap);
      |                                                        ^~~~~~~~~~~~~~~~~~~~~~~
      |                                                        |
      |                                                        int (*)(lua_State*)
src/tolua.h:68:76: note:   initializing argument 4 of ‘void tolua_array(lua_State*, const char*, void*, void*)’
   68 | void tolua_array(lua_State* tolua_S, const char* name, void* getter, void* setter);
      |                                                                      ~~~~~~^~~~~~
src/gslua.cpp:27205:36: warning: invalid conversion from ‘int (*)(lua_State*)’ to ‘void*’ [-fpermissive]
27205 |  tolua_function(tolua_S,"get_prev",tolua_gslua_Explosion_get_prev00);
      |                                    ^~~~~~~~~~~~~~~~~~~~~~~~~~~~~~~~
      |                                    |
      |                                    int (*)(lua_State*)
src/tolua.h:48:65: note:   initializing argument 3 of ‘void tolua_function(lua_State*, const char*, void*)’
   48 | void tolua_function(lua_State* tolua_S, const char* name, void* func);
      |                                                           ~~~~~~^~~~
src/gslua.cpp:27206:36: warning: invalid conversion from ‘int (*)(lua_State*)’ to ‘void*’ [-fpermissive]
27206 |  tolua_function(tolua_S,"get_next",tolua_gslua_Explosion_get_next00);
      |                                    ^~~~~~~~~~~~~~~~~~~~~~~~~~~~~~~~
      |                                    |
      |                                    int (*)(lua_State*)
src/tolua.h:48:65: note:   initializing argument 3 of ‘void tolua_function(lua_State*, const char*, void*)’
   48 | void tolua_function(lua_State* tolua_S, const char* name, void* func);
      |                                                           ~~~~~~^~~~
src/gslua.cpp:27207:33: warning: invalid conversion from ‘int (*)(lua_State*)’ to ‘void*’ [-fpermissive]
27207 |  tolua_function(tolua_S,"get_x",tolua_gslua_Explosion_get_x00);
      |                                 ^~~~~~~~~~~~~~~~~~~~~~~~~~~~~
      |                                 |
      |                                 int (*)(lua_State*)
src/tolua.h:48:65: note:   initializing argument 3 of ‘void tolua_function(lua_State*, const char*, void*)’
   48 | void tolua_function(lua_State* tolua_S, const char* name, void* func);
      |                                                           ~~~~~~^~~~
src/gslua.cpp:27208:33: warning: invalid conversion from ‘int (*)(lua_State*)’ to ‘void*’ [-fpermissive]
27208 |  tolua_function(tolua_S,"get_y",tolua_gslua_Explosion_get_y00);
      |                                 ^~~~~~~~~~~~~~~~~~~~~~~~~~~~~
      |                                 |
      |                                 int (*)(lua_State*)
src/tolua.h:48:65: note:   initializing argument 3 of ‘void tolua_function(lua_State*, const char*, void*)’
   48 | void tolua_function(lua_State* tolua_S, const char* name, void* func);
      |                                                           ~~~~~~^~~~
src/gslua.cpp:27209:37: warning: invalid conversion from ‘int (*)(lua_State*)’ to ‘void*’ [-fpermissive]
27209 |  tolua_function(tolua_S,"get_width",tolua_gslua_Explosion_get_width00);
      |                                     ^~~~~~~~~~~~~~~~~~~~~~~~~~~~~~~~~
      |                                     |
      |                                     int (*)(lua_State*)
src/tolua.h:48:65: note:   initializing argument 3 of ‘void tolua_function(lua_State*, const char*, void*)’
   48 | void tolua_function(lua_State* tolua_S, const char* name, void* func);
      |                                                           ~~~~~~^~~~
src/gslua.cpp:27210:38: warning: invalid conversion from ‘int (*)(lua_State*)’ to ‘void*’ [-fpermissive]
27210 |  tolua_function(tolua_S,"get_height",tolua_gslua_Explosion_get_height00);
      |                                      ^~~~~~~~~~~~~~~~~~~~~~~~~~~~~~~~~~
      |                                      |
      |                                      int (*)(lua_State*)
src/tolua.h:48:65: note:   initializing argument 3 of ‘void tolua_function(lua_State*, const char*, void*)’
   48 | void tolua_function(lua_State* tolua_S, const char* name, void* func);
      |                                                           ~~~~~~^~~~
src/gslua.cpp:27211:36: warning: invalid conversion from ‘int (*)(lua_State*)’ to ‘void*’ [-fpermissive]
27211 |  tolua_function(tolua_S,"get_type",tolua_gslua_Explosion_get_type00);
      |                                    ^~~~~~~~~~~~~~~~~~~~~~~~~~~~~~~~
      |                                    |
      |                                    int (*)(lua_State*)
src/tolua.h:48:65: note:   initializing argument 3 of ‘void tolua_function(lua_State*, const char*, void*)’
   48 | void tolua_function(lua_State* tolua_S, const char* name, void* func);
      |                                                           ~~~~~~^~~~
src/gslua.cpp:27212:41: warning: invalid conversion from ‘int (*)(lua_State*)’ to ‘void*’ [-fpermissive]
27212 |  tolua_function(tolua_S,"get_starttime",tolua_gslua_Explosion_get_starttime00);
      |                                         ^~~~~~~~~~~~~~~~~~~~~~~~~~~~~~~~~~~~~
      |                                         |
      |                                         int (*)(lua_State*)
src/tolua.h:48:65: note:   initializing argument 3 of ‘void tolua_function(lua_State*, const char*, void*)’
   48 | void tolua_function(lua_State* tolua_S, const char* name, void* func);
      |                                                           ~~~~~~^~~~
src/gslua.cpp:27213:40: warning: invalid conversion from ‘int (*)(lua_State*)’ to ‘void*’ [-fpermissive]
27213 |  tolua_function(tolua_S,"get_curframe",tolua_gslua_Explosion_get_curframe00);
      |                                        ^~~~~~~~~~~~~~~~~~~~~~~~~~~~~~~~~~~~
      |                                        |
      |                                        int (*)(lua_State*)
src/tolua.h:48:65: note:   initializing argument 3 of ‘void tolua_function(lua_State*, const char*, void*)’
   48 | void tolua_function(lua_State* tolua_S, const char* name, void* func);
      |                                                           ~~~~~~^~~~
src/gslua.cpp:27214:40: warning: invalid conversion from ‘int (*)(lua_State*)’ to ‘void*’ [-fpermissive]
27214 |  tolua_function(tolua_S,"get_maxframe",tolua_gslua_Explosion_get_maxframe00);
      |                                        ^~~~~~~~~~~~~~~~~~~~~~~~~~~~~~~~~~~~
      |                                        |
      |                                        int (*)(lua_State*)
src/tolua.h:48:65: note:   initializing argument 3 of ‘void tolua_function(lua_State*, const char*, void*)’
   48 | void tolua_function(lua_State* tolua_S, const char* name, void* func);
      |                                                           ~~~~~~^~~~
src/gslua.cpp:27215:41: warning: invalid conversion from ‘int (*)(lua_State*)’ to ‘void*’ [-fpermissive]
27215 |  tolua_function(tolua_S,"get_maxframet",tolua_gslua_Explosion_get_maxframet00);
      |                                         ^~~~~~~~~~~~~~~~~~~~~~~~~~~~~~~~~~~~~
      |                                         |
      |                                         int (*)(lua_State*)
src/tolua.h:48:65: note:   initializing argument 3 of ‘void tolua_function(lua_State*, const char*, void*)’
   48 | void tolua_function(lua_State* tolua_S, const char* name, void* func);
      |                                                           ~~~~~~^~~~
src/gslua.cpp:27216:42: warning: invalid conversion from ‘int (*)(lua_State*)’ to ‘void*’ [-fpermissive]
27216 |  tolua_function(tolua_S,"get_player_sig",tolua_gslua_Explosion_get_player_sig00);
      |                                          ^~~~~~~~~~~~~~~~~~~~~~~~~~~~~~~~~~~~~~
      |                                          |
      |                                          int (*)(lua_State*)
src/tolua.h:48:65: note:   initializing argument 3 of ‘void tolua_function(lua_State*, const char*, void*)’
   48 | void tolua_function(lua_State* tolua_S, const char* name, void* func);
      |                                                           ~~~~~~^~~~
src/gslua.cpp:27220:37: warning: invalid conversion from ‘int (*)(lua_State*)’ to ‘void*’ [-fpermissive]
27220 |  tolua_function(tolua_S,"get_first",tolua_gslua_gsExplosion_get_first00);
      |                                     ^~~~~~~~~~~~~~~~~~~~~~~~~~~~~~~~~~~
      |                                     |
      |                                     int (*)(lua_State*)
src/tolua.h:48:65: note:   initializing argument 3 of ‘void tolua_function(lua_State*, const char*, void*)’
   48 | void tolua_function(lua_State* tolua_S, const char* name, void* func);
      |                                                           ~~~~~~^~~~
src/gslua.cpp:27221:36: warning: invalid conversion from ‘int (*)(lua_State*)’ to ‘void*’ [-fpermissive]
27221 |  tolua_function(tolua_S,"get_last",tolua_gslua_gsExplosion_get_last00);
      |                                    ^~~~~~~~~~~~~~~~~~~~~~~~~~~~~~~~~~
      |                                    |
      |                                    int (*)(lua_State*)
src/tolua.h:48:65: note:   initializing argument 3 of ‘void tolua_function(lua_State*, const char*, void*)’
   48 | void tolua_function(lua_State* tolua_S, const char* name, void* func);
      |                                                           ~~~~~~^~~~
src/gslua.cpp:27222:37: warning: invalid conversion from ‘int (*)(lua_State*)’ to ‘void*’ [-fpermissive]
27222 |  tolua_function(tolua_S,"get_count",tolua_gslua_gsExplosion_get_count00);
      |                                     ^~~~~~~~~~~~~~~~~~~~~~~~~~~~~~~~~~~
      |                                     |
      |                                     int (*)(lua_State*)
src/tolua.h:48:65: note:   initializing argument 3 of ‘void tolua_function(lua_State*, const char*, void*)’
   48 | void tolua_function(lua_State* tolua_S, const char* name, void* func);
      |                                                           ~~~~~~^~~~
src/gslua.cpp:27223:31: warning: invalid conversion from ‘int (*)(lua_State*)’ to ‘void*’ [-fpermissive]
27223 |  tolua_function(tolua_S,"add",tolua_gslua_gsExplosion_add00);
      |                               ^~~~~~~~~~~~~~~~~~~~~~~~~~~~~
      |                               |
      |                               int (*)(lua_State*)
src/tolua.h:48:65: note:   initializing argument 3 of ‘void tolua_function(lua_State*, const char*, void*)’
   48 | void tolua_function(lua_State* tolua_S, const char* name, void* func);
      |                                                           ~~~~~~^~~~
src/gslua.cpp:27227:33: warning: invalid conversion from ‘int (*)(lua_State*)’ to ‘void*’ [-fpermissive]
27227 |  tolua_function(tolua_S,"get_x",tolua_gslua_Crater_get_x00);
      |                                 ^~~~~~~~~~~~~~~~~~~~~~~~~~
      |                                 |
      |                                 int (*)(lua_State*)
src/tolua.h:48:65: note:   initializing argument 3 of ‘void tolua_function(lua_State*, const char*, void*)’
   48 | void tolua_function(lua_State* tolua_S, const char* name, void* func);
      |                                                           ~~~~~~^~~~
src/gslua.cpp:27228:33: warning: invalid conversion from ‘int (*)(lua_State*)’ to ‘void*’ [-fpermissive]
27228 |  tolua_function(tolua_S,"set_x",tolua_gslua_Crater_set_x00);
      |                                 ^~~~~~~~~~~~~~~~~~~~~~~~~~
      |                                 |
      |                                 int (*)(lua_State*)
src/tolua.h:48:65: note:   initializing argument 3 of ‘void tolua_function(lua_State*, const char*, void*)’
   48 | void tolua_function(lua_State* tolua_S, const char* name, void* func);
      |                                                           ~~~~~~^~~~
src/gslua.cpp:27229:33: warning: invalid conversion from ‘int (*)(lua_State*)’ to ‘void*’ [-fpermissive]
27229 |  tolua_function(tolua_S,"get_y",tolua_gslua_Crater_get_y00);
      |                                 ^~~~~~~~~~~~~~~~~~~~~~~~~~
      |                                 |
      |                                 int (*)(lua_State*)
src/tolua.h:48:65: note:   initializing argument 3 of ‘void tolua_function(lua_State*, const char*, void*)’
   48 | void tolua_function(lua_State* tolua_S, const char* name, void* func);
      |                                                           ~~~~~~^~~~
src/gslua.cpp:27230:33: warning: invalid conversion from ‘int (*)(lua_State*)’ to ‘void*’ [-fpermissive]
27230 |  tolua_function(tolua_S,"set_y",tolua_gslua_Crater_set_y00);
      |                                 ^~~~~~~~~~~~~~~~~~~~~~~~~~
      |                                 |
      |                                 int (*)(lua_State*)
src/tolua.h:48:65: note:   initializing argument 3 of ‘void tolua_function(lua_State*, const char*, void*)’
   48 | void tolua_function(lua_State* tolua_S, const char* name, void* func);
      |                                                           ~~~~~~^~~~
src/gslua.cpp:27231:36: warning: invalid conversion from ‘int (*)(lua_State*)’ to ‘void*’ [-fpermissive]
27231 |  tolua_function(tolua_S,"get_size",tolua_gslua_Crater_get_size00);
      |                                    ^~~~~~~~~~~~~~~~~~~~~~~~~~~~~
      |                                    |
      |                                    int (*)(lua_State*)
src/tolua.h:48:65: note:   initializing argument 3 of ‘void tolua_function(lua_State*, const char*, void*)’
   48 | void tolua_function(lua_State* tolua_S, const char* name, void* func);
      |                                                           ~~~~~~^~~~
src/gslua.cpp:27232:36: warning: invalid conversion from ‘int (*)(lua_State*)’ to ‘void*’ [-fpermissive]
27232 |  tolua_function(tolua_S,"set_size",tolua_gslua_Crater_set_size00);
      |                                    ^~~~~~~~~~~~~~~~~~~~~~~~~~~~~
      |                                    |
      |                                    int (*)(lua_State*)
src/tolua.h:48:65: note:   initializing argument 3 of ‘void tolua_function(lua_State*, const char*, void*)’
   48 | void tolua_function(lua_State* tolua_S, const char* name, void* func);
      |                                                           ~~~~~~^~~~
src/gslua.cpp:27233:36: warning: invalid conversion from ‘int (*)(lua_State*)’ to ‘void*’ [-fpermissive]
27233 |  tolua_function(tolua_S,"get_prev",tolua_gslua_Crater_get_prev00);
      |                                    ^~~~~~~~~~~~~~~~~~~~~~~~~~~~~
      |                                    |
      |                                    int (*)(lua_State*)
src/tolua.h:48:65: note:   initializing argument 3 of ‘void tolua_function(lua_State*, const char*, void*)’
   48 | void tolua_function(lua_State* tolua_S, const char* name, void* func);
      |                                                           ~~~~~~^~~~
src/gslua.cpp:27234:36: warning: invalid conversion from ‘int (*)(lua_State*)’ to ‘void*’ [-fpermissive]
27234 |  tolua_function(tolua_S,"set_prev",tolua_gslua_Crater_set_prev00);
      |                                    ^~~~~~~~~~~~~~~~~~~~~~~~~~~~~
      |                                    |
      |                                    int (*)(lua_State*)
src/tolua.h:48:65: note:   initializing argument 3 of ‘void tolua_function(lua_State*, const char*, void*)’
   48 | void tolua_function(lua_State* tolua_S, const char* name, void* func);
      |                                                           ~~~~~~^~~~
src/gslua.cpp:27235:36: warning: invalid conversion from ‘int (*)(lua_State*)’ to ‘void*’ [-fpermissive]
27235 |  tolua_function(tolua_S,"get_next",tolua_gslua_Crater_get_next00);
      |                                    ^~~~~~~~~~~~~~~~~~~~~~~~~~~~~
      |                                    |
      |                                    int (*)(lua_State*)
src/tolua.h:48:65: note:   initializing argument 3 of ‘void tolua_function(lua_State*, const char*, void*)’
   48 | void tolua_function(lua_State* tolua_S, const char* name, void* func);
      |                                                           ~~~~~~^~~~
src/gslua.cpp:27236:36: warning: invalid conversion from ‘int (*)(lua_State*)’ to ‘void*’ [-fpermissive]
27236 |  tolua_function(tolua_S,"set_next",tolua_gslua_Crater_set_next00);
      |                                    ^~~~~~~~~~~~~~~~~~~~~~~~~~~~~
      |                                    |
      |                                    int (*)(lua_State*)
src/tolua.h:48:65: note:   initializing argument 3 of ‘void tolua_function(lua_State*, const char*, void*)’
   48 | void tolua_function(lua_State* tolua_S, const char* name, void* func);
      |                                                           ~~~~~~^~~~
src/gslua.cpp:27240:37: warning: invalid conversion from ‘int (*)(lua_State*)’ to ‘void*’ [-fpermissive]
27240 |  tolua_function(tolua_S,"get_first",tolua_gslua_gsCrater_get_first00);
      |                                     ^~~~~~~~~~~~~~~~~~~~~~~~~~~~~~~~
      |                                     |
      |                                     int (*)(lua_State*)
src/tolua.h:48:65: note:   initializing argument 3 of ‘void tolua_function(lua_State*, const char*, void*)’
   48 | void tolua_function(lua_State* tolua_S, const char* name, void* func);
      |                                                           ~~~~~~^~~~
src/gslua.cpp:27241:36: warning: invalid conversion from ‘int (*)(lua_State*)’ to ‘void*’ [-fpermissive]
27241 |  tolua_function(tolua_S,"get_last",tolua_gslua_gsCrater_get_last00);
      |                                    ^~~~~~~~~~~~~~~~~~~~~~~~~~~~~~~
      |                                    |
      |                                    int (*)(lua_State*)
src/tolua.h:48:65: note:   initializing argument 3 of ‘void tolua_function(lua_State*, const char*, void*)’
   48 | void tolua_function(lua_State* tolua_S, const char* name, void* func);
      |                                                           ~~~~~~^~~~
src/gslua.cpp:27242:37: warning: invalid conversion from ‘int (*)(lua_State*)’ to ‘void*’ [-fpermissive]
27242 |  tolua_function(tolua_S,"get_count",tolua_gslua_gsCrater_get_count00);
      |                                     ^~~~~~~~~~~~~~~~~~~~~~~~~~~~~~~~
      |                                     |
      |                                     int (*)(lua_State*)
src/tolua.h:48:65: note:   initializing argument 3 of ‘void tolua_function(lua_State*, const char*, void*)’
   48 | void tolua_function(lua_State* tolua_S, const char* name, void* func);
      |                                                           ~~~~~~^~~~
src/gslua.cpp:27243:31: warning: invalid conversion from ‘int (*)(lua_State*)’ to ‘void*’ [-fpermissive]
27243 |  tolua_function(tolua_S,"add",tolua_gslua_gsCrater_add00);
      |                               ^~~~~~~~~~~~~~~~~~~~~~~~~~
      |                               |
      |                               int (*)(lua_State*)
src/tolua.h:48:65: note:   initializing argument 3 of ‘void tolua_function(lua_State*, const char*, void*)’
   48 | void tolua_function(lua_State* tolua_S, const char* name, void* func);
      |                                                           ~~~~~~^~~~
src/gslua.cpp:27244:34: warning: invalid conversion from ‘int (*)(lua_State*)’ to ‘void*’ [-fpermissive]
27244 |  tolua_function(tolua_S,"remove",tolua_gslua_gsCrater_remove00);
      |                                  ^~~~~~~~~~~~~~~~~~~~~~~~~~~~~
      |                                  |
      |                                  int (*)(lua_State*)
src/tolua.h:48:65: note:   initializing argument 3 of ‘void tolua_function(lua_State*, const char*, void*)’
   48 | void tolua_function(lua_State* tolua_S, const char* name, void* func);
      |                                                           ~~~~~~^~~~
src/gslua.cpp:27259:36: warning: invalid conversion from ‘int (*)(lua_State*)’ to ‘void*’ [-fpermissive]
27259 |  tolua_function(tolua_S,"get_prev",tolua_gslua_UserImageAnim_get_prev00);
      |                                    ^~~~~~~~~~~~~~~~~~~~~~~~~~~~~~~~~~~~
      |                                    |
      |                                    int (*)(lua_State*)
src/tolua.h:48:65: note:   initializing argument 3 of ‘void tolua_function(lua_State*, const char*, void*)’
   48 | void tolua_function(lua_State* tolua_S, const char* name, void* func);
      |                                                           ~~~~~~^~~~
src/gslua.cpp:27260:36: warning: invalid conversion from ‘int (*)(lua_State*)’ to ‘void*’ [-fpermissive]
27260 |  tolua_function(tolua_S,"get_next",tolua_gslua_UserImageAnim_get_next00);
      |                                    ^~~~~~~~~~~~~~~~~~~~~~~~~~~~~~~~~~~~
      |                                    |
      |                                    int (*)(lua_State*)
src/tolua.h:48:65: note:   initializing argument 3 of ‘void tolua_function(lua_State*, const char*, void*)’
   48 | void tolua_function(lua_State* tolua_S, const char* name, void* func);
      |                                                           ~~~~~~^~~~
src/gslua.cpp:27261:33: warning: invalid conversion from ‘int (*)(lua_State*)’ to ‘void*’ [-fpermissive]
27261 |  tolua_function(tolua_S,"get_x",tolua_gslua_UserImageAnim_get_x00);
      |                                 ^~~~~~~~~~~~~~~~~~~~~~~~~~~~~~~~~
      |                                 |
      |                                 int (*)(lua_State*)
src/tolua.h:48:65: note:   initializing argument 3 of ‘void tolua_function(lua_State*, const char*, void*)’
   48 | void tolua_function(lua_State* tolua_S, const char* name, void* func);
      |                                                           ~~~~~~^~~~
src/gslua.cpp:27262:33: warning: invalid conversion from ‘int (*)(lua_State*)’ to ‘void*’ [-fpermissive]
27262 |  tolua_function(tolua_S,"get_y",tolua_gslua_UserImageAnim_get_y00);
      |                                 ^~~~~~~~~~~~~~~~~~~~~~~~~~~~~~~~~
      |                                 |
      |                                 int (*)(lua_State*)
src/tolua.h:48:65: note:   initializing argument 3 of ‘void tolua_function(lua_State*, const char*, void*)’
   48 | void tolua_function(lua_State* tolua_S, const char* name, void* func);
      |                                                           ~~~~~~^~~~
src/gslua.cpp:27263:36: warning: invalid conversion from ‘int (*)(lua_State*)’ to ‘void*’ [-fpermissive]
27263 |  tolua_function(tolua_S,"get_loop",tolua_gslua_UserImageAnim_get_loop00);
      |                                    ^~~~~~~~~~~~~~~~~~~~~~~~~~~~~~~~~~~~
      |                                    |
      |                                    int (*)(lua_State*)
src/tolua.h:48:65: note:   initializing argument 3 of ‘void tolua_function(lua_State*, const char*, void*)’
   48 | void tolua_function(lua_State* tolua_S, const char* name, void* func);
      |                                                           ~~~~~~^~~~
src/gslua.cpp:27264:40: warning: invalid conversion from ‘int (*)(lua_State*)’ to ‘void*’ [-fpermissive]
27264 |  tolua_function(tolua_S,"get_curframe",tolua_gslua_UserImageAnim_get_curframe00);
      |                                        ^~~~~~~~~~~~~~~~~~~~~~~~~~~~~~~~~~~~~~~~
      |                                        |
      |                                        int (*)(lua_State*)
src/tolua.h:48:65: note:   initializing argument 3 of ‘void tolua_function(lua_State*, const char*, void*)’
   48 | void tolua_function(lua_State* tolua_S, const char* name, void* func);
      |                                                           ~~~~~~^~~~
src/gslua.cpp:27265:41: warning: invalid conversion from ‘int (*)(lua_State*)’ to ‘void*’ [-fpermissive]
27265 |  tolua_function(tolua_S,"get_curframet",tolua_gslua_UserImageAnim_get_curframet00);
      |                                         ^~~~~~~~~~~~~~~~~~~~~~~~~~~~~~~~~~~~~~~~~
      |                                         |
      |                                         int (*)(lua_State*)
src/tolua.h:48:65: note:   initializing argument 3 of ‘void tolua_function(lua_State*, const char*, void*)’
   48 | void tolua_function(lua_State* tolua_S, const char* name, void* func);
      |                                                           ~~~~~~^~~~
src/gslua.cpp:27266:40: warning: invalid conversion from ‘int (*)(lua_State*)’ to ‘void*’ [-fpermissive]
27266 |  tolua_function(tolua_S,"get_maxframe",tolua_gslua_UserImageAnim_get_maxframe00);
      |                                        ^~~~~~~~~~~~~~~~~~~~~~~~~~~~~~~~~~~~~~~~
      |                                        |
      |                                        int (*)(lua_State*)
src/tolua.h:48:65: note:   initializing argument 3 of ‘void tolua_function(lua_State*, const char*, void*)’
   48 | void tolua_function(lua_State* tolua_S, const char* name, void* func);
      |                                                           ~~~~~~^~~~
src/gslua.cpp:27267:41: warning: invalid conversion from ‘int (*)(lua_State*)’ to ‘void*’ [-fpermissive]
27267 |  tolua_function(tolua_S,"get_maxframet",tolua_gslua_UserImageAnim_get_maxframet00);
      |                                         ^~~~~~~~~~~~~~~~~~~~~~~~~~~~~~~~~~~~~~~~~
      |                                         |
      |                                         int (*)(lua_State*)
src/tolua.h:48:65: note:   initializing argument 3 of ‘void tolua_function(lua_State*, const char*, void*)’
   48 | void tolua_function(lua_State* tolua_S, const char* name, void* func);
      |                                                           ~~~~~~^~~~
src/gslua.cpp:27268:40: warning: invalid conversion from ‘int (*)(lua_State*)’ to ‘void*’ [-fpermissive]
27268 |  tolua_function(tolua_S,"set_curframe",tolua_gslua_UserImageAnim_set_curframe00);
      |                                        ^~~~~~~~~~~~~~~~~~~~~~~~~~~~~~~~~~~~~~~~
      |                                        |
      |                                        int (*)(lua_State*)
src/tolua.h:48:65: note:   initializing argument 3 of ‘void tolua_function(lua_State*, const char*, void*)’
   48 | void tolua_function(lua_State* tolua_S, const char* name, void* func);
      |                                                           ~~~~~~^~~~
src/gslua.cpp:27269:40: warning: invalid conversion from ‘int (*)(lua_State*)’ to ‘void*’ [-fpermissive]
27269 |  tolua_function(tolua_S,"set_maxframe",tolua_gslua_UserImageAnim_set_maxframe00);
      |                                        ^~~~~~~~~~~~~~~~~~~~~~~~~~~~~~~~~~~~~~~~
      |                                        |
      |                                        int (*)(lua_State*)
src/tolua.h:48:65: note:   initializing argument 3 of ‘void tolua_function(lua_State*, const char*, void*)’
   48 | void tolua_function(lua_State* tolua_S, const char* name, void* func);
      |                                                           ~~~~~~^~~~
src/gslua.cpp:27270:41: warning: invalid conversion from ‘int (*)(lua_State*)’ to ‘void*’ [-fpermissive]
27270 |  tolua_function(tolua_S,"set_curframet",tolua_gslua_UserImageAnim_set_curframet00);
      |                                         ^~~~~~~~~~~~~~~~~~~~~~~~~~~~~~~~~~~~~~~~~
      |                                         |
      |                                         int (*)(lua_State*)
src/tolua.h:48:65: note:   initializing argument 3 of ‘void tolua_function(lua_State*, const char*, void*)’
   48 | void tolua_function(lua_State* tolua_S, const char* name, void* func);
      |                                                           ~~~~~~^~~~
src/gslua.cpp:27271:41: warning: invalid conversion from ‘int (*)(lua_State*)’ to ‘void*’ [-fpermissive]
27271 |  tolua_function(tolua_S,"set_maxframet",tolua_gslua_UserImageAnim_set_maxframet00);
      |                                         ^~~~~~~~~~~~~~~~~~~~~~~~~~~~~~~~~~~~~~~~~
      |                                         |
      |                                         int (*)(lua_State*)
src/tolua.h:48:65: note:   initializing argument 3 of ‘void tolua_function(lua_State*, const char*, void*)’
   48 | void tolua_function(lua_State* tolua_S, const char* name, void* func);
      |                                                           ~~~~~~^~~~
src/gslua.cpp:27272:42: warning: invalid conversion from ‘int (*)(lua_State*)’ to ‘void*’ [-fpermissive]
27272 |  tolua_function(tolua_S,"get_startframe",tolua_gslua_UserImageAnim_get_startframe00);
      |                                          ^~~~~~~~~~~~~~~~~~~~~~~~~~~~~~~~~~~~~~~~~~
      |                                          |
      |                                          int (*)(lua_State*)
src/tolua.h:48:65: note:   initializing argument 3 of ‘void tolua_function(lua_State*, const char*, void*)’
   48 | void tolua_function(lua_State* tolua_S, const char* name, void* func);
      |                                                           ~~~~~~^~~~
src/gslua.cpp:27273:42: warning: invalid conversion from ‘int (*)(lua_State*)’ to ‘void*’ [-fpermissive]
27273 |  tolua_function(tolua_S,"set_startframe",tolua_gslua_UserImageAnim_set_startframe00);
      |                                          ^~~~~~~~~~~~~~~~~~~~~~~~~~~~~~~~~~~~~~~~~~
      |                                          |
      |                                          int (*)(lua_State*)
src/tolua.h:48:65: note:   initializing argument 3 of ‘void tolua_function(lua_State*, const char*, void*)’
   48 | void tolua_function(lua_State* tolua_S, const char* name, void* func);
      |                                                           ~~~~~~^~~~
src/gslua.cpp:27274:37: warning: invalid conversion from ‘int (*)(lua_State*)’ to ‘void*’ [-fpermissive]
27274 |  tolua_function(tolua_S,"get_image",tolua_gslua_UserImageAnim_get_image00);
      |                                     ^~~~~~~~~~~~~~~~~~~~~~~~~~~~~~~~~~~~~
      |                                     |
      |                                     int (*)(lua_State*)
src/tolua.h:48:65: note:   initializing argument 3 of ‘void tolua_function(lua_State*, const char*, void*)’
   48 | void tolua_function(lua_State* tolua_S, const char* name, void* func);
      |                                                           ~~~~~~^~~~
src/gslua.cpp:27275:37: warning: invalid conversion from ‘int (*)(lua_State*)’ to ‘void*’ [-fpermissive]
27275 |  tolua_function(tolua_S,"set_image",tolua_gslua_UserImageAnim_set_image00);
      |                                     ^~~~~~~~~~~~~~~~~~~~~~~~~~~~~~~~~~~~~
      |                                     |
      |                                     int (*)(lua_State*)
src/tolua.h:48:65: note:   initializing argument 3 of ‘void tolua_function(lua_State*, const char*, void*)’
   48 | void tolua_function(lua_State* tolua_S, const char* name, void* func);
      |                                                           ~~~~~~^~~~
src/gslua.cpp:27279:36: warning: invalid conversion from ‘int (*)(lua_State*)’ to ‘void*’ [-fpermissive]
27279 |  tolua_function(tolua_S,"get_prev",tolua_gslua_OsdBitmap_get_prev00);
      |                                    ^~~~~~~~~~~~~~~~~~~~~~~~~~~~~~~~
      |                                    |
      |                                    int (*)(lua_State*)
src/tolua.h:48:65: note:   initializing argument 3 of ‘void tolua_function(lua_State*, const char*, void*)’
   48 | void tolua_function(lua_State* tolua_S, const char* name, void* func);
      |                                                           ~~~~~~^~~~
src/gslua.cpp:27280:36: warning: invalid conversion from ‘int (*)(lua_State*)’ to ‘void*’ [-fpermissive]
27280 |  tolua_function(tolua_S,"get_next",tolua_gslua_OsdBitmap_get_next00);
      |                                    ^~~~~~~~~~~~~~~~~~~~~~~~~~~~~~~~
      |                                    |
      |                                    int (*)(lua_State*)
src/tolua.h:48:65: note:   initializing argument 3 of ‘void tolua_function(lua_State*, const char*, void*)’
   48 | void tolua_function(lua_State* tolua_S, const char* name, void* func);
      |                                                           ~~~~~~^~~~
src/gslua.cpp:27281:33: warning: invalid conversion from ‘int (*)(lua_State*)’ to ‘void*’ [-fpermissive]
27281 |  tolua_function(tolua_S,"get_x",tolua_gslua_OsdBitmap_get_x00);
      |                                 ^~~~~~~~~~~~~~~~~~~~~~~~~~~~~
      |                                 |
      |                                 int (*)(lua_State*)
src/tolua.h:48:65: note:   initializing argument 3 of ‘void tolua_function(lua_State*, const char*, void*)’
   48 | void tolua_function(lua_State* tolua_S, const char* name, void* func);
      |                                                           ~~~~~~^~~~
src/gslua.cpp:27282:33: warning: invalid conversion from ‘int (*)(lua_State*)’ to ‘void*’ [-fpermissive]
27282 |  tolua_function(tolua_S,"get_y",tolua_gslua_OsdBitmap_get_y00);
      |                                 ^~~~~~~~~~~~~~~~~~~~~~~~~~~~~
      |                                 |
      |                                 int (*)(lua_State*)
src/tolua.h:48:65: note:   initializing argument 3 of ‘void tolua_function(lua_State*, const char*, void*)’
   48 | void tolua_function(lua_State* tolua_S, const char* name, void* func);
      |                                                           ~~~~~~^~~~
src/gslua.cpp:27283:33: warning: invalid conversion from ‘int (*)(lua_State*)’ to ‘void*’ [-fpermissive]
27283 |  tolua_function(tolua_S,"set_x",tolua_gslua_OsdBitmap_set_x00);
      |                                 ^~~~~~~~~~~~~~~~~~~~~~~~~~~~~
      |                                 |
      |                                 int (*)(lua_State*)
src/tolua.h:48:65: note:   initializing argument 3 of ‘void tolua_function(lua_State*, const char*, void*)’
   48 | void tolua_function(lua_State* tolua_S, const char* name, void* func);
      |                                                           ~~~~~~^~~~
src/gslua.cpp:27284:33: warning: invalid conversion from ‘int (*)(lua_State*)’ to ‘void*’ [-fpermissive]
27284 |  tolua_function(tolua_S,"set_y",tolua_gslua_OsdBitmap_set_y00);
      |                                 ^~~~~~~~~~~~~~~~~~~~~~~~~~~~~
      |                                 |
      |                                 int (*)(lua_State*)
src/tolua.h:48:65: note:   initializing argument 3 of ‘void tolua_function(lua_State*, const char*, void*)’
   48 | void tolua_function(lua_State* tolua_S, const char* name, void* func);
      |                                                           ~~~~~~^~~~
src/gslua.cpp:27285:37: warning: invalid conversion from ‘int (*)(lua_State*)’ to ‘void*’ [-fpermissive]
27285 |  tolua_function(tolua_S,"get_width",tolua_gslua_OsdBitmap_get_width00);
      |                                     ^~~~~~~~~~~~~~~~~~~~~~~~~~~~~~~~~
      |                                     |
      |                                     int (*)(lua_State*)
src/tolua.h:48:65: note:   initializing argument 3 of ‘void tolua_function(lua_State*, const char*, void*)’
   48 | void tolua_function(lua_State* tolua_S, const char* name, void* func);
      |                                                           ~~~~~~^~~~
src/gslua.cpp:27286:38: warning: invalid conversion from ‘int (*)(lua_State*)’ to ‘void*’ [-fpermissive]
27286 |  tolua_function(tolua_S,"get_height",tolua_gslua_OsdBitmap_get_height00);
      |                                      ^~~~~~~~~~~~~~~~~~~~~~~~~~~~~~~~~~
      |                                      |
      |                                      int (*)(lua_State*)
src/tolua.h:48:65: note:   initializing argument 3 of ‘void tolua_function(lua_State*, const char*, void*)’
   48 | void tolua_function(lua_State* tolua_S, const char* name, void* func);
      |                                                           ~~~~~~^~~~
src/gslua.cpp:27287:36: warning: invalid conversion from ‘int (*)(lua_State*)’ to ‘void*’ [-fpermissive]
27287 |  tolua_function(tolua_S,"get_mode",tolua_gslua_OsdBitmap_get_mode00);
      |                                    ^~~~~~~~~~~~~~~~~~~~~~~~~~~~~~~~
      |                                    |
      |                                    int (*)(lua_State*)
src/tolua.h:48:65: note:   initializing argument 3 of ‘void tolua_function(lua_State*, const char*, void*)’
   48 | void tolua_function(lua_State* tolua_S, const char* name, void* func);
      |                                                           ~~~~~~^~~~
src/gslua.cpp:27288:35: warning: invalid conversion from ‘int (*)(lua_State*)’ to ‘void*’ [-fpermissive]
27288 |  tolua_function(tolua_S,"get_sig",tolua_gslua_OsdBitmap_get_sig00);
      |                                   ^~~~~~~~~~~~~~~~~~~~~~~~~~~~~~~
      |                                   |
      |                                   int (*)(lua_State*)
src/tolua.h:48:65: note:   initializing argument 3 of ‘void tolua_function(lua_State*, const char*, void*)’
   48 | void tolua_function(lua_State* tolua_S, const char* name, void* func);
      |                                                           ~~~~~~^~~~
src/gslua.cpp:27289:38: warning: invalid conversion from ‘int (*)(lua_State*)’ to ‘void*’ [-fpermissive]
27289 |  tolua_function(tolua_S,"get_active",tolua_gslua_OsdBitmap_get_active00);
      |                                      ^~~~~~~~~~~~~~~~~~~~~~~~~~~~~~~~~~
      |                                      |
      |                                      int (*)(lua_State*)
src/tolua.h:48:65: note:   initializing argument 3 of ‘void tolua_function(lua_State*, const char*, void*)’
   48 | void tolua_function(lua_State* tolua_S, const char* name, void* func);
      |                                                           ~~~~~~^~~~
src/gslua.cpp:27290:39: warning: invalid conversion from ‘int (*)(lua_State*)’ to ‘void*’ [-fpermissive]
27290 |  tolua_function(tolua_S,"get_timeout",tolua_gslua_OsdBitmap_get_timeout00);
      |                                       ^~~~~~~~~~~~~~~~~~~~~~~~~~~~~~~~~~~
      |                                       |
      |                                       int (*)(lua_State*)
src/tolua.h:48:65: note:   initializing argument 3 of ‘void tolua_function(lua_State*, const char*, void*)’
   48 | void tolua_function(lua_State* tolua_S, const char* name, void* func);
      |                                                           ~~~~~~^~~~
src/gslua.cpp:27291:48: warning: invalid conversion from ‘int (*)(lua_State*)’ to ‘void*’ [-fpermissive]
27291 |  tolua_function(tolua_S,"get_last_clear_color",tolua_gslua_OsdBitmap_get_last_clear_color00);
      |                                                ^~~~~~~~~~~~~~~~~~~~~~~~~~~~~~~~~~~~~~~~~~~~
      |                                                |
      |                                                int (*)(lua_State*)
src/tolua.h:48:65: note:   initializing argument 3 of ‘void tolua_function(lua_State*, const char*, void*)’
   48 | void tolua_function(lua_State* tolua_S, const char* name, void* func);
      |                                                           ~~~~~~^~~~
src/gslua.cpp:27292:36: warning: invalid conversion from ‘int (*)(lua_State*)’ to ‘void*’ [-fpermissive]
27292 |  tolua_function(tolua_S,"get_prev",tolua_gslua_OsdBitmap_get_prev01);
      |                                    ^~~~~~~~~~~~~~~~~~~~~~~~~~~~~~~~
      |                                    |
      |                                    int (*)(lua_State*)
src/tolua.h:48:65: note:   initializing argument 3 of ‘void tolua_function(lua_State*, const char*, void*)’
   48 | void tolua_function(lua_State* tolua_S, const char* name, void* func);
      |                                                           ~~~~~~^~~~
src/gslua.cpp:27293:36: warning: invalid conversion from ‘int (*)(lua_State*)’ to ‘void*’ [-fpermissive]
27293 |  tolua_function(tolua_S,"get_next",tolua_gslua_OsdBitmap_get_next01);
      |                                    ^~~~~~~~~~~~~~~~~~~~~~~~~~~~~~~~
      |                                    |
      |                                    int (*)(lua_State*)
src/tolua.h:48:65: note:   initializing argument 3 of ‘void tolua_function(lua_State*, const char*, void*)’
   48 | void tolua_function(lua_State* tolua_S, const char* name, void* func);
      |                                                           ~~~~~~^~~~
src/gslua.cpp:27294:36: warning: invalid conversion from ‘int (*)(lua_State*)’ to ‘void*’ [-fpermissive]
27294 |  tolua_function(tolua_S,"set_mode",tolua_gslua_OsdBitmap_set_mode00);
      |                                    ^~~~~~~~~~~~~~~~~~~~~~~~~~~~~~~~
      |                                    |
      |                                    int (*)(lua_State*)
src/tolua.h:48:65: note:   initializing argument 3 of ‘void tolua_function(lua_State*, const char*, void*)’
   48 | void tolua_function(lua_State* tolua_S, const char* name, void* func);
      |                                                           ~~~~~~^~~~
src/gslua.cpp:27295:38: warning: invalid conversion from ‘int (*)(lua_State*)’ to ‘void*’ [-fpermissive]
27295 |  tolua_function(tolua_S,"set_active",tolua_gslua_OsdBitmap_set_active00);
      |                                      ^~~~~~~~~~~~~~~~~~~~~~~~~~~~~~~~~~
      |                                      |
      |                                      int (*)(lua_State*)
src/tolua.h:48:65: note:   initializing argument 3 of ‘void tolua_function(lua_State*, const char*, void*)’
   48 | void tolua_function(lua_State* tolua_S, const char* name, void* func);
      |                                                           ~~~~~~^~~~
src/gslua.cpp:27296:39: warning: invalid conversion from ‘int (*)(lua_State*)’ to ‘void*’ [-fpermissive]
27296 |  tolua_function(tolua_S,"set_timeout",tolua_gslua_OsdBitmap_set_timeout00);
      |                                       ^~~~~~~~~~~~~~~~~~~~~~~~~~~~~~~~~~~
      |                                       |
      |                                       int (*)(lua_State*)
src/tolua.h:48:65: note:   initializing argument 3 of ‘void tolua_function(lua_State*, const char*, void*)’
   48 | void tolua_function(lua_State* tolua_S, const char* name, void* func);
      |                                                           ~~~~~~^~~~
src/gslua.cpp:27297:39: warning: invalid conversion from ‘int (*)(lua_State*)’ to ‘void*’ [-fpermissive]
27297 |  tolua_function(tolua_S,"set_visible",tolua_gslua_OsdBitmap_set_visible00);
      |                                       ^~~~~~~~~~~~~~~~~~~~~~~~~~~~~~~~~~~
      |                                       |
      |                                       int (*)(lua_State*)
src/tolua.h:48:65: note:   initializing argument 3 of ‘void tolua_function(lua_State*, const char*, void*)’
   48 | void tolua_function(lua_State* tolua_S, const char* name, void* func);
      |                                                           ~~~~~~^~~~
src/gslua.cpp:27298:39: warning: invalid conversion from ‘int (*)(lua_State*)’ to ‘void*’ [-fpermissive]
27298 |  tolua_function(tolua_S,"get_visible",tolua_gslua_OsdBitmap_get_visible00);
      |                                       ^~~~~~~~~~~~~~~~~~~~~~~~~~~~~~~~~~~
      |                                       |
      |                                       int (*)(lua_State*)
src/tolua.h:48:65: note:   initializing argument 3 of ‘void tolua_function(lua_State*, const char*, void*)’
   48 | void tolua_function(lua_State* tolua_S, const char* name, void* func);
      |                                                           ~~~~~~^~~~
src/gslua.cpp:27299:33: warning: invalid conversion from ‘int (*)(lua_State*)’ to ‘void*’ [-fpermissive]
27299 |  tolua_function(tolua_S,"clear",tolua_gslua_OsdBitmap_clear00);
      |                                 ^~~~~~~~~~~~~~~~~~~~~~~~~~~~~
      |                                 |
      |                                 int (*)(lua_State*)
src/tolua.h:48:65: note:   initializing argument 3 of ‘void tolua_function(lua_State*, const char*, void*)’
   48 | void tolua_function(lua_State* tolua_S, const char* name, void* func);
      |                                                           ~~~~~~^~~~
src/gslua.cpp:27300:38: warning: invalid conversion from ‘int (*)(lua_State*)’ to ‘void*’ [-fpermissive]
27300 |  tolua_function(tolua_S,"draw_pixel",tolua_gslua_OsdBitmap_draw_pixel00);
      |                                      ^~~~~~~~~~~~~~~~~~~~~~~~~~~~~~~~~~
      |                                      |
      |                                      int (*)(lua_State*)
src/tolua.h:48:65: note:   initializing argument 3 of ‘void tolua_function(lua_State*, const char*, void*)’
   48 | void tolua_function(lua_State* tolua_S, const char* name, void* func);
      |                                                           ~~~~~~^~~~
src/gslua.cpp:27301:42: warning: invalid conversion from ‘int (*)(lua_State*)’ to ‘void*’ [-fpermissive]
27301 |  tolua_function(tolua_S,"draw_rectangle",tolua_gslua_OsdBitmap_draw_rectangle00);
      |                                          ^~~~~~~~~~~~~~~~~~~~~~~~~~~~~~~~~~~~~~
      |                                          |
      |                                          int (*)(lua_State*)
src/tolua.h:48:65: note:   initializing argument 3 of ‘void tolua_function(lua_State*, const char*, void*)’
   48 | void tolua_function(lua_State* tolua_S, const char* name, void* func);
      |                                                           ~~~~~~^~~~
src/gslua.cpp:27302:49: warning: invalid conversion from ‘int (*)(lua_State*)’ to ‘void*’ [-fpermissive]
27302 |  tolua_function(tolua_S,"draw_filled_rectangle",tolua_gslua_OsdBitmap_draw_filled_rectangle00);
      |                                                 ^~~~~~~~~~~~~~~~~~~~~~~~~~~~~~~~~~~~~~~~~~~~~
      |                                                 |
      |                                                 int (*)(lua_State*)
src/tolua.h:48:65: note:   initializing argument 3 of ‘void tolua_function(lua_State*, const char*, void*)’
   48 | void tolua_function(lua_State* tolua_S, const char* name, void* func);
      |                                                           ~~~~~~^~~~
src/gslua.cpp:27303:37: warning: invalid conversion from ‘int (*)(lua_State*)’ to ‘void*’ [-fpermissive]
27303 |  tolua_function(tolua_S,"draw_line",tolua_gslua_OsdBitmap_draw_line00);
      |                                     ^~~~~~~~~~~~~~~~~~~~~~~~~~~~~~~~~
      |                                     |
      |                                     int (*)(lua_State*)
src/tolua.h:48:65: note:   initializing argument 3 of ‘void tolua_function(lua_State*, const char*, void*)’
   48 | void tolua_function(lua_State* tolua_S, const char* name, void* func);
      |                                                           ~~~~~~^~~~
src/gslua.cpp:27304:39: warning: invalid conversion from ‘int (*)(lua_State*)’ to ‘void*’ [-fpermissive]
27304 |  tolua_function(tolua_S,"draw_circle",tolua_gslua_OsdBitmap_draw_circle00);
      |                                       ^~~~~~~~~~~~~~~~~~~~~~~~~~~~~~~~~~~
      |                                       |
      |                                       int (*)(lua_State*)
src/tolua.h:48:65: note:   initializing argument 3 of ‘void tolua_function(lua_State*, const char*, void*)’
   48 | void tolua_function(lua_State* tolua_S, const char* name, void* func);
      |                                                           ~~~~~~^~~~
src/gslua.cpp:27305:46: warning: invalid conversion from ‘int (*)(lua_State*)’ to ‘void*’ [-fpermissive]
27305 |  tolua_function(tolua_S,"draw_filled_circle",tolua_gslua_OsdBitmap_draw_filled_circle00);
      |                                              ^~~~~~~~~~~~~~~~~~~~~~~~~~~~~~~~~~~~~~~~~~
      |                                              |
      |                                              int (*)(lua_State*)
src/tolua.h:48:65: note:   initializing argument 3 of ‘void tolua_function(lua_State*, const char*, void*)’
   48 | void tolua_function(lua_State* tolua_S, const char* name, void* func);
      |                                                           ~~~~~~^~~~
src/gslua.cpp:27306:40: warning: invalid conversion from ‘int (*)(lua_State*)’ to ‘void*’ [-fpermissive]
27306 |  tolua_function(tolua_S,"draw_ellipse",tolua_gslua_OsdBitmap_draw_ellipse00);
      |                                        ^~~~~~~~~~~~~~~~~~~~~~~~~~~~~~~~~~~~
      |                                        |
      |                                        int (*)(lua_State*)
src/tolua.h:48:65: note:   initializing argument 3 of ‘void tolua_function(lua_State*, const char*, void*)’
   48 | void tolua_function(lua_State* tolua_S, const char* name, void* func);
      |                                                           ~~~~~~^~~~
src/gslua.cpp:27307:47: warning: invalid conversion from ‘int (*)(lua_State*)’ to ‘void*’ [-fpermissive]
27307 |  tolua_function(tolua_S,"draw_filled_ellipse",tolua_gslua_OsdBitmap_draw_filled_ellipse00);
      |                                               ^~~~~~~~~~~~~~~~~~~~~~~~~~~~~~~~~~~~~~~~~~~
      |                                               |
      |                                               int (*)(lua_State*)
src/tolua.h:48:65: note:   initializing argument 3 of ‘void tolua_function(lua_State*, const char*, void*)’
   48 | void tolua_function(lua_State* tolua_S, const char* name, void* func);
      |                                                           ~~~~~~^~~~
src/gslua.cpp:27308:37: warning: invalid conversion from ‘int (*)(lua_State*)’ to ‘void*’ [-fpermissive]
27308 |  tolua_function(tolua_S,"fill_area",tolua_gslua_OsdBitmap_fill_area00);
      |                                     ^~~~~~~~~~~~~~~~~~~~~~~~~~~~~~~~~
      |                                     |
      |                                     int (*)(lua_State*)
src/tolua.h:48:65: note:   initializing argument 3 of ‘void tolua_function(lua_State*, const char*, void*)’
   48 | void tolua_function(lua_State* tolua_S, const char* name, void* func);
      |                                                           ~~~~~~^~~~
src/gslua.cpp:27309:37: warning: invalid conversion from ‘int (*)(lua_State*)’ to ‘void*’ [-fpermissive]
27309 |  tolua_function(tolua_S,"draw_text",tolua_gslua_OsdBitmap_draw_text00);
      |                                     ^~~~~~~~~~~~~~~~~~~~~~~~~~~~~~~~~
      |                                     |
      |                                     int (*)(lua_State*)
src/tolua.h:48:65: note:   initializing argument 3 of ‘void tolua_function(lua_State*, const char*, void*)’
   48 | void tolua_function(lua_State* tolua_S, const char* name, void* func);
      |                                                           ~~~~~~^~~~
src/gslua.cpp:27310:48: warning: invalid conversion from ‘int (*)(lua_State*)’ to ‘void*’ [-fpermissive]
27310 |  tolua_function(tolua_S,"draw_typewriter_text",tolua_gslua_OsdBitmap_draw_typewriter_text00);
      |                                                ^~~~~~~~~~~~~~~~~~~~~~~~~~~~~~~~~~~~~~~~~~~~
      |                                                |
      |                                                int (*)(lua_State*)
src/tolua.h:48:65: note:   initializing argument 3 of ‘void tolua_function(lua_State*, const char*, void*)’
   48 | void tolua_function(lua_State* tolua_S, const char* name, void* func);
      |                                                           ~~~~~~^~~~
src/gslua.cpp:27311:37: warning: invalid conversion from ‘int (*)(lua_State*)’ to ‘void*’ [-fpermissive]
27311 |  tolua_function(tolua_S,"add_image",tolua_gslua_OsdBitmap_add_image00);
      |                                     ^~~~~~~~~~~~~~~~~~~~~~~~~~~~~~~~~
      |                                     |
      |                                     int (*)(lua_State*)
src/tolua.h:48:65: note:   initializing argument 3 of ‘void tolua_function(lua_State*, const char*, void*)’
   48 | void tolua_function(lua_State* tolua_S, const char* name, void* func);
      |                                                           ~~~~~~^~~~
src/gslua.cpp:27312:40: warning: invalid conversion from ‘int (*)(lua_State*)’ to ‘void*’ [-fpermissive]
27312 |  tolua_function(tolua_S,"remove_image",tolua_gslua_OsdBitmap_remove_image00);
      |                                        ^~~~~~~~~~~~~~~~~~~~~~~~~~~~~~~~~~~~
      |                                        |
      |                                        int (*)(lua_State*)
src/tolua.h:48:65: note:   initializing argument 3 of ‘void tolua_function(lua_State*, const char*, void*)’
   48 | void tolua_function(lua_State* tolua_S, const char* name, void* func);
      |                                                           ~~~~~~^~~~
src/gslua.cpp:27316:44: warning: invalid conversion from ‘int (*)(lua_State*)’ to ‘void*’ [-fpermissive]
27316 |  tolua_function(tolua_S,"get_first_osdbit",tolua_gslua_gsOsd_get_first_osdbit00);
      |                                            ^~~~~~~~~~~~~~~~~~~~~~~~~~~~~~~~~~~~
      |                                            |
      |                                            int (*)(lua_State*)
src/tolua.h:48:65: note:   initializing argument 3 of ‘void tolua_function(lua_State*, const char*, void*)’
   48 | void tolua_function(lua_State* tolua_S, const char* name, void* func);
      |                                                           ~~~~~~^~~~
src/gslua.cpp:27317:43: warning: invalid conversion from ‘int (*)(lua_State*)’ to ‘void*’ [-fpermissive]
27317 |  tolua_function(tolua_S,"get_last_osdbit",tolua_gslua_gsOsd_get_last_osdbit00);
      |                                           ^~~~~~~~~~~~~~~~~~~~~~~~~~~~~~~~~~~
      |                                           |
      |                                           int (*)(lua_State*)
src/tolua.h:48:65: note:   initializing argument 3 of ‘void tolua_function(lua_State*, const char*, void*)’
   48 | void tolua_function(lua_State* tolua_S, const char* name, void* func);
      |                                                           ~~~~~~^~~~
src/gslua.cpp:27318:31: warning: invalid conversion from ‘int (*)(lua_State*)’ to ‘void*’ [-fpermissive]
27318 |  tolua_function(tolua_S,"add",tolua_gslua_gsOsd_add00);
      |                               ^~~~~~~~~~~~~~~~~~~~~~~
      |                               |
      |                               int (*)(lua_State*)
src/tolua.h:48:65: note:   initializing argument 3 of ‘void tolua_function(lua_State*, const char*, void*)’
   48 | void tolua_function(lua_State* tolua_S, const char* name, void* func);
      |                                                           ~~~~~~^~~~
src/gslua.cpp:27319:37: warning: invalid conversion from ‘int (*)(lua_State*)’ to ‘void*’ [-fpermissive]
27319 |  tolua_function(tolua_S,"add_label",tolua_gslua_gsOsd_add_label00);
      |                                     ^~~~~~~~~~~~~~~~~~~~~~~~~~~~~
      |                                     |
      |                                     int (*)(lua_State*)
src/tolua.h:48:65: note:   initializing argument 3 of ‘void tolua_function(lua_State*, const char*, void*)’
   48 | void tolua_function(lua_State* tolua_S, const char* name, void* func);
      |                                                           ~~~~~~^~~~
src/gslua.cpp:27320:34: warning: invalid conversion from ‘int (*)(lua_State*)’ to ‘void*’ [-fpermissive]
27320 |  tolua_function(tolua_S,"remove",tolua_gslua_gsOsd_remove00);
      |                                  ^~~~~~~~~~~~~~~~~~~~~~~~~~
      |                                  |
      |                                  int (*)(lua_State*)
src/tolua.h:48:65: note:   initializing argument 3 of ‘void tolua_function(lua_State*, const char*, void*)’
   48 | void tolua_function(lua_State* tolua_S, const char* name, void* func);
      |                                                           ~~~~~~^~~~
src/gslua.cpp:27321:38: warning: invalid conversion from ‘int (*)(lua_State*)’ to ‘void*’ [-fpermissive]
27321 |  tolua_function(tolua_S,"get_osdbit",tolua_gslua_gsOsd_get_osdbit00);
      |                                      ^~~~~~~~~~~~~~~~~~~~~~~~~~~~~~
      |                                      |
      |                                      int (*)(lua_State*)
src/tolua.h:48:65: note:   initializing argument 3 of ‘void tolua_function(lua_State*, const char*, void*)’
   48 | void tolua_function(lua_State* tolua_S, const char* name, void* func);
      |                                                           ~~~~~~^~~~
src/gslua.cpp:27325:31: warning: invalid conversion from ‘int (*)(lua_State*)’ to ‘void*’ [-fpermissive]
27325 |  tolua_function(tolua_S,"log",tolua_gslua_gsError_log00);
      |                               ^~~~~~~~~~~~~~~~~~~~~~~~~
      |                               |
      |                               int (*)(lua_State*)
src/tolua.h:48:65: note:   initializing argument 3 of ‘void tolua_function(lua_State*, const char*, void*)’
   48 | void tolua_function(lua_State* tolua_S, const char* name, void* func);
      |                                                           ~~~~~~^~~~
src/gslua.cpp:27326:31: warning: invalid conversion from ‘int (*)(lua_State*)’ to ‘void*’ [-fpermissive]
27326 |  tolua_function(tolua_S,"log",tolua_gslua_gsError_log01);
      |                               ^~~~~~~~~~~~~~~~~~~~~~~~~
      |                               |
      |                               int (*)(lua_State*)
src/tolua.h:48:65: note:   initializing argument 3 of ‘void tolua_function(lua_State*, const char*, void*)’
   48 | void tolua_function(lua_State* tolua_S, const char* name, void* func);
      |                                                           ~~~~~~^~~~
src/gslua.cpp:27327:31: warning: invalid conversion from ‘int (*)(lua_State*)’ to ‘void*’ [-fpermissive]
27327 |  tolua_function(tolua_S,"log",tolua_gslua_gsError_log02);
      |                               ^~~~~~~~~~~~~~~~~~~~~~~~~
      |                               |
      |                               int (*)(lua_State*)
src/tolua.h:48:65: note:   initializing argument 3 of ‘void tolua_function(lua_State*, const char*, void*)’
   48 | void tolua_function(lua_State* tolua_S, const char* name, void* func);
      |                                                           ~~~~~~^~~~
src/gslua.cpp:27328:31: warning: invalid conversion from ‘int (*)(lua_State*)’ to ‘void*’ [-fpermissive]
27328 |  tolua_function(tolua_S,"log",tolua_gslua_gsError_log03);
      |                               ^~~~~~~~~~~~~~~~~~~~~~~~~
      |                               |
      |                               int (*)(lua_State*)
src/tolua.h:48:65: note:   initializing argument 3 of ‘void tolua_function(lua_State*, const char*, void*)’
   48 | void tolua_function(lua_State* tolua_S, const char* name, void* func);
      |                                                           ~~~~~~^~~~
src/gslua.cpp:27329:31: warning: invalid conversion from ‘int (*)(lua_State*)’ to ‘void*’ [-fpermissive]
27329 |  tolua_function(tolua_S,"log",tolua_gslua_gsError_log04);
      |                               ^~~~~~~~~~~~~~~~~~~~~~~~~
      |                               |
      |                               int (*)(lua_State*)
src/tolua.h:48:65: note:   initializing argument 3 of ‘void tolua_function(lua_State*, const char*, void*)’
   48 | void tolua_function(lua_State* tolua_S, const char* name, void* func);
      |                                                           ~~~~~~^~~~
src/gslua.cpp:27345:31: warning: invalid conversion from ‘int (*)(lua_State*)’ to ‘void*’ [-fpermissive]
27345 |  tolua_function(tolua_S,"add",tolua_gslua_gsChat_add00);
      |                               ^~~~~~~~~~~~~~~~~~~~~~~~
      |                               |
      |                               int (*)(lua_State*)
src/tolua.h:48:65: note:   initializing argument 3 of ‘void tolua_function(lua_State*, const char*, void*)’
   48 | void tolua_function(lua_State* tolua_S, const char* name, void* func);
      |                                                           ~~~~~~^~~~
src/gslua.cpp:27346:39: warning: invalid conversion from ‘int (*)(lua_State*)’ to ‘void*’ [-fpermissive]
27346 |  tolua_function(tolua_S,"get_message",tolua_gslua_gsChat_get_message00);
      |                                       ^~~~~~~~~~~~~~~~~~~~~~~~~~~~~~~~
      |                                       |
      |                                       int (*)(lua_State*)
src/tolua.h:48:65: note:   initializing argument 3 of ‘void tolua_function(lua_State*, const char*, void*)’
   48 | void tolua_function(lua_State* tolua_S, const char* name, void* func);
      |                                                           ~~~~~~^~~~
src/gslua.cpp:27347:38: warning: invalid conversion from ‘int (*)(lua_State*)’ to ‘void*’ [-fpermissive]
27347 |  tolua_function(tolua_S,"get_player",tolua_gslua_gsChat_get_player00);
      |                                      ^~~~~~~~~~~~~~~~~~~~~~~~~~~~~~~
      |                                      |
      |                                      int (*)(lua_State*)
src/tolua.h:48:65: note:   initializing argument 3 of ‘void tolua_function(lua_State*, const char*, void*)’
   48 | void tolua_function(lua_State* tolua_S, const char* name, void* func);
      |                                                           ~~~~~~^~~~
src/gslua.cpp:27348:55: warning: invalid conversion from ‘int (*)(lua_State*)’ to ‘void*’ [-fpermissive]
27348 |  tolua_function(tolua_S,"get_message_with_playername",tolua_gslua_gsChat_get_message_with_playername00);
      |                                                       ^~~~~~~~~~~~~~~~~~~~~~~~~~~~~~~~~~~~~~~~~~~~~~~~
      |                                                       |
      |                                                       int (*)(lua_State*)
src/tolua.h:48:65: note:   initializing argument 3 of ‘void tolua_function(lua_State*, const char*, void*)’
   48 | void tolua_function(lua_State* tolua_S, const char* name, void* func);
      |                                                           ~~~~~~^~~~
src/gslua.cpp:27349:37: warning: invalid conversion from ‘int (*)(lua_State*)’ to ‘void*’ [-fpermissive]
27349 |  tolua_function(tolua_S,"get_color",tolua_gslua_gsChat_get_color00);
      |                                     ^~~~~~~~~~~~~~~~~~~~~~~~~~~~~~
      |                                     |
      |                                     int (*)(lua_State*)
src/tolua.h:48:65: note:   initializing argument 3 of ‘void tolua_function(lua_State*, const char*, void*)’
   48 | void tolua_function(lua_State* tolua_S, const char* name, void* func);
      |                                                           ~~~~~~^~~~
src/gslua.cpp:27350:37: warning: invalid conversion from ‘int (*)(lua_State*)’ to ‘void*’ [-fpermissive]
27350 |  tolua_function(tolua_S,"get_count",tolua_gslua_gsChat_get_count00);
      |                                     ^~~~~~~~~~~~~~~~~~~~~~~~~~~~~~
      |                                     |
      |                                     int (*)(lua_State*)
src/tolua.h:48:65: note:   initializing argument 3 of ‘void tolua_function(lua_State*, const char*, void*)’
   48 | void tolua_function(lua_State* tolua_S, const char* name, void* func);
      |                                                           ~~~~~~^~~~
src/gslua.cpp:27351:33: warning: invalid conversion from ‘int (*)(lua_State*)’ to ‘void*’ [-fpermissive]
27351 |  tolua_function(tolua_S,"clear",tolua_gslua_gsChat_clear00);
      |                                 ^~~~~~~~~~~~~~~~~~~~~~~~~~
      |                                 |
      |                                 int (*)(lua_State*)
src/tolua.h:48:65: note:   initializing argument 3 of ‘void tolua_function(lua_State*, const char*, void*)’
   48 | void tolua_function(lua_State* tolua_S, const char* name, void* func);
      |                                                           ~~~~~~^~~~
src/gslua.cpp:27356:37: warning: invalid conversion from ‘int (*)(lua_State*)’ to ‘void*’ [-fpermissive]
27356 |  tolua_function(tolua_S,"is_server",tolua_gslua_gsNetwork_is_server00);
      |                                     ^~~~~~~~~~~~~~~~~~~~~~~~~~~~~~~~~
      |                                     |
      |                                     int (*)(lua_State*)
src/tolua.h:48:65: note:   initializing argument 3 of ‘void tolua_function(lua_State*, const char*, void*)’
   48 | void tolua_function(lua_State* tolua_S, const char* name, void* func);
      |                                                           ~~~~~~^~~~
src/gslua.cpp:27357:37: warning: invalid conversion from ‘int (*)(lua_State*)’ to ‘void*’ [-fpermissive]
27357 |  tolua_function(tolua_S,"is_client",tolua_gslua_gsNetwork_is_client00);
      |                                     ^~~~~~~~~~~~~~~~~~~~~~~~~~~~~~~~~
      |                                     |
      |                                     int (*)(lua_State*)
src/tolua.h:48:65: note:   initializing argument 3 of ‘void tolua_function(lua_State*, const char*, void*)’
   48 | void tolua_function(lua_State* tolua_S, const char* name, void* func);
      |                                                           ~~~~~~^~~~
src/gslua.cpp:27358:41: warning: invalid conversion from ‘int (*)(lua_State*)’ to ‘void*’ [-fpermissive]
27358 |  tolua_function(tolua_S,"get_netplayer",tolua_gslua_gsNetwork_get_netplayer00);
      |                                         ^~~~~~~~~~~~~~~~~~~~~~~~~~~~~~~~~~~~~
      |                                         |
      |                                         int (*)(lua_State*)
src/tolua.h:48:65: note:   initializing argument 3 of ‘void tolua_function(lua_State*, const char*, void*)’
   48 | void tolua_function(lua_State* tolua_S, const char* name, void* func);
      |                                                           ~~~~~~^~~~
src/gslua.cpp:27359:47: warning: invalid conversion from ‘int (*)(lua_State*)’ to ‘void*’ [-fpermissive]
27359 |  tolua_function(tolua_S,"get_netplayer_by_id",tolua_gslua_gsNetwork_get_netplayer_by_id00);
      |                                               ^~~~~~~~~~~~~~~~~~~~~~~~~~~~~~~~~~~~~~~~~~~
      |                                               |
      |                                               int (*)(lua_State*)
src/tolua.h:48:65: note:   initializing argument 3 of ‘void tolua_function(lua_State*, const char*, void*)’
   48 | void tolua_function(lua_State* tolua_S, const char* name, void* func);
      |                                                           ~~~~~~^~~~
src/gslua.cpp:27360:42: warning: invalid conversion from ‘int (*)(lua_State*)’ to ‘void*’ [-fpermissive]
27360 |  tolua_function(tolua_S,"get_netplayers",tolua_gslua_gsNetwork_get_netplayers00);
      |                                          ^~~~~~~~~~~~~~~~~~~~~~~~~~~~~~~~~~~~~~
      |                                          |
      |                                          int (*)(lua_State*)
src/tolua.h:48:65: note:   initializing argument 3 of ‘void tolua_function(lua_State*, const char*, void*)’
   48 | void tolua_function(lua_State* tolua_S, const char* name, void* func);
      |                                                           ~~~~~~^~~~
src/gslua.cpp:27403:42: warning: invalid conversion from ‘int (*)(lua_State*)’ to ‘void*’ [-fpermissive]
27403 |  tolua_function(tolua_S,"get_play_music",tolua_gslua_gsSound_get_play_music00);
      |                                          ^~~~~~~~~~~~~~~~~~~~~~~~~~~~~~~~~~~~
      |                                          |
      |                                          int (*)(lua_State*)
src/tolua.h:48:65: note:   initializing argument 3 of ‘void tolua_function(lua_State*, const char*, void*)’
   48 | void tolua_function(lua_State* tolua_S, const char* name, void* func);
      |                                                           ~~~~~~^~~~
src/gslua.cpp:27404:42: warning: invalid conversion from ‘int (*)(lua_State*)’ to ‘void*’ [-fpermissive]
27404 |  tolua_function(tolua_S,"get_play_sound",tolua_gslua_gsSound_get_play_sound00);
      |                                          ^~~~~~~~~~~~~~~~~~~~~~~~~~~~~~~~~~~~
      |                                          |
      |                                          int (*)(lua_State*)
src/tolua.h:48:65: note:   initializing argument 3 of ‘void tolua_function(lua_State*, const char*, void*)’
   48 | void tolua_function(lua_State* tolua_S, const char* name, void* func);
      |                                                           ~~~~~~^~~~
src/gslua.cpp:27405:38: warning: invalid conversion from ‘int (*)(lua_State*)’ to ‘void*’ [-fpermissive]
27405 |  tolua_function(tolua_S,"play_sound",tolua_gslua_gsSound_play_sound00);
      |                                      ^~~~~~~~~~~~~~~~~~~~~~~~~~~~~~~~
      |                                      |
      |                                      int (*)(lua_State*)
src/tolua.h:48:65: note:   initializing argument 3 of ‘void tolua_function(lua_State*, const char*, void*)’
   48 | void tolua_function(lua_State* tolua_S, const char* name, void* func);
      |                                                           ~~~~~~^~~~
src/gslua.cpp:27406:38: warning: invalid conversion from ‘int (*)(lua_State*)’ to ‘void*’ [-fpermissive]
27406 |  tolua_function(tolua_S,"load_sound",tolua_gslua_gsSound_load_sound00);
      |                                      ^~~~~~~~~~~~~~~~~~~~~~~~~~~~~~~~
      |                                      |
      |                                      int (*)(lua_State*)
src/tolua.h:48:65: note:   initializing argument 3 of ‘void tolua_function(lua_State*, const char*, void*)’
   48 | void tolua_function(lua_State* tolua_S, const char* name, void* func);
      |                                                           ~~~~~~^~~~
src/gslua.cpp:27407:41: warning: invalid conversion from ‘int (*)(lua_State*)’ to ‘void*’ [-fpermissive]
27407 |  tolua_function(tolua_S,"replace_sound",tolua_gslua_gsSound_replace_sound00);
      |                                         ^~~~~~~~~~~~~~~~~~~~~~~~~~~~~~~~~~~
      |                                         |
      |                                         int (*)(lua_State*)
src/tolua.h:48:65: note:   initializing argument 3 of ‘void tolua_function(lua_State*, const char*, void*)’
   48 | void tolua_function(lua_State* tolua_S, const char* name, void* func);
      |                                                           ~~~~~~^~~~
src/gslua.cpp:27408:38: warning: invalid conversion from ‘int (*)(lua_State*)’ to ‘void*’ [-fpermissive]
27408 |  tolua_function(tolua_S,"load_music",tolua_gslua_gsSound_load_music00);
      |                                      ^~~~~~~~~~~~~~~~~~~~~~~~~~~~~~~~
      |                                      |
      |                                      int (*)(lua_State*)
src/tolua.h:48:65: note:   initializing argument 3 of ‘void tolua_function(lua_State*, const char*, void*)’
   48 | void tolua_function(lua_State* tolua_S, const char* name, void* func);
      |                                                           ~~~~~~^~~~
src/gslua.cpp:27409:39: warning: invalid conversion from ‘int (*)(lua_State*)’ to ‘void*’ [-fpermissive]
27409 |  tolua_function(tolua_S,"start_music",tolua_gslua_gsSound_start_music00);
      |                                       ^~~~~~~~~~~~~~~~~~~~~~~~~~~~~~~~~
      |                                       |
      |                                       int (*)(lua_State*)
src/tolua.h:48:65: note:   initializing argument 3 of ‘void tolua_function(lua_State*, const char*, void*)’
   48 | void tolua_function(lua_State* tolua_S, const char* name, void* func);
      |                                                           ~~~~~~^~~~
src/gslua.cpp:27410:38: warning: invalid conversion from ‘int (*)(lua_State*)’ to ‘void*’ [-fpermissive]
27410 |  tolua_function(tolua_S,"stop_music",tolua_gslua_gsSound_stop_music00);
      |                                      ^~~~~~~~~~~~~~~~~~~~~~~~~~~~~~~~
      |                                      |
      |                                      int (*)(lua_State*)
src/tolua.h:48:65: note:   initializing argument 3 of ‘void tolua_function(lua_State*, const char*, void*)’
   48 | void tolua_function(lua_State* tolua_S, const char* name, void* func);
      |                                                           ~~~~~~^~~~
src/gslua.cpp:27411:41: warning: invalid conversion from ‘int (*)(lua_State*)’ to ‘void*’ [-fpermissive]
27411 |  tolua_function(tolua_S,"destroy_music",tolua_gslua_gsSound_destroy_music00);
      |                                         ^~~~~~~~~~~~~~~~~~~~~~~~~~~~~~~~~~~
      |                                         |
      |                                         int (*)(lua_State*)
src/tolua.h:48:65: note:   initializing argument 3 of ‘void tolua_function(lua_State*, const char*, void*)’
   48 | void tolua_function(lua_State* tolua_S, const char* name, void* func);
      |                                                           ~~~~~~^~~~
src/gslua.cpp:27412:44: warning: invalid conversion from ‘int (*)(lua_State*)’ to ‘void*’ [-fpermissive]
27412 |  tolua_function(tolua_S,"set_music_volume",tolua_gslua_gsSound_set_music_volume00);
      |                                            ^~~~~~~~~~~~~~~~~~~~~~~~~~~~~~~~~~~~~~
      |                                            |
      |                                            int (*)(lua_State*)
src/tolua.h:48:65: note:   initializing argument 3 of ‘void tolua_function(lua_State*, const char*, void*)’
   48 | void tolua_function(lua_State* tolua_S, const char* name, void* func);
      |                                                           ~~~~~~^~~~
src/gslua.cpp:27413:44: warning: invalid conversion from ‘int (*)(lua_State*)’ to ‘void*’ [-fpermissive]
27413 |  tolua_function(tolua_S,"get_music_volume",tolua_gslua_gsSound_get_music_volume00);
      |                                            ^~~~~~~~~~~~~~~~~~~~~~~~~~~~~~~~~~~~~~
      |                                            |
      |                                            int (*)(lua_State*)
src/tolua.h:48:65: note:   initializing argument 3 of ‘void tolua_function(lua_State*, const char*, void*)’
   48 | void tolua_function(lua_State* tolua_S, const char* name, void* func);
      |                                                           ~~~~~~^~~~
src/gslua.cpp:27418:31: warning: invalid conversion from ‘int (*)(lua_State*)’ to ‘void*’ [-fpermissive]
27418 |  tolua_function(tolua_S,"new",tolua_gslua_Waypoint_new00);
      |                               ^~~~~~~~~~~~~~~~~~~~~~~~~~
      |                               |
      |                               int (*)(lua_State*)
src/tolua.h:48:65: note:   initializing argument 3 of ‘void tolua_function(lua_State*, const char*, void*)’
   48 | void tolua_function(lua_State* tolua_S, const char* name, void* func);
      |                                                           ~~~~~~^~~~
src/gslua.cpp:27419:36: warning: invalid conversion from ‘int (*)(lua_State*)’ to ‘void*’ [-fpermissive]
27419 |  tolua_function(tolua_S,"set_next",tolua_gslua_Waypoint_set_next00);
      |                                    ^~~~~~~~~~~~~~~~~~~~~~~~~~~~~~~
      |                                    |
      |                                    int (*)(lua_State*)
src/tolua.h:48:65: note:   initializing argument 3 of ‘void tolua_function(lua_State*, const char*, void*)’
   48 | void tolua_function(lua_State* tolua_S, const char* name, void* func);
      |                                                           ~~~~~~^~~~
src/gslua.cpp:27420:36: warning: invalid conversion from ‘int (*)(lua_State*)’ to ‘void*’ [-fpermissive]
27420 |  tolua_function(tolua_S,"get_next",tolua_gslua_Waypoint_get_next00);
      |                                    ^~~~~~~~~~~~~~~~~~~~~~~~~~~~~~~
      |                                    |
      |                                    int (*)(lua_State*)
src/tolua.h:48:65: note:   initializing argument 3 of ‘void tolua_function(lua_State*, const char*, void*)’
   48 | void tolua_function(lua_State* tolua_S, const char* name, void* func);
      |                                                           ~~~~~~^~~~
src/gslua.cpp:27421:33: warning: invalid conversion from ‘int (*)(lua_State*)’ to ‘void*’ [-fpermissive]
27421 |  tolua_function(tolua_S,"get_x",tolua_gslua_Waypoint_get_x00);
      |                                 ^~~~~~~~~~~~~~~~~~~~~~~~~~~~
      |                                 |
      |                                 int (*)(lua_State*)
src/tolua.h:48:65: note:   initializing argument 3 of ‘void tolua_function(lua_State*, const char*, void*)’
   48 | void tolua_function(lua_State* tolua_S, const char* name, void* func);
      |                                                           ~~~~~~^~~~
src/gslua.cpp:27422:33: warning: invalid conversion from ‘int (*)(lua_State*)’ to ‘void*’ [-fpermissive]
27422 |  tolua_function(tolua_S,"get_y",tolua_gslua_Waypoint_get_y00);
      |                                 ^~~~~~~~~~~~~~~~~~~~~~~~~~~~
      |                                 |
      |                                 int (*)(lua_State*)
src/tolua.h:48:65: note:   initializing argument 3 of ‘void tolua_function(lua_State*, const char*, void*)’
   48 | void tolua_function(lua_State* tolua_S, const char* name, void* func);
      |                                                           ~~~~~~^~~~
src/gslua.cpp:27423:37: warning: invalid conversion from ‘int (*)(lua_State*)’ to ‘void*’ [-fpermissive]
27423 |  tolua_function(tolua_S,"get_speed",tolua_gslua_Waypoint_get_speed00);
      |                                     ^~~~~~~~~~~~~~~~~~~~~~~~~~~~~~~~
      |                                     |
      |                                     int (*)(lua_State*)
src/tolua.h:48:65: note:   initializing argument 3 of ‘void tolua_function(lua_State*, const char*, void*)’
   48 | void tolua_function(lua_State* tolua_S, const char* name, void* func);
      |                                                           ~~~~~~^~~~
src/gslua.cpp:27424:37: warning: invalid conversion from ‘int (*)(lua_State*)’ to ‘void*’ [-fpermissive]
27424 |  tolua_function(tolua_S,"get_pause",tolua_gslua_Waypoint_get_pause00);
      |                                     ^~~~~~~~~~~~~~~~~~~~~~~~~~~~~~~~
      |                                     |
      |                                     int (*)(lua_State*)
src/tolua.h:48:65: note:   initializing argument 3 of ‘void tolua_function(lua_State*, const char*, void*)’
   48 | void tolua_function(lua_State* tolua_S, const char* name, void* func);
      |                                                           ~~~~~~^~~~
src/gslua.cpp:27425:40: warning: invalid conversion from ‘int (*)(lua_State*)’ to ‘void*’ [-fpermissive]
27425 |  tolua_function(tolua_S,"get_curpause",tolua_gslua_Waypoint_get_curpause00);
      |                                        ^~~~~~~~~~~~~~~~~~~~~~~~~~~~~~~~~~~
      |                                        |
      |                                        int (*)(lua_State*)
src/tolua.h:48:65: note:   initializing argument 3 of ‘void tolua_function(lua_State*, const char*, void*)’
   48 | void tolua_function(lua_State* tolua_S, const char* name, void* func);
      |                                                           ~~~~~~^~~~
src/gslua.cpp:27426:33: warning: invalid conversion from ‘int (*)(lua_State*)’ to ‘void*’ [-fpermissive]
27426 |  tolua_function(tolua_S,"set_x",tolua_gslua_Waypoint_set_x00);
      |                                 ^~~~~~~~~~~~~~~~~~~~~~~~~~~~
      |                                 |
      |                                 int (*)(lua_State*)
src/tolua.h:48:65: note:   initializing argument 3 of ‘void tolua_function(lua_State*, const char*, void*)’
   48 | void tolua_function(lua_State* tolua_S, const char* name, void* func);
      |                                                           ~~~~~~^~~~
src/gslua.cpp:27427:33: warning: invalid conversion from ‘int (*)(lua_State*)’ to ‘void*’ [-fpermissive]
27427 |  tolua_function(tolua_S,"set_y",tolua_gslua_Waypoint_set_y00);
      |                                 ^~~~~~~~~~~~~~~~~~~~~~~~~~~~
      |                                 |
      |                                 int (*)(lua_State*)
src/tolua.h:48:65: note:   initializing argument 3 of ‘void tolua_function(lua_State*, const char*, void*)’
   48 | void tolua_function(lua_State* tolua_S, const char* name, void* func);
      |                                                           ~~~~~~^~~~
src/gslua.cpp:27428:37: warning: invalid conversion from ‘int (*)(lua_State*)’ to ‘void*’ [-fpermissive]
27428 |  tolua_function(tolua_S,"set_speed",tolua_gslua_Waypoint_set_speed00);
      |                                     ^~~~~~~~~~~~~~~~~~~~~~~~~~~~~~~~
      |                                     |
      |                                     int (*)(lua_State*)
src/tolua.h:48:65: note:   initializing argument 3 of ‘void tolua_function(lua_State*, const char*, void*)’
   48 | void tolua_function(lua_State* tolua_S, const char* name, void* func);
      |                                                           ~~~~~~^~~~
src/gslua.cpp:27429:37: warning: invalid conversion from ‘int (*)(lua_State*)’ to ‘void*’ [-fpermissive]
27429 |  tolua_function(tolua_S,"set_pause",tolua_gslua_Waypoint_set_pause00);
      |                                     ^~~~~~~~~~~~~~~~~~~~~~~~~~~~~~~~
      |                                     |
      |                                     int (*)(lua_State*)
src/tolua.h:48:65: note:   initializing argument 3 of ‘void tolua_function(lua_State*, const char*, void*)’
   48 | void tolua_function(lua_State* tolua_S, const char* name, void* func);
      |                                                           ~~~~~~^~~~
src/gslua.cpp:27430:40: warning: invalid conversion from ‘int (*)(lua_State*)’ to ‘void*’ [-fpermissive]
27430 |  tolua_function(tolua_S,"set_curpause",tolua_gslua_Waypoint_set_curpause00);
      |                                        ^~~~~~~~~~~~~~~~~~~~~~~~~~~~~~~~~~~
      |                                        |
      |                                        int (*)(lua_State*)
src/tolua.h:48:65: note:   initializing argument 3 of ‘void tolua_function(lua_State*, const char*, void*)’
   48 | void tolua_function(lua_State* tolua_S, const char* name, void* func);
      |                                                           ~~~~~~^~~~
src/gslua.cpp:27434:37: warning: invalid conversion from ‘int (*)(lua_State*)’ to ‘void*’ [-fpermissive]
27434 |  tolua_function(tolua_S,"get_count",tolua_gslua_gsWaypoint_get_count00);
      |                                     ^~~~~~~~~~~~~~~~~~~~~~~~~~~~~~~~~~
      |                                     |
      |                                     int (*)(lua_State*)
src/tolua.h:48:65: note:   initializing argument 3 of ‘void tolua_function(lua_State*, const char*, void*)’
   48 | void tolua_function(lua_State* tolua_S, const char* name, void* func);
      |                                                           ~~~~~~^~~~
src/gslua.cpp:27435:36: warning: invalid conversion from ‘int (*)(lua_State*)’ to ‘void*’ [-fpermissive]
27435 |  tolua_function(tolua_S,"get_mode",tolua_gslua_gsWaypoint_get_mode00);
      |                                    ^~~~~~~~~~~~~~~~~~~~~~~~~~~~~~~~~
      |                                    |
      |                                    int (*)(lua_State*)
src/tolua.h:48:65: note:   initializing argument 3 of ‘void tolua_function(lua_State*, const char*, void*)’
   48 | void tolua_function(lua_State* tolua_S, const char* name, void* func);
      |                                                           ~~~~~~^~~~
src/gslua.cpp:27436:36: warning: invalid conversion from ‘int (*)(lua_State*)’ to ‘void*’ [-fpermissive]
27436 |  tolua_function(tolua_S,"set_mode",tolua_gslua_gsWaypoint_set_mode00);
      |                                    ^~~~~~~~~~~~~~~~~~~~~~~~~~~~~~~~~
      |                                    |
      |                                    int (*)(lua_State*)
src/tolua.h:48:65: note:   initializing argument 3 of ‘void tolua_function(lua_State*, const char*, void*)’
   48 | void tolua_function(lua_State* tolua_S, const char* name, void* func);
      |                                                           ~~~~~~^~~~
src/gslua.cpp:27437:39: warning: invalid conversion from ‘int (*)(lua_State*)’ to ‘void*’ [-fpermissive]
27437 |  tolua_function(tolua_S,"get_current",tolua_gslua_gsWaypoint_get_current00);
      |                                       ^~~~~~~~~~~~~~~~~~~~~~~~~~~~~~~~~~~~
      |                                       |
      |                                       int (*)(lua_State*)
src/tolua.h:48:65: note:   initializing argument 3 of ‘void tolua_function(lua_State*, const char*, void*)’
   48 | void tolua_function(lua_State* tolua_S, const char* name, void* func);
      |                                                           ~~~~~~^~~~
src/gslua.cpp:27438:39: warning: invalid conversion from ‘int (*)(lua_State*)’ to ‘void*’ [-fpermissive]
27438 |  tolua_function(tolua_S,"set_current",tolua_gslua_gsWaypoint_set_current00);
      |                                       ^~~~~~~~~~~~~~~~~~~~~~~~~~~~~~~~~~~~
      |                                       |
      |                                       int (*)(lua_State*)
src/tolua.h:48:65: note:   initializing argument 3 of ‘void tolua_function(lua_State*, const char*, void*)’
   48 | void tolua_function(lua_State* tolua_S, const char* name, void* func);
      |                                                           ~~~~~~^~~~
src/gslua.cpp:27439:31: warning: invalid conversion from ‘int (*)(lua_State*)’ to ‘void*’ [-fpermissive]
27439 |  tolua_function(tolua_S,"add",tolua_gslua_gsWaypoint_add00);
      |                               ^~~~~~~~~~~~~~~~~~~~~~~~~~~~
      |                               |
      |                               int (*)(lua_State*)
src/tolua.h:48:65: note:   initializing argument 3 of ‘void tolua_function(lua_State*, const char*, void*)’
   48 | void tolua_function(lua_State* tolua_S, const char* name, void* func);
      |                                                           ~~~~~~^~~~
src/gslua.cpp:27440:34: warning: invalid conversion from ‘int (*)(lua_State*)’ to ‘void*’ [-fpermissive]
27440 |  tolua_function(tolua_S,"remove",tolua_gslua_gsWaypoint_remove00);
      |                                  ^~~~~~~~~~~~~~~~~~~~~~~~~~~~~~~
      |                                  |
      |                                  int (*)(lua_State*)
src/tolua.h:48:65: note:   initializing argument 3 of ‘void tolua_function(lua_State*, const char*, void*)’
   48 | void tolua_function(lua_State* tolua_S, const char* name, void* func);
      |                                                           ~~~~~~^~~~
src/gslua.cpp:27441:38: warning: invalid conversion from ‘int (*)(lua_State*)’ to ‘void*’ [-fpermissive]
27441 |  tolua_function(tolua_S,"remove_all",tolua_gslua_gsWaypoint_remove_all00);
      |                                      ^~~~~~~~~~~~~~~~~~~~~~~~~~~~~~~~~~~
      |                                      |
      |                                      int (*)(lua_State*)
src/tolua.h:48:65: note:   initializing argument 3 of ‘void tolua_function(lua_State*, const char*, void*)’
   48 | void tolua_function(lua_State* tolua_S, const char* name, void* func);
      |                                                           ~~~~~~^~~~
src/gslua.cpp:27442:31: warning: invalid conversion from ‘int (*)(lua_State*)’ to ‘void*’ [-fpermissive]
27442 |  tolua_function(tolua_S,"get",tolua_gslua_gsWaypoint_get00);
      |                               ^~~~~~~~~~~~~~~~~~~~~~~~~~~~
      |                               |
      |                               int (*)(lua_State*)
src/tolua.h:48:65: note:   initializing argument 3 of ‘void tolua_function(lua_State*, const char*, void*)’
   48 | void tolua_function(lua_State* tolua_S, const char* name, void* func);
      |                                                           ~~~~~~^~~~
src/gslua.cpp:27466:36: warning: invalid conversion from ‘int (*)(lua_State*)’ to ‘void*’ [-fpermissive]
27466 |  tolua_function(tolua_S,"get_prev",tolua_gslua_Enemy_get_prev00);
      |                                    ^~~~~~~~~~~~~~~~~~~~~~~~~~~~
      |                                    |
      |                                    int (*)(lua_State*)
src/tolua.h:48:65: note:   initializing argument 3 of ‘void tolua_function(lua_State*, const char*, void*)’
   48 | void tolua_function(lua_State* tolua_S, const char* name, void* func);
      |                                                           ~~~~~~^~~~
src/gslua.cpp:27467:36: warning: invalid conversion from ‘int (*)(lua_State*)’ to ‘void*’ [-fpermissive]
27467 |  tolua_function(tolua_S,"get_next",tolua_gslua_Enemy_get_next00);
      |                                    ^~~~~~~~~~~~~~~~~~~~~~~~~~~~
      |                                    |
      |                                    int (*)(lua_State*)
src/tolua.h:48:65: note:   initializing argument 3 of ‘void tolua_function(lua_State*, const char*, void*)’
   48 | void tolua_function(lua_State* tolua_S, const char* name, void* func);
      |                                                           ~~~~~~^~~~
src/gslua.cpp:27468:41: warning: invalid conversion from ‘int (*)(lua_State*)’ to ‘void*’ [-fpermissive]
27468 |  tolua_function(tolua_S,"get_connected",tolua_gslua_Enemy_get_connected00);
      |                                         ^~~~~~~~~~~~~~~~~~~~~~~~~~~~~~~~~
      |                                         |
      |                                         int (*)(lua_State*)
src/tolua.h:48:65: note:   initializing argument 3 of ‘void tolua_function(lua_State*, const char*, void*)’
   48 | void tolua_function(lua_State* tolua_S, const char* name, void* func);
      |                                                           ~~~~~~^~~~
src/gslua.cpp:27469:41: warning: invalid conversion from ‘int (*)(lua_State*)’ to ‘void*’ [-fpermissive]
27469 |  tolua_function(tolua_S,"set_connected",tolua_gslua_Enemy_set_connected00);
      |                                         ^~~~~~~~~~~~~~~~~~~~~~~~~~~~~~~~~
      |                                         |
      |                                         int (*)(lua_State*)
src/tolua.h:48:65: note:   initializing argument 3 of ‘void tolua_function(lua_State*, const char*, void*)’
   48 | void tolua_function(lua_State* tolua_S, const char* name, void* func);
      |                                                           ~~~~~~^~~~
src/gslua.cpp:27470:36: warning: invalid conversion from ‘int (*)(lua_State*)’ to ‘void*’ [-fpermissive]
27470 |  tolua_function(tolua_S,"set_prev",tolua_gslua_Enemy_set_prev00);
      |                                    ^~~~~~~~~~~~~~~~~~~~~~~~~~~~
      |                                    |
      |                                    int (*)(lua_State*)
src/tolua.h:48:65: note:   initializing argument 3 of ‘void tolua_function(lua_State*, const char*, void*)’
   48 | void tolua_function(lua_State* tolua_S, const char* name, void* func);
      |                                                           ~~~~~~^~~~
src/gslua.cpp:27471:36: warning: invalid conversion from ‘int (*)(lua_State*)’ to ‘void*’ [-fpermissive]
27471 |  tolua_function(tolua_S,"set_next",tolua_gslua_Enemy_set_next00);
      |                                    ^~~~~~~~~~~~~~~~~~~~~~~~~~~~
      |                                    |
      |                                    int (*)(lua_State*)
src/tolua.h:48:65: note:   initializing argument 3 of ‘void tolua_function(lua_State*, const char*, void*)’
   48 | void tolua_function(lua_State* tolua_S, const char* name, void* func);
      |                                                           ~~~~~~^~~~
src/gslua.cpp:27472:36: warning: invalid conversion from ‘int (*)(lua_State*)’ to ‘void*’ [-fpermissive]
27472 |  tolua_function(tolua_S,"set_type",tolua_gslua_Enemy_set_type00);
      |                                    ^~~~~~~~~~~~~~~~~~~~~~~~~~~~
      |                                    |
      |                                    int (*)(lua_State*)
src/tolua.h:48:65: note:   initializing argument 3 of ‘void tolua_function(lua_State*, const char*, void*)’
   48 | void tolua_function(lua_State* tolua_S, const char* name, void* func);
      |                                                           ~~~~~~^~~~
src/gslua.cpp:27473:36: warning: invalid conversion from ‘int (*)(lua_State*)’ to ‘void*’ [-fpermissive]
27473 |  tolua_function(tolua_S,"get_type",tolua_gslua_Enemy_get_type00);
      |                                    ^~~~~~~~~~~~~~~~~~~~~~~~~~~~
      |                                    |
      |                                    int (*)(lua_State*)
src/tolua.h:48:65: note:   initializing argument 3 of ‘void tolua_function(lua_State*, const char*, void*)’
   48 | void tolua_function(lua_State* tolua_S, const char* name, void* func);
      |                                                           ~~~~~~^~~~
src/gslua.cpp:27474:34: warning: invalid conversion from ‘int (*)(lua_State*)’ to ‘void*’ [-fpermissive]
27474 |  tolua_function(tolua_S,"get_nr",tolua_gslua_Enemy_get_nr00);
      |                                  ^~~~~~~~~~~~~~~~~~~~~~~~~~
      |                                  |
      |                                  int (*)(lua_State*)
src/tolua.h:48:65: note:   initializing argument 3 of ‘void tolua_function(lua_State*, const char*, void*)’
   48 | void tolua_function(lua_State* tolua_S, const char* name, void* func);
      |                                                           ~~~~~~^~~~
src/gslua.cpp:27475:34: warning: invalid conversion from ‘int (*)(lua_State*)’ to ‘void*’ [-fpermissive]
27475 |  tolua_function(tolua_S,"set_nr",tolua_gslua_Enemy_set_nr00);
      |                                  ^~~~~~~~~~~~~~~~~~~~~~~~~~
      |                                  |
      |                                  int (*)(lua_State*)
src/tolua.h:48:65: note:   initializing argument 3 of ‘void tolua_function(lua_State*, const char*, void*)’
   48 | void tolua_function(lua_State* tolua_S, const char* name, void* func);
      |                                                           ~~~~~~^~~~
src/gslua.cpp:27476:35: warning: invalid conversion from ‘int (*)(lua_State*)’ to ‘void*’ [-fpermissive]
27476 |  tolua_function(tolua_S,"get_sig",tolua_gslua_Enemy_get_sig00);
      |                                   ^~~~~~~~~~~~~~~~~~~~~~~~~~~
      |                                   |
      |                                   int (*)(lua_State*)
src/tolua.h:48:65: note:   initializing argument 3 of ‘void tolua_function(lua_State*, const char*, void*)’
   48 | void tolua_function(lua_State* tolua_S, const char* name, void* func);
      |                                                           ~~~~~~^~~~
src/gslua.cpp:27477:35: warning: invalid conversion from ‘int (*)(lua_State*)’ to ‘void*’ [-fpermissive]
27477 |  tolua_function(tolua_S,"set_sig",tolua_gslua_Enemy_set_sig00);
      |                                   ^~~~~~~~~~~~~~~~~~~~~~~~~~~
      |                                   |
      |                                   int (*)(lua_State*)
src/tolua.h:48:65: note:   initializing argument 3 of ‘void tolua_function(lua_State*, const char*, void*)’
   48 | void tolua_function(lua_State* tolua_S, const char* name, void* func);
      |                                                           ~~~~~~^~~~
src/gslua.cpp:27478:40: warning: invalid conversion from ‘int (*)(lua_State*)’ to ‘void*’ [-fpermissive]
27478 |  tolua_function(tolua_S,"set_maxframe",tolua_gslua_Enemy_set_maxframe00);
      |                                        ^~~~~~~~~~~~~~~~~~~~~~~~~~~~~~~~
      |                                        |
      |                                        int (*)(lua_State*)
src/tolua.h:48:65: note:   initializing argument 3 of ‘void tolua_function(lua_State*, const char*, void*)’
   48 | void tolua_function(lua_State* tolua_S, const char* name, void* func);
      |                                                           ~~~~~~^~~~
src/gslua.cpp:27479:40: warning: invalid conversion from ‘int (*)(lua_State*)’ to ‘void*’ [-fpermissive]
27479 |  tolua_function(tolua_S,"get_maxframe",tolua_gslua_Enemy_get_maxframe00);
      |                                        ^~~~~~~~~~~~~~~~~~~~~~~~~~~~~~~~
      |                                        |
      |                                        int (*)(lua_State*)
src/tolua.h:48:65: note:   initializing argument 3 of ‘void tolua_function(lua_State*, const char*, void*)’
   48 | void tolua_function(lua_State* tolua_S, const char* name, void* func);
      |                                                           ~~~~~~^~~~
src/gslua.cpp:27480:41: warning: invalid conversion from ‘int (*)(lua_State*)’ to ‘void*’ [-fpermissive]
27480 |  tolua_function(tolua_S,"set_maxframet",tolua_gslua_Enemy_set_maxframet00);
      |                                         ^~~~~~~~~~~~~~~~~~~~~~~~~~~~~~~~~
      |                                         |
      |                                         int (*)(lua_State*)
src/tolua.h:48:65: note:   initializing argument 3 of ‘void tolua_function(lua_State*, const char*, void*)’
   48 | void tolua_function(lua_State* tolua_S, const char* name, void* func);
      |                                                           ~~~~~~^~~~
src/gslua.cpp:27481:41: warning: invalid conversion from ‘int (*)(lua_State*)’ to ‘void*’ [-fpermissive]
27481 |  tolua_function(tolua_S,"get_maxframet",tolua_gslua_Enemy_get_maxframet00);
      |                                         ^~~~~~~~~~~~~~~~~~~~~~~~~~~~~~~~~
      |                                         |
      |                                         int (*)(lua_State*)
src/tolua.h:48:65: note:   initializing argument 3 of ‘void tolua_function(lua_State*, const char*, void*)’
   48 | void tolua_function(lua_State* tolua_S, const char* name, void* func);
      |                                                           ~~~~~~^~~~
src/gslua.cpp:27482:41: warning: invalid conversion from ‘int (*)(lua_State*)’ to ‘void*’ [-fpermissive]
27482 |  tolua_function(tolua_S,"set_dispframe",tolua_gslua_Enemy_set_dispframe00);
      |                                         ^~~~~~~~~~~~~~~~~~~~~~~~~~~~~~~~~
      |                                         |
      |                                         int (*)(lua_State*)
src/tolua.h:48:65: note:   initializing argument 3 of ‘void tolua_function(lua_State*, const char*, void*)’
   48 | void tolua_function(lua_State* tolua_S, const char* name, void* func);
      |                                                           ~~~~~~^~~~
src/gslua.cpp:27483:41: warning: invalid conversion from ‘int (*)(lua_State*)’ to ‘void*’ [-fpermissive]
27483 |  tolua_function(tolua_S,"get_dispframe",tolua_gslua_Enemy_get_dispframe00);
      |                                         ^~~~~~~~~~~~~~~~~~~~~~~~~~~~~~~~~
      |                                         |
      |                                         int (*)(lua_State*)
src/tolua.h:48:65: note:   initializing argument 3 of ‘void tolua_function(lua_State*, const char*, void*)’
   48 | void tolua_function(lua_State* tolua_S, const char* name, void* func);
      |                                                           ~~~~~~^~~~
src/gslua.cpp:27484:40: warning: invalid conversion from ‘int (*)(lua_State*)’ to ‘void*’ [-fpermissive]
27484 |  tolua_function(tolua_S,"set_curframe",tolua_gslua_Enemy_set_curframe00);
      |                                        ^~~~~~~~~~~~~~~~~~~~~~~~~~~~~~~~
      |                                        |
      |                                        int (*)(lua_State*)
src/tolua.h:48:65: note:   initializing argument 3 of ‘void tolua_function(lua_State*, const char*, void*)’
   48 | void tolua_function(lua_State* tolua_S, const char* name, void* func);
      |                                                           ~~~~~~^~~~
src/gslua.cpp:27485:40: warning: invalid conversion from ‘int (*)(lua_State*)’ to ‘void*’ [-fpermissive]
27485 |  tolua_function(tolua_S,"get_curframe",tolua_gslua_Enemy_get_curframe00);
      |                                        ^~~~~~~~~~~~~~~~~~~~~~~~~~~~~~~~
      |                                        |
      |                                        int (*)(lua_State*)
src/tolua.h:48:65: note:   initializing argument 3 of ‘void tolua_function(lua_State*, const char*, void*)’
   48 | void tolua_function(lua_State* tolua_S, const char* name, void* func);
      |                                                           ~~~~~~^~~~
src/gslua.cpp:27486:41: warning: invalid conversion from ‘int (*)(lua_State*)’ to ‘void*’ [-fpermissive]
27486 |  tolua_function(tolua_S,"set_curframet",tolua_gslua_Enemy_set_curframet00);
      |                                         ^~~~~~~~~~~~~~~~~~~~~~~~~~~~~~~~~
      |                                         |
      |                                         int (*)(lua_State*)
src/tolua.h:48:65: note:   initializing argument 3 of ‘void tolua_function(lua_State*, const char*, void*)’
   48 | void tolua_function(lua_State* tolua_S, const char* name, void* func);
      |                                                           ~~~~~~^~~~
src/gslua.cpp:27487:41: warning: invalid conversion from ‘int (*)(lua_State*)’ to ‘void*’ [-fpermissive]
27487 |  tolua_function(tolua_S,"get_curframet",tolua_gslua_Enemy_get_curframet00);
      |                                         ^~~~~~~~~~~~~~~~~~~~~~~~~~~~~~~~~
      |                                         |
      |                                         int (*)(lua_State*)
src/tolua.h:48:65: note:   initializing argument 3 of ‘void tolua_function(lua_State*, const char*, void*)’
   48 | void tolua_function(lua_State* tolua_S, const char* name, void* func);
      |                                                           ~~~~~~^~~~
src/gslua.cpp:27488:42: warning: invalid conversion from ‘int (*)(lua_State*)’ to ‘void*’ [-fpermissive]
27488 |  tolua_function(tolua_S,"set_startframe",tolua_gslua_Enemy_set_startframe00);
      |                                          ^~~~~~~~~~~~~~~~~~~~~~~~~~~~~~~~~~
      |                                          |
      |                                          int (*)(lua_State*)
src/tolua.h:48:65: note:   initializing argument 3 of ‘void tolua_function(lua_State*, const char*, void*)’
   48 | void tolua_function(lua_State* tolua_S, const char* name, void* func);
      |                                                           ~~~~~~^~~~
src/gslua.cpp:27489:42: warning: invalid conversion from ‘int (*)(lua_State*)’ to ‘void*’ [-fpermissive]
27489 |  tolua_function(tolua_S,"get_startframe",tolua_gslua_Enemy_get_startframe00);
      |                                          ^~~~~~~~~~~~~~~~~~~~~~~~~~~~~~~~~~
      |                                          |
      |                                          int (*)(lua_State*)
src/tolua.h:48:65: note:   initializing argument 3 of ‘void tolua_function(lua_State*, const char*, void*)’
   48 | void tolua_function(lua_State* tolua_S, const char* name, void* func);
      |                                                           ~~~~~~^~~~
src/gslua.cpp:27490:33: warning: invalid conversion from ‘int (*)(lua_State*)’ to ‘void*’ [-fpermissive]
27490 |  tolua_function(tolua_S,"get_x",tolua_gslua_Enemy_get_x00);
      |                                 ^~~~~~~~~~~~~~~~~~~~~~~~~
      |                                 |
      |                                 int (*)(lua_State*)
src/tolua.h:48:65: note:   initializing argument 3 of ‘void tolua_function(lua_State*, const char*, void*)’
   48 | void tolua_function(lua_State* tolua_S, const char* name, void* func);
      |                                                           ~~~~~~^~~~
src/gslua.cpp:27491:33: warning: invalid conversion from ‘int (*)(lua_State*)’ to ‘void*’ [-fpermissive]
27491 |  tolua_function(tolua_S,"get_y",tolua_gslua_Enemy_get_y00);
      |                                 ^~~~~~~~~~~~~~~~~~~~~~~~~
      |                                 |
      |                                 int (*)(lua_State*)
src/tolua.h:48:65: note:   initializing argument 3 of ‘void tolua_function(lua_State*, const char*, void*)’
   48 | void tolua_function(lua_State* tolua_S, const char* name, void* func);
      |                                                           ~~~~~~^~~~
src/gslua.cpp:27492:33: warning: invalid conversion from ‘int (*)(lua_State*)’ to ‘void*’ [-fpermissive]
27492 |  tolua_function(tolua_S,"set_x",tolua_gslua_Enemy_set_x00);
      |                                 ^~~~~~~~~~~~~~~~~~~~~~~~~
      |                                 |
      |                                 int (*)(lua_State*)
src/tolua.h:48:65: note:   initializing argument 3 of ‘void tolua_function(lua_State*, const char*, void*)’
   48 | void tolua_function(lua_State* tolua_S, const char* name, void* func);
      |                                                           ~~~~~~^~~~
src/gslua.cpp:27493:33: warning: invalid conversion from ‘int (*)(lua_State*)’ to ‘void*’ [-fpermissive]
27493 |  tolua_function(tolua_S,"set_y",tolua_gslua_Enemy_set_y00);
      |                                 ^~~~~~~~~~~~~~~~~~~~~~~~~
      |                                 |
      |                                 int (*)(lua_State*)
src/tolua.h:48:65: note:   initializing argument 3 of ‘void tolua_function(lua_State*, const char*, void*)’
   48 | void tolua_function(lua_State* tolua_S, const char* name, void* func);
      |                                                           ~~~~~~^~~~
src/gslua.cpp:27494:37: warning: invalid conversion from ‘int (*)(lua_State*)’ to ‘void*’ [-fpermissive]
27494 |  tolua_function(tolua_S,"get_width",tolua_gslua_Enemy_get_width00);
      |                                     ^~~~~~~~~~~~~~~~~~~~~~~~~~~~~
      |                                     |
      |                                     int (*)(lua_State*)
src/tolua.h:48:65: note:   initializing argument 3 of ‘void tolua_function(lua_State*, const char*, void*)’
   48 | void tolua_function(lua_State* tolua_S, const char* name, void* func);
      |                                                           ~~~~~~^~~~
src/gslua.cpp:27495:38: warning: invalid conversion from ‘int (*)(lua_State*)’ to ‘void*’ [-fpermissive]
27495 |  tolua_function(tolua_S,"get_height",tolua_gslua_Enemy_get_height00);
      |                                      ^~~~~~~~~~~~~~~~~~~~~~~~~~~~~~
      |                                      |
      |                                      int (*)(lua_State*)
src/tolua.h:48:65: note:   initializing argument 3 of ‘void tolua_function(lua_State*, const char*, void*)’
   48 | void tolua_function(lua_State* tolua_S, const char* name, void* func);
      |                                                           ~~~~~~^~~~
src/gslua.cpp:27496:39: warning: invalid conversion from ‘int (*)(lua_State*)’ to ‘void*’ [-fpermissive]
27496 |  tolua_function(tolua_S,"set_bound_x",tolua_gslua_Enemy_set_bound_x00);
      |                                       ^~~~~~~~~~~~~~~~~~~~~~~~~~~~~~~
      |                                       |
      |                                       int (*)(lua_State*)
src/tolua.h:48:65: note:   initializing argument 3 of ‘void tolua_function(lua_State*, const char*, void*)’
   48 | void tolua_function(lua_State* tolua_S, const char* name, void* func);
      |                                                           ~~~~~~^~~~
src/gslua.cpp:27497:39: warning: invalid conversion from ‘int (*)(lua_State*)’ to ‘void*’ [-fpermissive]
27497 |  tolua_function(tolua_S,"set_bound_y",tolua_gslua_Enemy_set_bound_y00);
      |                                       ^~~~~~~~~~~~~~~~~~~~~~~~~~~~~~~
      |                                       |
      |                                       int (*)(lua_State*)
src/tolua.h:48:65: note:   initializing argument 3 of ‘void tolua_function(lua_State*, const char*, void*)’
   48 | void tolua_function(lua_State* tolua_S, const char* name, void* func);
      |                                                           ~~~~~~^~~~
src/gslua.cpp:27498:39: warning: invalid conversion from ‘int (*)(lua_State*)’ to ‘void*’ [-fpermissive]
27498 |  tolua_function(tolua_S,"set_bound_w",tolua_gslua_Enemy_set_bound_w00);
      |                                       ^~~~~~~~~~~~~~~~~~~~~~~~~~~~~~~
      |                                       |
      |                                       int (*)(lua_State*)
src/tolua.h:48:65: note:   initializing argument 3 of ‘void tolua_function(lua_State*, const char*, void*)’
   48 | void tolua_function(lua_State* tolua_S, const char* name, void* func);
      |                                                           ~~~~~~^~~~
src/gslua.cpp:27499:39: warning: invalid conversion from ‘int (*)(lua_State*)’ to ‘void*’ [-fpermissive]
27499 |  tolua_function(tolua_S,"set_bound_h",tolua_gslua_Enemy_set_bound_h00);
      |                                       ^~~~~~~~~~~~~~~~~~~~~~~~~~~~~~~
      |                                       |
      |                                       int (*)(lua_State*)
src/tolua.h:48:65: note:   initializing argument 3 of ‘void tolua_function(lua_State*, const char*, void*)’
   48 | void tolua_function(lua_State* tolua_S, const char* name, void* func);
      |                                                           ~~~~~~^~~~
src/gslua.cpp:27500:39: warning: invalid conversion from ‘int (*)(lua_State*)’ to ‘void*’ [-fpermissive]
27500 |  tolua_function(tolua_S,"get_xradius",tolua_gslua_Enemy_get_xradius00);
      |                                       ^~~~~~~~~~~~~~~~~~~~~~~~~~~~~~~
      |                                       |
      |                                       int (*)(lua_State*)
src/tolua.h:48:65: note:   initializing argument 3 of ‘void tolua_function(lua_State*, const char*, void*)’
   48 | void tolua_function(lua_State* tolua_S, const char* name, void* func);
      |                                                           ~~~~~~^~~~
src/gslua.cpp:27501:39: warning: invalid conversion from ‘int (*)(lua_State*)’ to ‘void*’ [-fpermissive]
27501 |  tolua_function(tolua_S,"set_xradius",tolua_gslua_Enemy_set_xradius00);
      |                                       ^~~~~~~~~~~~~~~~~~~~~~~~~~~~~~~
      |                                       |
      |                                       int (*)(lua_State*)
src/tolua.h:48:65: note:   initializing argument 3 of ‘void tolua_function(lua_State*, const char*, void*)’
   48 | void tolua_function(lua_State* tolua_S, const char* name, void* func);
      |                                                           ~~~~~~^~~~
src/gslua.cpp:27502:39: warning: invalid conversion from ‘int (*)(lua_State*)’ to ‘void*’ [-fpermissive]
27502 |  tolua_function(tolua_S,"get_yradius",tolua_gslua_Enemy_get_yradius00);
      |                                       ^~~~~~~~~~~~~~~~~~~~~~~~~~~~~~~
      |                                       |
      |                                       int (*)(lua_State*)
src/tolua.h:48:65: note:   initializing argument 3 of ‘void tolua_function(lua_State*, const char*, void*)’
   48 | void tolua_function(lua_State* tolua_S, const char* name, void* func);
      |                                                           ~~~~~~^~~~
src/gslua.cpp:27503:39: warning: invalid conversion from ‘int (*)(lua_State*)’ to ‘void*’ [-fpermissive]
27503 |  tolua_function(tolua_S,"set_yradius",tolua_gslua_Enemy_set_yradius00);
      |                                       ^~~~~~~~~~~~~~~~~~~~~~~~~~~~~~~
      |                                       |
      |                                       int (*)(lua_State*)
src/tolua.h:48:65: note:   initializing argument 3 of ‘void tolua_function(lua_State*, const char*, void*)’
   48 | void tolua_function(lua_State* tolua_S, const char* name, void* func);
      |                                                           ~~~~~~^~~~
src/gslua.cpp:27504:36: warning: invalid conversion from ‘int (*)(lua_State*)’ to ‘void*’ [-fpermissive]
27504 |  tolua_function(tolua_S,"get_xspd",tolua_gslua_Enemy_get_xspd00);
      |                                    ^~~~~~~~~~~~~~~~~~~~~~~~~~~~
      |                                    |
      |                                    int (*)(lua_State*)
src/tolua.h:48:65: note:   initializing argument 3 of ‘void tolua_function(lua_State*, const char*, void*)’
   48 | void tolua_function(lua_State* tolua_S, const char* name, void* func);
      |                                                           ~~~~~~^~~~
src/gslua.cpp:27505:36: warning: invalid conversion from ‘int (*)(lua_State*)’ to ‘void*’ [-fpermissive]
27505 |  tolua_function(tolua_S,"get_yspd",tolua_gslua_Enemy_get_yspd00);
      |                                    ^~~~~~~~~~~~~~~~~~~~~~~~~~~~
      |                                    |
      |                                    int (*)(lua_State*)
src/tolua.h:48:65: note:   initializing argument 3 of ‘void tolua_function(lua_State*, const char*, void*)’
   48 | void tolua_function(lua_State* tolua_S, const char* name, void* func);
      |                                                           ~~~~~~^~~~
src/gslua.cpp:27506:36: warning: invalid conversion from ‘int (*)(lua_State*)’ to ‘void*’ [-fpermissive]
27506 |  tolua_function(tolua_S,"set_xspd",tolua_gslua_Enemy_set_xspd00);
      |                                    ^~~~~~~~~~~~~~~~~~~~~~~~~~~~
      |                                    |
      |                                    int (*)(lua_State*)
src/tolua.h:48:65: note:   initializing argument 3 of ‘void tolua_function(lua_State*, const char*, void*)’
   48 | void tolua_function(lua_State* tolua_S, const char* name, void* func);
      |                                                           ~~~~~~^~~~
src/gslua.cpp:27507:36: warning: invalid conversion from ‘int (*)(lua_State*)’ to ‘void*’ [-fpermissive]
27507 |  tolua_function(tolua_S,"set_yspd",tolua_gslua_Enemy_set_yspd00);
      |                                    ^~~~~~~~~~~~~~~~~~~~~~~~~~~~
      |                                    |
      |                                    int (*)(lua_State*)
src/tolua.h:48:65: note:   initializing argument 3 of ‘void tolua_function(lua_State*, const char*, void*)’
   48 | void tolua_function(lua_State* tolua_S, const char* name, void* func);
      |                                                           ~~~~~~^~~~
src/gslua.cpp:27508:35: warning: invalid conversion from ‘int (*)(lua_State*)’ to ‘void*’ [-fpermissive]
27508 |  tolua_function(tolua_S,"get_hit",tolua_gslua_Enemy_get_hit00);
      |                                   ^~~~~~~~~~~~~~~~~~~~~~~~~~~
      |                                   |
      |                                   int (*)(lua_State*)
src/tolua.h:48:65: note:   initializing argument 3 of ‘void tolua_function(lua_State*, const char*, void*)’
   48 | void tolua_function(lua_State* tolua_S, const char* name, void* func);
      |                                                           ~~~~~~^~~~
src/gslua.cpp:27509:38: warning: invalid conversion from ‘int (*)(lua_State*)’ to ‘void*’ [-fpermissive]
27509 |  tolua_function(tolua_S,"get_maxhit",tolua_gslua_Enemy_get_maxhit00);
      |                                      ^~~~~~~~~~~~~~~~~~~~~~~~~~~~~~
      |                                      |
      |                                      int (*)(lua_State*)
src/tolua.h:48:65: note:   initializing argument 3 of ‘void tolua_function(lua_State*, const char*, void*)’
   48 | void tolua_function(lua_State* tolua_S, const char* name, void* func);
      |                                                           ~~~~~~^~~~
src/gslua.cpp:27510:35: warning: invalid conversion from ‘int (*)(lua_State*)’ to ‘void*’ [-fpermissive]
27510 |  tolua_function(tolua_S,"set_hit",tolua_gslua_Enemy_set_hit00);
      |                                   ^~~~~~~~~~~~~~~~~~~~~~~~~~~
      |                                   |
      |                                   int (*)(lua_State*)
src/tolua.h:48:65: note:   initializing argument 3 of ‘void tolua_function(lua_State*, const char*, void*)’
   48 | void tolua_function(lua_State* tolua_S, const char* name, void* func);
      |                                                           ~~~~~~^~~~
src/gslua.cpp:27511:38: warning: invalid conversion from ‘int (*)(lua_State*)’ to ‘void*’ [-fpermissive]
27511 |  tolua_function(tolua_S,"set_maxhit",tolua_gslua_Enemy_set_maxhit00);
      |                                      ^~~~~~~~~~~~~~~~~~~~~~~~~~~~~~
      |                                      |
      |                                      int (*)(lua_State*)
src/tolua.h:48:65: note:   initializing argument 3 of ‘void tolua_function(lua_State*, const char*, void*)’
   48 | void tolua_function(lua_State* tolua_S, const char* name, void* func);
      |                                                           ~~~~~~^~~~
src/gslua.cpp:27512:38: warning: invalid conversion from ‘int (*)(lua_State*)’ to ‘void*’ [-fpermissive]
27512 |  tolua_function(tolua_S,"get_onehit",tolua_gslua_Enemy_get_onehit00);
      |                                      ^~~~~~~~~~~~~~~~~~~~~~~~~~~~~~
      |                                      |
      |                                      int (*)(lua_State*)
src/tolua.h:48:65: note:   initializing argument 3 of ‘void tolua_function(lua_State*, const char*, void*)’
   48 | void tolua_function(lua_State* tolua_S, const char* name, void* func);
      |                                                           ~~~~~~^~~~
src/gslua.cpp:27513:37: warning: invalid conversion from ‘int (*)(lua_State*)’ to ‘void*’ [-fpermissive]
27513 |  tolua_function(tolua_S,"get_hitby",tolua_gslua_Enemy_get_hitby00);
      |                                     ^~~~~~~~~~~~~~~~~~~~~~~~~~~~~
      |                                     |
      |                                     int (*)(lua_State*)
src/tolua.h:48:65: note:   initializing argument 3 of ‘void tolua_function(lua_State*, const char*, void*)’
   48 | void tolua_function(lua_State* tolua_S, const char* name, void* func);
      |                                                           ~~~~~~^~~~
src/gslua.cpp:27514:40: warning: invalid conversion from ‘int (*)(lua_State*)’ to ‘void*’ [-fpermissive]
27514 |  tolua_function(tolua_S,"get_hitby_sx",tolua_gslua_Enemy_get_hitby_sx00);
      |                                        ^~~~~~~~~~~~~~~~~~~~~~~~~~~~~~~~
      |                                        |
      |                                        int (*)(lua_State*)
src/tolua.h:48:65: note:   initializing argument 3 of ‘void tolua_function(lua_State*, const char*, void*)’
   48 | void tolua_function(lua_State* tolua_S, const char* name, void* func);
      |                                                           ~~~~~~^~~~
src/gslua.cpp:27515:40: warning: invalid conversion from ‘int (*)(lua_State*)’ to ‘void*’ [-fpermissive]
27515 |  tolua_function(tolua_S,"get_hitby_sy",tolua_gslua_Enemy_get_hitby_sy00);
      |                                        ^~~~~~~~~~~~~~~~~~~~~~~~~~~~~~~~
      |                                        |
      |                                        int (*)(lua_State*)
src/tolua.h:48:65: note:   initializing argument 3 of ‘void tolua_function(lua_State*, const char*, void*)’
   48 | void tolua_function(lua_State* tolua_S, const char* name, void* func);
      |                                                           ~~~~~~^~~~
src/gslua.cpp:27516:36: warning: invalid conversion from ‘int (*)(lua_State*)’ to ‘void*’ [-fpermissive]
27516 |  tolua_function(tolua_S,"get_user",tolua_gslua_Enemy_get_user00);
      |                                    ^~~~~~~~~~~~~~~~~~~~~~~~~~~~
      |                                    |
      |                                    int (*)(lua_State*)
src/tolua.h:48:65: note:   initializing argument 3 of ‘void tolua_function(lua_State*, const char*, void*)’
   48 | void tolua_function(lua_State* tolua_S, const char* name, void* func);
      |                                                           ~~~~~~^~~~
src/gslua.cpp:27517:36: warning: invalid conversion from ‘int (*)(lua_State*)’ to ‘void*’ [-fpermissive]
27517 |  tolua_function(tolua_S,"set_user",tolua_gslua_Enemy_set_user00);
      |                                    ^~~~~~~~~~~~~~~~~~~~~~~~~~~~
      |                                    |
      |                                    int (*)(lua_State*)
src/tolua.h:48:65: note:   initializing argument 3 of ‘void tolua_function(lua_State*, const char*, void*)’
   48 | void tolua_function(lua_State* tolua_S, const char* name, void* func);
      |                                                           ~~~~~~^~~~
src/gslua.cpp:27518:44: warning: invalid conversion from ‘int (*)(lua_State*)’ to ‘void*’ [-fpermissive]
27518 |  tolua_function(tolua_S,"set_bullet_speed",tolua_gslua_Enemy_set_bullet_speed00);
      |                                            ^~~~~~~~~~~~~~~~~~~~~~~~~~~~~~~~~~~~
      |                                            |
      |                                            int (*)(lua_State*)
src/tolua.h:48:65: note:   initializing argument 3 of ‘void tolua_function(lua_State*, const char*, void*)’
   48 | void tolua_function(lua_State* tolua_S, const char* name, void* func);
      |                                                           ~~~~~~^~~~
src/gslua.cpp:27519:44: warning: invalid conversion from ‘int (*)(lua_State*)’ to ‘void*’ [-fpermissive]
27519 |  tolua_function(tolua_S,"get_bullet_speed",tolua_gslua_Enemy_get_bullet_speed00);
      |                                            ^~~~~~~~~~~~~~~~~~~~~~~~~~~~~~~~~~~~
      |                                            |
      |                                            int (*)(lua_State*)
src/tolua.h:48:65: note:   initializing argument 3 of ‘void tolua_function(lua_State*, const char*, void*)’
   48 | void tolua_function(lua_State* tolua_S, const char* name, void* func);
      |                                                           ~~~~~~^~~~
src/gslua.cpp:27520:46: warning: invalid conversion from ‘int (*)(lua_State*)’ to ‘void*’ [-fpermissive]
27520 |  tolua_function(tolua_S,"set_bullet_speed_x",tolua_gslua_Enemy_set_bullet_speed_x00);
      |                                              ^~~~~~~~~~~~~~~~~~~~~~~~~~~~~~~~~~~~~~
      |                                              |
      |                                              int (*)(lua_State*)
src/tolua.h:48:65: note:   initializing argument 3 of ‘void tolua_function(lua_State*, const char*, void*)’
   48 | void tolua_function(lua_State* tolua_S, const char* name, void* func);
      |                                                           ~~~~~~^~~~
src/gslua.cpp:27521:46: warning: invalid conversion from ‘int (*)(lua_State*)’ to ‘void*’ [-fpermissive]
27521 |  tolua_function(tolua_S,"get_bullet_speed_x",tolua_gslua_Enemy_get_bullet_speed_x00);
      |                                              ^~~~~~~~~~~~~~~~~~~~~~~~~~~~~~~~~~~~~~
      |                                              |
      |                                              int (*)(lua_State*)
src/tolua.h:48:65: note:   initializing argument 3 of ‘void tolua_function(lua_State*, const char*, void*)’
   48 | void tolua_function(lua_State* tolua_S, const char* name, void* func);
      |                                                           ~~~~~~^~~~
src/gslua.cpp:27522:46: warning: invalid conversion from ‘int (*)(lua_State*)’ to ‘void*’ [-fpermissive]
27522 |  tolua_function(tolua_S,"set_bullet_speed_y",tolua_gslua_Enemy_set_bullet_speed_y00);
      |                                              ^~~~~~~~~~~~~~~~~~~~~~~~~~~~~~~~~~~~~~
      |                                              |
      |                                              int (*)(lua_State*)
src/tolua.h:48:65: note:   initializing argument 3 of ‘void tolua_function(lua_State*, const char*, void*)’
   48 | void tolua_function(lua_State* tolua_S, const char* name, void* func);
      |                                                           ~~~~~~^~~~
src/gslua.cpp:27523:46: warning: invalid conversion from ‘int (*)(lua_State*)’ to ‘void*’ [-fpermissive]
27523 |  tolua_function(tolua_S,"get_bullet_speed_y",tolua_gslua_Enemy_get_bullet_speed_y00);
      |                                              ^~~~~~~~~~~~~~~~~~~~~~~~~~~~~~~~~~~~~~
      |                                              |
      |                                              int (*)(lua_State*)
src/tolua.h:48:65: note:   initializing argument 3 of ‘void tolua_function(lua_State*, const char*, void*)’
   48 | void tolua_function(lua_State* tolua_S, const char* name, void* func);
      |                                                           ~~~~~~^~~~
src/gslua.cpp:27524:43: warning: invalid conversion from ‘int (*)(lua_State*)’ to ‘void*’ [-fpermissive]
27524 |  tolua_function(tolua_S,"set_bullet_freq",tolua_gslua_Enemy_set_bullet_freq00);
      |                                           ^~~~~~~~~~~~~~~~~~~~~~~~~~~~~~~~~~~
      |                                           |
      |                                           int (*)(lua_State*)
src/tolua.h:48:65: note:   initializing argument 3 of ‘void tolua_function(lua_State*, const char*, void*)’
   48 | void tolua_function(lua_State* tolua_S, const char* name, void* func);
      |                                                           ~~~~~~^~~~
src/gslua.cpp:27525:43: warning: invalid conversion from ‘int (*)(lua_State*)’ to ‘void*’ [-fpermissive]
27525 |  tolua_function(tolua_S,"get_bullet_freq",tolua_gslua_Enemy_get_bullet_freq00);
      |                                           ^~~~~~~~~~~~~~~~~~~~~~~~~~~~~~~~~~~
      |                                           |
      |                                           int (*)(lua_State*)
src/tolua.h:48:65: note:   initializing argument 3 of ‘void tolua_function(lua_State*, const char*, void*)’
   48 | void tolua_function(lua_State* tolua_S, const char* name, void* func);
      |                                                           ~~~~~~^~~~
src/gslua.cpp:27526:47: warning: invalid conversion from ‘int (*)(lua_State*)’ to ‘void*’ [-fpermissive]
27526 |  tolua_function(tolua_S,"set_bullet_strength",tolua_gslua_Enemy_set_bullet_strength00);
      |                                               ^~~~~~~~~~~~~~~~~~~~~~~~~~~~~~~~~~~~~~~
      |                                               |
      |                                               int (*)(lua_State*)
src/tolua.h:48:65: note:   initializing argument 3 of ‘void tolua_function(lua_State*, const char*, void*)’
   48 | void tolua_function(lua_State* tolua_S, const char* name, void* func);
      |                                                           ~~~~~~^~~~
src/gslua.cpp:27527:47: warning: invalid conversion from ‘int (*)(lua_State*)’ to ‘void*’ [-fpermissive]
27527 |  tolua_function(tolua_S,"get_bullet_strength",tolua_gslua_Enemy_get_bullet_strength00);
      |                                               ^~~~~~~~~~~~~~~~~~~~~~~~~~~~~~~~~~~~~~~
      |                                               |
      |                                               int (*)(lua_State*)
src/tolua.h:48:65: note:   initializing argument 3 of ‘void tolua_function(lua_State*, const char*, void*)’
   48 | void tolua_function(lua_State* tolua_S, const char* name, void* func);
      |                                                           ~~~~~~^~~~
src/gslua.cpp:27528:48: warning: invalid conversion from ‘int (*)(lua_State*)’ to ‘void*’ [-fpermissive]
27528 |  tolua_function(tolua_S,"set_bullet_hull_hitp",tolua_gslua_Enemy_set_bullet_hull_hitp00);
      |                                                ^~~~~~~~~~~~~~~~~~~~~~~~~~~~~~~~~~~~~~~~
      |                                                |
      |                                                int (*)(lua_State*)
src/tolua.h:48:65: note:   initializing argument 3 of ‘void tolua_function(lua_State*, const char*, void*)’
   48 | void tolua_function(lua_State* tolua_S, const char* name, void* func);
      |                                                           ~~~~~~^~~~
src/gslua.cpp:27529:48: warning: invalid conversion from ‘int (*)(lua_State*)’ to ‘void*’ [-fpermissive]
27529 |  tolua_function(tolua_S,"get_bullet_hull_hitp",tolua_gslua_Enemy_get_bullet_hull_hitp00);
      |                                                ^~~~~~~~~~~~~~~~~~~~~~~~~~~~~~~~~~~~~~~~
      |                                                |
      |                                                int (*)(lua_State*)
src/tolua.h:48:65: note:   initializing argument 3 of ‘void tolua_function(lua_State*, const char*, void*)’
   48 | void tolua_function(lua_State* tolua_S, const char* name, void* func);
      |                                                           ~~~~~~^~~~
src/gslua.cpp:27530:50: warning: invalid conversion from ‘int (*)(lua_State*)’ to ‘void*’ [-fpermissive]
27530 |  tolua_function(tolua_S,"set_bullet_shield_hitp",tolua_gslua_Enemy_set_bullet_shield_hitp00);
      |                                                  ^~~~~~~~~~~~~~~~~~~~~~~~~~~~~~~~~~~~~~~~~~
      |                                                  |
      |                                                  int (*)(lua_State*)
src/tolua.h:48:65: note:   initializing argument 3 of ‘void tolua_function(lua_State*, const char*, void*)’
   48 | void tolua_function(lua_State* tolua_S, const char* name, void* func);
      |                                                           ~~~~~~^~~~
src/gslua.cpp:27531:50: warning: invalid conversion from ‘int (*)(lua_State*)’ to ‘void*’ [-fpermissive]
27531 |  tolua_function(tolua_S,"get_bullet_shield_hitp",tolua_gslua_Enemy_get_bullet_shield_hitp00);
      |                                                  ^~~~~~~~~~~~~~~~~~~~~~~~~~~~~~~~~~~~~~~~~~
      |                                                  |
      |                                                  int (*)(lua_State*)
src/tolua.h:48:65: note:   initializing argument 3 of ‘void tolua_function(lua_State*, const char*, void*)’
   48 | void tolua_function(lua_State* tolua_S, const char* name, void* func);
      |                                                           ~~~~~~^~~~
src/gslua.cpp:27532:43: warning: invalid conversion from ‘int (*)(lua_State*)’ to ‘void*’ [-fpermissive]
27532 |  tolua_function(tolua_S,"set_bullet_type",tolua_gslua_Enemy_set_bullet_type00);
      |                                           ^~~~~~~~~~~~~~~~~~~~~~~~~~~~~~~~~~~
      |                                           |
      |                                           int (*)(lua_State*)
src/tolua.h:48:65: note:   initializing argument 3 of ‘void tolua_function(lua_State*, const char*, void*)’
   48 | void tolua_function(lua_State* tolua_S, const char* name, void* func);
      |                                                           ~~~~~~^~~~
src/gslua.cpp:27533:43: warning: invalid conversion from ‘int (*)(lua_State*)’ to ‘void*’ [-fpermissive]
27533 |  tolua_function(tolua_S,"get_bullet_type",tolua_gslua_Enemy_get_bullet_type00);
      |                                           ^~~~~~~~~~~~~~~~~~~~~~~~~~~~~~~~~~~
      |                                           |
      |                                           int (*)(lua_State*)
src/tolua.h:48:65: note:   initializing argument 3 of ‘void tolua_function(lua_State*, const char*, void*)’
   48 | void tolua_function(lua_State* tolua_S, const char* name, void* func);
      |                                                           ~~~~~~^~~~
src/gslua.cpp:27534:38: warning: invalid conversion from ‘int (*)(lua_State*)’ to ‘void*’ [-fpermissive]
27534 |  tolua_function(tolua_S,"get_active",tolua_gslua_Enemy_get_active00);
      |                                      ^~~~~~~~~~~~~~~~~~~~~~~~~~~~~~
      |                                      |
      |                                      int (*)(lua_State*)
src/tolua.h:48:65: note:   initializing argument 3 of ‘void tolua_function(lua_State*, const char*, void*)’
   48 | void tolua_function(lua_State* tolua_S, const char* name, void* func);
      |                                                           ~~~~~~^~~~
src/gslua.cpp:27535:38: warning: invalid conversion from ‘int (*)(lua_State*)’ to ‘void*’ [-fpermissive]
27535 |  tolua_function(tolua_S,"set_active",tolua_gslua_Enemy_set_active00);
      |                                      ^~~~~~~~~~~~~~~~~~~~~~~~~~~~~~
      |                                      |
      |                                      int (*)(lua_State*)
src/tolua.h:48:65: note:   initializing argument 3 of ‘void tolua_function(lua_State*, const char*, void*)’
   48 | void tolua_function(lua_State* tolua_S, const char* name, void* func);
      |                                                           ~~~~~~^~~~
src/gslua.cpp:27536:45: warning: invalid conversion from ‘int (*)(lua_State*)’ to ‘void*’ [-fpermissive]
27536 |  tolua_function(tolua_S,"get_teleport_time",tolua_gslua_Enemy_get_teleport_time00);
      |                                             ^~~~~~~~~~~~~~~~~~~~~~~~~~~~~~~~~~~~~
      |                                             |
      |                                             int (*)(lua_State*)
src/tolua.h:48:65: note:   initializing argument 3 of ‘void tolua_function(lua_State*, const char*, void*)’
   48 | void tolua_function(lua_State* tolua_S, const char* name, void* func);
      |                                                           ~~~~~~^~~~
src/gslua.cpp:27537:45: warning: invalid conversion from ‘int (*)(lua_State*)’ to ‘void*’ [-fpermissive]
27537 |  tolua_function(tolua_S,"set_teleport_time",tolua_gslua_Enemy_set_teleport_time00);
      |                                             ^~~~~~~~~~~~~~~~~~~~~~~~~~~~~~~~~~~~~
      |                                             |
      |                                             int (*)(lua_State*)
src/tolua.h:48:65: note:   initializing argument 3 of ‘void tolua_function(lua_State*, const char*, void*)’
   48 | void tolua_function(lua_State* tolua_S, const char* name, void* func);
      |                                                           ~~~~~~^~~~
src/gslua.cpp:27538:41: warning: invalid conversion from ‘int (*)(lua_State*)’ to ‘void*’ [-fpermissive]
27538 |  tolua_function(tolua_S,"set_invisible",tolua_gslua_Enemy_set_invisible00);
      |                                         ^~~~~~~~~~~~~~~~~~~~~~~~~~~~~~~~~
      |                                         |
      |                                         int (*)(lua_State*)
src/tolua.h:48:65: note:   initializing argument 3 of ‘void tolua_function(lua_State*, const char*, void*)’
   48 | void tolua_function(lua_State* tolua_S, const char* name, void* func);
      |                                                           ~~~~~~^~~~
src/gslua.cpp:27539:41: warning: invalid conversion from ‘int (*)(lua_State*)’ to ‘void*’ [-fpermissive]
27539 |  tolua_function(tolua_S,"get_invisible",tolua_gslua_Enemy_get_invisible00);
      |                                         ^~~~~~~~~~~~~~~~~~~~~~~~~~~~~~~~~
      |                                         |
      |                                         int (*)(lua_State*)
src/tolua.h:48:65: note:   initializing argument 3 of ‘void tolua_function(lua_State*, const char*, void*)’
   48 | void tolua_function(lua_State* tolua_S, const char* name, void* func);
      |                                                           ~~~~~~^~~~
src/gslua.cpp:27540:39: warning: invalid conversion from ‘int (*)(lua_State*)’ to ‘void*’ [-fpermissive]
27540 |  tolua_function(tolua_S,"get_freezed",tolua_gslua_Enemy_get_freezed00);
      |                                       ^~~~~~~~~~~~~~~~~~~~~~~~~~~~~~~
      |                                       |
      |                                       int (*)(lua_State*)
src/tolua.h:48:65: note:   initializing argument 3 of ‘void tolua_function(lua_State*, const char*, void*)’
   48 | void tolua_function(lua_State* tolua_S, const char* name, void* func);
      |                                                           ~~~~~~^~~~
src/gslua.cpp:27541:40: warning: invalid conversion from ‘int (*)(lua_State*)’ to ‘void*’ [-fpermissive]
27541 |  tolua_function(tolua_S,"get_shrinked",tolua_gslua_Enemy_get_shrinked00);
      |                                        ^~~~~~~~~~~~~~~~~~~~~~~~~~~~~~~~
      |                                        |
      |                                        int (*)(lua_State*)
src/tolua.h:48:65: note:   initializing argument 3 of ‘void tolua_function(lua_State*, const char*, void*)’
   48 | void tolua_function(lua_State* tolua_S, const char* name, void* func);
      |                                                           ~~~~~~^~~~
src/gslua.cpp:27542:39: warning: invalid conversion from ‘int (*)(lua_State*)’ to ‘void*’ [-fpermissive]
27542 |  tolua_function(tolua_S,"set_freezed",tolua_gslua_Enemy_set_freezed00);
      |                                       ^~~~~~~~~~~~~~~~~~~~~~~~~~~~~~~
      |                                       |
      |                                       int (*)(lua_State*)
src/tolua.h:48:65: note:   initializing argument 3 of ‘void tolua_function(lua_State*, const char*, void*)’
   48 | void tolua_function(lua_State* tolua_S, const char* name, void* func);
      |                                                           ~~~~~~^~~~
src/gslua.cpp:27543:40: warning: invalid conversion from ‘int (*)(lua_State*)’ to ‘void*’ [-fpermissive]
27543 |  tolua_function(tolua_S,"set_shrinked",tolua_gslua_Enemy_set_shrinked00);
      |                                        ^~~~~~~~~~~~~~~~~~~~~~~~~~~~~~~~
      |                                        |
      |                                        int (*)(lua_State*)
src/tolua.h:48:65: note:   initializing argument 3 of ‘void tolua_function(lua_State*, const char*, void*)’
   48 | void tolua_function(lua_State* tolua_S, const char* name, void* func);
      |                                                           ~~~~~~^~~~
src/gslua.cpp:27544:41: warning: invalid conversion from ‘int (*)(lua_State*)’ to ‘void*’ [-fpermissive]
27544 |  tolua_function(tolua_S,"set_maxshrink",tolua_gslua_Enemy_set_maxshrink00);
      |                                         ^~~~~~~~~~~~~~~~~~~~~~~~~~~~~~~~~
      |                                         |
      |                                         int (*)(lua_State*)
src/tolua.h:48:65: note:   initializing argument 3 of ‘void tolua_function(lua_State*, const char*, void*)’
   48 | void tolua_function(lua_State* tolua_S, const char* name, void* func);
      |                                                           ~~~~~~^~~~
src/gslua.cpp:27545:41: warning: invalid conversion from ‘int (*)(lua_State*)’ to ‘void*’ [-fpermissive]
27545 |  tolua_function(tolua_S,"get_maxshrink",tolua_gslua_Enemy_get_maxshrink00);
      |                                         ^~~~~~~~~~~~~~~~~~~~~~~~~~~~~~~~~
      |                                         |
      |                                         int (*)(lua_State*)
src/tolua.h:48:65: note:   initializing argument 3 of ‘void tolua_function(lua_State*, const char*, void*)’
   48 | void tolua_function(lua_State* tolua_S, const char* name, void* func);
      |                                                           ~~~~~~^~~~
src/gslua.cpp:27546:45: warning: invalid conversion from ‘int (*)(lua_State*)’ to ‘void*’ [-fpermissive]
27546 |  tolua_function(tolua_S,"set_dont_continue",tolua_gslua_Enemy_set_dont_continue00);
      |                                             ^~~~~~~~~~~~~~~~~~~~~~~~~~~~~~~~~~~~~
      |                                             |
      |                                             int (*)(lua_State*)
src/tolua.h:48:65: note:   initializing argument 3 of ‘void tolua_function(lua_State*, const char*, void*)’
   48 | void tolua_function(lua_State* tolua_S, const char* name, void* func);
      |                                                           ~~~~~~^~~~
src/gslua.cpp:27547:40: warning: invalid conversion from ‘int (*)(lua_State*)’ to ‘void*’ [-fpermissive]
27547 |  tolua_function(tolua_S,"get_do_hooks",tolua_gslua_Enemy_get_do_hooks00);
      |                                        ^~~~~~~~~~~~~~~~~~~~~~~~~~~~~~~~
      |                                        |
      |                                        int (*)(lua_State*)
src/tolua.h:48:65: note:   initializing argument 3 of ‘void tolua_function(lua_State*, const char*, void*)’
   48 | void tolua_function(lua_State* tolua_S, const char* name, void* func);
      |                                                           ~~~~~~^~~~
src/gslua.cpp:27548:40: warning: invalid conversion from ‘int (*)(lua_State*)’ to ‘void*’ [-fpermissive]
27548 |  tolua_function(tolua_S,"set_do_hooks",tolua_gslua_Enemy_set_do_hooks00);
      |                                        ^~~~~~~~~~~~~~~~~~~~~~~~~~~~~~~~
      |                                        |
      |                                        int (*)(lua_State*)
src/tolua.h:48:65: note:   initializing argument 3 of ‘void tolua_function(lua_State*, const char*, void*)’
   48 | void tolua_function(lua_State* tolua_S, const char* name, void* func);
      |                                                           ~~~~~~^~~~
src/gslua.cpp:27549:46: warning: invalid conversion from ‘int (*)(lua_State*)’ to ‘void*’ [-fpermissive]
27549 |  tolua_function(tolua_S,"get_current_sprite",tolua_gslua_Enemy_get_current_sprite00);
      |                                              ^~~~~~~~~~~~~~~~~~~~~~~~~~~~~~~~~~~~~~
      |                                              |
      |                                              int (*)(lua_State*)
src/tolua.h:48:65: note:   initializing argument 3 of ‘void tolua_function(lua_State*, const char*, void*)’
   48 | void tolua_function(lua_State* tolua_S, const char* name, void* func);
      |                                                           ~~~~~~^~~~
src/gslua.cpp:27550:34: warning: invalid conversion from ‘int (*)(lua_State*)’ to ‘void*’ [-fpermissive]
27550 |  tolua_function(tolua_S,"remove",tolua_gslua_Enemy_remove00);
      |                                  ^~~~~~~~~~~~~~~~~~~~~~~~~~
      |                                  |
      |                                  int (*)(lua_State*)
src/tolua.h:48:65: note:   initializing argument 3 of ‘void tolua_function(lua_State*, const char*, void*)’
   48 | void tolua_function(lua_State* tolua_S, const char* name, void* func);
      |                                                           ~~~~~~^~~~
src/gslua.cpp:27551:38: warning: invalid conversion from ‘int (*)(lua_State*)’ to ‘void*’ [-fpermissive]
27551 |  tolua_function(tolua_S,"get_remove",tolua_gslua_Enemy_get_remove00);
      |                                      ^~~~~~~~~~~~~~~~~~~~~~~~~~~~~~
      |                                      |
      |                                      int (*)(lua_State*)
src/tolua.h:48:65: note:   initializing argument 3 of ‘void tolua_function(lua_State*, const char*, void*)’
   48 | void tolua_function(lua_State* tolua_S, const char* name, void* func);
      |                                                           ~~~~~~^~~~
src/gslua.cpp:27552:40: warning: invalid conversion from ‘int (*)(lua_State*)’ to ‘void*’ [-fpermissive]
27552 |  tolua_function(tolua_S,"set_user_int",tolua_gslua_Enemy_set_user_int00);
      |                                        ^~~~~~~~~~~~~~~~~~~~~~~~~~~~~~~~
      |                                        |
      |                                        int (*)(lua_State*)
src/tolua.h:48:65: note:   initializing argument 3 of ‘void tolua_function(lua_State*, const char*, void*)’
   48 | void tolua_function(lua_State* tolua_S, const char* name, void* func);
      |                                                           ~~~~~~^~~~
src/gslua.cpp:27553:42: warning: invalid conversion from ‘int (*)(lua_State*)’ to ‘void*’ [-fpermissive]
27553 |  tolua_function(tolua_S,"set_user_float",tolua_gslua_Enemy_set_user_float00);
      |                                          ^~~~~~~~~~~~~~~~~~~~~~~~~~~~~~~~~~
      |                                          |
      |                                          int (*)(lua_State*)
src/tolua.h:48:65: note:   initializing argument 3 of ‘void tolua_function(lua_State*, const char*, void*)’
   48 | void tolua_function(lua_State* tolua_S, const char* name, void* func);
      |                                                           ~~~~~~^~~~
src/gslua.cpp:27554:40: warning: invalid conversion from ‘int (*)(lua_State*)’ to ‘void*’ [-fpermissive]
27554 |  tolua_function(tolua_S,"get_user_int",tolua_gslua_Enemy_get_user_int00);
      |                                        ^~~~~~~~~~~~~~~~~~~~~~~~~~~~~~~~
      |                                        |
      |                                        int (*)(lua_State*)
src/tolua.h:48:65: note:   initializing argument 3 of ‘void tolua_function(lua_State*, const char*, void*)’
   48 | void tolua_function(lua_State* tolua_S, const char* name, void* func);
      |                                                           ~~~~~~^~~~
src/gslua.cpp:27555:42: warning: invalid conversion from ‘int (*)(lua_State*)’ to ‘void*’ [-fpermissive]
27555 |  tolua_function(tolua_S,"get_user_float",tolua_gslua_Enemy_get_user_float00);
      |                                          ^~~~~~~~~~~~~~~~~~~~~~~~~~~~~~~~~~
      |                                          |
      |                                          int (*)(lua_State*)
src/tolua.h:48:65: note:   initializing argument 3 of ‘void tolua_function(lua_State*, const char*, void*)’
   48 | void tolua_function(lua_State* tolua_S, const char* name, void* func);
      |                                                           ~~~~~~^~~~
src/gslua.cpp:27556:37: warning: invalid conversion from ‘int (*)(lua_State*)’ to ‘void*’ [-fpermissive]
27556 |  tolua_function(tolua_S,"find_path",tolua_gslua_Enemy_find_path00);
      |                                     ^~~~~~~~~~~~~~~~~~~~~~~~~~~~~
      |                                     |
      |                                     int (*)(lua_State*)
src/tolua.h:48:65: note:   initializing argument 3 of ‘void tolua_function(lua_State*, const char*, void*)’
   48 | void tolua_function(lua_State* tolua_S, const char* name, void* func);
      |                                                           ~~~~~~^~~~
src/gslua.cpp:27557:31: warning: invalid conversion from ‘int (*)(lua_State*)’ to ‘void*’ [-fpermissive]
27557 |  tolua_function(tolua_S,"hit",tolua_gslua_Enemy_hit00);
      |                               ^~~~~~~~~~~~~~~~~~~~~~~
      |                               |
      |                               int (*)(lua_State*)
src/tolua.h:48:65: note:   initializing argument 3 of ‘void tolua_function(lua_State*, const char*, void*)’
   48 | void tolua_function(lua_State* tolua_S, const char* name, void* func);
      |                                                           ~~~~~~^~~~
src/gslua.cpp:27558:33: warning: invalid conversion from ‘int (*)(lua_State*)’ to ‘void*’ [-fpermissive]
27558 |  tolua_function(tolua_S,"shoot",tolua_gslua_Enemy_shoot00);
      |                                 ^~~~~~~~~~~~~~~~~~~~~~~~~
      |                                 |
      |                                 int (*)(lua_State*)
src/tolua.h:48:65: note:   initializing argument 3 of ‘void tolua_function(lua_State*, const char*, void*)’
   48 | void tolua_function(lua_State* tolua_S, const char* name, void* func);
      |                                                           ~~~~~~^~~~
src/gslua.cpp:27559:32: warning: invalid conversion from ‘int (*)(lua_State*)’ to ‘void*’ [-fpermissive]
27559 |  tolua_function(tolua_S,"move",tolua_gslua_Enemy_move00);
      |                                ^~~~~~~~~~~~~~~~~~~~~~~~
      |                                |
      |                                int (*)(lua_State*)
src/tolua.h:48:65: note:   initializing argument 3 of ‘void tolua_function(lua_State*, const char*, void*)’
   48 | void tolua_function(lua_State* tolua_S, const char* name, void* func);
      |                                                           ~~~~~~^~~~
src/gslua.cpp:27560:34: warning: invalid conversion from ‘int (*)(lua_State*)’ to ‘void*’ [-fpermissive]
27560 |  tolua_function(tolua_S,"update",tolua_gslua_Enemy_update00);
      |                                  ^~~~~~~~~~~~~~~~~~~~~~~~~~
      |                                  |
      |                                  int (*)(lua_State*)
src/tolua.h:48:65: note:   initializing argument 3 of ‘void tolua_function(lua_State*, const char*, void*)’
   48 | void tolua_function(lua_State* tolua_S, const char* name, void* func);
      |                                                           ~~~~~~^~~~
src/gslua.cpp:27561:32: warning: invalid conversion from ‘int (*)(lua_State*)’ to ‘void*’ [-fpermissive]
27561 |  tolua_function(tolua_S,"draw",tolua_gslua_Enemy_draw00);
      |                                ^~~~~~~~~~~~~~~~~~~~~~~~
      |                                |
      |                                int (*)(lua_State*)
src/tolua.h:48:65: note:   initializing argument 3 of ‘void tolua_function(lua_State*, const char*, void*)’
   48 | void tolua_function(lua_State* tolua_S, const char* name, void* func);
      |                                                           ~~~~~~^~~~
src/gslua.cpp:27562:32: warning: invalid conversion from ‘int (*)(lua_State*)’ to ‘void*’ [-fpermissive]
27562 |  tolua_function(tolua_S,"dead",tolua_gslua_Enemy_dead00);
      |                                ^~~~~~~~~~~~~~~~~~~~~~~~
      |                                |
      |                                int (*)(lua_State*)
src/tolua.h:48:65: note:   initializing argument 3 of ‘void tolua_function(lua_State*, const char*, void*)’
   48 | void tolua_function(lua_State* tolua_S, const char* name, void* func);
      |                                                           ~~~~~~^~~~
src/gslua.cpp:27566:37: warning: invalid conversion from ‘int (*)(lua_State*)’ to ‘void*’ [-fpermissive]
27566 |  tolua_function(tolua_S,"get_count",tolua_gslua_gsEnemy_get_count00);
      |                                     ^~~~~~~~~~~~~~~~~~~~~~~~~~~~~~~
      |                                     |
      |                                     int (*)(lua_State*)
src/tolua.h:48:65: note:   initializing argument 3 of ‘void tolua_function(lua_State*, const char*, void*)’
   48 | void tolua_function(lua_State* tolua_S, const char* name, void* func);
      |                                                           ~~~~~~^~~~
src/gslua.cpp:27567:43: warning: invalid conversion from ‘int (*)(lua_State*)’ to ‘void*’ [-fpermissive]
27567 |  tolua_function(tolua_S,"get_first_enemy",tolua_gslua_gsEnemy_get_first_enemy00);
      |                                           ^~~~~~~~~~~~~~~~~~~~~~~~~~~~~~~~~~~~~
      |                                           |
      |                                           int (*)(lua_State*)
src/tolua.h:48:65: note:   initializing argument 3 of ‘void tolua_function(lua_State*, const char*, void*)’
   48 | void tolua_function(lua_State* tolua_S, const char* name, void* func);
      |                                                           ~~~~~~^~~~
src/gslua.cpp:27568:37: warning: invalid conversion from ‘int (*)(lua_State*)’ to ‘void*’ [-fpermissive]
27568 |  tolua_function(tolua_S,"get_enemy",tolua_gslua_gsEnemy_get_enemy00);
      |                                     ^~~~~~~~~~~~~~~~~~~~~~~~~~~~~~~
      |                                     |
      |                                     int (*)(lua_State*)
src/tolua.h:48:65: note:   initializing argument 3 of ‘void tolua_function(lua_State*, const char*, void*)’
   48 | void tolua_function(lua_State* tolua_S, const char* name, void* func);
      |                                                           ~~~~~~^~~~
src/gslua.cpp:27569:31: warning: invalid conversion from ‘int (*)(lua_State*)’ to ‘void*’ [-fpermissive]
27569 |  tolua_function(tolua_S,"add",tolua_gslua_gsEnemy_add00);
      |                               ^~~~~~~~~~~~~~~~~~~~~~~~~
      |                               |
      |                               int (*)(lua_State*)
src/tolua.h:48:65: note:   initializing argument 3 of ‘void tolua_function(lua_State*, const char*, void*)’
   48 | void tolua_function(lua_State* tolua_S, const char* name, void* func);
      |                                                           ~~~~~~^~~~
src/gslua.cpp:27570:34: warning: invalid conversion from ‘int (*)(lua_State*)’ to ‘void*’ [-fpermissive]
27570 |  tolua_function(tolua_S,"remove",tolua_gslua_gsEnemy_remove_for_script00);
      |                                  ^~~~~~~~~~~~~~~~~~~~~~~~~~~~~~~~~~~~~~~
      |                                  |
      |                                  int (*)(lua_State*)
src/tolua.h:48:65: note:   initializing argument 3 of ‘void tolua_function(lua_State*, const char*, void*)’
   48 | void tolua_function(lua_State* tolua_S, const char* name, void* func);
      |                                                           ~~~~~~^~~~
src/gslua.cpp:27577:36: warning: invalid conversion from ‘int (*)(lua_State*)’ to ‘void*’ [-fpermissive]
27577 |  tolua_function(tolua_S,"get_kill",tolua_gslua_Frame_get_kill00);
      |                                    ^~~~~~~~~~~~~~~~~~~~~~~~~~~~
      |                                    |
      |                                    int (*)(lua_State*)
src/tolua.h:48:65: note:   initializing argument 3 of ‘void tolua_function(lua_State*, const char*, void*)’
   48 | void tolua_function(lua_State* tolua_S, const char* name, void* func);
      |                                                           ~~~~~~^~~~
src/gslua.cpp:27578:33: warning: invalid conversion from ‘int (*)(lua_State*)’ to ‘void*’ [-fpermissive]
27578 |  tolua_function(tolua_S,"get_w",tolua_gslua_Frame_get_w00);
      |                                 ^~~~~~~~~~~~~~~~~~~~~~~~~
      |                                 |
      |                                 int (*)(lua_State*)
src/tolua.h:48:65: note:   initializing argument 3 of ‘void tolua_function(lua_State*, const char*, void*)’
   48 | void tolua_function(lua_State* tolua_S, const char* name, void* func);
      |                                                           ~~~~~~^~~~
src/gslua.cpp:27579:33: warning: invalid conversion from ‘int (*)(lua_State*)’ to ‘void*’ [-fpermissive]
27579 |  tolua_function(tolua_S,"get_h",tolua_gslua_Frame_get_h00);
      |                                 ^~~~~~~~~~~~~~~~~~~~~~~~~
      |                                 |
      |                                 int (*)(lua_State*)
src/tolua.h:48:65: note:   initializing argument 3 of ‘void tolua_function(lua_State*, const char*, void*)’
   48 | void tolua_function(lua_State* tolua_S, const char* name, void* func);
      |                                                           ~~~~~~^~~~
src/gslua.cpp:27580:40: warning: invalid conversion from ‘int (*)(lua_State*)’ to ‘void*’ [-fpermissive]
27580 |  tolua_function(tolua_S,"get_disptime",tolua_gslua_Frame_get_disptime00);
      |                                        ^~~~~~~~~~~~~~~~~~~~~~~~~~~~~~~~
      |                                        |
      |                                        int (*)(lua_State*)
src/tolua.h:48:65: note:   initializing argument 3 of ‘void tolua_function(lua_State*, const char*, void*)’
   48 | void tolua_function(lua_State* tolua_S, const char* name, void* func);
      |                                                           ~~~~~~^~~~
src/gslua.cpp:27581:40: warning: invalid conversion from ‘int (*)(lua_State*)’ to ‘void*’ [-fpermissive]
27581 |  tolua_function(tolua_S,"set_disptime",tolua_gslua_Frame_set_disptime00);
      |                                        ^~~~~~~~~~~~~~~~~~~~~~~~~~~~~~~~
      |                                        |
      |                                        int (*)(lua_State*)
src/tolua.h:48:65: note:   initializing argument 3 of ‘void tolua_function(lua_State*, const char*, void*)’
   48 | void tolua_function(lua_State* tolua_S, const char* name, void* func);
      |                                                           ~~~~~~^~~~
src/gslua.cpp:27582:36: warning: invalid conversion from ‘int (*)(lua_State*)’ to ‘void*’ [-fpermissive]
27582 |  tolua_function(tolua_S,"get_type",tolua_gslua_Frame_get_type00);
      |                                    ^~~~~~~~~~~~~~~~~~~~~~~~~~~~
      |                                    |
      |                                    int (*)(lua_State*)
src/tolua.h:48:65: note:   initializing argument 3 of ‘void tolua_function(lua_State*, const char*, void*)’
   48 | void tolua_function(lua_State* tolua_S, const char* name, void* func);
      |                                                           ~~~~~~^~~~
src/gslua.cpp:27583:36: warning: invalid conversion from ‘int (*)(lua_State*)’ to ‘void*’ [-fpermissive]
27583 |  tolua_function(tolua_S,"get_data",tolua_gslua_Frame_get_data00);
      |                                    ^~~~~~~~~~~~~~~~~~~~~~~~~~~~
      |                                    |
      |                                    int (*)(lua_State*)
src/tolua.h:48:65: note:   initializing argument 3 of ‘void tolua_function(lua_State*, const char*, void*)’
   48 | void tolua_function(lua_State* tolua_S, const char* name, void* func);
      |                                                           ~~~~~~^~~~
src/gslua.cpp:27587:42: warning: invalid conversion from ‘int (*)(lua_State*)’ to ‘void*’ [-fpermissive]
27587 |  tolua_function(tolua_S,"get_framecount",tolua_gslua_Image_get_framecount00);
      |                                          ^~~~~~~~~~~~~~~~~~~~~~~~~~~~~~~~~~
      |                                          |
      |                                          int (*)(lua_State*)
src/tolua.h:48:65: note:   initializing argument 3 of ‘void tolua_function(lua_State*, const char*, void*)’
   48 | void tolua_function(lua_State* tolua_S, const char* name, void* func);
      |                                                           ~~~~~~^~~~
src/gslua.cpp:27588:36: warning: invalid conversion from ‘int (*)(lua_State*)’ to ‘void*’ [-fpermissive]
27588 |  tolua_function(tolua_S,"get_prev",tolua_gslua_Image_get_prev00);
      |                                    ^~~~~~~~~~~~~~~~~~~~~~~~~~~~
      |                                    |
      |                                    int (*)(lua_State*)
src/tolua.h:48:65: note:   initializing argument 3 of ‘void tolua_function(lua_State*, const char*, void*)’
   48 | void tolua_function(lua_State* tolua_S, const char* name, void* func);
      |                                                           ~~~~~~^~~~
src/gslua.cpp:27589:36: warning: invalid conversion from ‘int (*)(lua_State*)’ to ‘void*’ [-fpermissive]
27589 |  tolua_function(tolua_S,"get_next",tolua_gslua_Image_get_next00);
      |                                    ^~~~~~~~~~~~~~~~~~~~~~~~~~~~
      |                                    |
      |                                    int (*)(lua_State*)
src/tolua.h:48:65: note:   initializing argument 3 of ‘void tolua_function(lua_State*, const char*, void*)’
   48 | void tolua_function(lua_State* tolua_S, const char* name, void* func);
      |                                                           ~~~~~~^~~~
src/gslua.cpp:27590:36: warning: invalid conversion from ‘int (*)(lua_State*)’ to ‘void*’ [-fpermissive]
27590 |  tolua_function(tolua_S,"set_next",tolua_gslua_Image_set_next00);
      |                                    ^~~~~~~~~~~~~~~~~~~~~~~~~~~~
      |                                    |
      |                                    int (*)(lua_State*)
src/tolua.h:48:65: note:   initializing argument 3 of ‘void tolua_function(lua_State*, const char*, void*)’
   48 | void tolua_function(lua_State* tolua_S, const char* name, void* func);
      |                                                           ~~~~~~^~~~
src/gslua.cpp:27591:36: warning: invalid conversion from ‘int (*)(lua_State*)’ to ‘void*’ [-fpermissive]
27591 |  tolua_function(tolua_S,"set_prev",tolua_gslua_Image_set_prev00);
      |                                    ^~~~~~~~~~~~~~~~~~~~~~~~~~~~
      |                                    |
      |                                    int (*)(lua_State*)
src/tolua.h:48:65: note:   initializing argument 3 of ‘void tolua_function(lua_State*, const char*, void*)’
   48 | void tolua_function(lua_State* tolua_S, const char* name, void* func);
      |                                                           ~~~~~~^~~~
src/gslua.cpp:27592:35: warning: invalid conversion from ‘int (*)(lua_State*)’ to ‘void*’ [-fpermissive]
27592 |  tolua_function(tolua_S,"get_sig",tolua_gslua_Image_get_sig00);
      |                                   ^~~~~~~~~~~~~~~~~~~~~~~~~~~
      |                                   |
      |                                   int (*)(lua_State*)
src/tolua.h:48:65: note:   initializing argument 3 of ‘void tolua_function(lua_State*, const char*, void*)’
   48 | void tolua_function(lua_State* tolua_S, const char* name, void* func);
      |                                                           ~~~~~~^~~~
src/gslua.cpp:27593:41: warning: invalid conversion from ‘int (*)(lua_State*)’ to ‘void*’ [-fpermissive]
27593 |  tolua_function(tolua_S,"get_rle_frame",tolua_gslua_Image_get_rle_frame00);
      |                                         ^~~~~~~~~~~~~~~~~~~~~~~~~~~~~~~~~
      |                                         |
      |                                         int (*)(lua_State*)
src/tolua.h:48:65: note:   initializing argument 3 of ‘void tolua_function(lua_State*, const char*, void*)’
   48 | void tolua_function(lua_State* tolua_S, const char* name, void* func);
      |                                                           ~~~~~~^~~~
src/gslua.cpp:27597:37: warning: invalid conversion from ‘int (*)(lua_State*)’ to ‘void*’ [-fpermissive]
27597 |  tolua_function(tolua_S,"get_first",tolua_gslua_gsImage_get_first00);
      |                                     ^~~~~~~~~~~~~~~~~~~~~~~~~~~~~~~
      |                                     |
      |                                     int (*)(lua_State*)
src/tolua.h:48:65: note:   initializing argument 3 of ‘void tolua_function(lua_State*, const char*, void*)’
   48 | void tolua_function(lua_State* tolua_S, const char* name, void* func);
      |                                                           ~~~~~~^~~~
src/gslua.cpp:27598:36: warning: invalid conversion from ‘int (*)(lua_State*)’ to ‘void*’ [-fpermissive]
27598 |  tolua_function(tolua_S,"get_last",tolua_gslua_gsImage_get_last00);
      |                                    ^~~~~~~~~~~~~~~~~~~~~~~~~~~~~~
      |                                    |
      |                                    int (*)(lua_State*)
src/tolua.h:48:65: note:   initializing argument 3 of ‘void tolua_function(lua_State*, const char*, void*)’
   48 | void tolua_function(lua_State* tolua_S, const char* name, void* func);
      |                                                           ~~~~~~^~~~
src/gslua.cpp:27599:37: warning: invalid conversion from ‘int (*)(lua_State*)’ to ‘void*’ [-fpermissive]
27599 |  tolua_function(tolua_S,"get_count",tolua_gslua_gsImage_get_count00);
      |                                     ^~~~~~~~~~~~~~~~~~~~~~~~~~~~~~~
      |                                     |
      |                                     int (*)(lua_State*)
src/tolua.h:48:65: note:   initializing argument 3 of ‘void tolua_function(lua_State*, const char*, void*)’
   48 | void tolua_function(lua_State* tolua_S, const char* name, void* func);
      |                                                           ~~~~~~^~~~
src/gslua.cpp:27600:31: warning: invalid conversion from ‘int (*)(lua_State*)’ to ‘void*’ [-fpermissive]
27600 |  tolua_function(tolua_S,"add",tolua_gslua_gsImage_add00);
      |                               ^~~~~~~~~~~~~~~~~~~~~~~~~
      |                               |
      |                               int (*)(lua_State*)
src/tolua.h:48:65: note:   initializing argument 3 of ‘void tolua_function(lua_State*, const char*, void*)’
   48 | void tolua_function(lua_State* tolua_S, const char* name, void* func);
      |                                                           ~~~~~~^~~~
src/gslua.cpp:27601:32: warning: invalid conversion from ‘int (*)(lua_State*)’ to ‘void*’ [-fpermissive]
27601 |  tolua_function(tolua_S,"load",tolua_gslua_gsImage_load00);
      |                                ^~~~~~~~~~~~~~~~~~~~~~~~~~
      |                                |
      |                                int (*)(lua_State*)
src/tolua.h:48:65: note:   initializing argument 3 of ‘void tolua_function(lua_State*, const char*, void*)’
   48 | void tolua_function(lua_State* tolua_S, const char* name, void* func);
      |                                                           ~~~~~~^~~~
src/gslua.cpp:27602:34: warning: invalid conversion from ‘int (*)(lua_State*)’ to ‘void*’ [-fpermissive]
27602 |  tolua_function(tolua_S,"remove",tolua_gslua_gsImage_remove00);
      |                                  ^~~~~~~~~~~~~~~~~~~~~~~~~~~~
      |                                  |
      |                                  int (*)(lua_State*)
src/tolua.h:48:65: note:   initializing argument 3 of ‘void tolua_function(lua_State*, const char*, void*)’
   48 | void tolua_function(lua_State* tolua_S, const char* name, void* func);
      |                                                           ~~~~~~^~~~
src/gslua.cpp:27603:34: warning: invalid conversion from ‘int (*)(lua_State*)’ to ‘void*’ [-fpermissive]
27603 |  tolua_function(tolua_S,"remove",tolua_gslua_gsImage_remove01);
      |                                  ^~~~~~~~~~~~~~~~~~~~~~~~~~~~
      |                                  |
      |                                  int (*)(lua_State*)
src/tolua.h:48:65: note:   initializing argument 3 of ‘void tolua_function(lua_State*, const char*, void*)’
   48 | void tolua_function(lua_State* tolua_S, const char* name, void* func);
      |                                                           ~~~~~~^~~~
src/gslua.cpp:27604:37: warning: invalid conversion from ‘int (*)(lua_State*)’ to ‘void*’ [-fpermissive]
27604 |  tolua_function(tolua_S,"get_image",tolua_gslua_gsImage_get_image00);
      |                                     ^~~~~~~~~~~~~~~~~~~~~~~~~~~~~~~
      |                                     |
      |                                     int (*)(lua_State*)
src/tolua.h:48:65: note:   initializing argument 3 of ‘void tolua_function(lua_State*, const char*, void*)’
   48 | void tolua_function(lua_State* tolua_S, const char* name, void* func);
      |                                                           ~~~~~~^~~~
src/gslua.cpp:27610:37: warning: invalid conversion from ‘int (*)(lua_State*)’ to ‘void*’ [-fpermissive]
27610 |  tolua_function(tolua_S,"set_debug",tolua_gslua_gsPanel_set_debug00);
      |                                     ^~~~~~~~~~~~~~~~~~~~~~~~~~~~~~~
      |                                     |
      |                                     int (*)(lua_State*)
src/tolua.h:48:65: note:   initializing argument 3 of ‘void tolua_function(lua_State*, const char*, void*)’
   48 | void tolua_function(lua_State* tolua_S, const char* name, void* func);
      |                                                           ~~~~~~^~~~
src/gslua.cpp:27611:37: warning: invalid conversion from ‘int (*)(lua_State*)’ to ‘void*’ [-fpermissive]
27611 |  tolua_function(tolua_S,"get_debug",tolua_gslua_gsPanel_get_debug00);
      |                                     ^~~~~~~~~~~~~~~~~~~~~~~~~~~~~~~
      |                                     |
      |                                     int (*)(lua_State*)
src/tolua.h:48:65: note:   initializing argument 3 of ‘void tolua_function(lua_State*, const char*, void*)’
   48 | void tolua_function(lua_State* tolua_S, const char* name, void* func);
      |                                                           ~~~~~~^~~~
src/gslua.cpp:27612:38: warning: invalid conversion from ‘int (*)(lua_State*)’ to ‘void*’ [-fpermissive]
27612 |  tolua_function(tolua_S,"set_active",tolua_gslua_gsPanel_set_active00);
      |                                      ^~~~~~~~~~~~~~~~~~~~~~~~~~~~~~~~
      |                                      |
      |                                      int (*)(lua_State*)
src/tolua.h:48:65: note:   initializing argument 3 of ‘void tolua_function(lua_State*, const char*, void*)’
   48 | void tolua_function(lua_State* tolua_S, const char* name, void* func);
      |                                                           ~~~~~~^~~~
src/gslua.cpp:27613:38: warning: invalid conversion from ‘int (*)(lua_State*)’ to ‘void*’ [-fpermissive]
27613 |  tolua_function(tolua_S,"get_active",tolua_gslua_gsPanel_get_active00);
      |                                      ^~~~~~~~~~~~~~~~~~~~~~~~~~~~~~~~
      |                                      |
      |                                      int (*)(lua_State*)
src/tolua.h:48:65: note:   initializing argument 3 of ‘void tolua_function(lua_State*, const char*, void*)’
   48 | void tolua_function(lua_State* tolua_S, const char* name, void* func);
      |                                                           ~~~~~~^~~~
src/gslua.cpp:27614:42: warning: invalid conversion from ‘int (*)(lua_State*)’ to ‘void*’ [-fpermissive]
27614 |  tolua_function(tolua_S,"set_radar_zoom",tolua_gslua_gsPanel_set_radar_zoom00);
      |                                          ^~~~~~~~~~~~~~~~~~~~~~~~~~~~~~~~~~~~
      |                                          |
      |                                          int (*)(lua_State*)
src/tolua.h:48:65: note:   initializing argument 3 of ‘void tolua_function(lua_State*, const char*, void*)’
   48 | void tolua_function(lua_State* tolua_S, const char* name, void* func);
      |                                                           ~~~~~~^~~~
src/gslua.cpp:27615:42: warning: invalid conversion from ‘int (*)(lua_State*)’ to ‘void*’ [-fpermissive]
27615 |  tolua_function(tolua_S,"get_radar_zoom",tolua_gslua_gsPanel_get_radar_zoom00);
      |                                          ^~~~~~~~~~~~~~~~~~~~~~~~~~~~~~~~~~~~
      |                                          |
      |                                          int (*)(lua_State*)
src/tolua.h:48:65: note:   initializing argument 3 of ‘void tolua_function(lua_State*, const char*, void*)’
   48 | void tolua_function(lua_State* tolua_S, const char* name, void* func);
      |                                                           ~~~~~~^~~~
src/gslua.cpp:27616:38: warning: invalid conversion from ‘int (*)(lua_State*)’ to ‘void*’ [-fpermissive]
27616 |  tolua_function(tolua_S,"update_all",tolua_gslua_gsPanel_update_all00);
      |                                      ^~~~~~~~~~~~~~~~~~~~~~~~~~~~~~~~
      |                                      |
      |                                      int (*)(lua_State*)
src/tolua.h:48:65: note:   initializing argument 3 of ‘void tolua_function(lua_State*, const char*, void*)’
   48 | void tolua_function(lua_State* tolua_S, const char* name, void* func);
      |                                                           ~~~~~~^~~~
src/gslua.cpp:27617:40: warning: invalid conversion from ‘int (*)(lua_State*)’ to ‘void*’ [-fpermissive]
27617 |  tolua_function(tolua_S,"update_lifes",tolua_gslua_gsPanel_update_lifes00);
      |                                        ^~~~~~~~~~~~~~~~~~~~~~~~~~~~~~~~~~
      |                                        |
      |                                        int (*)(lua_State*)
src/tolua.h:48:65: note:   initializing argument 3 of ‘void tolua_function(lua_State*, const char*, void*)’
   48 | void tolua_function(lua_State* tolua_S, const char* name, void* func);
      |                                                           ~~~~~~^~~~
src/gslua.cpp:27618:42: warning: invalid conversion from ‘int (*)(lua_State*)’ to ‘void*’ [-fpermissive]
27618 |  tolua_function(tolua_S,"update_shields",tolua_gslua_gsPanel_update_shields00);
      |                                          ^~~~~~~~~~~~~~~~~~~~~~~~~~~~~~~~~~~~
      |                                          |
      |                                          int (*)(lua_State*)
src/tolua.h:48:65: note:   initializing argument 3 of ‘void tolua_function(lua_State*, const char*, void*)’
   48 | void tolua_function(lua_State* tolua_S, const char* name, void* func);
      |                                                           ~~~~~~^~~~
src/gslua.cpp:27619:42: warning: invalid conversion from ‘int (*)(lua_State*)’ to ‘void*’ [-fpermissive]
27619 |  tolua_function(tolua_S,"update_weapons",tolua_gslua_gsPanel_update_weapons00);
      |                                          ^~~~~~~~~~~~~~~~~~~~~~~~~~~~~~~~~~~~
      |                                          |
      |                                          int (*)(lua_State*)
src/tolua.h:48:65: note:   initializing argument 3 of ‘void tolua_function(lua_State*, const char*, void*)’
   48 | void tolua_function(lua_State* tolua_S, const char* name, void* func);
      |                                                           ~~~~~~^~~~
src/gslua.cpp:27620:42: warning: invalid conversion from ‘int (*)(lua_State*)’ to ‘void*’ [-fpermissive]
27620 |  tolua_function(tolua_S,"update_bullets",tolua_gslua_gsPanel_update_bullets00);
      |                                          ^~~~~~~~~~~~~~~~~~~~~~~~~~~~~~~~~~~~
      |                                          |
      |                                          int (*)(lua_State*)
src/tolua.h:48:65: note:   initializing argument 3 of ‘void tolua_function(lua_State*, const char*, void*)’
   48 | void tolua_function(lua_State* tolua_S, const char* name, void* func);
      |                                                           ~~~~~~^~~~
src/gslua.cpp:27621:39: warning: invalid conversion from ‘int (*)(lua_State*)’ to ‘void*’ [-fpermissive]
27621 |  tolua_function(tolua_S,"update_fuel",tolua_gslua_gsPanel_update_fuel00);
      |                                       ^~~~~~~~~~~~~~~~~~~~~~~~~~~~~~~~~
      |                                       |
      |                                       int (*)(lua_State*)
src/tolua.h:48:65: note:   initializing argument 3 of ‘void tolua_function(lua_State*, const char*, void*)’
   48 | void tolua_function(lua_State* tolua_S, const char* name, void* func);
      |                                                           ~~~~~~^~~~
src/gslua.cpp:27622:40: warning: invalid conversion from ‘int (*)(lua_State*)’ to ‘void*’ [-fpermissive]
27622 |  tolua_function(tolua_S,"update_frags",tolua_gslua_gsPanel_update_frags00);
      |                                        ^~~~~~~~~~~~~~~~~~~~~~~~~~~~~~~~~~
      |                                        |
      |                                        int (*)(lua_State*)
src/tolua.h:48:65: note:   initializing argument 3 of ‘void tolua_function(lua_State*, const char*, void*)’
   48 | void tolua_function(lua_State* tolua_S, const char* name, void* func);
      |                                                           ~~~~~~^~~~
src/gslua.cpp:27623:40: warning: invalid conversion from ‘int (*)(lua_State*)’ to ‘void*’ [-fpermissive]
27623 |  tolua_function(tolua_S,"update_radar",tolua_gslua_gsPanel_update_radar00);
      |                                        ^~~~~~~~~~~~~~~~~~~~~~~~~~~~~~~~~~
      |                                        |
      |                                        int (*)(lua_State*)
src/tolua.h:48:65: note:   initializing argument 3 of ‘void tolua_function(lua_State*, const char*, void*)’
   48 | void tolua_function(lua_State* tolua_S, const char* name, void* func);
      |                                                           ~~~~~~^~~~
src/gslua.cpp:27624:47: warning: invalid conversion from ‘int (*)(lua_State*)’ to ‘void*’ [-fpermissive]
27624 |  tolua_function(tolua_S,"update_extra_energy",tolua_gslua_gsPanel_update_extra_energy00);
      |                                               ^~~~~~~~~~~~~~~~~~~~~~~~~~~~~~~~~~~~~~~~~
      |                                               |
      |                                               int (*)(lua_State*)
src/tolua.h:48:65: note:   initializing argument 3 of ‘void tolua_function(lua_State*, const char*, void*)’
   48 | void tolua_function(lua_State* tolua_S, const char* name, void* func);
      |                                                           ~~~~~~^~~~
src/gslua.cpp:27626:31: warning: invalid conversion from ‘int (*)(lua_State*)’ to ‘void*’ [-fpermissive]
27626 |  tolua_array(tolua_S,"gpanel",tolua_get_gslua_gpanel,tolua_set_gslua_gpanel);
      |                               ^~~~~~~~~~~~~~~~~~~~~~
      |                               |
      |                               int (*)(lua_State*)
src/tolua.h:68:62: note:   initializing argument 3 of ‘void tolua_array(lua_State*, const char*, void*, void*)’
   68 | void tolua_array(lua_State* tolua_S, const char* name, void* getter, void* setter);
      |                                                        ~~~~~~^~~~~~
src/gslua.cpp:27626:54: warning: invalid conversion from ‘int (*)(lua_State*)’ to ‘void*’ [-fpermissive]
27626 |  tolua_array(tolua_S,"gpanel",tolua_get_gslua_gpanel,tolua_set_gslua_gpanel);
      |                                                      ^~~~~~~~~~~~~~~~~~~~~~
      |                                                      |
      |                                                      int (*)(lua_State*)
src/tolua.h:68:76: note:   initializing argument 4 of ‘void tolua_array(lua_State*, const char*, void*, void*)’
   68 | void tolua_array(lua_State* tolua_S, const char* name, void* getter, void* setter);
      |                                                                      ~~~~~~^~~~~~
src/network/RakServerInterface.h: At global scope:
src/network/RakServerInterface.h:49:17: warning: ‘UNASSIGNED_PLAYER_ID’ defined but not used [-Wunused-variable]
   49 | static PlayerID UNASSIGNED_PLAYER_ID = {0, 0};
      |                 ^~~~~~~~~~~~~~~~~~~~
In file included from src/gslua.cpp:16:
src/gsbase.h: In function ‘int tolua_gslua_Base_set_cargo_name00(lua_State*)’:
src/gsbase.h:100:61: warning: ‘char* __builtin_strncpy(char*, const char*, long unsigned int)’ specified bound 40 equals destination size [-Wstringop-truncation]
  100 |     void set_cargo_name(char *n)                   { strncpy(cargo_name, n, 40); }
      |                                                             ^
src/gsplayer.h: In function ‘int tolua_gslua_gsPlayer_set_ship_name00(lua_State*)’:
src/gsplayer.h:352:61: warning: ‘char* __builtin_strncpy(char*, const char*, long unsigned int)’ specified bound 30 equals destination size [-Wstringop-truncation]
  352 |     void    set_ship_name(const char *a)           { strncpy(ship_name, a, 30); }
      |                                                             ^
src/gsplayer.h: In function ‘int tolua_gslua_gsPlayer_set_ship_desc00(lua_State*)’:
src/gsplayer.h:354:61: warning: ‘char* __builtin_strncpy(char*, const char*, long unsigned int)’ specified bound 150 equals destination size [-Wstringop-truncation]
  354 |     void    set_ship_desc(const char *a)           { strncpy(ship_desc, a, 150); }
      |                                                             ^
Compiling src/gslvlnw.cpp...
g++ -O2 -Wall -Wextra -std=c++11 -fpermissive -DDIRECT_ASSET_LOADING  -I/usr/include/lua5.4 -I./src -c src/gslvlnw.cpp -o obj/gslvlnw.o
In file included from src/gsnetw.h:18,
                 from src/gslvlnw.cpp:32:
src/gsnetsrv.h:67:7: warning: extra tokens at end of #endif directive [-Wendif-labels]
   67 | #endif;
      |       ^
In file included from src/gsscript.h:16,
                 from src/gslvlnw.cpp:12:
src/luaclass.h: In member function ‘void Lua::open(int)’:
src/luaclass.h:20:23: warning: unused parameter ‘stacksize’ [-Wunused-parameter]
   20 |         void open(int stacksize = 0)
      |                   ~~~~^~~~~~~~~~~~~
src/luaclass.h: In member function ‘void Lua::setgcthreshold(int)’:
src/luaclass.h:136:33: warning: unused parameter ‘newthreshold’ [-Wunused-parameter]
  136 |         void setgcthreshold(int newthreshold)
      |                             ~~~~^~~~~~~~~~~~
src/gsscript.h: At global scope:
src/gsscript.h:43:43: warning: ISO C++ forbids converting a string constant to ‘char*’ [-Wwrite-strings]
   43 |     void  read_level_files(int=0, char *n="");
      |                                           ^~
In file included from src/gslvlnw.h:17,
                 from src/gslvlnw.cpp:14:
src/gsosd.h: In member function ‘void OsdBitmap::set_dont_save_back(int)’:
src/gsosd.h:150:35: warning: unused parameter ‘n’ [-Wunused-parameter]
  150 |     void   set_dont_save_back(int n)               { dont_save_back = 1; }
      |                               ~~~~^
In file included from src/gsnetcli.h:16,
                 from src/gsnetw.h:17:
src/network/BitStream.h: In constructor ‘BitStream::BitStream(char*, unsigned int, bool)’:
src/network/BitStream.h:22:61: warning: unused parameter ‘_copyData’ [-Wunused-parameter]
   22 |     BitStream(char* _data, unsigned int lengthInBytes, bool _copyData) : data(_data), numberOfBitsAllocated(lengthInBytes * 8), numberOfBitsUsed(lengthInBytes * 8), readOffset(0), maxLength(lengthInBytes) {}
      |                                                        ~~~~~^~~~~~~~~
src/network/BitStream.h: In member function ‘void BitStream::Write(int)’:
src/network/BitStream.h:25:20: warning: unused parameter ‘data’ [-Wunused-parameter]
   25 |     void Write(int data) {}
      |                ~~~~^~~~
src/network/BitStream.h: In member function ‘void BitStream::Write(unsigned char)’:
src/network/BitStream.h:26:30: warning: unused parameter ‘data’ [-Wunused-parameter]
   26 |     void Write(unsigned char data) {}
      |                ~~~~~~~~~~~~~~^~~~
src/network/BitStream.h: In member function ‘void BitStream::Write(char)’:
src/network/BitStream.h:27:21: warning: unused parameter ‘data’ [-Wunused-parameter]
   27 |     void Write(char data) {}
      |                ~~~~~^~~~
src/network/BitStream.h: In member function ‘void BitStream::Write(char*, unsigned int)’:
src/network/BitStream.h:28:22: warning: unused parameter ‘data’ [-Wunused-parameter]
   28 |     void Write(char* data, const unsigned int length) {}
      |                ~~~~~~^~~~
src/network/BitStream.h:28:47: warning: unused parameter ‘length’ [-Wunused-parameter]
   28 |     void Write(char* data, const unsigned int length) {}
      |                            ~~~~~~~~~~~~~~~~~~~^~~~~~
src/network/BitStream.h: In member function ‘void BitStream::Write(long unsigned int)’:
src/network/BitStream.h:29:30: warning: unused parameter ‘data’ [-Wunused-parameter]
   29 |     void Write(unsigned long data) {}
      |                ~~~~~~~~~~~~~~^~~~
src/network/BitStream.h: In member function ‘void BitStream::Write(float)’:
src/network/BitStream.h:30:22: warning: unused parameter ‘data’ [-Wunused-parameter]
   30 |     void Write(float data) {}
      |                ~~~~~~^~~~
src/network/BitStream.h: In member function ‘void BitStream::Write(bool)’:
src/network/BitStream.h:31:21: warning: unused parameter ‘data’ [-Wunused-parameter]
   31 |     void Write(bool data) {}
      |                ~~~~~^~~~
src/network/BitStream.h: In member function ‘void BitStream::Read(char*&, unsigned int)’:
src/network/BitStream.h:42:22: warning: unused parameter ‘data’ [-Wunused-parameter]
   42 |     void Read(char* &data, const unsigned int length) {}
      |               ~~~~~~~^~~~
src/network/BitStream.h:42:47: warning: unused parameter ‘length’ [-Wunused-parameter]
   42 |     void Read(char* &data, const unsigned int length) {}
      |                            ~~~~~~~~~~~~~~~~~~~^~~~~~
src/network/BitStream.h: In member function ‘void BitStream::Read(const char*&, unsigned int)’:
src/network/BitStream.h:43:28: warning: unused parameter ‘data’ [-Wunused-parameter]
   43 |     void Read(const char* &data, const unsigned int length) {}
      |               ~~~~~~~~~~~~~^~~~
src/network/BitStream.h:43:53: warning: unused parameter ‘length’ [-Wunused-parameter]
   43 |     void Read(const char* &data, const unsigned int length) {}
      |                                  ~~~~~~~~~~~~~~~~~~~^~~~~~
src/network/BitStream.h: In member function ‘void BitStream::Read(void*, unsigned int)’:
src/network/BitStream.h:44:21: warning: unused parameter ‘data’ [-Wunused-parameter]
   44 |     void Read(void* data, const unsigned int length) {}
      |               ~~~~~~^~~~
src/network/BitStream.h:44:46: warning: unused parameter ‘length’ [-Wunused-parameter]
   44 |     void Read(void* data, const unsigned int length) {}
      |                           ~~~~~~~~~~~~~~~~~~~^~~~~~
src/network/BitStream.h: In member function ‘void BitStream::SetWriteOffset(unsigned int)’:
src/network/BitStream.h:47:38: warning: unused parameter ‘offset’ [-Wunused-parameter]
   47 |     void SetWriteOffset(unsigned int offset) {}
      |                         ~~~~~~~~~~~~~^~~~~~
In file included from src/network/RakNetworkFactory.h:9,
                 from src/gsnetcli.h:17:
src/network/RakClientInterface.h: In member function ‘bool RakClientInterface::Connect(const char*, short unsigned int, const char*, short unsigned int)’:
src/network/RakClientInterface.h:17:30: warning: unused parameter ‘serverIP’ [-Wunused-parameter]
   17 |     bool Connect(const char* serverIP, unsigned short serverPort, const char* clientIP, unsigned short clientPort) { return false; }
      |                  ~~~~~~~~~~~~^~~~~~~~
src/network/RakClientInterface.h:17:55: warning: unused parameter ‘serverPort’ [-Wunused-parameter]
   17 |     bool Connect(const char* serverIP, unsigned short serverPort, const char* clientIP, unsigned short clientPort) { return false; }
      |                                        ~~~~~~~~~~~~~~~^~~~~~~~~~
src/network/RakClientInterface.h:17:79: warning: unused parameter ‘clientIP’ [-Wunused-parameter]
   17 |     bool Connect(const char* serverIP, unsigned short serverPort, const char* clientIP, unsigned short clientPort) { return false; }
      |                                                                   ~~~~~~~~~~~~^~~~~~~~
src/network/RakClientInterface.h:17:104: warning: unused parameter ‘clientPort’ [-Wunused-parameter]
   17 |     bool Connect(const char* serverIP, unsigned short serverPort, const char* clientIP, unsigned short clientPort) { return false; }
      |                                                                                         ~~~~~~~~~~~~~~~^~~~~~~~~~
src/network/RakClientInterface.h: In member function ‘bool RakClientInterface::Connect(const char*, short unsigned int, short unsigned int, unsigned int, int)’:
src/network/RakClientInterface.h:18:30: warning: unused parameter ‘host’ [-Wunused-parameter]
   18 |     bool Connect(const char* host, unsigned short serverPort, unsigned short clientPort, unsigned int connectionValidationInteger, int timeoutMS) { return false; }
      |                  ~~~~~~~~~~~~^~~~
src/network/RakClientInterface.h:18:51: warning: unused parameter ‘serverPort’ [-Wunused-parameter]
   18 |     bool Connect(const char* host, unsigned short serverPort, unsigned short clientPort, unsigned int connectionValidationInteger, int timeoutMS) { return false; }
      |                                    ~~~~~~~~~~~~~~~^~~~~~~~~~
src/network/RakClientInterface.h:18:78: warning: unused parameter ‘clientPort’ [-Wunused-parameter]
   18 |     bool Connect(const char* host, unsigned short serverPort, unsigned short clientPort, unsigned int connectionValidationInteger, int timeoutMS) { return false; }
      |                                                               ~~~~~~~~~~~~~~~^~~~~~~~~~
src/network/RakClientInterface.h:18:103: warning: unused parameter ‘connectionValidationInteger’ [-Wunused-parameter]
   18 |     bool Connect(const char* host, unsigned short serverPort, unsigned short clientPort, unsigned int connectionValidationInteger, int timeoutMS) { return false; }
      |                                                                                          ~~~~~~~~~~~~~^~~~~~~~~~~~~~~~~~~~~~~~~~~
src/network/RakClientInterface.h:18:136: warning: unused parameter ‘timeoutMS’ [-Wunused-parameter]
   18 |     bool Connect(const char* host, unsigned short serverPort, unsigned short clientPort, unsigned int connectionValidationInteger, int timeoutMS) { return false; }
      |                                                                                                                                    ~~~~^~~~~~~~~
src/network/RakClientInterface.h: In member function ‘void RakClientInterface::Disconnect(unsigned int, unsigned char)’:
src/network/RakClientInterface.h:19:34: warning: unused parameter ‘blockDuration’ [-Wunused-parameter]
   19 |     void Disconnect(unsigned int blockDuration = 0, unsigned char orderingChannel = 0) {}
      |                     ~~~~~~~~~~~~~^~~~~~~~~~~~~~~~~
src/network/RakClientInterface.h:19:67: warning: unused parameter ‘orderingChannel’ [-Wunused-parameter]
   19 |     void Disconnect(unsigned int blockDuration = 0, unsigned char orderingChannel = 0) {}
      |                                                     ~~~~~~~~~~~~~~^~~~~~~~~~~~~~~~~~~
src/network/RakClientInterface.h: In member function ‘void RakClientInterface::PingServer(const char*, short unsigned int, short unsigned int)’:
src/network/RakClientInterface.h:21:33: warning: unused parameter ‘host’ [-Wunused-parameter]
   21 |     void PingServer(const char* host, unsigned short remotePort, unsigned short sendPort) {}
      |                     ~~~~~~~~~~~~^~~~
src/network/RakClientInterface.h:21:54: warning: unused parameter ‘remotePort’ [-Wunused-parameter]
   21 |     void PingServer(const char* host, unsigned short remotePort, unsigned short sendPort) {}
      |                                       ~~~~~~~~~~~~~~~^~~~~~~~~~
src/network/RakClientInterface.h:21:81: warning: unused parameter ‘sendPort’ [-Wunused-parameter]
   21 |     void PingServer(const char* host, unsigned short remotePort, unsigned short sendPort) {}
      |                                                                  ~~~~~~~~~~~~~~~^~~~~~~~
src/network/RakClientInterface.h: In member function ‘bool RakClientInterface::Send(const char*, int, unsigned char, char, char, PlayerID, bool)’:
src/network/RakClientInterface.h:25:27: warning: unused parameter ‘data’ [-Wunused-parameter]
   25 |     bool Send(const char* data, int length, unsigned char priority, char reliability, char orderingChannel, PlayerID playerId, bool broadcast) { return true; }
      |               ~~~~~~~~~~~~^~~~
src/network/RakClientInterface.h:25:37: warning: unused parameter ‘length’ [-Wunused-parameter]
   25 |     bool Send(const char* data, int length, unsigned char priority, char reliability, char orderingChannel, PlayerID playerId, bool broadcast) { return true; }
      |                                 ~~~~^~~~~~
src/network/RakClientInterface.h:25:59: warning: unused parameter ‘priority’ [-Wunused-parameter]
   25 |     bool Send(const char* data, int length, unsigned char priority, char reliability, char orderingChannel, PlayerID playerId, bool broadcast) { return true; }
      |                                             ~~~~~~~~~~~~~~^~~~~~~~
src/network/RakClientInterface.h:25:74: warning: unused parameter ‘reliability’ [-Wunused-parameter]
   25 |     bool Send(const char* data, int length, unsigned char priority, char reliability, char orderingChannel, PlayerID playerId, bool broadcast) { return true; }
      |                                                                     ~~~~~^~~~~~~~~~~
src/network/RakClientInterface.h:25:92: warning: unused parameter ‘orderingChannel’ [-Wunused-parameter]
   25 |     bool Send(const char* data, int length, unsigned char priority, char reliability, char orderingChannel, PlayerID playerId, bool broadcast) { return true; }
      |                                                                                       ~~~~~^~~~~~~~~~~~~~~
src/network/RakClientInterface.h:25:118: warning: unused parameter ‘playerId’ [-Wunused-parameter]
   25 |     bool Send(const char* data, int length, unsigned char priority, char reliability, char orderingChannel, PlayerID playerId, bool broadcast) { return true; }
      |                                                                                                             ~~~~~~~~~^~~~~~~~
src/network/RakClientInterface.h:25:133: warning: unused parameter ‘broadcast’ [-Wunused-parameter]
   25 |     bool Send(const char* data, int length, unsigned char priority, char reliability, char orderingChannel, PlayerID playerId, bool broadcast) { return true; }
      |                                                                                                                                ~~~~~^~~~~~~~~
src/network/RakClientInterface.h: In member function ‘bool RakClientInterface::Send(BitStream*, unsigned char, char, char)’:
src/network/RakClientInterface.h:26:32: warning: unused parameter ‘bitStream’ [-Wunused-parameter]
   26 |     bool Send(class BitStream *bitStream, unsigned char priority, char reliability, char orderingChannel) { return true; }
      |               ~~~~~~~~~~~~~~~~~^~~~~~~~~
src/network/RakClientInterface.h:26:57: warning: unused parameter ‘priority’ [-Wunused-parameter]
   26 |     bool Send(class BitStream *bitStream, unsigned char priority, char reliability, char orderingChannel) { return true; }
      |                                           ~~~~~~~~~~~~~~^~~~~~~~
src/network/RakClientInterface.h:26:72: warning: unused parameter ‘reliability’ [-Wunused-parameter]
   26 |     bool Send(class BitStream *bitStream, unsigned char priority, char reliability, char orderingChannel) { return true; }
      |                                                                   ~~~~~^~~~~~~~~~~
src/network/RakClientInterface.h:26:90: warning: unused parameter ‘orderingChannel’ [-Wunused-parameter]
   26 |     bool Send(class BitStream *bitStream, unsigned char priority, char reliability, char orderingChannel) { return true; }
      |                                                                                     ~~~~~^~~~~~~~~~~~~~~
src/network/RakClientInterface.h: In member function ‘void RakClientInterface::PushBackPacket(Packet*, bool)’:
src/network/RakClientInterface.h:27:33: warning: unused parameter ‘packet’ [-Wunused-parameter]
   27 |     void PushBackPacket(Packet* packet, bool pushAtHead) {}
      |                         ~~~~~~~~^~~~~~
src/network/RakClientInterface.h:27:46: warning: unused parameter ‘pushAtHead’ [-Wunused-parameter]
   27 |     void PushBackPacket(Packet* packet, bool pushAtHead) {}
      |                                         ~~~~~^~~~~~~~~~
src/network/RakClientInterface.h: In member function ‘void RakClientInterface::DeallocatePacket(Packet*)’:
src/network/RakClientInterface.h:35:35: warning: unused parameter ‘packet’ [-Wunused-parameter]
   35 |     void DeallocatePacket(Packet *packet) {}
      |                           ~~~~~~~~^~~~~~
src/network/RakClientInterface.h: In member function ‘const char* RakClientInterface::PlayerIDToDottedIP(PlayerID)’:
src/network/RakClientInterface.h:36:45: warning: unused parameter ‘playerId’ [-Wunused-parameter]
   36 |     const char* PlayerIDToDottedIP(PlayerID playerId) { return "0.0.0.0"; }
      |                                    ~~~~~~~~~^~~~~~~~
In file included from src/network/RakNetworkFactory.h:10:
src/network/RakServerInterface.h: In member function ‘bool RakServerInterface::Start(int, int, int, int)’:
src/network/RakServerInterface.h:19:20: warning: unused parameter ‘AllowedPlayers’ [-Wunused-parameter]
   19 |     bool Start(int AllowedPlayers, int connectionValidationInteger, int threadSleepTimer, int port) { return false; }
      |                ~~~~^~~~~~~~~~~~~~
src/network/RakServerInterface.h:19:40: warning: unused parameter ‘connectionValidationInteger’ [-Wunused-parameter]
   19 |     bool Start(int AllowedPlayers, int connectionValidationInteger, int threadSleepTimer, int port) { return false; }
      |                                    ~~~~^~~~~~~~~~~~~~~~~~~~~~~~~~~
src/network/RakServerInterface.h:19:73: warning: unused parameter ‘threadSleepTimer’ [-Wunused-parameter]
   19 |     bool Start(int AllowedPlayers, int connectionValidationInteger, int threadSleepTimer, int port) { return false; }
      |                                                                     ~~~~^~~~~~~~~~~~~~~~
src/network/RakServerInterface.h:19:95: warning: unused parameter ‘port’ [-Wunused-parameter]
   19 |     bool Start(int AllowedPlayers, int connectionValidationInteger, int threadSleepTimer, int port) { return false; }
      |                                                                                           ~~~~^~~~
src/network/RakServerInterface.h: In member function ‘void RakServerInterface::Disconnect(unsigned int, unsigned char)’:
src/network/RakServerInterface.h:20:34: warning: unused parameter ‘blockDuration’ [-Wunused-parameter]
   20 |     void Disconnect(unsigned int blockDuration = 0, unsigned char orderingChannel = 0) {}
      |                     ~~~~~~~~~~~~~^~~~~~~~~~~~~~~~~
src/network/RakServerInterface.h:20:67: warning: unused parameter ‘orderingChannel’ [-Wunused-parameter]
   20 |     void Disconnect(unsigned int blockDuration = 0, unsigned char orderingChannel = 0) {}
      |                                                     ~~~~~~~~~~~~~~^~~~~~~~~~~~~~~~~~~
src/network/RakServerInterface.h: In member function ‘bool RakServerInterface::Send(const char*, int, unsigned char, char, char, PlayerID, bool)’:
src/network/RakServerInterface.h:21:27: warning: unused parameter ‘data’ [-Wunused-parameter]
   21 |     bool Send(const char* data, int length, unsigned char priority, char reliability, char orderingChannel, PlayerID playerId, bool broadcast) { return true; }
      |               ~~~~~~~~~~~~^~~~
src/network/RakServerInterface.h:21:37: warning: unused parameter ‘length’ [-Wunused-parameter]
   21 |     bool Send(const char* data, int length, unsigned char priority, char reliability, char orderingChannel, PlayerID playerId, bool broadcast) { return true; }
      |                                 ~~~~^~~~~~
src/network/RakServerInterface.h:21:59: warning: unused parameter ‘priority’ [-Wunused-parameter]
   21 |     bool Send(const char* data, int length, unsigned char priority, char reliability, char orderingChannel, PlayerID playerId, bool broadcast) { return true; }
      |                                             ~~~~~~~~~~~~~~^~~~~~~~
src/network/RakServerInterface.h:21:74: warning: unused parameter ‘reliability’ [-Wunused-parameter]
   21 |     bool Send(const char* data, int length, unsigned char priority, char reliability, char orderingChannel, PlayerID playerId, bool broadcast) { return true; }
      |                                                                     ~~~~~^~~~~~~~~~~
src/network/RakServerInterface.h:21:92: warning: unused parameter ‘orderingChannel’ [-Wunused-parameter]
   21 |     bool Send(const char* data, int length, unsigned char priority, char reliability, char orderingChannel, PlayerID playerId, bool broadcast) { return true; }
      |                                                                                       ~~~~~^~~~~~~~~~~~~~~
src/network/RakServerInterface.h:21:118: warning: unused parameter ‘playerId’ [-Wunused-parameter]
   21 |     bool Send(const char* data, int length, unsigned char priority, char reliability, char orderingChannel, PlayerID playerId, bool broadcast) { return true; }
      |                                                                                                             ~~~~~~~~~^~~~~~~~
src/network/RakServerInterface.h:21:133: warning: unused parameter ‘broadcast’ [-Wunused-parameter]
   21 |     bool Send(const char* data, int length, unsigned char priority, char reliability, char orderingChannel, PlayerID playerId, bool broadcast) { return true; }
      |                                                                                                                                ~~~~~^~~~~~~~~
src/network/RakServerInterface.h: In member function ‘bool RakServerInterface::Send(BitStream*, unsigned char, char, char, PlayerID, bool)’:
src/network/RakServerInterface.h:22:32: warning: unused parameter ‘bitStream’ [-Wunused-parameter]
   22 |     bool Send(class BitStream *bitStream, unsigned char priority, char reliability, char orderingChannel, PlayerID playerId, bool broadcast) { return true; }
      |               ~~~~~~~~~~~~~~~~~^~~~~~~~~
src/network/RakServerInterface.h:22:57: warning: unused parameter ‘priority’ [-Wunused-parameter]
   22 |     bool Send(class BitStream *bitStream, unsigned char priority, char reliability, char orderingChannel, PlayerID playerId, bool broadcast) { return true; }
      |                                           ~~~~~~~~~~~~~~^~~~~~~~
src/network/RakServerInterface.h:22:72: warning: unused parameter ‘reliability’ [-Wunused-parameter]
   22 |     bool Send(class BitStream *bitStream, unsigned char priority, char reliability, char orderingChannel, PlayerID playerId, bool broadcast) { return true; }
      |                                                                   ~~~~~^~~~~~~~~~~
src/network/RakServerInterface.h:22:90: warning: unused parameter ‘orderingChannel’ [-Wunused-parameter]
   22 |     bool Send(class BitStream *bitStream, unsigned char priority, char reliability, char orderingChannel, PlayerID playerId, bool broadcast) { return true; }
      |                                                                                     ~~~~~^~~~~~~~~~~~~~~
src/network/RakServerInterface.h:22:116: warning: unused parameter ‘playerId’ [-Wunused-parameter]
   22 |     bool Send(class BitStream *bitStream, unsigned char priority, char reliability, char orderingChannel, PlayerID playerId, bool broadcast) { return true; }
      |                                                                                                           ~~~~~~~~~^~~~~~~~
src/network/RakServerInterface.h:22:131: warning: unused parameter ‘broadcast’ [-Wunused-parameter]
   22 |     bool Send(class BitStream *bitStream, unsigned char priority, char reliability, char orderingChannel, PlayerID playerId, bool broadcast) { return true; }
      |                                                                                                                              ~~~~~^~~~~~~~~
src/network/RakServerInterface.h: In member function ‘void RakServerInterface::PushBackPacket(Packet*, bool)’:
src/network/RakServerInterface.h:23:33: warning: unused parameter ‘packet’ [-Wunused-parameter]
   23 |     void PushBackPacket(Packet* packet, bool pushAtHead) {}
      |                         ~~~~~~~~^~~~~~
src/network/RakServerInterface.h:23:46: warning: unused parameter ‘pushAtHead’ [-Wunused-parameter]
   23 |     void PushBackPacket(Packet* packet, bool pushAtHead) {}
      |                                         ~~~~~^~~~~~~~~~
src/network/RakServerInterface.h: In member function ‘void RakServerInterface::DeallocatePacket(Packet*)’:
src/network/RakServerInterface.h:24:35: warning: unused parameter ‘packet’ [-Wunused-parameter]
   24 |     void DeallocatePacket(Packet* packet) {}
      |                           ~~~~~~~~^~~~~~
src/network/RakServerInterface.h: In member function ‘int RakServerInterface::GetAveragePing(PlayerID)’:
src/network/RakServerInterface.h:25:33: warning: unused parameter ‘playerId’ [-Wunused-parameter]
   25 |     int GetAveragePing(PlayerID playerId) { return 0; }
      |                        ~~~~~~~~~^~~~~~~~
src/network/RakServerInterface.h: In member function ‘int RakServerInterface::GetLastPing(PlayerID)’:
src/network/RakServerInterface.h:26:30: warning: unused parameter ‘playerId’ [-Wunused-parameter]
   26 |     int GetLastPing(PlayerID playerId) { return 0; }
      |                     ~~~~~~~~~^~~~~~~~
src/network/RakServerInterface.h: In member function ‘int RakServerInterface::GetLowestPing(PlayerID)’:
src/network/RakServerInterface.h:27:32: warning: unused parameter ‘playerId’ [-Wunused-parameter]
   27 |     int GetLowestPing(PlayerID playerId) { return 0; }
      |                       ~~~~~~~~~^~~~~~~~
src/network/RakServerInterface.h: In member function ‘void RakServerInterface::Kick(PlayerID)’:
src/network/RakServerInterface.h:28:24: warning: unused parameter ‘playerId’ [-Wunused-parameter]
   28 |     void Kick(PlayerID playerId) {}
      |               ~~~~~~~~~^~~~~~~~
src/network/RakServerInterface.h: In member function ‘void RakServerInterface::SetAllowedPlayers(int)’:
src/network/RakServerInterface.h:31:32: warning: unused parameter ‘maxPlayers’ [-Wunused-parameter]
   31 |     void SetAllowedPlayers(int maxPlayers) {}
      |                            ~~~~^~~~~~~~~~
src/network/RakServerInterface.h: In member function ‘void* RakServerInterface::GetStatistics(PlayerID)’:
src/network/RakServerInterface.h:35:34: warning: unused parameter ‘playerId’ [-Wunused-parameter]
   35 |     void* GetStatistics(PlayerID playerId) { return 0; }
      |                         ~~~~~~~~~^~~~~~~~
src/network/RakNetworkFactory.h: In static member function ‘static void RakNetworkFactory::DestroyRakNetwork(void*)’:
src/network/RakNetworkFactory.h:15:41: warning: unused parameter ‘network’ [-Wunused-parameter]
   15 |     static void DestroyRakNetwork(void* network) {}
      |                                   ~~~~~~^~~~~~~
src/gslvlnw.cpp: In destructor ‘gsNetLevel::~gsNetLevel()’:
src/gslvlnw.cpp:82:3: warning: this ‘if’ clause does not guard... [-Wmisleading-indentation]
   82 |   if (gpanel[0])     delete(gpanel[0]);  gpanel[0] = NULL;
      |   ^~
src/gslvlnw.cpp:82:42: note: ...this statement, but the latter is misleadingly indented as if it were guarded by the ‘if’
   82 |   if (gpanel[0])     delete(gpanel[0]);  gpanel[0] = NULL;
      |                                          ^~~~~~
src/gslvlnw.cpp:83:3: warning: this ‘if’ clause does not guard... [-Wmisleading-indentation]
   83 |   if (bases)         delete(bases);      bases = NULL;
      |   ^~
src/gslvlnw.cpp:83:42: note: ...this statement, but the latter is misleadingly indented as if it were guarded by the ‘if’
   83 |   if (bases)         delete(bases);      bases = NULL;
      |                                          ^~~~~
src/gslvlnw.cpp:84:3: warning: this ‘if’ clause does not guard... [-Wmisleading-indentation]
   84 |   if (objects)       delete(objects);    objects = NULL;
      |   ^~
src/gslvlnw.cpp:84:42: note: ...this statement, but the latter is misleadingly indented as if it were guarded by the ‘if’
   84 |   if (objects)       delete(objects);    objects = NULL;
      |                                          ^~~~~~~
src/gslvlnw.cpp:85:3: warning: this ‘if’ clause does not guard... [-Wmisleading-indentation]
   85 |   if (enemies)       delete(enemies);    enemies = NULL;
      |   ^~
src/gslvlnw.cpp:85:42: note: ...this statement, but the latter is misleadingly indented as if it were guarded by the ‘if’
   85 |   if (enemies)       delete(enemies);    enemies = NULL;
      |                                          ^~~~~~~
src/gslvlnw.cpp:86:3: warning: this ‘if’ clause does not guard... [-Wmisleading-indentation]
   86 |   if (playmap[0])    delete(playmap[0]); playmap[0] = NULL;
      |   ^~
src/gslvlnw.cpp:86:42: note: ...this statement, but the latter is misleadingly indented as if it were guarded by the ‘if’
   86 |   if (playmap[0])    delete(playmap[0]); playmap[0] = NULL;
      |                                          ^~~~~~~
src/gslvlnw.cpp:87:3: warning: this ‘if’ clause does not guard... [-Wmisleading-indentation]
   87 |   if (effects)       delete(effects);    effects = NULL;
      |   ^~
src/gslvlnw.cpp:87:42: note: ...this statement, but the latter is misleadingly indented as if it were guarded by the ‘if’
   87 |   if (effects)       delete(effects);    effects = NULL;
      |                                          ^~~~~~~
src/gslvlnw.cpp:88:3: warning: this ‘if’ clause does not guard... [-Wmisleading-indentation]
   88 |   if (fade)          delete(fade);       fade = NULL;
      |   ^~
src/gslvlnw.cpp:88:42: note: ...this statement, but the latter is misleadingly indented as if it were guarded by the ‘if’
   88 |   if (fade)          delete(fade);       fade = NULL;
      |                                          ^~~~
src/gslvlnw.cpp:89:3: warning: this ‘if’ clause does not guard... [-Wmisleading-indentation]
   89 |   if (globals->vscreen)  destroy_bitmap(globals->vscreen); globals->vscreen = NULL;
      |   ^~
src/gslvlnw.cpp:89:60: note: ...this statement, but the latter is misleadingly indented as if it were guarded by the ‘if’
   89 |   if (globals->vscreen)  destroy_bitmap(globals->vscreen); globals->vscreen = NULL;
      |                                                            ^~~~~~~
src/gslvlnw.cpp:90:3: warning: this ‘if’ clause does not guard... [-Wmisleading-indentation]
   90 |   if (images)        delete(images);     images = NULL;
      |   ^~
src/gslvlnw.cpp:90:42: note: ...this statement, but the latter is misleadingly indented as if it were guarded by the ‘if’
   90 |   if (images)        delete(images);     images = NULL;
      |                                          ^~~~~~
src/gslvlnw.cpp: In member function ‘int gsNetLevel::init_stuff()’:
src/gslvlnw.cpp:138:18: warning: ISO C++ forbids converting a string constant to ‘char*’ [-Wwrite-strings]
  138 |   errors->log(2, "init", "NETWORK LEVEL");
      |                  ^~~~~~
src/gslvlnw.cpp:138:26: warning: ISO C++ forbids converting a string constant to ‘char*’ [-Wwrite-strings]
  138 |   errors->log(2, "init", "NETWORK LEVEL");
      |                          ^~~~~~~~~~~~~~~
src/gslvlnw.cpp:142:18: warning: ISO C++ forbids converting a string constant to ‘char*’ [-Wwrite-strings]
  142 |   errors->log(2, "network", "synchronized random number seed", test);
      |                  ^~~~~~~~~
src/gslvlnw.cpp:142:29: warning: ISO C++ forbids converting a string constant to ‘char*’ [-Wwrite-strings]
  142 |   errors->log(2, "network", "synchronized random number seed", test);
      |                             ^~~~~~~~~~~~~~~~~~~~~~~~~~~~~~~~~
src/gslvlnw.cpp:156:18: warning: ISO C++ forbids converting a string constant to ‘char*’ [-Wwrite-strings]
  156 |   errors->log(2, "init", "color tables");
      |                  ^~~~~~
src/gslvlnw.cpp:156:26: warning: ISO C++ forbids converting a string constant to ‘char*’ [-Wwrite-strings]
  156 |   errors->log(2, "init", "color tables");
      |                          ^~~~~~~~~~~~~~
src/gslvlnw.cpp:164:18: warning: ISO C++ forbids converting a string constant to ‘char*’ [-Wwrite-strings]
  164 |   errors->log(2, "init", "player colors / sprites");
      |                  ^~~~~~
src/gslvlnw.cpp:164:26: warning: ISO C++ forbids converting a string constant to ‘char*’ [-Wwrite-strings]
  164 |   errors->log(2, "init", "player colors / sprites");
      |                          ^~~~~~~~~~~~~~~~~~~~~~~~~
src/gslvlnw.cpp:169:18: warning: ISO C++ forbids converting a string constant to ‘char*’ [-Wwrite-strings]
  169 |   errors->log(2, "init", "antialiased text");
      |                  ^~~~~~
src/gslvlnw.cpp:169:26: warning: ISO C++ forbids converting a string constant to ‘char*’ [-Wwrite-strings]
  169 |   errors->log(2, "init", "antialiased text");
      |                          ^~~~~~~~~~~~~~~~~~
src/gslvlnw.cpp:173:18: warning: ISO C++ forbids converting a string constant to ‘char*’ [-Wwrite-strings]
  173 |   errors->log(2, "init", "image handler");
      |                  ^~~~~~
src/gslvlnw.cpp:173:26: warning: ISO C++ forbids converting a string constant to ‘char*’ [-Wwrite-strings]
  173 |   errors->log(2, "init", "image handler");
      |                          ^~~~~~~~~~~~~~~
src/gslvlnw.cpp:177:18: warning: ISO C++ forbids converting a string constant to ‘char*’ [-Wwrite-strings]
  177 |   errors->log(2, "init", "bases");
      |                  ^~~~~~
src/gslvlnw.cpp:177:26: warning: ISO C++ forbids converting a string constant to ‘char*’ [-Wwrite-strings]
  177 |   errors->log(2, "init", "bases");
      |                          ^~~~~~~
src/gslvlnw.cpp:181:18: warning: ISO C++ forbids converting a string constant to ‘char*’ [-Wwrite-strings]
  181 |   errors->log(2, "init", "objects");
      |                  ^~~~~~
src/gslvlnw.cpp:181:26: warning: ISO C++ forbids converting a string constant to ‘char*’ [-Wwrite-strings]
  181 |   errors->log(2, "init", "objects");
      |                          ^~~~~~~~~
src/gslvlnw.cpp:185:18: warning: ISO C++ forbids converting a string constant to ‘char*’ [-Wwrite-strings]
  185 |   errors->log(2, "init", "enemies");
      |                  ^~~~~~
src/gslvlnw.cpp:185:26: warning: ISO C++ forbids converting a string constant to ‘char*’ [-Wwrite-strings]
  185 |   errors->log(2, "init", "enemies");
      |                          ^~~~~~~~~
src/gslvlnw.cpp:200:18: warning: ISO C++ forbids converting a string constant to ‘char*’ [-Wwrite-strings]
  200 |   errors->log(2, "init", "map(s)");
      |                  ^~~~~~
src/gslvlnw.cpp:200:26: warning: ISO C++ forbids converting a string constant to ‘char*’ [-Wwrite-strings]
  200 |   errors->log(2, "init", "map(s)");
      |                          ^~~~~~~~
src/gslvlnw.cpp:204:18: warning: ISO C++ forbids converting a string constant to ‘char*’ [-Wwrite-strings]
  204 |   errors->log(2, "init", "effects");
      |                  ^~~~~~
src/gslvlnw.cpp:204:26: warning: ISO C++ forbids converting a string constant to ‘char*’ [-Wwrite-strings]
  204 |   errors->log(2, "init", "effects");
      |                          ^~~~~~~~~
src/gslvlnw.cpp:208:18: warning: ISO C++ forbids converting a string constant to ‘char*’ [-Wwrite-strings]
  208 |   errors->log(2, "init", "local player");
      |                  ^~~~~~
src/gslvlnw.cpp:208:26: warning: ISO C++ forbids converting a string constant to ‘char*’ [-Wwrite-strings]
  208 |   errors->log(2, "init", "local player");
      |                          ^~~~~~~~~~~~~~
src/gslvlnw.cpp:214:18: warning: ISO C++ forbids converting a string constant to ‘char*’ [-Wwrite-strings]
  214 |   errors->log(2, "init", "loading player controls");
      |                  ^~~~~~
src/gslvlnw.cpp:214:26: warning: ISO C++ forbids converting a string constant to ‘char*’ [-Wwrite-strings]
  214 |   errors->log(2, "init", "loading player controls");
      |                          ^~~~~~~~~~~~~~~~~~~~~~~~~
src/gslvlnw.cpp:223:20: warning: ISO C++ forbids converting a string constant to ‘char*’ [-Wwrite-strings]
  223 |     errors->log(2, "init", "vscreen");
      |                    ^~~~~~
src/gslvlnw.cpp:223:28: warning: ISO C++ forbids converting a string constant to ‘char*’ [-Wwrite-strings]
  223 |     errors->log(2, "init", "vscreen");
      |                            ^~~~~~~~~
src/gslvlnw.cpp:237:18: warning: ISO C++ forbids converting a string constant to ‘char*’ [-Wwrite-strings]
  237 |   errors->log(2, "init", "loading map");
      |                  ^~~~~~
src/gslvlnw.cpp:237:26: warning: ISO C++ forbids converting a string constant to ‘char*’ [-Wwrite-strings]
  237 |   errors->log(2, "init", "loading map");
      |                          ^~~~~~~~~~~~~
src/gslvlnw.cpp:248:18: warning: ISO C++ forbids converting a string constant to ‘char*’ [-Wwrite-strings]
  248 |   errors->log(2, "init", "chat osd");
      |                  ^~~~~~
src/gslvlnw.cpp:248:26: warning: ISO C++ forbids converting a string constant to ‘char*’ [-Wwrite-strings]
  248 |   errors->log(2, "init", "chat osd");
      |                          ^~~~~~~~~~
src/gslvlnw.cpp:260:18: warning: ISO C++ forbids converting a string constant to ‘char*’ [-Wwrite-strings]
  260 |   errors->log(2, "init", "panel");
      |                  ^~~~~~
src/gslvlnw.cpp:260:26: warning: ISO C++ forbids converting a string constant to ‘char*’ [-Wwrite-strings]
  260 |   errors->log(2, "init", "panel");
      |                          ^~~~~~~
src/gslvlnw.cpp:267:18: warning: ISO C++ forbids converting a string constant to ‘char*’ [-Wwrite-strings]
  267 |   errors->log(2, "init", "fading");
      |                  ^~~~~~
src/gslvlnw.cpp:267:26: warning: ISO C++ forbids converting a string constant to ‘char*’ [-Wwrite-strings]
  267 |   errors->log(2, "init", "fading");
      |                          ^~~~~~~~
src/gslvlnw.cpp:273:18: warning: ISO C++ forbids converting a string constant to ‘char*’ [-Wwrite-strings]
  273 |   errors->log(2, "init", "loading ingame script", globals->level_files[globals->selected_level].scriptfile);
      |                  ^~~~~~
src/gslvlnw.cpp:273:26: warning: ISO C++ forbids converting a string constant to ‘char*’ [-Wwrite-strings]
  273 |   errors->log(2, "init", "loading ingame script", globals->level_files[globals->selected_level].scriptfile);
      |                          ^~~~~~~~~~~~~~~~~~~~~~~
src/gslvlnw.cpp:284:18: warning: ISO C++ forbids converting a string constant to ‘char*’ [-Wwrite-strings]
  284 |   errors->log(2, "init", "executing level init script", globals->level_files[globals->selected_level].initscriptfile);
      |                  ^~~~~~
src/gslvlnw.cpp:284:26: warning: ISO C++ forbids converting a string constant to ‘char*’ [-Wwrite-strings]
  284 |   errors->log(2, "init", "executing level init script", globals->level_files[globals->selected_level].initscriptfile);
      |                          ^~~~~~~~~~~~~~~~~~~~~~~~~~~~~
src/gslvlnw.cpp:312:26: warning: ISO C++ forbids converting a string constant to ‘char*’ [-Wwrite-strings]
  312 |           errors->log(1, "network", "TIMEOUT while waiting for our position");
      |                          ^~~~~~~~~
src/gslvlnw.cpp:312:37: warning: ISO C++ forbids converting a string constant to ‘char*’ [-Wwrite-strings]
  312 |           errors->log(1, "network", "TIMEOUT while waiting for our position");
      |                                     ^~~~~~~~~~~~~~~~~~~~~~~~~~~~~~~~~~~~~~~~
src/gslvlnw.cpp:323:20: warning: ISO C++ forbids converting a string constant to ‘char*’ [-Wwrite-strings]
  323 |     errors->log(2, "init", "executing global init script", globals->global_ini);
      |                    ^~~~~~
src/gslvlnw.cpp:323:28: warning: ISO C++ forbids converting a string constant to ‘char*’ [-Wwrite-strings]
  323 |     errors->log(2, "init", "executing global init script", globals->global_ini);
      |                            ^~~~~~~~~~~~~~~~~~~~~~~~~~~~~~
src/gslvlnw.cpp:334:20: warning: ISO C++ forbids converting a string constant to ‘char*’ [-Wwrite-strings]
  334 |     errors->log(2, "network", "lets_go_delay", net->get_lets_go_delay());
      |                    ^~~~~~~~~
src/gslvlnw.cpp:334:31: warning: ISO C++ forbids converting a string constant to ‘char*’ [-Wwrite-strings]
  334 |     errors->log(2, "network", "lets_go_delay", net->get_lets_go_delay());
      |                               ^~~~~~~~~~~~~~~
src/gslvlnw.cpp:345:25: warning: comparison of unsigned expression in ‘< 0’ is always false [-Wtype-limits]
  345 |       if (lets_go_delay < 0) lets_go_delay = 0;
      |           ~~~~~~~~~~~~~~^~~
src/gslvlnw.cpp:347:22: warning: ISO C++ forbids converting a string constant to ‘char*’ [-Wwrite-strings]
  347 |       errors->log(2, "network", "forwarding game state X cycles", lets_go_delay);
      |                      ^~~~~~~~~
src/gslvlnw.cpp:347:33: warning: ISO C++ forbids converting a string constant to ‘char*’ [-Wwrite-strings]
  347 |       errors->log(2, "network", "forwarding game state X cycles", lets_go_delay);
      |                                 ^~~~~~~~~~~~~~~~~~~~~~~~~~~~~~~~
src/gslvlnw.cpp:348:23: warning: comparison of integer expressions of different signedness: ‘int’ and ‘long unsigned int’ [-Wsign-compare]
  348 |       for (int d=0; d < lets_go_delay; d++)
      |                     ~~^~~~~~~~~~~~~~~
src/gslvlnw.cpp:357:22: warning: ISO C++ forbids converting a string constant to ‘char*’ [-Wwrite-strings]
  357 |       errors->log(2, "network", "lets_go_delay is > 5 minutes. Not forwarding game.", lets_go_delay);
      |                      ^~~~~~~~~
src/gslvlnw.cpp:357:33: warning: ISO C++ forbids converting a string constant to ‘char*’ [-Wwrite-strings]
  357 |       errors->log(2, "network", "lets_go_delay is > 5 minutes. Not forwarding game.", lets_go_delay);
      |                                 ^~~~~~~~~~~~~~~~~~~~~~~~~~~~~~~~~~~~~~~~~~~~~~~~~~~~
src/gslvlnw.cpp: In member function ‘void gsNetLevel::play()’:
src/gslvlnw.cpp:686:7: warning: unused variable ‘display_esc_osd’ [-Wunused-variable]
  686 |   int display_esc_osd = FALSE;
      |       ^~~~~~~~~~~~~~~
src/network/RakServerInterface.h: At global scope:
src/network/RakServerInterface.h:49:17: warning: ‘UNASSIGNED_PLAYER_ID’ defined but not used [-Wunused-variable]
   49 | static PlayerID UNASSIGNED_PLAYER_ID = {0, 0};
      |                 ^~~~~~~~~~~~~~~~~~~~
Compiling src/gslvlsp.cpp...
g++ -O2 -Wall -Wextra -std=c++11 -fpermissive -DDIRECT_ASSET_LOADING  -I/usr/include/lua5.4 -I./src -c src/gslvlsp.cpp -o obj/gslvlsp.o
In file included from src/gsscript.h:16,
                 from src/gslvlsp.cpp:12:
src/luaclass.h: In member function ‘void Lua::open(int)’:
src/luaclass.h:20:23: warning: unused parameter ‘stacksize’ [-Wunused-parameter]
   20 |         void open(int stacksize = 0)
      |                   ~~~~^~~~~~~~~~~~~
src/luaclass.h: In member function ‘void Lua::setgcthreshold(int)’:
src/luaclass.h:136:33: warning: unused parameter ‘newthreshold’ [-Wunused-parameter]
  136 |         void setgcthreshold(int newthreshold)
      |                             ~~~~^~~~~~~~~~~~
src/gsscript.h: At global scope:
src/gsscript.h:43:43: warning: ISO C++ forbids converting a string constant to ‘char*’ [-Wwrite-strings]
   43 |     void  read_level_files(int=0, char *n="");
      |                                           ^~
In file included from src/gslvlsp.cpp:28:
src/gsosd.h: In member function ‘void OsdBitmap::set_dont_save_back(int)’:
src/gsosd.h:150:35: warning: unused parameter ‘n’ [-Wunused-parameter]
  150 |     void   set_dont_save_back(int n)               { dont_save_back = 1; }
      |                               ~~~~^
src/gslvlsp.cpp: In destructor ‘gsSingleLevel::~gsSingleLevel()’:
src/gslvlsp.cpp:79:3: warning: this ‘if’ clause does not guard... [-Wmisleading-indentation]
   79 |   if (gpanel[0])     delete(gpanel[0]);  gpanel[0] = NULL;
      |   ^~
src/gslvlsp.cpp:79:42: note: ...this statement, but the latter is misleadingly indented as if it were guarded by the ‘if’
   79 |   if (gpanel[0])     delete(gpanel[0]);  gpanel[0] = NULL;
      |                                          ^~~~~~
src/gslvlsp.cpp:80:3: warning: this ‘if’ clause does not guard... [-Wmisleading-indentation]
   80 |   if (gpanel[1])     delete(gpanel[1]);  gpanel[1] = NULL;
      |   ^~
src/gslvlsp.cpp:80:42: note: ...this statement, but the latter is misleadingly indented as if it were guarded by the ‘if’
   80 |   if (gpanel[1])     delete(gpanel[1]);  gpanel[1] = NULL;
      |                                          ^~~~~~
src/gslvlsp.cpp:81:3: warning: this ‘if’ clause does not guard... [-Wmisleading-indentation]
   81 |   if (bases)         delete(bases);      bases = NULL;
      |   ^~
src/gslvlsp.cpp:81:42: note: ...this statement, but the latter is misleadingly indented as if it were guarded by the ‘if’
   81 |   if (bases)         delete(bases);      bases = NULL;
      |                                          ^~~~~
src/gslvlsp.cpp:82:3: warning: this ‘if’ clause does not guard... [-Wmisleading-indentation]
   82 |   if (objects)       delete(objects);    objects = NULL;
      |   ^~
src/gslvlsp.cpp:82:42: note: ...this statement, but the latter is misleadingly indented as if it were guarded by the ‘if’
   82 |   if (objects)       delete(objects);    objects = NULL;
      |                                          ^~~~~~~
src/gslvlsp.cpp:83:3: warning: this ‘if’ clause does not guard... [-Wmisleading-indentation]
   83 |   if (enemies)       delete(enemies);    enemies = NULL;
      |   ^~
src/gslvlsp.cpp:83:42: note: ...this statement, but the latter is misleadingly indented as if it were guarded by the ‘if’
   83 |   if (enemies)       delete(enemies);    enemies = NULL;
      |                                          ^~~~~~~
src/gslvlsp.cpp:84:3: warning: this ‘if’ clause does not guard... [-Wmisleading-indentation]
   84 |   if (playmap[0])    delete(playmap[0]); playmap[0] = NULL;
      |   ^~
src/gslvlsp.cpp:84:42: note: ...this statement, but the latter is misleadingly indented as if it were guarded by the ‘if’
   84 |   if (playmap[0])    delete(playmap[0]); playmap[0] = NULL;
      |                                          ^~~~~~~
src/gslvlsp.cpp:85:3: warning: this ‘if’ clause does not guard... [-Wmisleading-indentation]
   85 |   if (playmap[1])    delete(playmap[1]); playmap[1] = NULL;
      |   ^~
src/gslvlsp.cpp:85:42: note: ...this statement, but the latter is misleadingly indented as if it were guarded by the ‘if’
   85 |   if (playmap[1])    delete(playmap[1]); playmap[1] = NULL;
      |                                          ^~~~~~~
src/gslvlsp.cpp:86:3: warning: this ‘if’ clause does not guard... [-Wmisleading-indentation]
   86 |   if (effects)       delete(effects);    effects = NULL;
      |   ^~
src/gslvlsp.cpp:86:42: note: ...this statement, but the latter is misleadingly indented as if it were guarded by the ‘if’
   86 |   if (effects)       delete(effects);    effects = NULL;
      |                                          ^~~~~~~
src/gslvlsp.cpp:87:3: warning: this ‘if’ clause does not guard... [-Wmisleading-indentation]
   87 |   if (fade)          delete(fade);       fade = NULL;
      |   ^~
src/gslvlsp.cpp:87:42: note: ...this statement, but the latter is misleadingly indented as if it were guarded by the ‘if’
   87 |   if (fade)          delete(fade);       fade = NULL;
      |                                          ^~~~
src/gslvlsp.cpp:88:3: warning: this ‘if’ clause does not guard... [-Wmisleading-indentation]
   88 |   if (globals->vscreen)  destroy_bitmap(globals->vscreen); globals->vscreen = NULL;
      |   ^~
src/gslvlsp.cpp:88:60: note: ...this statement, but the latter is misleadingly indented as if it were guarded by the ‘if’
   88 |   if (globals->vscreen)  destroy_bitmap(globals->vscreen); globals->vscreen = NULL;
      |                                                            ^~~~~~~
src/gslvlsp.cpp:89:3: warning: this ‘if’ clause does not guard... [-Wmisleading-indentation]
   89 |   if (globals->vscreen2) destroy_bitmap(globals->vscreen2); globals->vscreen2 = NULL;
      |   ^~
src/gslvlsp.cpp:89:61: note: ...this statement, but the latter is misleadingly indented as if it were guarded by the ‘if’
   89 |   if (globals->vscreen2) destroy_bitmap(globals->vscreen2); globals->vscreen2 = NULL;
      |                                                             ^~~~~~~
src/gslvlsp.cpp:90:3: warning: this ‘if’ clause does not guard... [-Wmisleading-indentation]
   90 |   if (images)        delete(images);     images = NULL;
      |   ^~
src/gslvlsp.cpp:90:42: note: ...this statement, but the latter is misleadingly indented as if it were guarded by the ‘if’
   90 |   if (images)        delete(images);     images = NULL;
      |                                          ^~~~~~
src/gslvlsp.cpp: In member function ‘int gsSingleLevel::init_stuff()’:
src/gslvlsp.cpp:117:18: warning: ISO C++ forbids converting a string constant to ‘char*’ [-Wwrite-strings]
  117 |   errors->log(2, "init", "SINGLEPLAYER LEVEL");
      |                  ^~~~~~
src/gslvlsp.cpp:117:26: warning: ISO C++ forbids converting a string constant to ‘char*’ [-Wwrite-strings]
  117 |   errors->log(2, "init", "SINGLEPLAYER LEVEL");
      |                          ^~~~~~~~~~~~~~~~~~~~
src/gslvlsp.cpp:141:18: warning: ISO C++ forbids converting a string constant to ‘char*’ [-Wwrite-strings]
  141 |   errors->log(2, "init", "color tables");
      |                  ^~~~~~
src/gslvlsp.cpp:141:26: warning: ISO C++ forbids converting a string constant to ‘char*’ [-Wwrite-strings]
  141 |   errors->log(2, "init", "color tables");
      |                          ^~~~~~~~~~~~~~
src/gslvlsp.cpp:149:18: warning: ISO C++ forbids converting a string constant to ‘char*’ [-Wwrite-strings]
  149 |   errors->log(2, "init", "player colors / sprites");
      |                  ^~~~~~
src/gslvlsp.cpp:149:26: warning: ISO C++ forbids converting a string constant to ‘char*’ [-Wwrite-strings]
  149 |   errors->log(2, "init", "player colors / sprites");
      |                          ^~~~~~~~~~~~~~~~~~~~~~~~~
src/gslvlsp.cpp:154:18: warning: ISO C++ forbids converting a string constant to ‘char*’ [-Wwrite-strings]
  154 |   errors->log(2, "init", "antialiased text");
      |                  ^~~~~~
src/gslvlsp.cpp:154:26: warning: ISO C++ forbids converting a string constant to ‘char*’ [-Wwrite-strings]
  154 |   errors->log(2, "init", "antialiased text");
      |                          ^~~~~~~~~~~~~~~~~~
src/gslvlsp.cpp:158:18: warning: ISO C++ forbids converting a string constant to ‘char*’ [-Wwrite-strings]
  158 |   errors->log(2, "init", "image handler");
      |                  ^~~~~~
src/gslvlsp.cpp:158:26: warning: ISO C++ forbids converting a string constant to ‘char*’ [-Wwrite-strings]
  158 |   errors->log(2, "init", "image handler");
      |                          ^~~~~~~~~~~~~~~
src/gslvlsp.cpp:162:18: warning: ISO C++ forbids converting a string constant to ‘char*’ [-Wwrite-strings]
  162 |   errors->log(2, "init", "bases");
      |                  ^~~~~~
src/gslvlsp.cpp:162:26: warning: ISO C++ forbids converting a string constant to ‘char*’ [-Wwrite-strings]
  162 |   errors->log(2, "init", "bases");
      |                          ^~~~~~~
src/gslvlsp.cpp:166:18: warning: ISO C++ forbids converting a string constant to ‘char*’ [-Wwrite-strings]
  166 |   errors->log(2, "init", "objects");
      |                  ^~~~~~
src/gslvlsp.cpp:166:26: warning: ISO C++ forbids converting a string constant to ‘char*’ [-Wwrite-strings]
  166 |   errors->log(2, "init", "objects");
      |                          ^~~~~~~~~
src/gslvlsp.cpp:170:18: warning: ISO C++ forbids converting a string constant to ‘char*’ [-Wwrite-strings]
  170 |   errors->log(2, "init", "enemies");
      |                  ^~~~~~
src/gslvlsp.cpp:170:26: warning: ISO C++ forbids converting a string constant to ‘char*’ [-Wwrite-strings]
  170 |   errors->log(2, "init", "enemies");
      |                          ^~~~~~~~~
src/gslvlsp.cpp:185:18: warning: ISO C++ forbids converting a string constant to ‘char*’ [-Wwrite-strings]
  185 |   errors->log(2, "init", "map");
      |                  ^~~~~~
src/gslvlsp.cpp:185:26: warning: ISO C++ forbids converting a string constant to ‘char*’ [-Wwrite-strings]
  185 |   errors->log(2, "init", "map");
      |                          ^~~~~
src/gslvlsp.cpp:189:18: warning: ISO C++ forbids converting a string constant to ‘char*’ [-Wwrite-strings]
  189 |   errors->log(2, "init", "effects");
      |                  ^~~~~~
src/gslvlsp.cpp:189:26: warning: ISO C++ forbids converting a string constant to ‘char*’ [-Wwrite-strings]
  189 |   errors->log(2, "init", "effects");
      |                          ^~~~~~~~~
src/gslvlsp.cpp:193:18: warning: ISO C++ forbids converting a string constant to ‘char*’ [-Wwrite-strings]
  193 |   errors->log(2, "init", "player");
      |                  ^~~~~~
src/gslvlsp.cpp:193:26: warning: ISO C++ forbids converting a string constant to ‘char*’ [-Wwrite-strings]
  193 |   errors->log(2, "init", "player");
      |                          ^~~~~~~~
src/gslvlsp.cpp:200:18: warning: ISO C++ forbids converting a string constant to ‘char*’ [-Wwrite-strings]
  200 |   errors->log(2, "init", "loading player controls");
      |                  ^~~~~~
src/gslvlsp.cpp:200:26: warning: ISO C++ forbids converting a string constant to ‘char*’ [-Wwrite-strings]
  200 |   errors->log(2, "init", "loading player controls");
      |                          ^~~~~~~~~~~~~~~~~~~~~~~~~
src/gslvlsp.cpp:208:20: warning: ISO C++ forbids converting a string constant to ‘char*’ [-Wwrite-strings]
  208 |     errors->log(2, "init", "vscreen");
      |                    ^~~~~~
src/gslvlsp.cpp:208:28: warning: ISO C++ forbids converting a string constant to ‘char*’ [-Wwrite-strings]
  208 |     errors->log(2, "init", "vscreen");
      |                            ^~~~~~~~~
src/gslvlsp.cpp:222:18: warning: ISO C++ forbids converting a string constant to ‘char*’ [-Wwrite-strings]
  222 |   errors->log(2, "init", "loading map");
      |                  ^~~~~~
src/gslvlsp.cpp:222:26: warning: ISO C++ forbids converting a string constant to ‘char*’ [-Wwrite-strings]
  222 |   errors->log(2, "init", "loading map");
      |                          ^~~~~~~~~~~~~
src/gslvlsp.cpp:233:18: warning: ISO C++ forbids converting a string constant to ‘char*’ [-Wwrite-strings]
  233 |   errors->log(2, "init", "panel");
      |                  ^~~~~~
src/gslvlsp.cpp:233:26: warning: ISO C++ forbids converting a string constant to ‘char*’ [-Wwrite-strings]
  233 |   errors->log(2, "init", "panel");
      |                          ^~~~~~~
src/gslvlsp.cpp:240:18: warning: ISO C++ forbids converting a string constant to ‘char*’ [-Wwrite-strings]
  240 |   errors->log(2, "init", "fading");
      |                  ^~~~~~
src/gslvlsp.cpp:240:26: warning: ISO C++ forbids converting a string constant to ‘char*’ [-Wwrite-strings]
  240 |   errors->log(2, "init", "fading");
      |                          ^~~~~~~~
src/gslvlsp.cpp:246:18: warning: ISO C++ forbids converting a string constant to ‘char*’ [-Wwrite-strings]
  246 |   errors->log(2, "init", "loading ingame script", globals->level_files[globals->selected_level].scriptfile);
      |                  ^~~~~~
src/gslvlsp.cpp:246:26: warning: ISO C++ forbids converting a string constant to ‘char*’ [-Wwrite-strings]
  246 |   errors->log(2, "init", "loading ingame script", globals->level_files[globals->selected_level].scriptfile);
      |                          ^~~~~~~~~~~~~~~~~~~~~~~
src/gslvlsp.cpp:257:18: warning: ISO C++ forbids converting a string constant to ‘char*’ [-Wwrite-strings]
  257 |   errors->log(2, "init", "executing level init script", globals->level_files[globals->selected_level].initscriptfile);
      |                  ^~~~~~
src/gslvlsp.cpp:257:26: warning: ISO C++ forbids converting a string constant to ‘char*’ [-Wwrite-strings]
  257 |   errors->log(2, "init", "executing level init script", globals->level_files[globals->selected_level].initscriptfile);
      |                          ^~~~~~~~~~~~~~~~~~~~~~~~~~~~~
src/gslvlsp.cpp:263:20: warning: ISO C++ forbids converting a string constant to ‘char*’ [-Wwrite-strings]
  263 |     errors->log(2, "init", "executing global init script", globals->global_ini);
      |                    ^~~~~~
src/gslvlsp.cpp:263:28: warning: ISO C++ forbids converting a string constant to ‘char*’ [-Wwrite-strings]
  263 |     errors->log(2, "init", "executing global init script", globals->global_ini);
      |                            ^~~~~~~~~~~~~~~~~~~~~~~~~~~~~~
src/gslvlsp.cpp:287:23: warning: ISO C++ forbids converting a string constant to ‘char*’ [-Wwrite-strings]
  287 |     replay->load_file("test.rpl");
      |                       ^~~~~~~~~~
Compiling src/gsmain.cpp...
g++ -O2 -Wall -Wextra -std=c++11 -fpermissive -DDIRECT_ASSET_LOADING  -I/usr/include/lua5.4 -I./src -c src/gsmain.cpp -o obj/gsmain.o
In file included from src/gsnetw.h:18,
                 from src/gsmain.cpp:32:
src/gsnetsrv.h:67:7: warning: extra tokens at end of #endif directive [-Wendif-labels]
   67 | #endif;
      |       ^
In file included from src/gsbullet.h:17,
                 from src/gsplayer.h:17,
                 from src/gsglob.h:22,
                 from src/gsmain.cpp:16:
src/luaclass.h: In member function ‘void Lua::open(int)’:
src/luaclass.h:20:23: warning: unused parameter ‘stacksize’ [-Wunused-parameter]
   20 |         void open(int stacksize = 0)
      |                   ~~~~^~~~~~~~~~~~~
src/luaclass.h: In member function ‘void Lua::setgcthreshold(int)’:
src/luaclass.h:136:33: warning: unused parameter ‘newthreshold’ [-Wunused-parameter]
  136 |         void setgcthreshold(int newthreshold)
      |                             ~~~~^~~~~~~~~~~~
In file included from src/gslvlnw.h:17,
                 from src/gsmain.cpp:25:
src/gsosd.h: In member function ‘void OsdBitmap::set_dont_save_back(int)’:
src/gsosd.h:150:35: warning: unused parameter ‘n’ [-Wunused-parameter]
  150 |     void   set_dont_save_back(int n)               { dont_save_back = 1; }
      |                               ~~~~^
In file included from src/gsnetcli.h:16,
                 from src/gsnetw.h:17:
src/network/BitStream.h: In constructor ‘BitStream::BitStream(char*, unsigned int, bool)’:
src/network/BitStream.h:22:61: warning: unused parameter ‘_copyData’ [-Wunused-parameter]
   22 |     BitStream(char* _data, unsigned int lengthInBytes, bool _copyData) : data(_data), numberOfBitsAllocated(lengthInBytes * 8), numberOfBitsUsed(lengthInBytes * 8), readOffset(0), maxLength(lengthInBytes) {}
      |                                                        ~~~~~^~~~~~~~~
src/network/BitStream.h: In member function ‘void BitStream::Write(int)’:
src/network/BitStream.h:25:20: warning: unused parameter ‘data’ [-Wunused-parameter]
   25 |     void Write(int data) {}
      |                ~~~~^~~~
src/network/BitStream.h: In member function ‘void BitStream::Write(unsigned char)’:
src/network/BitStream.h:26:30: warning: unused parameter ‘data’ [-Wunused-parameter]
   26 |     void Write(unsigned char data) {}
      |                ~~~~~~~~~~~~~~^~~~
src/network/BitStream.h: In member function ‘void BitStream::Write(char)’:
src/network/BitStream.h:27:21: warning: unused parameter ‘data’ [-Wunused-parameter]
   27 |     void Write(char data) {}
      |                ~~~~~^~~~
src/network/BitStream.h: In member function ‘void BitStream::Write(char*, unsigned int)’:
src/network/BitStream.h:28:22: warning: unused parameter ‘data’ [-Wunused-parameter]
   28 |     void Write(char* data, const unsigned int length) {}
      |                ~~~~~~^~~~
src/network/BitStream.h:28:47: warning: unused parameter ‘length’ [-Wunused-parameter]
   28 |     void Write(char* data, const unsigned int length) {}
      |                            ~~~~~~~~~~~~~~~~~~~^~~~~~
src/network/BitStream.h: In member function ‘void BitStream::Write(long unsigned int)’:
src/network/BitStream.h:29:30: warning: unused parameter ‘data’ [-Wunused-parameter]
   29 |     void Write(unsigned long data) {}
      |                ~~~~~~~~~~~~~~^~~~
src/network/BitStream.h: In member function ‘void BitStream::Write(float)’:
src/network/BitStream.h:30:22: warning: unused parameter ‘data’ [-Wunused-parameter]
   30 |     void Write(float data) {}
      |                ~~~~~~^~~~
src/network/BitStream.h: In member function ‘void BitStream::Write(bool)’:
src/network/BitStream.h:31:21: warning: unused parameter ‘data’ [-Wunused-parameter]
   31 |     void Write(bool data) {}
      |                ~~~~~^~~~
src/network/BitStream.h: In member function ‘void BitStream::Read(char*&, unsigned int)’:
src/network/BitStream.h:42:22: warning: unused parameter ‘data’ [-Wunused-parameter]
   42 |     void Read(char* &data, const unsigned int length) {}
      |               ~~~~~~~^~~~
src/network/BitStream.h:42:47: warning: unused parameter ‘length’ [-Wunused-parameter]
   42 |     void Read(char* &data, const unsigned int length) {}
      |                            ~~~~~~~~~~~~~~~~~~~^~~~~~
src/network/BitStream.h: In member function ‘void BitStream::Read(const char*&, unsigned int)’:
src/network/BitStream.h:43:28: warning: unused parameter ‘data’ [-Wunused-parameter]
   43 |     void Read(const char* &data, const unsigned int length) {}
      |               ~~~~~~~~~~~~~^~~~
src/network/BitStream.h:43:53: warning: unused parameter ‘length’ [-Wunused-parameter]
   43 |     void Read(const char* &data, const unsigned int length) {}
      |                                  ~~~~~~~~~~~~~~~~~~~^~~~~~
src/network/BitStream.h: In member function ‘void BitStream::Read(void*, unsigned int)’:
src/network/BitStream.h:44:21: warning: unused parameter ‘data’ [-Wunused-parameter]
   44 |     void Read(void* data, const unsigned int length) {}
      |               ~~~~~~^~~~
src/network/BitStream.h:44:46: warning: unused parameter ‘length’ [-Wunused-parameter]
   44 |     void Read(void* data, const unsigned int length) {}
      |                           ~~~~~~~~~~~~~~~~~~~^~~~~~
src/network/BitStream.h: In member function ‘void BitStream::SetWriteOffset(unsigned int)’:
src/network/BitStream.h:47:38: warning: unused parameter ‘offset’ [-Wunused-parameter]
   47 |     void SetWriteOffset(unsigned int offset) {}
      |                         ~~~~~~~~~~~~~^~~~~~
In file included from src/network/RakNetworkFactory.h:9,
                 from src/gsnetcli.h:17:
src/network/RakClientInterface.h: In member function ‘bool RakClientInterface::Connect(const char*, short unsigned int, const char*, short unsigned int)’:
src/network/RakClientInterface.h:17:30: warning: unused parameter ‘serverIP’ [-Wunused-parameter]
   17 |     bool Connect(const char* serverIP, unsigned short serverPort, const char* clientIP, unsigned short clientPort) { return false; }
      |                  ~~~~~~~~~~~~^~~~~~~~
src/network/RakClientInterface.h:17:55: warning: unused parameter ‘serverPort’ [-Wunused-parameter]
   17 |     bool Connect(const char* serverIP, unsigned short serverPort, const char* clientIP, unsigned short clientPort) { return false; }
      |                                        ~~~~~~~~~~~~~~~^~~~~~~~~~
src/network/RakClientInterface.h:17:79: warning: unused parameter ‘clientIP’ [-Wunused-parameter]
   17 |     bool Connect(const char* serverIP, unsigned short serverPort, const char* clientIP, unsigned short clientPort) { return false; }
      |                                                                   ~~~~~~~~~~~~^~~~~~~~
src/network/RakClientInterface.h:17:104: warning: unused parameter ‘clientPort’ [-Wunused-parameter]
   17 |     bool Connect(const char* serverIP, unsigned short serverPort, const char* clientIP, unsigned short clientPort) { return false; }
      |                                                                                         ~~~~~~~~~~~~~~~^~~~~~~~~~
src/network/RakClientInterface.h: In member function ‘bool RakClientInterface::Connect(const char*, short unsigned int, short unsigned int, unsigned int, int)’:
src/network/RakClientInterface.h:18:30: warning: unused parameter ‘host’ [-Wunused-parameter]
   18 |     bool Connect(const char* host, unsigned short serverPort, unsigned short clientPort, unsigned int connectionValidationInteger, int timeoutMS) { return false; }
      |                  ~~~~~~~~~~~~^~~~
src/network/RakClientInterface.h:18:51: warning: unused parameter ‘serverPort’ [-Wunused-parameter]
   18 |     bool Connect(const char* host, unsigned short serverPort, unsigned short clientPort, unsigned int connectionValidationInteger, int timeoutMS) { return false; }
      |                                    ~~~~~~~~~~~~~~~^~~~~~~~~~
src/network/RakClientInterface.h:18:78: warning: unused parameter ‘clientPort’ [-Wunused-parameter]
   18 |     bool Connect(const char* host, unsigned short serverPort, unsigned short clientPort, unsigned int connectionValidationInteger, int timeoutMS) { return false; }
      |                                                               ~~~~~~~~~~~~~~~^~~~~~~~~~
src/network/RakClientInterface.h:18:103: warning: unused parameter ‘connectionValidationInteger’ [-Wunused-parameter]
   18 |     bool Connect(const char* host, unsigned short serverPort, unsigned short clientPort, unsigned int connectionValidationInteger, int timeoutMS) { return false; }
      |                                                                                          ~~~~~~~~~~~~~^~~~~~~~~~~~~~~~~~~~~~~~~~~
src/network/RakClientInterface.h:18:136: warning: unused parameter ‘timeoutMS’ [-Wunused-parameter]
   18 |     bool Connect(const char* host, unsigned short serverPort, unsigned short clientPort, unsigned int connectionValidationInteger, int timeoutMS) { return false; }
      |                                                                                                                                    ~~~~^~~~~~~~~
src/network/RakClientInterface.h: In member function ‘void RakClientInterface::Disconnect(unsigned int, unsigned char)’:
src/network/RakClientInterface.h:19:34: warning: unused parameter ‘blockDuration’ [-Wunused-parameter]
   19 |     void Disconnect(unsigned int blockDuration = 0, unsigned char orderingChannel = 0) {}
      |                     ~~~~~~~~~~~~~^~~~~~~~~~~~~~~~~
src/network/RakClientInterface.h:19:67: warning: unused parameter ‘orderingChannel’ [-Wunused-parameter]
   19 |     void Disconnect(unsigned int blockDuration = 0, unsigned char orderingChannel = 0) {}
      |                                                     ~~~~~~~~~~~~~~^~~~~~~~~~~~~~~~~~~
src/network/RakClientInterface.h: In member function ‘void RakClientInterface::PingServer(const char*, short unsigned int, short unsigned int)’:
src/network/RakClientInterface.h:21:33: warning: unused parameter ‘host’ [-Wunused-parameter]
   21 |     void PingServer(const char* host, unsigned short remotePort, unsigned short sendPort) {}
      |                     ~~~~~~~~~~~~^~~~
src/network/RakClientInterface.h:21:54: warning: unused parameter ‘remotePort’ [-Wunused-parameter]
   21 |     void PingServer(const char* host, unsigned short remotePort, unsigned short sendPort) {}
      |                                       ~~~~~~~~~~~~~~~^~~~~~~~~~
src/network/RakClientInterface.h:21:81: warning: unused parameter ‘sendPort’ [-Wunused-parameter]
   21 |     void PingServer(const char* host, unsigned short remotePort, unsigned short sendPort) {}
      |                                                                  ~~~~~~~~~~~~~~~^~~~~~~~
src/network/RakClientInterface.h: In member function ‘bool RakClientInterface::Send(const char*, int, unsigned char, char, char, PlayerID, bool)’:
src/network/RakClientInterface.h:25:27: warning: unused parameter ‘data’ [-Wunused-parameter]
   25 |     bool Send(const char* data, int length, unsigned char priority, char reliability, char orderingChannel, PlayerID playerId, bool broadcast) { return true; }
      |               ~~~~~~~~~~~~^~~~
src/network/RakClientInterface.h:25:37: warning: unused parameter ‘length’ [-Wunused-parameter]
   25 |     bool Send(const char* data, int length, unsigned char priority, char reliability, char orderingChannel, PlayerID playerId, bool broadcast) { return true; }
      |                                 ~~~~^~~~~~
src/network/RakClientInterface.h:25:59: warning: unused parameter ‘priority’ [-Wunused-parameter]
   25 |     bool Send(const char* data, int length, unsigned char priority, char reliability, char orderingChannel, PlayerID playerId, bool broadcast) { return true; }
      |                                             ~~~~~~~~~~~~~~^~~~~~~~
src/network/RakClientInterface.h:25:74: warning: unused parameter ‘reliability’ [-Wunused-parameter]
   25 |     bool Send(const char* data, int length, unsigned char priority, char reliability, char orderingChannel, PlayerID playerId, bool broadcast) { return true; }
      |                                                                     ~~~~~^~~~~~~~~~~
src/network/RakClientInterface.h:25:92: warning: unused parameter ‘orderingChannel’ [-Wunused-parameter]
   25 |     bool Send(const char* data, int length, unsigned char priority, char reliability, char orderingChannel, PlayerID playerId, bool broadcast) { return true; }
      |                                                                                       ~~~~~^~~~~~~~~~~~~~~
src/network/RakClientInterface.h:25:118: warning: unused parameter ‘playerId’ [-Wunused-parameter]
   25 |     bool Send(const char* data, int length, unsigned char priority, char reliability, char orderingChannel, PlayerID playerId, bool broadcast) { return true; }
      |                                                                                                             ~~~~~~~~~^~~~~~~~
src/network/RakClientInterface.h:25:133: warning: unused parameter ‘broadcast’ [-Wunused-parameter]
   25 |     bool Send(const char* data, int length, unsigned char priority, char reliability, char orderingChannel, PlayerID playerId, bool broadcast) { return true; }
      |                                                                                                                                ~~~~~^~~~~~~~~
src/network/RakClientInterface.h: In member function ‘bool RakClientInterface::Send(BitStream*, unsigned char, char, char)’:
src/network/RakClientInterface.h:26:32: warning: unused parameter ‘bitStream’ [-Wunused-parameter]
   26 |     bool Send(class BitStream *bitStream, unsigned char priority, char reliability, char orderingChannel) { return true; }
      |               ~~~~~~~~~~~~~~~~~^~~~~~~~~
src/network/RakClientInterface.h:26:57: warning: unused parameter ‘priority’ [-Wunused-parameter]
   26 |     bool Send(class BitStream *bitStream, unsigned char priority, char reliability, char orderingChannel) { return true; }
      |                                           ~~~~~~~~~~~~~~^~~~~~~~
src/network/RakClientInterface.h:26:72: warning: unused parameter ‘reliability’ [-Wunused-parameter]
   26 |     bool Send(class BitStream *bitStream, unsigned char priority, char reliability, char orderingChannel) { return true; }
      |                                                                   ~~~~~^~~~~~~~~~~
src/network/RakClientInterface.h:26:90: warning: unused parameter ‘orderingChannel’ [-Wunused-parameter]
   26 |     bool Send(class BitStream *bitStream, unsigned char priority, char reliability, char orderingChannel) { return true; }
      |                                                                                     ~~~~~^~~~~~~~~~~~~~~
src/network/RakClientInterface.h: In member function ‘void RakClientInterface::PushBackPacket(Packet*, bool)’:
src/network/RakClientInterface.h:27:33: warning: unused parameter ‘packet’ [-Wunused-parameter]
   27 |     void PushBackPacket(Packet* packet, bool pushAtHead) {}
      |                         ~~~~~~~~^~~~~~
src/network/RakClientInterface.h:27:46: warning: unused parameter ‘pushAtHead’ [-Wunused-parameter]
   27 |     void PushBackPacket(Packet* packet, bool pushAtHead) {}
      |                                         ~~~~~^~~~~~~~~~
src/network/RakClientInterface.h: In member function ‘void RakClientInterface::DeallocatePacket(Packet*)’:
src/network/RakClientInterface.h:35:35: warning: unused parameter ‘packet’ [-Wunused-parameter]
   35 |     void DeallocatePacket(Packet *packet) {}
      |                           ~~~~~~~~^~~~~~
src/network/RakClientInterface.h: In member function ‘const char* RakClientInterface::PlayerIDToDottedIP(PlayerID)’:
src/network/RakClientInterface.h:36:45: warning: unused parameter ‘playerId’ [-Wunused-parameter]
   36 |     const char* PlayerIDToDottedIP(PlayerID playerId) { return "0.0.0.0"; }
      |                                    ~~~~~~~~~^~~~~~~~
In file included from src/network/RakNetworkFactory.h:10:
src/network/RakServerInterface.h: In member function ‘bool RakServerInterface::Start(int, int, int, int)’:
src/network/RakServerInterface.h:19:20: warning: unused parameter ‘AllowedPlayers’ [-Wunused-parameter]
   19 |     bool Start(int AllowedPlayers, int connectionValidationInteger, int threadSleepTimer, int port) { return false; }
      |                ~~~~^~~~~~~~~~~~~~
src/network/RakServerInterface.h:19:40: warning: unused parameter ‘connectionValidationInteger’ [-Wunused-parameter]
   19 |     bool Start(int AllowedPlayers, int connectionValidationInteger, int threadSleepTimer, int port) { return false; }
      |                                    ~~~~^~~~~~~~~~~~~~~~~~~~~~~~~~~
src/network/RakServerInterface.h:19:73: warning: unused parameter ‘threadSleepTimer’ [-Wunused-parameter]
   19 |     bool Start(int AllowedPlayers, int connectionValidationInteger, int threadSleepTimer, int port) { return false; }
      |                                                                     ~~~~^~~~~~~~~~~~~~~~
src/network/RakServerInterface.h:19:95: warning: unused parameter ‘port’ [-Wunused-parameter]
   19 |     bool Start(int AllowedPlayers, int connectionValidationInteger, int threadSleepTimer, int port) { return false; }
      |                                                                                           ~~~~^~~~
src/network/RakServerInterface.h: In member function ‘void RakServerInterface::Disconnect(unsigned int, unsigned char)’:
src/network/RakServerInterface.h:20:34: warning: unused parameter ‘blockDuration’ [-Wunused-parameter]
   20 |     void Disconnect(unsigned int blockDuration = 0, unsigned char orderingChannel = 0) {}
      |                     ~~~~~~~~~~~~~^~~~~~~~~~~~~~~~~
src/network/RakServerInterface.h:20:67: warning: unused parameter ‘orderingChannel’ [-Wunused-parameter]
   20 |     void Disconnect(unsigned int blockDuration = 0, unsigned char orderingChannel = 0) {}
      |                                                     ~~~~~~~~~~~~~~^~~~~~~~~~~~~~~~~~~
src/network/RakServerInterface.h: In member function ‘bool RakServerInterface::Send(const char*, int, unsigned char, char, char, PlayerID, bool)’:
src/network/RakServerInterface.h:21:27: warning: unused parameter ‘data’ [-Wunused-parameter]
   21 |     bool Send(const char* data, int length, unsigned char priority, char reliability, char orderingChannel, PlayerID playerId, bool broadcast) { return true; }
      |               ~~~~~~~~~~~~^~~~
src/network/RakServerInterface.h:21:37: warning: unused parameter ‘length’ [-Wunused-parameter]
   21 |     bool Send(const char* data, int length, unsigned char priority, char reliability, char orderingChannel, PlayerID playerId, bool broadcast) { return true; }
      |                                 ~~~~^~~~~~
src/network/RakServerInterface.h:21:59: warning: unused parameter ‘priority’ [-Wunused-parameter]
   21 |     bool Send(const char* data, int length, unsigned char priority, char reliability, char orderingChannel, PlayerID playerId, bool broadcast) { return true; }
      |                                             ~~~~~~~~~~~~~~^~~~~~~~
src/network/RakServerInterface.h:21:74: warning: unused parameter ‘reliability’ [-Wunused-parameter]
   21 |     bool Send(const char* data, int length, unsigned char priority, char reliability, char orderingChannel, PlayerID playerId, bool broadcast) { return true; }
      |                                                                     ~~~~~^~~~~~~~~~~
src/network/RakServerInterface.h:21:92: warning: unused parameter ‘orderingChannel’ [-Wunused-parameter]
   21 |     bool Send(const char* data, int length, unsigned char priority, char reliability, char orderingChannel, PlayerID playerId, bool broadcast) { return true; }
      |                                                                                       ~~~~~^~~~~~~~~~~~~~~
src/network/RakServerInterface.h:21:118: warning: unused parameter ‘playerId’ [-Wunused-parameter]
   21 |     bool Send(const char* data, int length, unsigned char priority, char reliability, char orderingChannel, PlayerID playerId, bool broadcast) { return true; }
      |                                                                                                             ~~~~~~~~~^~~~~~~~
src/network/RakServerInterface.h:21:133: warning: unused parameter ‘broadcast’ [-Wunused-parameter]
   21 |     bool Send(const char* data, int length, unsigned char priority, char reliability, char orderingChannel, PlayerID playerId, bool broadcast) { return true; }
      |                                                                                                                                ~~~~~^~~~~~~~~
src/network/RakServerInterface.h: In member function ‘bool RakServerInterface::Send(BitStream*, unsigned char, char, char, PlayerID, bool)’:
src/network/RakServerInterface.h:22:32: warning: unused parameter ‘bitStream’ [-Wunused-parameter]
   22 |     bool Send(class BitStream *bitStream, unsigned char priority, char reliability, char orderingChannel, PlayerID playerId, bool broadcast) { return true; }
      |               ~~~~~~~~~~~~~~~~~^~~~~~~~~
src/network/RakServerInterface.h:22:57: warning: unused parameter ‘priority’ [-Wunused-parameter]
   22 |     bool Send(class BitStream *bitStream, unsigned char priority, char reliability, char orderingChannel, PlayerID playerId, bool broadcast) { return true; }
      |                                           ~~~~~~~~~~~~~~^~~~~~~~
src/network/RakServerInterface.h:22:72: warning: unused parameter ‘reliability’ [-Wunused-parameter]
   22 |     bool Send(class BitStream *bitStream, unsigned char priority, char reliability, char orderingChannel, PlayerID playerId, bool broadcast) { return true; }
      |                                                                   ~~~~~^~~~~~~~~~~
src/network/RakServerInterface.h:22:90: warning: unused parameter ‘orderingChannel’ [-Wunused-parameter]
   22 |     bool Send(class BitStream *bitStream, unsigned char priority, char reliability, char orderingChannel, PlayerID playerId, bool broadcast) { return true; }
      |                                                                                     ~~~~~^~~~~~~~~~~~~~~
src/network/RakServerInterface.h:22:116: warning: unused parameter ‘playerId’ [-Wunused-parameter]
   22 |     bool Send(class BitStream *bitStream, unsigned char priority, char reliability, char orderingChannel, PlayerID playerId, bool broadcast) { return true; }
      |                                                                                                           ~~~~~~~~~^~~~~~~~
src/network/RakServerInterface.h:22:131: warning: unused parameter ‘broadcast’ [-Wunused-parameter]
   22 |     bool Send(class BitStream *bitStream, unsigned char priority, char reliability, char orderingChannel, PlayerID playerId, bool broadcast) { return true; }
      |                                                                                                                              ~~~~~^~~~~~~~~
src/network/RakServerInterface.h: In member function ‘void RakServerInterface::PushBackPacket(Packet*, bool)’:
src/network/RakServerInterface.h:23:33: warning: unused parameter ‘packet’ [-Wunused-parameter]
   23 |     void PushBackPacket(Packet* packet, bool pushAtHead) {}
      |                         ~~~~~~~~^~~~~~
src/network/RakServerInterface.h:23:46: warning: unused parameter ‘pushAtHead’ [-Wunused-parameter]
   23 |     void PushBackPacket(Packet* packet, bool pushAtHead) {}
      |                                         ~~~~~^~~~~~~~~~
src/network/RakServerInterface.h: In member function ‘void RakServerInterface::DeallocatePacket(Packet*)’:
src/network/RakServerInterface.h:24:35: warning: unused parameter ‘packet’ [-Wunused-parameter]
   24 |     void DeallocatePacket(Packet* packet) {}
      |                           ~~~~~~~~^~~~~~
src/network/RakServerInterface.h: In member function ‘int RakServerInterface::GetAveragePing(PlayerID)’:
src/network/RakServerInterface.h:25:33: warning: unused parameter ‘playerId’ [-Wunused-parameter]
   25 |     int GetAveragePing(PlayerID playerId) { return 0; }
      |                        ~~~~~~~~~^~~~~~~~
src/network/RakServerInterface.h: In member function ‘int RakServerInterface::GetLastPing(PlayerID)’:
src/network/RakServerInterface.h:26:30: warning: unused parameter ‘playerId’ [-Wunused-parameter]
   26 |     int GetLastPing(PlayerID playerId) { return 0; }
      |                     ~~~~~~~~~^~~~~~~~
src/network/RakServerInterface.h: In member function ‘int RakServerInterface::GetLowestPing(PlayerID)’:
src/network/RakServerInterface.h:27:32: warning: unused parameter ‘playerId’ [-Wunused-parameter]
   27 |     int GetLowestPing(PlayerID playerId) { return 0; }
      |                       ~~~~~~~~~^~~~~~~~
src/network/RakServerInterface.h: In member function ‘void RakServerInterface::Kick(PlayerID)’:
src/network/RakServerInterface.h:28:24: warning: unused parameter ‘playerId’ [-Wunused-parameter]
   28 |     void Kick(PlayerID playerId) {}
      |               ~~~~~~~~~^~~~~~~~
src/network/RakServerInterface.h: In member function ‘void RakServerInterface::SetAllowedPlayers(int)’:
src/network/RakServerInterface.h:31:32: warning: unused parameter ‘maxPlayers’ [-Wunused-parameter]
   31 |     void SetAllowedPlayers(int maxPlayers) {}
      |                            ~~~~^~~~~~~~~~
src/network/RakServerInterface.h: In member function ‘void* RakServerInterface::GetStatistics(PlayerID)’:
src/network/RakServerInterface.h:35:34: warning: unused parameter ‘playerId’ [-Wunused-parameter]
   35 |     void* GetStatistics(PlayerID playerId) { return 0; }
      |                         ~~~~~~~~~^~~~~~~~
src/network/RakNetworkFactory.h: In static member function ‘static void RakNetworkFactory::DestroyRakNetwork(void*)’:
src/network/RakNetworkFactory.h:15:41: warning: unused parameter ‘network’ [-Wunused-parameter]
   15 |     static void DestroyRakNetwork(void* network) {}
      |                                   ~~~~~~^~~~~~~
In file included from src/gsenemy.h:19,
                 from src/gsmain.cpp:34:
src/gsscript.h: At global scope:
src/gsscript.h:43:43: warning: ISO C++ forbids converting a string constant to ‘char*’ [-Wwrite-strings]
   43 |     void  read_level_files(int=0, char *n="");
      |                                           ^~
src/gsmain.cpp: In member function ‘int gsMain::init()’:
src/gsmain.cpp:119:18: warning: ISO C++ forbids converting a string constant to ‘char*’ [-Wwrite-strings]
  119 |   errors->log(2, "init", "allegro");
      |                  ^~~~~~
src/gsmain.cpp:119:26: warning: ISO C++ forbids converting a string constant to ‘char*’ [-Wwrite-strings]
  119 |   errors->log(2, "init", "allegro");
      |                          ^~~~~~~~~
src/gsmain.cpp:121:18: warning: ISO C++ forbids converting a string constant to ‘char*’ [-Wwrite-strings]
  121 |   errors->log(2, "init", "library version", al_get_allegro_version());
      |                  ^~~~~~
src/gsmain.cpp:121:26: warning: ISO C++ forbids converting a string constant to ‘char*’ [-Wwrite-strings]
  121 |   errors->log(2, "init", "library version", al_get_allegro_version());
      |                          ^~~~~~~~~~~~~~~~~
src/gsmain.cpp:129:18: warning: ISO C++ forbids converting a string constant to ‘char*’ [-Wwrite-strings]
  129 |   errors->log(2, "init", "scripting");
      |                  ^~~~~~
src/gsmain.cpp:129:26: warning: ISO C++ forbids converting a string constant to ‘char*’ [-Wwrite-strings]
  129 |   errors->log(2, "init", "scripting");
      |                          ^~~~~~~~~~~
src/gsmain.cpp:136:18: warning: ISO C++ forbids converting a string constant to ‘char*’ [-Wwrite-strings]
  136 |   errors->log(2, "init", "loading game config");
      |                  ^~~~~~
src/gsmain.cpp:136:26: warning: ISO C++ forbids converting a string constant to ‘char*’ [-Wwrite-strings]
  136 |   errors->log(2, "init", "loading game config");
      |                          ^~~~~~~~~~~~~~~~~~~~~
src/gsmain.cpp:159:18: warning: ISO C++ forbids converting a string constant to ‘char*’ [-Wwrite-strings]
  159 |   errors->log(2, "init", "setting keyboard layout", my_layout);
      |                  ^~~~~~
src/gsmain.cpp:159:26: warning: ISO C++ forbids converting a string constant to ‘char*’ [-Wwrite-strings]
  159 |   errors->log(2, "init", "setting keyboard layout", my_layout);
      |                          ^~~~~~~~~~~~~~~~~~~~~~~~~
src/gsmain.cpp:164:18: warning: ISO C++ forbids converting a string constant to ‘char*’ [-Wwrite-strings]
  164 |   errors->log(2, "init", "keyboard");
      |                  ^~~~~~
src/gsmain.cpp:164:26: warning: ISO C++ forbids converting a string constant to ‘char*’ [-Wwrite-strings]
  164 |   errors->log(2, "init", "keyboard");
      |                          ^~~~~~~~~~
src/gsscript.h:43:43: warning: ISO C++ forbids converting a string constant to ‘char*’ [-Wwrite-strings]
   43 |     void  read_level_files(int=0, char *n="");
      |                                           ^~
src/gsmain.cpp:176:18: warning: ISO C++ forbids converting a string constant to ‘char*’ [-Wwrite-strings]
  176 |   errors->log(2, "init", "doing crc checks");
      |                  ^~~~~~
src/gsmain.cpp:176:26: warning: ISO C++ forbids converting a string constant to ‘char*’ [-Wwrite-strings]
  176 |   errors->log(2, "init", "doing crc checks");
      |                          ^~~~~~~~~~~~~~~~~~
src/gsmain.cpp:185:22: warning: ISO C++ forbids converting a string constant to ‘char*’ [-Wwrite-strings]
  185 |       errors->log(2, "ERROR", "One or more global files are invalid. Highscores will not work at all!");
      |                      ^~~~~~~
src/gsmain.cpp:185:31: warning: ISO C++ forbids converting a string constant to ‘char*’ [-Wwrite-strings]
  185 |       errors->log(2, "ERROR", "One or more global files are invalid. Highscores will not work at all!");
      |                               ^~~~~~~~~~~~~~~~~~~~~~~~~~~~~~~~~~~~~~~~~~~~~~~~~~~~~~~~~~~~~~~~~~~~~~~~
src/gsmain.cpp:193:18: warning: ISO C++ forbids converting a string constant to ‘char*’ [-Wwrite-strings]
  193 |   errors->log(2, "init", "mouse");
      |                  ^~~~~~
src/gsmain.cpp:193:26: warning: ISO C++ forbids converting a string constant to ‘char*’ [-Wwrite-strings]
  193 |   errors->log(2, "init", "mouse");
      |                          ^~~~~~~
src/gsmain.cpp:199:20: warning: ISO C++ forbids converting a string constant to ‘char*’ [-Wwrite-strings]
  199 |     errors->log(2, "WARNING", "no mouse detected, continuing without mouse support!");
      |                    ^~~~~~~~~
src/gsmain.cpp:199:31: warning: ISO C++ forbids converting a string constant to ‘char*’ [-Wwrite-strings]
  199 |     errors->log(2, "WARNING", "no mouse detected, continuing without mouse support!");
      |                               ^~~~~~~~~~~~~~~~~~~~~~~~~~~~~~~~~~~~~~~~~~~~~~~~~~~~~~
src/gsmain.cpp:211:18: warning: ISO C++ forbids converting a string constant to ‘char*’ [-Wwrite-strings]
  211 |   errors->log(2, "init", "trying to initialize joystick");
      |                  ^~~~~~
src/gsmain.cpp:211:26: warning: ISO C++ forbids converting a string constant to ‘char*’ [-Wwrite-strings]
  211 |   errors->log(2, "init", "trying to initialize joystick");
      |                          ^~~~~~~~~~~~~~~~~~~~~~~~~~~~~~~
src/gsmain.cpp:217:51: warning: ISO C++ forbids converting a string constant to ‘char*’ [-Wwrite-strings]
  217 |   if (globals->joystick_installed) errors->log(2, "init", "joystick(s) found!", 2);
      |                                                   ^~~~~~
src/gsmain.cpp:217:59: warning: ISO C++ forbids converting a string constant to ‘char*’ [-Wwrite-strings]
  217 |   if (globals->joystick_installed) errors->log(2, "init", "joystick(s) found!", 2);
      |                                                           ^~~~~~~~~~~~~~~~~~~~
src/gsmain.cpp:218:23: warning: ISO C++ forbids converting a string constant to ‘char*’ [-Wwrite-strings]
  218 |   else errors->log(2, "init", "sorry, no joystick available");
      |                       ^~~~~~
src/gsmain.cpp:218:31: warning: ISO C++ forbids converting a string constant to ‘char*’ [-Wwrite-strings]
  218 |   else errors->log(2, "init", "sorry, no joystick available");
      |                               ^~~~~~~~~~~~~~~~~~~~~~~~~~~~~~
src/gsmain.cpp:223:18: warning: ISO C++ forbids converting a string constant to ‘char*’ [-Wwrite-strings]
  223 |   errors->log(2, "init", "timer");
      |                  ^~~~~~
src/gsmain.cpp:223:26: warning: ISO C++ forbids converting a string constant to ‘char*’ [-Wwrite-strings]
  223 |   errors->log(2, "init", "timer");
      |                          ^~~~~~~
src/gsmain.cpp:243:18: warning: ISO C++ forbids converting a string constant to ‘char*’ [-Wwrite-strings]
  243 |   errors->log(2, "init", "language files");
      |                  ^~~~~~
src/gsmain.cpp:243:26: warning: ISO C++ forbids converting a string constant to ‘char*’ [-Wwrite-strings]
  243 |   errors->log(2, "init", "language files");
      |                          ^~~~~~~~~~~~~~~~
src/gsmain.cpp:251:18: warning: ISO C++ forbids converting a string constant to ‘char*’ [-Wwrite-strings]
  251 |   errors->log(2, "init", "clear list");
      |                  ^~~~~~
src/gsmain.cpp:251:26: warning: ISO C++ forbids converting a string constant to ‘char*’ [-Wwrite-strings]
  251 |   errors->log(2, "init", "clear list");
      |                          ^~~~~~~~~~~~
src/gsmain.cpp:257:18: warning: ISO C++ forbids converting a string constant to ‘char*’ [-Wwrite-strings]
  257 |   errors->log(2, "init", "sound");
      |                  ^~~~~~
src/gsmain.cpp:257:26: warning: ISO C++ forbids converting a string constant to ‘char*’ [-Wwrite-strings]
  257 |   errors->log(2, "init", "sound");
      |                          ^~~~~~~
src/gsmain.cpp:264:18: warning: ISO C++ forbids converting a string constant to ‘char*’ [-Wwrite-strings]
  264 |   errors->log(2, "init", "networking");
      |                  ^~~~~~
src/gsmain.cpp:264:26: warning: ISO C++ forbids converting a string constant to ‘char*’ [-Wwrite-strings]
  264 |   errors->log(2, "init", "networking");
      |                          ^~~~~~~~~~~~
src/gsmain.cpp:271:18: warning: ISO C++ forbids converting a string constant to ‘char*’ [-Wwrite-strings]
  271 |   errors->log(2, "init", "datafiles");
      |                  ^~~~~~
src/gsmain.cpp:271:26: warning: ISO C++ forbids converting a string constant to ‘char*’ [-Wwrite-strings]
  271 |   errors->log(2, "init", "datafiles");
      |                          ^~~~~~~~~~~
src/gsmain.cpp:646:18: warning: ISO C++ forbids converting a string constant to ‘char*’ [-Wwrite-strings]
  646 |   errors->log(2, "init", "gfx mode");
      |                  ^~~~~~
src/gsmain.cpp:646:26: warning: ISO C++ forbids converting a string constant to ‘char*’ [-Wwrite-strings]
  646 |   errors->log(2, "init", "gfx mode");
      |                          ^~~~~~~~~~
src/gsmain.cpp:652:20: warning: ISO C++ forbids converting a string constant to ‘char*’ [-Wwrite-strings]
  652 |     errors->log(0, "FATAL ERROR", allegro_error);
      |                    ^~~~~~~~~~~~~
src/gsmain.cpp:660:18: warning: ISO C++ forbids converting a string constant to ‘char*’ [-Wwrite-strings]
  660 |   errors->log(2, "init", "looking for map images to be created...");
      |                  ^~~~~~
src/gsmain.cpp:660:26: warning: ISO C++ forbids converting a string constant to ‘char*’ [-Wwrite-strings]
  660 |   errors->log(2, "init", "looking for map images to be created...");
      |                          ^~~~~~~~~~~~~~~~~~~~~~~~~~~~~~~~~~~~~~~~~
src/gsmain.cpp: In member function ‘void gsMain::exit()’:
src/gsmain.cpp:678:16: warning: ISO C++ forbids converting a string constant to ‘char*’ [-Wwrite-strings]
  678 | errors->log(2, "game", "removing timer");
      |                ^~~~~~
src/gsmain.cpp:678:24: warning: ISO C++ forbids converting a string constant to ‘char*’ [-Wwrite-strings]
  678 | errors->log(2, "game", "removing timer");
      |                        ^~~~~~~~~~~~~~~~
src/gsmain.cpp:681:16: warning: ISO C++ forbids converting a string constant to ‘char*’ [-Wwrite-strings]
  681 | errors->log(2, "game", "unloading datafiles");
      |                ^~~~~~
src/gsmain.cpp:681:24: warning: ISO C++ forbids converting a string constant to ‘char*’ [-Wwrite-strings]
  681 | errors->log(2, "game", "unloading datafiles");
      |                        ^~~~~~~~~~~~~~~~~~~~~
src/gsmain.cpp:682:3: warning: this ‘if’ clause does not guard... [-Wmisleading-indentation]
  682 |   if (globals->menudat) unload_datafile(globals->menudat); globals->menudat = NULL;
      |   ^~
src/gsmain.cpp:682:60: note: ...this statement, but the latter is misleadingly indented as if it were guarded by the ‘if’
  682 |   if (globals->menudat) unload_datafile(globals->menudat); globals->menudat = NULL;
      |                                                            ^~~~~~~
src/gsmain.cpp:683:3: warning: this ‘if’ clause does not guard... [-Wmisleading-indentation]
  683 |   if (globals->gamedat) unload_datafile(globals->gamedat); globals->gamedat = NULL;
      |   ^~
src/gsmain.cpp:683:60: note: ...this statement, but the latter is misleadingly indented as if it were guarded by the ‘if’
  683 |   if (globals->gamedat) unload_datafile(globals->gamedat); globals->gamedat = NULL;
      |                                                            ^~~~~~~
src/gsmain.cpp:684:3: warning: this ‘if’ clause does not guard... [-Wmisleading-indentation]
  684 |   if (globals->shipdat) unload_datafile(globals->shipdat); globals->shipdat = NULL;
      |   ^~
src/gsmain.cpp:684:60: note: ...this statement, but the latter is misleadingly indented as if it were guarded by the ‘if’
  684 |   if (globals->shipdat) unload_datafile(globals->shipdat); globals->shipdat = NULL;
      |                                                            ^~~~~~~
src/gsmain.cpp:685:3: warning: this ‘if’ clause does not guard... [-Wmisleading-indentation]
  685 |   if (globals->fontdat) unload_datafile(globals->fontdat); globals->fontdat = NULL;
      |   ^~
src/gsmain.cpp:685:60: note: ...this statement, but the latter is misleadingly indented as if it were guarded by the ‘if’
  685 |   if (globals->fontdat) unload_datafile(globals->fontdat); globals->fontdat = NULL;
      |                                                            ^~~~~~~
src/gsmain.cpp:687:16: warning: ISO C++ forbids converting a string constant to ‘char*’ [-Wwrite-strings]
  687 | errors->log(2, "game", "destroying sound, net, scripts, clearlist, hiscore");
      |                ^~~~~~
src/gsmain.cpp:687:24: warning: ISO C++ forbids converting a string constant to ‘char*’ [-Wwrite-strings]
  687 | errors->log(2, "game", "destroying sound, net, scripts, clearlist, hiscore");
      |                        ^~~~~~~~~~~~~~~~~~~~~~~~~~~~~~~~~~~~~~~~~~~~~~~~~~~~
src/gsmain.cpp:688:3: warning: this ‘if’ clause does not guard... [-Wmisleading-indentation]
  688 |   if (gsound)        delete(gsound);      gsound = NULL;
      |   ^~
src/gsmain.cpp:688:43: note: ...this statement, but the latter is misleadingly indented as if it were guarded by the ‘if’
  688 |   if (gsound)        delete(gsound);      gsound = NULL;
      |                                           ^~~~~~
src/gsmain.cpp:689:3: warning: this ‘if’ clause does not guard... [-Wmisleading-indentation]
  689 |   if (net)           delete(net);         net = NULL;
      |   ^~
src/gsmain.cpp:689:43: note: ...this statement, but the latter is misleadingly indented as if it were guarded by the ‘if’
  689 |   if (net)           delete(net);         net = NULL;
      |                                           ^~~
src/gsmain.cpp:690:3: warning: this ‘if’ clause does not guard... [-Wmisleading-indentation]
  690 |   if (script)        delete(script);      script = NULL;
      |   ^~
src/gsmain.cpp:690:43: note: ...this statement, but the latter is misleadingly indented as if it were guarded by the ‘if’
  690 |   if (script)        delete(script);      script = NULL;
      |                                           ^~~~~~
src/gsmain.cpp:691:3: warning: this ‘if’ clause does not guard... [-Wmisleading-indentation]
  691 |   if (clearlist)     delete(clearlist);   clearlist = NULL;
      |   ^~
src/gsmain.cpp:691:43: note: ...this statement, but the latter is misleadingly indented as if it were guarded by the ‘if’
  691 |   if (clearlist)     delete(clearlist);   clearlist = NULL;
      |                                           ^~~~~~~~~
src/gsmain.cpp:692:3: warning: this ‘if’ clause does not guard... [-Wmisleading-indentation]
  692 |   if (hiscore)       delete(hiscore);     hiscore = NULL;
      |   ^~
src/gsmain.cpp:692:43: note: ...this statement, but the latter is misleadingly indented as if it were guarded by the ‘if’
  692 |   if (hiscore)       delete(hiscore);     hiscore = NULL;
      |                                           ^~~~~~~
src/gsmain.cpp:695:3: warning: this ‘if’ clause does not guard... [-Wmisleading-indentation]
  695 |   if (replay)        delete(replay);      replay = NULL;
      |   ^~
src/gsmain.cpp:695:43: note: ...this statement, but the latter is misleadingly indented as if it were guarded by the ‘if’
  695 |   if (replay)        delete(replay);      replay = NULL;
      |                                           ^~~~~~
src/gsmain.cpp:698:16: warning: ISO C++ forbids converting a string constant to ‘char*’ [-Wwrite-strings]
  698 | errors->log(2, "game", "destroying errors, language, globals");
      |                ^~~~~~
src/gsmain.cpp:698:24: warning: ISO C++ forbids converting a string constant to ‘char*’ [-Wwrite-strings]
  698 | errors->log(2, "game", "destroying errors, language, globals");
      |                        ^~~~~~~~~~~~~~~~~~~~~~~~~~~~~~~~~~~~~~
src/gsmain.cpp:699:3: warning: this ‘if’ clause does not guard... [-Wmisleading-indentation]
  699 |   if (errors)        delete(errors);      errors = NULL;
      |   ^~
src/gsmain.cpp:699:43: note: ...this statement, but the latter is misleadingly indented as if it were guarded by the ‘if’
  699 |   if (errors)        delete(errors);      errors = NULL;
      |                                           ^~~~~~
src/gsmain.cpp:700:3: warning: this ‘if’ clause does not guard... [-Wmisleading-indentation]
  700 |   if (language)      delete(language);    language = NULL;
      |   ^~
src/gsmain.cpp:700:43: note: ...this statement, but the latter is misleadingly indented as if it were guarded by the ‘if’
  700 |   if (language)      delete(language);    language = NULL;
      |                                           ^~~~~~~~
src/gsmain.cpp:701:3: warning: this ‘if’ clause does not guard... [-Wmisleading-indentation]
  701 |   if (globals)       delete(globals);     globals = NULL;
      |   ^~
src/gsmain.cpp:701:43: note: ...this statement, but the latter is misleadingly indented as if it were guarded by the ‘if’
  701 |   if (globals)       delete(globals);     globals = NULL;
      |                                           ^~~~~~~
src/gsmain.cpp: In member function ‘void gsMain::create_map_image(int)’:
src/gsmain.cpp:731:20: warning: ISO C++ forbids converting a string constant to ‘char*’ [-Wwrite-strings]
  731 |     errors->log(2, "init", "creating map image for map...", get_filename(marpath));
      |                    ^~~~~~
src/gsmain.cpp:731:28: warning: ISO C++ forbids converting a string constant to ‘char*’ [-Wwrite-strings]
  731 |     errors->log(2, "init", "creating map image for map...", get_filename(marpath));
      |                            ^~~~~~~~~~~~~~~~~~~~~~~~~~~~~~~
src/gsmain.cpp:745:24: warning: ISO C++ forbids converting a string constant to ‘char*’ [-Wwrite-strings]
  745 |         errors->log(0, "ERROR", "loading tileset", globals->level_files[levnum].map_style);
      |                        ^~~~~~~
src/gsmain.cpp:745:33: warning: ISO C++ forbids converting a string constant to ‘char*’ [-Wwrite-strings]
  745 |         errors->log(0, "ERROR", "loading tileset", globals->level_files[levnum].map_style);
      |                                 ^~~~~~~~~~~~~~~~~
src/gsmain.cpp:752:22: warning: ISO C++ forbids converting a string constant to ‘char*’ [-Wwrite-strings]
  752 |       errors->log(0, "ERROR", "loading map", marpath);
      |                      ^~~~~~~
src/gsmain.cpp:752:31: warning: ISO C++ forbids converting a string constant to ‘char*’ [-Wwrite-strings]
  752 |       errors->log(0, "ERROR", "loading map", marpath);
      |                               ^~~~~~~~~~~~~
src/gsmain.cpp:761:14: warning: cast to pointer from integer of different size [-Wint-to-pointer-cast]
  761 |         if (!(BLKSTR*)MapGetBlock(xe, ye)->tl)
      |              ^~~~~~~~~~~~~~~~~~~~~~~~~~~~~~~~
src/gsmain.cpp: In member function ‘void gsMain::do_sp_level()’:
src/gsmain.cpp:842:20: warning: ISO C++ forbids converting a string constant to ‘char*’ [-Wwrite-strings]
  842 |     errors->log(0, "FATAL ERROR", splevel->get_error_str());
      |                    ^~~~~~~~~~~~~
src/gsmain.cpp:846:20: warning: ISO C++ forbids converting a string constant to ‘char*’ [-Wwrite-strings]
  846 |     errors->log(2, "Game", "single player level created, starting");
      |                    ^~~~~~
src/gsmain.cpp:846:28: warning: ISO C++ forbids converting a string constant to ‘char*’ [-Wwrite-strings]
  846 |     errors->log(2, "Game", "single player level created, starting");
      |                            ^~~~~~~~~~~~~~~~~~~~~~~~~~~~~~~~~~~~~~~
src/gsmain.cpp:848:20: warning: ISO C++ forbids converting a string constant to ‘char*’ [-Wwrite-strings]
  848 |     errors->log(2, "Game", "single player level done");
      |                    ^~~~~~
src/gsmain.cpp:848:28: warning: ISO C++ forbids converting a string constant to ‘char*’ [-Wwrite-strings]
  848 |     errors->log(2, "Game", "single player level done");
      |                            ^~~~~~~~~~~~~~~~~~~~~~~~~~
src/gsmain.cpp: In member function ‘void gsMain::do_level()’:
src/gsmain.cpp:861:20: warning: ISO C++ forbids converting a string constant to ‘char*’ [-Wwrite-strings]
  861 |     errors->log(0, "FATAL ERROR", level->get_error_str());
      |                    ^~~~~~~~~~~~~
src/gsmain.cpp:865:20: warning: ISO C++ forbids converting a string constant to ‘char*’ [-Wwrite-strings]
  865 |     errors->log(2, "Game", "level created, starting");
      |                    ^~~~~~
src/gsmain.cpp:865:28: warning: ISO C++ forbids converting a string constant to ‘char*’ [-Wwrite-strings]
  865 |     errors->log(2, "Game", "level created, starting");
      |                            ^~~~~~~~~~~~~~~~~~~~~~~~~
src/gsmain.cpp:867:20: warning: ISO C++ forbids converting a string constant to ‘char*’ [-Wwrite-strings]
  867 |     errors->log(2, "Game", "level done");
      |                    ^~~~~~
src/gsmain.cpp:867:28: warning: ISO C++ forbids converting a string constant to ‘char*’ [-Wwrite-strings]
  867 |     errors->log(2, "Game", "level done");
      |                            ^~~~~~~~~~~~
src/gsmain.cpp: In member function ‘void gsMain::do_network_level()’:
src/gsmain.cpp:879:20: warning: ISO C++ forbids converting a string constant to ‘char*’ [-Wwrite-strings]
  879 |     errors->log(0, "FATAL ERROR", nwlevel->get_error_str());
      |                    ^~~~~~~~~~~~~
src/gsmain.cpp:883:20: warning: ISO C++ forbids converting a string constant to ‘char*’ [-Wwrite-strings]
  883 |     errors->log(2, "Game", "network level created, starting");
      |                    ^~~~~~
src/gsmain.cpp:883:28: warning: ISO C++ forbids converting a string constant to ‘char*’ [-Wwrite-strings]
  883 |     errors->log(2, "Game", "network level created, starting");
      |                            ^~~~~~~~~~~~~~~~~~~~~~~~~~~~~~~~~
src/gsmain.cpp:885:20: warning: ISO C++ forbids converting a string constant to ‘char*’ [-Wwrite-strings]
  885 |     errors->log(2, "Game", "network level done");
      |                    ^~~~~~
src/gsmain.cpp:885:28: warning: ISO C++ forbids converting a string constant to ‘char*’ [-Wwrite-strings]
  885 |     errors->log(2, "Game", "network level done");
      |                            ^~~~~~~~~~~~~~~~~~~~
src/network/RakServerInterface.h: At global scope:
src/network/RakServerInterface.h:49:17: warning: ‘UNASSIGNED_PLAYER_ID’ defined but not used [-Wunused-variable]
   49 | static PlayerID UNASSIGNED_PLAYER_ID = {0, 0};
      |                 ^~~~~~~~~~~~~~~~~~~~
Compiling src/gsmap.cpp...
g++ -O2 -Wall -Wextra -std=c++11 -fpermissive -DDIRECT_ASSET_LOADING  -I/usr/include/lua5.4 -I./src -c src/gsmap.cpp -o obj/gsmap.o
In file included from src/gsbullet.h:17,
                 from src/gsplayer.h:17,
                 from src/gsglob.h:22,
                 from src/gsmap.cpp:15:
src/luaclass.h: In member function ‘void Lua::open(int)’:
src/luaclass.h:20:23: warning: unused parameter ‘stacksize’ [-Wunused-parameter]
   20 |         void open(int stacksize = 0)
      |                   ~~~~^~~~~~~~~~~~~
src/luaclass.h: In member function ‘void Lua::setgcthreshold(int)’:
src/luaclass.h:136:33: warning: unused parameter ‘newthreshold’ [-Wunused-parameter]
  136 |         void setgcthreshold(int newthreshold)
      |                             ~~~~^~~~~~~~~~~~
In file included from src/gsmap.cpp:19:
src/gsosd.h: In member function ‘void OsdBitmap::set_dont_save_back(int)’:
src/gsosd.h:150:35: warning: unused parameter ‘n’ [-Wunused-parameter]
  150 |     void   set_dont_save_back(int n)               { dont_save_back = 1; }
      |                               ~~~~^
src/gsmap.cpp: In member function ‘void gsMap::set(BITMAP*, char*, char*)’:
src/gsmap.cpp:62:20: warning: ISO C++ forbids converting a string constant to ‘char*’ [-Wwrite-strings]
   62 |     errors->log(2, "loading map", t, m);
      |                    ^~~~~~~~~~~~~
src/gsmap.cpp: In member function ‘int gsMap::load(char*, char*)’:
src/gsmap.cpp:85:18: warning: ISO C++ forbids converting a string constant to ‘char*’ [-Wwrite-strings]
   85 |   errors->log(2, "loading map", "MapLoad", get_filename(tileset));
      |                  ^~~~~~~~~~~~~
src/gsmap.cpp:85:33: warning: ISO C++ forbids converting a string constant to ‘char*’ [-Wwrite-strings]
   85 |   errors->log(2, "loading map", "MapLoad", get_filename(tileset));
      |                                 ^~~~~~~~~
src/gsmap.cpp:105:24: warning: ISO C++ forbids converting a string constant to ‘char*’ [-Wwrite-strings]
  105 |         errors->log(0, "map load", "ERROR: can't load tileset!", get_filename(tileset));
      |                        ^~~~~~~~~~
src/gsmap.cpp:105:36: warning: ISO C++ forbids converting a string constant to ‘char*’ [-Wwrite-strings]
  105 |         errors->log(0, "map load", "ERROR: can't load tileset!", get_filename(tileset));
      |                                    ^~~~~~~~~~~~~~~~~~~~~~~~~~~~
src/gsmap.cpp:106:25: warning: ISO C++ forbids converting a string constant to ‘char*’ [-Wwrite-strings]
  106 |         errors->er_exit("ERROR: Can't load tileset!", 10);
      |                         ^~~~~~~~~~~~~~~~~~~~~~~~~~~~
src/gsmap.cpp:112:18: warning: ISO C++ forbids converting a string constant to ‘char*’ [-Wwrite-strings]
  112 |   errors->log(2, "Map", "loaded tileset");
      |                  ^~~~~
src/gsmap.cpp:112:25: warning: ISO C++ forbids converting a string constant to ‘char*’ [-Wwrite-strings]
  112 |   errors->log(2, "Map", "loaded tileset");
      |                         ^~~~~~~~~~~~~~~~
src/gsmap.cpp:115:18: warning: ISO C++ forbids converting a string constant to ‘char*’ [-Wwrite-strings]
  115 |   errors->log(2, "loading map", "MapLoadMAR", map);
      |                  ^~~~~~~~~~~~~
src/gsmap.cpp:115:33: warning: ISO C++ forbids converting a string constant to ‘char*’ [-Wwrite-strings]
  115 |   errors->log(2, "loading map", "MapLoadMAR", map);
      |                                 ^~~~~~~~~~~~
src/gsmap.cpp:118:20: warning: ISO C++ forbids converting a string constant to ‘char*’ [-Wwrite-strings]
  118 |     errors->log(0, "map load", "ERROR: can't load map!");
      |                    ^~~~~~~~~~
src/gsmap.cpp:118:32: warning: ISO C++ forbids converting a string constant to ‘char*’ [-Wwrite-strings]
  118 |     errors->log(0, "map load", "ERROR: can't load map!");
      |                                ^~~~~~~~~~~~~~~~~~~~~~~~
src/gsmap.cpp:119:21: warning: ISO C++ forbids converting a string constant to ‘char*’ [-Wwrite-strings]
  119 |     errors->er_exit("ERROR: Can't load map!", 11);
      |                     ^~~~~~~~~~~~~~~~~~~~~~~~
src/gsmap.cpp:121:18: warning: ISO C++ forbids converting a string constant to ‘char*’ [-Wwrite-strings]
  121 |   errors->log(2, "Map", "loaded map");
      |                  ^~~~~
src/gsmap.cpp:121:25: warning: ISO C++ forbids converting a string constant to ‘char*’ [-Wwrite-strings]
  121 |   errors->log(2, "Map", "loaded map");
      |                         ^~~~~~~~~~~~
src/gsmap.cpp: In member function ‘void gsMap::scroll()’:
src/gsmap.cpp:233:7: warning: variable ‘w’ set but not used [-Wunused-but-set-variable]
  233 |   int w,h,px,py;
      |       ^
src/gsmap.cpp:233:9: warning: variable ‘h’ set but not used [-Wunused-but-set-variable]
  233 |   int w,h,px,py;
      |         ^
src/gsmap.cpp: In member function ‘int gsMap::find_path(int, int, int, int)’:
src/gsmap.cpp:560:7: warning: suggest braces around empty body in an ‘else’ statement [-Wempty-body]
  560 |       ;//errors->log(2, "target is unreachable", targetx, targety);
      |       ^
Compiling src/gsnetcli.cpp...
g++ -O2 -Wall -Wextra -std=c++11 -fpermissive -DDIRECT_ASSET_LOADING  -I/usr/include/lua5.4 -I./src -c src/gsnetcli.cpp -o obj/gsnetcli.o
In file included from src/gsnetw.h:18,
                 from src/gsnetcli.cpp:14:
src/gsnetsrv.h:67:7: warning: extra tokens at end of #endif directive [-Wendif-labels]
   67 | #endif;
      |       ^
In file included from src/gsbullet.h:17,
                 from src/gsplayer.h:17,
                 from src/gsglob.h:22,
                 from src/gsnetcli.cpp:12:
src/luaclass.h: In member function ‘void Lua::open(int)’:
src/luaclass.h:20:23: warning: unused parameter ‘stacksize’ [-Wunused-parameter]
   20 |         void open(int stacksize = 0)
      |                   ~~~~^~~~~~~~~~~~~
src/luaclass.h: In member function ‘void Lua::setgcthreshold(int)’:
src/luaclass.h:136:33: warning: unused parameter ‘newthreshold’ [-Wunused-parameter]
  136 |         void setgcthreshold(int newthreshold)
      |                             ~~~~^~~~~~~~~~~~
In file included from src/gsnetcli.h:16,
                 from src/gsnetw.h:17:
src/network/BitStream.h: In constructor ‘BitStream::BitStream(char*, unsigned int, bool)’:
src/network/BitStream.h:22:61: warning: unused parameter ‘_copyData’ [-Wunused-parameter]
   22 |     BitStream(char* _data, unsigned int lengthInBytes, bool _copyData) : data(_data), numberOfBitsAllocated(lengthInBytes * 8), numberOfBitsUsed(lengthInBytes * 8), readOffset(0), maxLength(lengthInBytes) {}
      |                                                        ~~~~~^~~~~~~~~
src/network/BitStream.h: In member function ‘void BitStream::Write(int)’:
src/network/BitStream.h:25:20: warning: unused parameter ‘data’ [-Wunused-parameter]
   25 |     void Write(int data) {}
      |                ~~~~^~~~
src/network/BitStream.h: In member function ‘void BitStream::Write(unsigned char)’:
src/network/BitStream.h:26:30: warning: unused parameter ‘data’ [-Wunused-parameter]
   26 |     void Write(unsigned char data) {}
      |                ~~~~~~~~~~~~~~^~~~
src/network/BitStream.h: In member function ‘void BitStream::Write(char)’:
src/network/BitStream.h:27:21: warning: unused parameter ‘data’ [-Wunused-parameter]
   27 |     void Write(char data) {}
      |                ~~~~~^~~~
src/network/BitStream.h: In member function ‘void BitStream::Write(char*, unsigned int)’:
src/network/BitStream.h:28:22: warning: unused parameter ‘data’ [-Wunused-parameter]
   28 |     void Write(char* data, const unsigned int length) {}
      |                ~~~~~~^~~~
src/network/BitStream.h:28:47: warning: unused parameter ‘length’ [-Wunused-parameter]
   28 |     void Write(char* data, const unsigned int length) {}
      |                            ~~~~~~~~~~~~~~~~~~~^~~~~~
src/network/BitStream.h: In member function ‘void BitStream::Write(long unsigned int)’:
src/network/BitStream.h:29:30: warning: unused parameter ‘data’ [-Wunused-parameter]
   29 |     void Write(unsigned long data) {}
      |                ~~~~~~~~~~~~~~^~~~
src/network/BitStream.h: In member function ‘void BitStream::Write(float)’:
src/network/BitStream.h:30:22: warning: unused parameter ‘data’ [-Wunused-parameter]
   30 |     void Write(float data) {}
      |                ~~~~~~^~~~
src/network/BitStream.h: In member function ‘void BitStream::Write(bool)’:
src/network/BitStream.h:31:21: warning: unused parameter ‘data’ [-Wunused-parameter]
   31 |     void Write(bool data) {}
      |                ~~~~~^~~~
src/network/BitStream.h: In member function ‘void BitStream::Read(char*&, unsigned int)’:
src/network/BitStream.h:42:22: warning: unused parameter ‘data’ [-Wunused-parameter]
   42 |     void Read(char* &data, const unsigned int length) {}
      |               ~~~~~~~^~~~
src/network/BitStream.h:42:47: warning: unused parameter ‘length’ [-Wunused-parameter]
   42 |     void Read(char* &data, const unsigned int length) {}
      |                            ~~~~~~~~~~~~~~~~~~~^~~~~~
src/network/BitStream.h: In member function ‘void BitStream::Read(const char*&, unsigned int)’:
src/network/BitStream.h:43:28: warning: unused parameter ‘data’ [-Wunused-parameter]
   43 |     void Read(const char* &data, const unsigned int length) {}
      |               ~~~~~~~~~~~~~^~~~
src/network/BitStream.h:43:53: warning: unused parameter ‘length’ [-Wunused-parameter]
   43 |     void Read(const char* &data, const unsigned int length) {}
      |                                  ~~~~~~~~~~~~~~~~~~~^~~~~~
src/network/BitStream.h: In member function ‘void BitStream::Read(void*, unsigned int)’:
src/network/BitStream.h:44:21: warning: unused parameter ‘data’ [-Wunused-parameter]
   44 |     void Read(void* data, const unsigned int length) {}
      |               ~~~~~~^~~~
src/network/BitStream.h:44:46: warning: unused parameter ‘length’ [-Wunused-parameter]
   44 |     void Read(void* data, const unsigned int length) {}
      |                           ~~~~~~~~~~~~~~~~~~~^~~~~~
src/network/BitStream.h: In member function ‘void BitStream::SetWriteOffset(unsigned int)’:
src/network/BitStream.h:47:38: warning: unused parameter ‘offset’ [-Wunused-parameter]
   47 |     void SetWriteOffset(unsigned int offset) {}
      |                         ~~~~~~~~~~~~~^~~~~~
In file included from src/network/RakNetworkFactory.h:9,
                 from src/gsnetcli.h:17:
src/network/RakClientInterface.h: In member function ‘bool RakClientInterface::Connect(const char*, short unsigned int, const char*, short unsigned int)’:
src/network/RakClientInterface.h:17:30: warning: unused parameter ‘serverIP’ [-Wunused-parameter]
   17 |     bool Connect(const char* serverIP, unsigned short serverPort, const char* clientIP, unsigned short clientPort) { return false; }
      |                  ~~~~~~~~~~~~^~~~~~~~
src/network/RakClientInterface.h:17:55: warning: unused parameter ‘serverPort’ [-Wunused-parameter]
   17 |     bool Connect(const char* serverIP, unsigned short serverPort, const char* clientIP, unsigned short clientPort) { return false; }
      |                                        ~~~~~~~~~~~~~~~^~~~~~~~~~
src/network/RakClientInterface.h:17:79: warning: unused parameter ‘clientIP’ [-Wunused-parameter]
   17 |     bool Connect(const char* serverIP, unsigned short serverPort, const char* clientIP, unsigned short clientPort) { return false; }
      |                                                                   ~~~~~~~~~~~~^~~~~~~~
src/network/RakClientInterface.h:17:104: warning: unused parameter ‘clientPort’ [-Wunused-parameter]
   17 |     bool Connect(const char* serverIP, unsigned short serverPort, const char* clientIP, unsigned short clientPort) { return false; }
      |                                                                                         ~~~~~~~~~~~~~~~^~~~~~~~~~
src/network/RakClientInterface.h: In member function ‘bool RakClientInterface::Connect(const char*, short unsigned int, short unsigned int, unsigned int, int)’:
src/network/RakClientInterface.h:18:30: warning: unused parameter ‘host’ [-Wunused-parameter]
   18 |     bool Connect(const char* host, unsigned short serverPort, unsigned short clientPort, unsigned int connectionValidationInteger, int timeoutMS) { return false; }
      |                  ~~~~~~~~~~~~^~~~
src/network/RakClientInterface.h:18:51: warning: unused parameter ‘serverPort’ [-Wunused-parameter]
   18 |     bool Connect(const char* host, unsigned short serverPort, unsigned short clientPort, unsigned int connectionValidationInteger, int timeoutMS) { return false; }
      |                                    ~~~~~~~~~~~~~~~^~~~~~~~~~
src/network/RakClientInterface.h:18:78: warning: unused parameter ‘clientPort’ [-Wunused-parameter]
   18 |     bool Connect(const char* host, unsigned short serverPort, unsigned short clientPort, unsigned int connectionValidationInteger, int timeoutMS) { return false; }
      |                                                               ~~~~~~~~~~~~~~~^~~~~~~~~~
src/network/RakClientInterface.h:18:103: warning: unused parameter ‘connectionValidationInteger’ [-Wunused-parameter]
   18 |     bool Connect(const char* host, unsigned short serverPort, unsigned short clientPort, unsigned int connectionValidationInteger, int timeoutMS) { return false; }
      |                                                                                          ~~~~~~~~~~~~~^~~~~~~~~~~~~~~~~~~~~~~~~~~
src/network/RakClientInterface.h:18:136: warning: unused parameter ‘timeoutMS’ [-Wunused-parameter]
   18 |     bool Connect(const char* host, unsigned short serverPort, unsigned short clientPort, unsigned int connectionValidationInteger, int timeoutMS) { return false; }
      |                                                                                                                                    ~~~~^~~~~~~~~
src/network/RakClientInterface.h: In member function ‘void RakClientInterface::Disconnect(unsigned int, unsigned char)’:
src/network/RakClientInterface.h:19:34: warning: unused parameter ‘blockDuration’ [-Wunused-parameter]
   19 |     void Disconnect(unsigned int blockDuration = 0, unsigned char orderingChannel = 0) {}
      |                     ~~~~~~~~~~~~~^~~~~~~~~~~~~~~~~
src/network/RakClientInterface.h:19:67: warning: unused parameter ‘orderingChannel’ [-Wunused-parameter]
   19 |     void Disconnect(unsigned int blockDuration = 0, unsigned char orderingChannel = 0) {}
      |                                                     ~~~~~~~~~~~~~~^~~~~~~~~~~~~~~~~~~
src/network/RakClientInterface.h: In member function ‘void RakClientInterface::PingServer(const char*, short unsigned int, short unsigned int)’:
src/network/RakClientInterface.h:21:33: warning: unused parameter ‘host’ [-Wunused-parameter]
   21 |     void PingServer(const char* host, unsigned short remotePort, unsigned short sendPort) {}
      |                     ~~~~~~~~~~~~^~~~
src/network/RakClientInterface.h:21:54: warning: unused parameter ‘remotePort’ [-Wunused-parameter]
   21 |     void PingServer(const char* host, unsigned short remotePort, unsigned short sendPort) {}
      |                                       ~~~~~~~~~~~~~~~^~~~~~~~~~
src/network/RakClientInterface.h:21:81: warning: unused parameter ‘sendPort’ [-Wunused-parameter]
   21 |     void PingServer(const char* host, unsigned short remotePort, unsigned short sendPort) {}
      |                                                                  ~~~~~~~~~~~~~~~^~~~~~~~
src/network/RakClientInterface.h: In member function ‘bool RakClientInterface::Send(const char*, int, unsigned char, char, char, PlayerID, bool)’:
src/network/RakClientInterface.h:25:27: warning: unused parameter ‘data’ [-Wunused-parameter]
   25 |     bool Send(const char* data, int length, unsigned char priority, char reliability, char orderingChannel, PlayerID playerId, bool broadcast) { return true; }
      |               ~~~~~~~~~~~~^~~~
src/network/RakClientInterface.h:25:37: warning: unused parameter ‘length’ [-Wunused-parameter]
   25 |     bool Send(const char* data, int length, unsigned char priority, char reliability, char orderingChannel, PlayerID playerId, bool broadcast) { return true; }
      |                                 ~~~~^~~~~~
src/network/RakClientInterface.h:25:59: warning: unused parameter ‘priority’ [-Wunused-parameter]
   25 |     bool Send(const char* data, int length, unsigned char priority, char reliability, char orderingChannel, PlayerID playerId, bool broadcast) { return true; }
      |                                             ~~~~~~~~~~~~~~^~~~~~~~
src/network/RakClientInterface.h:25:74: warning: unused parameter ‘reliability’ [-Wunused-parameter]
   25 |     bool Send(const char* data, int length, unsigned char priority, char reliability, char orderingChannel, PlayerID playerId, bool broadcast) { return true; }
      |                                                                     ~~~~~^~~~~~~~~~~
src/network/RakClientInterface.h:25:92: warning: unused parameter ‘orderingChannel’ [-Wunused-parameter]
   25 |     bool Send(const char* data, int length, unsigned char priority, char reliability, char orderingChannel, PlayerID playerId, bool broadcast) { return true; }
      |                                                                                       ~~~~~^~~~~~~~~~~~~~~
src/network/RakClientInterface.h:25:118: warning: unused parameter ‘playerId’ [-Wunused-parameter]
   25 |     bool Send(const char* data, int length, unsigned char priority, char reliability, char orderingChannel, PlayerID playerId, bool broadcast) { return true; }
      |                                                                                                             ~~~~~~~~~^~~~~~~~
src/network/RakClientInterface.h:25:133: warning: unused parameter ‘broadcast’ [-Wunused-parameter]
   25 |     bool Send(const char* data, int length, unsigned char priority, char reliability, char orderingChannel, PlayerID playerId, bool broadcast) { return true; }
      |                                                                                                                                ~~~~~^~~~~~~~~
src/network/RakClientInterface.h: In member function ‘bool RakClientInterface::Send(BitStream*, unsigned char, char, char)’:
src/network/RakClientInterface.h:26:32: warning: unused parameter ‘bitStream’ [-Wunused-parameter]
   26 |     bool Send(class BitStream *bitStream, unsigned char priority, char reliability, char orderingChannel) { return true; }
      |               ~~~~~~~~~~~~~~~~~^~~~~~~~~
src/network/RakClientInterface.h:26:57: warning: unused parameter ‘priority’ [-Wunused-parameter]
   26 |     bool Send(class BitStream *bitStream, unsigned char priority, char reliability, char orderingChannel) { return true; }
      |                                           ~~~~~~~~~~~~~~^~~~~~~~
src/network/RakClientInterface.h:26:72: warning: unused parameter ‘reliability’ [-Wunused-parameter]
   26 |     bool Send(class BitStream *bitStream, unsigned char priority, char reliability, char orderingChannel) { return true; }
      |                                                                   ~~~~~^~~~~~~~~~~
src/network/RakClientInterface.h:26:90: warning: unused parameter ‘orderingChannel’ [-Wunused-parameter]
   26 |     bool Send(class BitStream *bitStream, unsigned char priority, char reliability, char orderingChannel) { return true; }
      |                                                                                     ~~~~~^~~~~~~~~~~~~~~
src/network/RakClientInterface.h: In member function ‘void RakClientInterface::PushBackPacket(Packet*, bool)’:
src/network/RakClientInterface.h:27:33: warning: unused parameter ‘packet’ [-Wunused-parameter]
   27 |     void PushBackPacket(Packet* packet, bool pushAtHead) {}
      |                         ~~~~~~~~^~~~~~
src/network/RakClientInterface.h:27:46: warning: unused parameter ‘pushAtHead’ [-Wunused-parameter]
   27 |     void PushBackPacket(Packet* packet, bool pushAtHead) {}
      |                                         ~~~~~^~~~~~~~~~
src/network/RakClientInterface.h: In member function ‘void RakClientInterface::DeallocatePacket(Packet*)’:
src/network/RakClientInterface.h:35:35: warning: unused parameter ‘packet’ [-Wunused-parameter]
   35 |     void DeallocatePacket(Packet *packet) {}
      |                           ~~~~~~~~^~~~~~
src/network/RakClientInterface.h: In member function ‘const char* RakClientInterface::PlayerIDToDottedIP(PlayerID)’:
src/network/RakClientInterface.h:36:45: warning: unused parameter ‘playerId’ [-Wunused-parameter]
   36 |     const char* PlayerIDToDottedIP(PlayerID playerId) { return "0.0.0.0"; }
      |                                    ~~~~~~~~~^~~~~~~~
In file included from src/network/RakNetworkFactory.h:10:
src/network/RakServerInterface.h: In member function ‘bool RakServerInterface::Start(int, int, int, int)’:
src/network/RakServerInterface.h:19:20: warning: unused parameter ‘AllowedPlayers’ [-Wunused-parameter]
   19 |     bool Start(int AllowedPlayers, int connectionValidationInteger, int threadSleepTimer, int port) { return false; }
      |                ~~~~^~~~~~~~~~~~~~
src/network/RakServerInterface.h:19:40: warning: unused parameter ‘connectionValidationInteger’ [-Wunused-parameter]
   19 |     bool Start(int AllowedPlayers, int connectionValidationInteger, int threadSleepTimer, int port) { return false; }
      |                                    ~~~~^~~~~~~~~~~~~~~~~~~~~~~~~~~
src/network/RakServerInterface.h:19:73: warning: unused parameter ‘threadSleepTimer’ [-Wunused-parameter]
   19 |     bool Start(int AllowedPlayers, int connectionValidationInteger, int threadSleepTimer, int port) { return false; }
      |                                                                     ~~~~^~~~~~~~~~~~~~~~
src/network/RakServerInterface.h:19:95: warning: unused parameter ‘port’ [-Wunused-parameter]
   19 |     bool Start(int AllowedPlayers, int connectionValidationInteger, int threadSleepTimer, int port) { return false; }
      |                                                                                           ~~~~^~~~
src/network/RakServerInterface.h: In member function ‘void RakServerInterface::Disconnect(unsigned int, unsigned char)’:
src/network/RakServerInterface.h:20:34: warning: unused parameter ‘blockDuration’ [-Wunused-parameter]
   20 |     void Disconnect(unsigned int blockDuration = 0, unsigned char orderingChannel = 0) {}
      |                     ~~~~~~~~~~~~~^~~~~~~~~~~~~~~~~
src/network/RakServerInterface.h:20:67: warning: unused parameter ‘orderingChannel’ [-Wunused-parameter]
   20 |     void Disconnect(unsigned int blockDuration = 0, unsigned char orderingChannel = 0) {}
      |                                                     ~~~~~~~~~~~~~~^~~~~~~~~~~~~~~~~~~
src/network/RakServerInterface.h: In member function ‘bool RakServerInterface::Send(const char*, int, unsigned char, char, char, PlayerID, bool)’:
src/network/RakServerInterface.h:21:27: warning: unused parameter ‘data’ [-Wunused-parameter]
   21 |     bool Send(const char* data, int length, unsigned char priority, char reliability, char orderingChannel, PlayerID playerId, bool broadcast) { return true; }
      |               ~~~~~~~~~~~~^~~~
src/network/RakServerInterface.h:21:37: warning: unused parameter ‘length’ [-Wunused-parameter]
   21 |     bool Send(const char* data, int length, unsigned char priority, char reliability, char orderingChannel, PlayerID playerId, bool broadcast) { return true; }
      |                                 ~~~~^~~~~~
src/network/RakServerInterface.h:21:59: warning: unused parameter ‘priority’ [-Wunused-parameter]
   21 |     bool Send(const char* data, int length, unsigned char priority, char reliability, char orderingChannel, PlayerID playerId, bool broadcast) { return true; }
      |                                             ~~~~~~~~~~~~~~^~~~~~~~
src/network/RakServerInterface.h:21:74: warning: unused parameter ‘reliability’ [-Wunused-parameter]
   21 |     bool Send(const char* data, int length, unsigned char priority, char reliability, char orderingChannel, PlayerID playerId, bool broadcast) { return true; }
      |                                                                     ~~~~~^~~~~~~~~~~
src/network/RakServerInterface.h:21:92: warning: unused parameter ‘orderingChannel’ [-Wunused-parameter]
   21 |     bool Send(const char* data, int length, unsigned char priority, char reliability, char orderingChannel, PlayerID playerId, bool broadcast) { return true; }
      |                                                                                       ~~~~~^~~~~~~~~~~~~~~
src/network/RakServerInterface.h:21:118: warning: unused parameter ‘playerId’ [-Wunused-parameter]
   21 |     bool Send(const char* data, int length, unsigned char priority, char reliability, char orderingChannel, PlayerID playerId, bool broadcast) { return true; }
      |                                                                                                             ~~~~~~~~~^~~~~~~~
src/network/RakServerInterface.h:21:133: warning: unused parameter ‘broadcast’ [-Wunused-parameter]
   21 |     bool Send(const char* data, int length, unsigned char priority, char reliability, char orderingChannel, PlayerID playerId, bool broadcast) { return true; }
      |                                                                                                                                ~~~~~^~~~~~~~~
src/network/RakServerInterface.h: In member function ‘bool RakServerInterface::Send(BitStream*, unsigned char, char, char, PlayerID, bool)’:
src/network/RakServerInterface.h:22:32: warning: unused parameter ‘bitStream’ [-Wunused-parameter]
   22 |     bool Send(class BitStream *bitStream, unsigned char priority, char reliability, char orderingChannel, PlayerID playerId, bool broadcast) { return true; }
      |               ~~~~~~~~~~~~~~~~~^~~~~~~~~
src/network/RakServerInterface.h:22:57: warning: unused parameter ‘priority’ [-Wunused-parameter]
   22 |     bool Send(class BitStream *bitStream, unsigned char priority, char reliability, char orderingChannel, PlayerID playerId, bool broadcast) { return true; }
      |                                           ~~~~~~~~~~~~~~^~~~~~~~
src/network/RakServerInterface.h:22:72: warning: unused parameter ‘reliability’ [-Wunused-parameter]
   22 |     bool Send(class BitStream *bitStream, unsigned char priority, char reliability, char orderingChannel, PlayerID playerId, bool broadcast) { return true; }
      |                                                                   ~~~~~^~~~~~~~~~~
src/network/RakServerInterface.h:22:90: warning: unused parameter ‘orderingChannel’ [-Wunused-parameter]
   22 |     bool Send(class BitStream *bitStream, unsigned char priority, char reliability, char orderingChannel, PlayerID playerId, bool broadcast) { return true; }
      |                                                                                     ~~~~~^~~~~~~~~~~~~~~
src/network/RakServerInterface.h:22:116: warning: unused parameter ‘playerId’ [-Wunused-parameter]
   22 |     bool Send(class BitStream *bitStream, unsigned char priority, char reliability, char orderingChannel, PlayerID playerId, bool broadcast) { return true; }
      |                                                                                                           ~~~~~~~~~^~~~~~~~
src/network/RakServerInterface.h:22:131: warning: unused parameter ‘broadcast’ [-Wunused-parameter]
   22 |     bool Send(class BitStream *bitStream, unsigned char priority, char reliability, char orderingChannel, PlayerID playerId, bool broadcast) { return true; }
      |                                                                                                                              ~~~~~^~~~~~~~~
src/network/RakServerInterface.h: In member function ‘void RakServerInterface::PushBackPacket(Packet*, bool)’:
src/network/RakServerInterface.h:23:33: warning: unused parameter ‘packet’ [-Wunused-parameter]
   23 |     void PushBackPacket(Packet* packet, bool pushAtHead) {}
      |                         ~~~~~~~~^~~~~~
src/network/RakServerInterface.h:23:46: warning: unused parameter ‘pushAtHead’ [-Wunused-parameter]
   23 |     void PushBackPacket(Packet* packet, bool pushAtHead) {}
      |                                         ~~~~~^~~~~~~~~~
src/network/RakServerInterface.h: In member function ‘void RakServerInterface::DeallocatePacket(Packet*)’:
src/network/RakServerInterface.h:24:35: warning: unused parameter ‘packet’ [-Wunused-parameter]
   24 |     void DeallocatePacket(Packet* packet) {}
      |                           ~~~~~~~~^~~~~~
src/network/RakServerInterface.h: In member function ‘int RakServerInterface::GetAveragePing(PlayerID)’:
src/network/RakServerInterface.h:25:33: warning: unused parameter ‘playerId’ [-Wunused-parameter]
   25 |     int GetAveragePing(PlayerID playerId) { return 0; }
      |                        ~~~~~~~~~^~~~~~~~
src/network/RakServerInterface.h: In member function ‘int RakServerInterface::GetLastPing(PlayerID)’:
src/network/RakServerInterface.h:26:30: warning: unused parameter ‘playerId’ [-Wunused-parameter]
   26 |     int GetLastPing(PlayerID playerId) { return 0; }
      |                     ~~~~~~~~~^~~~~~~~
src/network/RakServerInterface.h: In member function ‘int RakServerInterface::GetLowestPing(PlayerID)’:
src/network/RakServerInterface.h:27:32: warning: unused parameter ‘playerId’ [-Wunused-parameter]
   27 |     int GetLowestPing(PlayerID playerId) { return 0; }
      |                       ~~~~~~~~~^~~~~~~~
src/network/RakServerInterface.h: In member function ‘void RakServerInterface::Kick(PlayerID)’:
src/network/RakServerInterface.h:28:24: warning: unused parameter ‘playerId’ [-Wunused-parameter]
   28 |     void Kick(PlayerID playerId) {}
      |               ~~~~~~~~~^~~~~~~~
src/network/RakServerInterface.h: In member function ‘void RakServerInterface::SetAllowedPlayers(int)’:
src/network/RakServerInterface.h:31:32: warning: unused parameter ‘maxPlayers’ [-Wunused-parameter]
   31 |     void SetAllowedPlayers(int maxPlayers) {}
      |                            ~~~~^~~~~~~~~~
src/network/RakServerInterface.h: In member function ‘void* RakServerInterface::GetStatistics(PlayerID)’:
src/network/RakServerInterface.h:35:34: warning: unused parameter ‘playerId’ [-Wunused-parameter]
   35 |     void* GetStatistics(PlayerID playerId) { return 0; }
      |                         ~~~~~~~~~^~~~~~~~
src/network/RakNetworkFactory.h: In static member function ‘static void RakNetworkFactory::DestroyRakNetwork(void*)’:
src/network/RakNetworkFactory.h:15:41: warning: unused parameter ‘network’ [-Wunused-parameter]
   15 |     static void DestroyRakNetwork(void* network) {}
      |                                   ~~~~~~^~~~~~~
src/gsnetcli.cpp: In destructor ‘gsNetClient::~gsNetClient()’:
src/gsnetcli.cpp:41:18: warning: ISO C++ forbids converting a string constant to ‘char*’ [-Wwrite-strings]
   41 |   errors->log(2, "network", "client shutdown");
      |                  ^~~~~~~~~
src/gsnetcli.cpp:41:29: warning: ISO C++ forbids converting a string constant to ‘char*’ [-Wwrite-strings]
   41 |   errors->log(2, "network", "client shutdown");
      |                             ^~~~~~~~~~~~~~~~~
src/gsnetcli.cpp: In member function ‘int gsNetClient::connect_to_server(char*)’:
src/gsnetcli.cpp:50:20: warning: ISO C++ forbids converting a string constant to ‘char*’ [-Wwrite-strings]
   50 |     errors->log(1, "network", "error: connection attempt to server failed on initialization");
      |                    ^~~~~~~~~
src/gsnetcli.cpp:50:31: warning: ISO C++ forbids converting a string constant to ‘char*’ [-Wwrite-strings]
   50 |     errors->log(1, "network", "error: connection attempt to server failed on initialization");
      |                               ^~~~~~~~~~~~~~~~~~~~~~~~~~~~~~~~~~~~~~~~~~~~~~~~~~~~~~~~~~~~~~
src/gsnetcli.cpp:55:20: warning: ISO C++ forbids converting a string constant to ‘char*’ [-Wwrite-strings]
   55 |     errors->log(2, "network", "connection attempt to server started", ip);
      |                    ^~~~~~~~~
src/gsnetcli.cpp:55:31: warning: ISO C++ forbids converting a string constant to ‘char*’ [-Wwrite-strings]
   55 |     errors->log(2, "network", "connection attempt to server started", ip);
      |                               ^~~~~~~~~~~~~~~~~~~~~~~~~~~~~~~~~~~~~~
src/gsnetcli.cpp: In member function ‘int gsNetClient::check_connection_attempt()’:
src/gsnetcli.cpp:68:22: warning: ISO C++ forbids converting a string constant to ‘char*’ [-Wwrite-strings]
   68 |       errors->log(2, "network", "client connection to server failed");
      |                      ^~~~~~~~~
src/gsnetcli.cpp:68:33: warning: ISO C++ forbids converting a string constant to ‘char*’ [-Wwrite-strings]
   68 |       errors->log(2, "network", "client connection to server failed");
      |                                 ^~~~~~~~~~~~~~~~~~~~~~~~~~~~~~~~~~~~
src/gsnetcli.cpp:77:24: warning: ISO C++ forbids converting a string constant to ‘char*’ [-Wwrite-strings]
   77 |         errors->log(2, "network", "client successfully connected to server!", interface->GetPlayerID().binaryAddress);
      |                        ^~~~~~~~~
src/gsnetcli.cpp:77:35: warning: ISO C++ forbids converting a string constant to ‘char*’ [-Wwrite-strings]
   77 |         errors->log(2, "network", "client successfully connected to server!", interface->GetPlayerID().binaryAddress);
      |                                   ^~~~~~~~~~~~~~~~~~~~~~~~~~~~~~~~~~~~~~~~~~
src/gsnetcli.cpp:78:24: warning: ISO C++ forbids converting a string constant to ‘char*’ [-Wwrite-strings]
   78 |         errors->log(2, "network", "server id is", interface->GetServerID().binaryAddress);
      |                        ^~~~~~~~~
src/gsnetcli.cpp:78:35: warning: ISO C++ forbids converting a string constant to ‘char*’ [-Wwrite-strings]
   78 |         errors->log(2, "network", "server id is", interface->GetServerID().binaryAddress);
      |                                   ^~~~~~~~~~~~~~
src/gsnetcli.cpp: In member function ‘void gsNetClient::process_unhandled_packet(Packet*, unsigned char)’:
src/gsnetcli.cpp:281:22: warning: ISO C++ forbids converting a string constant to ‘char*’ [-Wwrite-strings]
  281 |       errors->log(2, "net client", "net id", net->get_netplayer(0)->net_id.binaryAddress);
      |                      ^~~~~~~~~~~~
src/gsnetcli.cpp:281:36: warning: ISO C++ forbids converting a string constant to ‘char*’ [-Wwrite-strings]
  281 |       errors->log(2, "net client", "net id", net->get_netplayer(0)->net_id.binaryAddress);
      |                                    ^~~~~~~~
src/gsnetcli.cpp:286:22: warning: ISO C++ forbids converting a string constant to ‘char*’ [-Wwrite-strings]
  286 |       errors->log(2, "net client ip", (char*)interface->PlayerIDToDottedIP(net->get_netplayer(0)->net_id));
      |                      ^~~~~~~~~~~~~~~
src/gsnetcli.cpp:287:22: warning: ISO C++ forbids converting a string constant to ‘char*’ [-Wwrite-strings]
  287 |       errors->log(2, "net server ip", (char*)interface->PlayerIDToDottedIP(packet->playerId));
      |                      ^~~~~~~~~~~~~~~
src/gsnetcli.cpp:460:22: warning: ISO C++ forbids converting a string constant to ‘char*’ [-Wwrite-strings]
  460 |       errors->log(2, "net client", "client got unhandled packet!", packetIdentifier);
      |                      ^~~~~~~~~~~~
src/gsnetcli.cpp:460:36: warning: ISO C++ forbids converting a string constant to ‘char*’ [-Wwrite-strings]
  460 |       errors->log(2, "net client", "client got unhandled packet!", packetIdentifier);
      |                                    ^~~~~~~~~~~~~~~~~~~~~~~~~~~~~~
src/gsnetcli.cpp:269:7: warning: unused variable ‘delay’ [-Wunused-variable]
  269 |   int delay = 0;
      |       ^~~~~
src/gsnetcli.cpp: In member function ‘void gsNetClient::menu_send_our_player_to_server()’:
src/gsnetcli.cpp:490:20: warning: ISO C++ forbids converting a string constant to ‘char*’ [-Wwrite-strings]
  490 |     errors->log(2, "net client", "menu send player failed", ret);
      |                    ^~~~~~~~~~~~
src/gsnetcli.cpp:490:34: warning: ISO C++ forbids converting a string constant to ‘char*’ [-Wwrite-strings]
  490 |     errors->log(2, "net client", "menu send player failed", ret);
      |                                  ^~~~~~~~~~~~~~~~~~~~~~~~~
src/gsnetcli.cpp:492:20: warning: ISO C++ forbids converting a string constant to ‘char*’ [-Wwrite-strings]
  492 |     errors->log(2, "net client", "player sent to server (our_id)", our_id.binaryAddress);
      |                    ^~~~~~~~~~~~
src/gsnetcli.cpp:492:34: warning: ISO C++ forbids converting a string constant to ‘char*’ [-Wwrite-strings]
  492 |     errors->log(2, "net client", "player sent to server (our_id)", our_id.binaryAddress);
      |                                  ^~~~~~~~~~~~~~~~~~~~~~~~~~~~~~~~
src/gsnetcli.cpp: In member function ‘void gsNetClient::menu_send_our_shipfile_to_server()’:
src/gsnetcli.cpp:502:20: warning: ISO C++ forbids converting a string constant to ‘char*’ [-Wwrite-strings]
  502 |     errors->log(2, "net client", "menu send ship file failed", our_id.binaryAddress);
      |                    ^~~~~~~~~~~~
src/gsnetcli.cpp:502:34: warning: ISO C++ forbids converting a string constant to ‘char*’ [-Wwrite-strings]
  502 |     errors->log(2, "net client", "menu send ship file failed", our_id.binaryAddress);
      |                                  ^~~~~~~~~~~~~~~~~~~~~~~~~~~~
src/gsnetcli.cpp:504:20: warning: ISO C++ forbids converting a string constant to ‘char*’ [-Wwrite-strings]
  504 |     errors->log(2, "net client", "ship file sent to server (bytes)", sp.GetNumberOfBytesUsed());
      |                    ^~~~~~~~~~~~
src/gsnetcli.cpp:504:34: warning: ISO C++ forbids converting a string constant to ‘char*’ [-Wwrite-strings]
  504 |     errors->log(2, "net client", "ship file sent to server (bytes)", sp.GetNumberOfBytesUsed());
      |                                  ^~~~~~~~~~~~~~~~~~~~~~~~~~~~~~~~~~
src/gsnetcli.cpp: In member function ‘void gsNetClient::menu_client_receive_player(Packet*)’:
src/gsnetcli.cpp:537:18: warning: ISO C++ forbids converting a string constant to ‘char*’ [-Wwrite-strings]
  537 |   errors->log(2, "net client", "ship created", sender_id.binaryAddress);
      |                  ^~~~~~~~~~~~
src/gsnetcli.cpp:537:32: warning: ISO C++ forbids converting a string constant to ‘char*’ [-Wwrite-strings]
  537 |   errors->log(2, "net client", "ship created", sender_id.binaryAddress);
      |                                ^~~~~~~~~~~~~~
src/gsnetcli.cpp:535:16: warning: unused variable ‘pl’ [-Wunused-variable]
  535 |   gsNetPlayer *pl = net->menu_create_netplayer(tmpname, tmpship, sender_id);
      |                ^~
src/gsnetcli.cpp: In member function ‘void gsNetClient::menu_client_kill_player(Packet*)’:
src/gsnetcli.cpp:552:18: warning: ISO C++ forbids converting a string constant to ‘char*’ [-Wwrite-strings]
  552 |   errors->log(2, "net client", "player deleted", sender_id.binaryAddress / 10000);
      |                  ^~~~~~~~~~~~
src/gsnetcli.cpp:552:32: warning: ISO C++ forbids converting a string constant to ‘char*’ [-Wwrite-strings]
  552 |   errors->log(2, "net client", "player deleted", sender_id.binaryAddress / 10000);
      |                                ^~~~~~~~~~~~~~~~
src/gsnetcli.cpp: In member function ‘void gsNetClient::menu_send_start_game()’:
src/gsnetcli.cpp:557:18: warning: ISO C++ forbids converting a string constant to ‘char*’ [-Wwrite-strings]
  557 |   errors->log(2, "net client", "send ID_MENU_START_GAME");
      |                  ^~~~~~~~~~~~
src/gsnetcli.cpp:557:32: warning: ISO C++ forbids converting a string constant to ‘char*’ [-Wwrite-strings]
  557 |   errors->log(2, "net client", "send ID_MENU_START_GAME");
      |                                ^~~~~~~~~~~~~~~~~~~~~~~~~
src/gsnetcli.cpp: In member function ‘void gsNetClient::game_send_i_am_in()’:
src/gsnetcli.cpp:563:18: warning: ISO C++ forbids converting a string constant to ‘char*’ [-Wwrite-strings]
  563 |   errors->log(2, "net client", "send ID_GAME_I_AM_IN");
      |                  ^~~~~~~~~~~~
src/gsnetcli.cpp:563:32: warning: ISO C++ forbids converting a string constant to ‘char*’ [-Wwrite-strings]
  563 |   errors->log(2, "net client", "send ID_GAME_I_AM_IN");
      |                                ^~~~~~~~~~~~~~~~~~~~~~
src/gsnetcli.cpp: In member function ‘void gsNetClient::menu_client_update_server()’:
src/gsnetcli.cpp:639:7: warning: unused variable ‘ret’ [-Wunused-variable]
  639 |   int ret = interface->Send(&p, MEDIUM_PRIORITY, RELIABLE_ORDERED, 0);
      |       ^~~
src/gsnetcli.cpp: In member function ‘void gsNetClient::game_receive_set_player_home(Packet*)’:
src/gsnetcli.cpp:679:20: warning: ISO C++ forbids converting a string constant to ‘char*’ [-Wwrite-strings]
  679 |     errors->log(1, "net client", "set_player_home ERROR: player with this id does not exist!", player_id.binaryAddress);
      |                    ^~~~~~~~~~~~
src/gsnetcli.cpp:679:34: warning: ISO C++ forbids converting a string constant to ‘char*’ [-Wwrite-strings]
  679 |     errors->log(1, "net client", "set_player_home ERROR: player with this id does not exist!", player_id.binaryAddress);
      |                                  ^~~~~~~~~~~~~~~~~~~~~~~~~~~~~~~~~~~~~~~~~~~~~~~~~~~~~~~~~~~~
src/gsnetcli.cpp:682:18: warning: ISO C++ forbids converting a string constant to ‘char*’ [-Wwrite-strings]
  682 |   errors->log(2, "home coordinates", base, y);
      |                  ^~~~~~~~~~~~~~~~~~
src/gsnetcli.cpp: In member function ‘void gsNetClient::game_receive_add_player(Packet*)’:
src/gsnetcli.cpp:704:18: warning: ISO C++ forbids converting a string constant to ‘char*’ [-Wwrite-strings]
  704 |   errors->log(2, "net client", "game_receive_add_player (player_count)", player_count);
      |                  ^~~~~~~~~~~~
src/gsnetcli.cpp:704:32: warning: ISO C++ forbids converting a string constant to ‘char*’ [-Wwrite-strings]
  704 |   errors->log(2, "net client", "game_receive_add_player (player_count)", player_count);
      |                                ^~~~~~~~~~~~~~~~~~~~~~~~~~~~~~~~~~~~~~~~
src/gsnetcli.cpp:724:22: warning: ISO C++ forbids converting a string constant to ‘char*’ [-Wwrite-strings]
  724 |       errors->log(1, "net client", "ERROR game_receive_add_player: id is not valid!", pid.binaryAddress / 10000);
      |                      ^~~~~~~~~~~~
src/gsnetcli.cpp:724:36: warning: ISO C++ forbids converting a string constant to ‘char*’ [-Wwrite-strings]
  724 |       errors->log(1, "net client", "ERROR game_receive_add_player: id is not valid!", pid.binaryAddress / 10000);
      |                                    ^~~~~~~~~~~~~~~~~~~~~~~~~~~~~~~~~~~~~~~~~~~~~~~~~
src/gsnetcli.cpp:729:22: warning: ISO C++ forbids converting a string constant to ‘char*’ [-Wwrite-strings]
  729 |       errors->log(2, "net client", "game_receive_add_player: player is already in game", pid.binaryAddress / 10000);
      |                      ^~~~~~~~~~~~
src/gsnetcli.cpp:729:36: warning: ISO C++ forbids converting a string constant to ‘char*’ [-Wwrite-strings]
  729 |       errors->log(2, "net client", "game_receive_add_player: player is already in game", pid.binaryAddress / 10000);
      |                                    ^~~~~~~~~~~~~~~~~~~~~~~~~~~~~~~~~~~~~~~~~~~~~~~~~~~~
src/gsnetcli.cpp:737:22: warning: ISO C++ forbids converting a string constant to ‘char*’ [-Wwrite-strings]
  737 |       errors->log(2, "net client", "game_receive_add_player: added player and returned him to his home location", pid.binaryAddress / 10000);
      |                      ^~~~~~~~~~~~
src/gsnetcli.cpp:737:36: warning: ISO C++ forbids converting a string constant to ‘char*’ [-Wwrite-strings]
  737 |       errors->log(2, "net client", "game_receive_add_player: added player and returned him to his home location", pid.binaryAddress / 10000);
      |                                    ^~~~~~~~~~~~~~~~~~~~~~~~~~~~~~~~~~~~~~~~~~~~~~~~~~~~~~~~~~~~~~~~~~~~~~~~~~~~~
src/gsnetcli.cpp:738:22: warning: ISO C++ forbids converting a string constant to ‘char*’ [-Wwrite-strings]
  738 |       errors->log(2, "net client", "home base", base);
      |                      ^~~~~~~~~~~~
src/gsnetcli.cpp:738:36: warning: ISO C++ forbids converting a string constant to ‘char*’ [-Wwrite-strings]
  738 |       errors->log(2, "net client", "home base", base);
      |                                    ^~~~~~~~~~~
src/gsnetcli.cpp:739:22: warning: ISO C++ forbids converting a string constant to ‘char*’ [-Wwrite-strings]
  739 |       errors->log(2, "net client", x, y);
      |                      ^~~~~~~~~~~~
src/network/RakServerInterface.h: At global scope:
src/network/RakServerInterface.h:49:17: warning: ‘UNASSIGNED_PLAYER_ID’ defined but not used [-Wunused-variable]
   49 | static PlayerID UNASSIGNED_PLAYER_ID = {0, 0};
      |                 ^~~~~~~~~~~~~~~~~~~~
src/gsnetcli.cpp: In member function ‘void gsNetClient::menu_client_receive_player(Packet*)’:
src/gsnetcli.cpp:537:58: warning: ‘sender_id.PlayerID::binaryAddress’ is used uninitialized [-Wuninitialized]
  537 |   errors->log(2, "net client", "ship created", sender_id.binaryAddress);
      |                                                ~~~~~~~~~~^~~~~~~~~~~~~
src/gsnetcli.cpp:519:12: note: ‘sender_id’ declared here
  519 |   PlayerID sender_id, server_id;
      |            ^~~~~~~~~
src/gsnetcli.cpp: In member function ‘void gsNetClient::menu_client_kill_player(Packet*)’:
src/gsnetcli.cpp:552:60: warning: ‘sender_id.PlayerID::binaryAddress’ is used uninitialized [-Wuninitialized]
  552 |   errors->log(2, "net client", "player deleted", sender_id.binaryAddress / 10000);
      |                                                  ~~~~~~~~~~^~~~~~~~~~~~~
src/gsnetcli.cpp:542:12: note: ‘sender_id’ declared here
  542 |   PlayerID sender_id;
      |            ^~~~~~~~~
In member function ‘void gsNetClient::menu_client_kill_player(Packet*)’,
    inlined from ‘void gsNetClient::process_unhandled_packet(Packet*, unsigned char)’ at src/gsnetcli.cpp:319:30:
src/gsnetcli.cpp:552:60: warning: ‘sender_id.PlayerID::binaryAddress’ may be used uninitialized [-Wmaybe-uninitialized]
  552 |   errors->log(2, "net client", "player deleted", sender_id.binaryAddress / 10000);
      |                                                  ~~~~~~~~~~^~~~~~~~~~~~~
src/gsnetcli.cpp: In member function ‘void gsNetClient::process_unhandled_packet(Packet*, unsigned char)’:
src/gsnetcli.cpp:542:12: note: ‘sender_id’ declared here
  542 |   PlayerID sender_id;
      |            ^~~~~~~~~
In member function ‘void gsNetClient::game_receive_quit(Packet*)’,
    inlined from ‘void gsNetClient::process_unhandled_packet(Packet*, unsigned char)’ at src/gsnetcli.cpp:347:24:
src/gsnetcli.cpp:771:17: warning: ‘player_id.PlayerID::binaryAddress’ may be used uninitialized [-Wmaybe-uninitialized]
  771 |   if (player_id.binaryAddress == SERVER_BIN_ID)
      |       ~~~~~~~~~~^~~~~~~~~~~~~
src/gsnetcli.cpp: In member function ‘void gsNetClient::process_unhandled_packet(Packet*, unsigned char)’:
src/gsnetcli.cpp:762:12: note: ‘player_id’ declared here
  762 |   PlayerID player_id;
      |            ^~~~~~~~~
src/gsnetcli.cpp: In member function ‘void gsNetClient::game_receive_quit(Packet*)’:
src/gsnetcli.cpp:771:17: warning: ‘player_id.PlayerID::binaryAddress’ is used uninitialized [-Wuninitialized]
  771 |   if (player_id.binaryAddress == SERVER_BIN_ID)
      |       ~~~~~~~~~~^~~~~~~~~~~~~
src/gsnetcli.cpp:762:12: note: ‘player_id’ declared here
  762 |   PlayerID player_id;
      |            ^~~~~~~~~
Compiling src/gsnetsrv.cpp...
g++ -O2 -Wall -Wextra -std=c++11 -fpermissive -DDIRECT_ASSET_LOADING  -I/usr/include/lua5.4 -I./src -c src/gsnetsrv.cpp -o obj/gsnetsrv.o
In file included from src/gsnetw.h:18,
                 from src/gsnetsrv.cpp:14:
src/gsnetsrv.h:67:7: warning: extra tokens at end of #endif directive [-Wendif-labels]
   67 | #endif;
      |       ^
In file included from src/gsbullet.h:17,
                 from src/gsplayer.h:17,
                 from src/gsglob.h:22,
                 from src/gsnetsrv.cpp:12:
src/luaclass.h: In member function ‘void Lua::open(int)’:
src/luaclass.h:20:23: warning: unused parameter ‘stacksize’ [-Wunused-parameter]
   20 |         void open(int stacksize = 0)
      |                   ~~~~^~~~~~~~~~~~~
src/luaclass.h: In member function ‘void Lua::setgcthreshold(int)’:
src/luaclass.h:136:33: warning: unused parameter ‘newthreshold’ [-Wunused-parameter]
  136 |         void setgcthreshold(int newthreshold)
      |                             ~~~~^~~~~~~~~~~~
In file included from src/gsnetcli.h:16,
                 from src/gsnetw.h:17:
src/network/BitStream.h: In constructor ‘BitStream::BitStream(char*, unsigned int, bool)’:
src/network/BitStream.h:22:61: warning: unused parameter ‘_copyData’ [-Wunused-parameter]
   22 |     BitStream(char* _data, unsigned int lengthInBytes, bool _copyData) : data(_data), numberOfBitsAllocated(lengthInBytes * 8), numberOfBitsUsed(lengthInBytes * 8), readOffset(0), maxLength(lengthInBytes) {}
      |                                                        ~~~~~^~~~~~~~~
src/network/BitStream.h: In member function ‘void BitStream::Write(int)’:
src/network/BitStream.h:25:20: warning: unused parameter ‘data’ [-Wunused-parameter]
   25 |     void Write(int data) {}
      |                ~~~~^~~~
src/network/BitStream.h: In member function ‘void BitStream::Write(unsigned char)’:
src/network/BitStream.h:26:30: warning: unused parameter ‘data’ [-Wunused-parameter]
   26 |     void Write(unsigned char data) {}
      |                ~~~~~~~~~~~~~~^~~~
src/network/BitStream.h: In member function ‘void BitStream::Write(char)’:
src/network/BitStream.h:27:21: warning: unused parameter ‘data’ [-Wunused-parameter]
   27 |     void Write(char data) {}
      |                ~~~~~^~~~
src/network/BitStream.h: In member function ‘void BitStream::Write(char*, unsigned int)’:
src/network/BitStream.h:28:22: warning: unused parameter ‘data’ [-Wunused-parameter]
   28 |     void Write(char* data, const unsigned int length) {}
      |                ~~~~~~^~~~
src/network/BitStream.h:28:47: warning: unused parameter ‘length’ [-Wunused-parameter]
   28 |     void Write(char* data, const unsigned int length) {}
      |                            ~~~~~~~~~~~~~~~~~~~^~~~~~
src/network/BitStream.h: In member function ‘void BitStream::Write(long unsigned int)’:
src/network/BitStream.h:29:30: warning: unused parameter ‘data’ [-Wunused-parameter]
   29 |     void Write(unsigned long data) {}
      |                ~~~~~~~~~~~~~~^~~~
src/network/BitStream.h: In member function ‘void BitStream::Write(float)’:
src/network/BitStream.h:30:22: warning: unused parameter ‘data’ [-Wunused-parameter]
   30 |     void Write(float data) {}
      |                ~~~~~~^~~~
src/network/BitStream.h: In member function ‘void BitStream::Write(bool)’:
src/network/BitStream.h:31:21: warning: unused parameter ‘data’ [-Wunused-parameter]
   31 |     void Write(bool data) {}
      |                ~~~~~^~~~
src/network/BitStream.h: In member function ‘void BitStream::Read(char*&, unsigned int)’:
src/network/BitStream.h:42:22: warning: unused parameter ‘data’ [-Wunused-parameter]
   42 |     void Read(char* &data, const unsigned int length) {}
      |               ~~~~~~~^~~~
src/network/BitStream.h:42:47: warning: unused parameter ‘length’ [-Wunused-parameter]
   42 |     void Read(char* &data, const unsigned int length) {}
      |                            ~~~~~~~~~~~~~~~~~~~^~~~~~
src/network/BitStream.h: In member function ‘void BitStream::Read(const char*&, unsigned int)’:
src/network/BitStream.h:43:28: warning: unused parameter ‘data’ [-Wunused-parameter]
   43 |     void Read(const char* &data, const unsigned int length) {}
      |               ~~~~~~~~~~~~~^~~~
src/network/BitStream.h:43:53: warning: unused parameter ‘length’ [-Wunused-parameter]
   43 |     void Read(const char* &data, const unsigned int length) {}
      |                                  ~~~~~~~~~~~~~~~~~~~^~~~~~
src/network/BitStream.h: In member function ‘void BitStream::Read(void*, unsigned int)’:
src/network/BitStream.h:44:21: warning: unused parameter ‘data’ [-Wunused-parameter]
   44 |     void Read(void* data, const unsigned int length) {}
      |               ~~~~~~^~~~
src/network/BitStream.h:44:46: warning: unused parameter ‘length’ [-Wunused-parameter]
   44 |     void Read(void* data, const unsigned int length) {}
      |                           ~~~~~~~~~~~~~~~~~~~^~~~~~
src/network/BitStream.h: In member function ‘void BitStream::SetWriteOffset(unsigned int)’:
src/network/BitStream.h:47:38: warning: unused parameter ‘offset’ [-Wunused-parameter]
   47 |     void SetWriteOffset(unsigned int offset) {}
      |                         ~~~~~~~~~~~~~^~~~~~
In file included from src/network/RakNetworkFactory.h:9,
                 from src/gsnetcli.h:17:
src/network/RakClientInterface.h: In member function ‘bool RakClientInterface::Connect(const char*, short unsigned int, const char*, short unsigned int)’:
src/network/RakClientInterface.h:17:30: warning: unused parameter ‘serverIP’ [-Wunused-parameter]
   17 |     bool Connect(const char* serverIP, unsigned short serverPort, const char* clientIP, unsigned short clientPort) { return false; }
      |                  ~~~~~~~~~~~~^~~~~~~~
src/network/RakClientInterface.h:17:55: warning: unused parameter ‘serverPort’ [-Wunused-parameter]
   17 |     bool Connect(const char* serverIP, unsigned short serverPort, const char* clientIP, unsigned short clientPort) { return false; }
      |                                        ~~~~~~~~~~~~~~~^~~~~~~~~~
src/network/RakClientInterface.h:17:79: warning: unused parameter ‘clientIP’ [-Wunused-parameter]
   17 |     bool Connect(const char* serverIP, unsigned short serverPort, const char* clientIP, unsigned short clientPort) { return false; }
      |                                                                   ~~~~~~~~~~~~^~~~~~~~
src/network/RakClientInterface.h:17:104: warning: unused parameter ‘clientPort’ [-Wunused-parameter]
   17 |     bool Connect(const char* serverIP, unsigned short serverPort, const char* clientIP, unsigned short clientPort) { return false; }
      |                                                                                         ~~~~~~~~~~~~~~~^~~~~~~~~~
src/network/RakClientInterface.h: In member function ‘bool RakClientInterface::Connect(const char*, short unsigned int, short unsigned int, unsigned int, int)’:
src/network/RakClientInterface.h:18:30: warning: unused parameter ‘host’ [-Wunused-parameter]
   18 |     bool Connect(const char* host, unsigned short serverPort, unsigned short clientPort, unsigned int connectionValidationInteger, int timeoutMS) { return false; }
      |                  ~~~~~~~~~~~~^~~~
src/network/RakClientInterface.h:18:51: warning: unused parameter ‘serverPort’ [-Wunused-parameter]
   18 |     bool Connect(const char* host, unsigned short serverPort, unsigned short clientPort, unsigned int connectionValidationInteger, int timeoutMS) { return false; }
      |                                    ~~~~~~~~~~~~~~~^~~~~~~~~~
src/network/RakClientInterface.h:18:78: warning: unused parameter ‘clientPort’ [-Wunused-parameter]
   18 |     bool Connect(const char* host, unsigned short serverPort, unsigned short clientPort, unsigned int connectionValidationInteger, int timeoutMS) { return false; }
      |                                                               ~~~~~~~~~~~~~~~^~~~~~~~~~
src/network/RakClientInterface.h:18:103: warning: unused parameter ‘connectionValidationInteger’ [-Wunused-parameter]
   18 |     bool Connect(const char* host, unsigned short serverPort, unsigned short clientPort, unsigned int connectionValidationInteger, int timeoutMS) { return false; }
      |                                                                                          ~~~~~~~~~~~~~^~~~~~~~~~~~~~~~~~~~~~~~~~~
src/network/RakClientInterface.h:18:136: warning: unused parameter ‘timeoutMS’ [-Wunused-parameter]
   18 |     bool Connect(const char* host, unsigned short serverPort, unsigned short clientPort, unsigned int connectionValidationInteger, int timeoutMS) { return false; }
      |                                                                                                                                    ~~~~^~~~~~~~~
src/network/RakClientInterface.h: In member function ‘void RakClientInterface::Disconnect(unsigned int, unsigned char)’:
src/network/RakClientInterface.h:19:34: warning: unused parameter ‘blockDuration’ [-Wunused-parameter]
   19 |     void Disconnect(unsigned int blockDuration = 0, unsigned char orderingChannel = 0) {}
      |                     ~~~~~~~~~~~~~^~~~~~~~~~~~~~~~~
src/network/RakClientInterface.h:19:67: warning: unused parameter ‘orderingChannel’ [-Wunused-parameter]
   19 |     void Disconnect(unsigned int blockDuration = 0, unsigned char orderingChannel = 0) {}
      |                                                     ~~~~~~~~~~~~~~^~~~~~~~~~~~~~~~~~~
src/network/RakClientInterface.h: In member function ‘void RakClientInterface::PingServer(const char*, short unsigned int, short unsigned int)’:
src/network/RakClientInterface.h:21:33: warning: unused parameter ‘host’ [-Wunused-parameter]
   21 |     void PingServer(const char* host, unsigned short remotePort, unsigned short sendPort) {}
      |                     ~~~~~~~~~~~~^~~~
src/network/RakClientInterface.h:21:54: warning: unused parameter ‘remotePort’ [-Wunused-parameter]
   21 |     void PingServer(const char* host, unsigned short remotePort, unsigned short sendPort) {}
      |                                       ~~~~~~~~~~~~~~~^~~~~~~~~~
src/network/RakClientInterface.h:21:81: warning: unused parameter ‘sendPort’ [-Wunused-parameter]
   21 |     void PingServer(const char* host, unsigned short remotePort, unsigned short sendPort) {}
      |                                                                  ~~~~~~~~~~~~~~~^~~~~~~~
src/network/RakClientInterface.h: In member function ‘bool RakClientInterface::Send(const char*, int, unsigned char, char, char, PlayerID, bool)’:
src/network/RakClientInterface.h:25:27: warning: unused parameter ‘data’ [-Wunused-parameter]
   25 |     bool Send(const char* data, int length, unsigned char priority, char reliability, char orderingChannel, PlayerID playerId, bool broadcast) { return true; }
      |               ~~~~~~~~~~~~^~~~
src/network/RakClientInterface.h:25:37: warning: unused parameter ‘length’ [-Wunused-parameter]
   25 |     bool Send(const char* data, int length, unsigned char priority, char reliability, char orderingChannel, PlayerID playerId, bool broadcast) { return true; }
      |                                 ~~~~^~~~~~
src/network/RakClientInterface.h:25:59: warning: unused parameter ‘priority’ [-Wunused-parameter]
   25 |     bool Send(const char* data, int length, unsigned char priority, char reliability, char orderingChannel, PlayerID playerId, bool broadcast) { return true; }
      |                                             ~~~~~~~~~~~~~~^~~~~~~~
src/network/RakClientInterface.h:25:74: warning: unused parameter ‘reliability’ [-Wunused-parameter]
   25 |     bool Send(const char* data, int length, unsigned char priority, char reliability, char orderingChannel, PlayerID playerId, bool broadcast) { return true; }
      |                                                                     ~~~~~^~~~~~~~~~~
src/network/RakClientInterface.h:25:92: warning: unused parameter ‘orderingChannel’ [-Wunused-parameter]
   25 |     bool Send(const char* data, int length, unsigned char priority, char reliability, char orderingChannel, PlayerID playerId, bool broadcast) { return true; }
      |                                                                                       ~~~~~^~~~~~~~~~~~~~~
src/network/RakClientInterface.h:25:118: warning: unused parameter ‘playerId’ [-Wunused-parameter]
   25 |     bool Send(const char* data, int length, unsigned char priority, char reliability, char orderingChannel, PlayerID playerId, bool broadcast) { return true; }
      |                                                                                                             ~~~~~~~~~^~~~~~~~
src/network/RakClientInterface.h:25:133: warning: unused parameter ‘broadcast’ [-Wunused-parameter]
   25 |     bool Send(const char* data, int length, unsigned char priority, char reliability, char orderingChannel, PlayerID playerId, bool broadcast) { return true; }
      |                                                                                                                                ~~~~~^~~~~~~~~
src/network/RakClientInterface.h: In member function ‘bool RakClientInterface::Send(BitStream*, unsigned char, char, char)’:
src/network/RakClientInterface.h:26:32: warning: unused parameter ‘bitStream’ [-Wunused-parameter]
   26 |     bool Send(class BitStream *bitStream, unsigned char priority, char reliability, char orderingChannel) { return true; }
      |               ~~~~~~~~~~~~~~~~~^~~~~~~~~
src/network/RakClientInterface.h:26:57: warning: unused parameter ‘priority’ [-Wunused-parameter]
   26 |     bool Send(class BitStream *bitStream, unsigned char priority, char reliability, char orderingChannel) { return true; }
      |                                           ~~~~~~~~~~~~~~^~~~~~~~
src/network/RakClientInterface.h:26:72: warning: unused parameter ‘reliability’ [-Wunused-parameter]
   26 |     bool Send(class BitStream *bitStream, unsigned char priority, char reliability, char orderingChannel) { return true; }
      |                                                                   ~~~~~^~~~~~~~~~~
src/network/RakClientInterface.h:26:90: warning: unused parameter ‘orderingChannel’ [-Wunused-parameter]
   26 |     bool Send(class BitStream *bitStream, unsigned char priority, char reliability, char orderingChannel) { return true; }
      |                                                                                     ~~~~~^~~~~~~~~~~~~~~
src/network/RakClientInterface.h: In member function ‘void RakClientInterface::PushBackPacket(Packet*, bool)’:
src/network/RakClientInterface.h:27:33: warning: unused parameter ‘packet’ [-Wunused-parameter]
   27 |     void PushBackPacket(Packet* packet, bool pushAtHead) {}
      |                         ~~~~~~~~^~~~~~
src/network/RakClientInterface.h:27:46: warning: unused parameter ‘pushAtHead’ [-Wunused-parameter]
   27 |     void PushBackPacket(Packet* packet, bool pushAtHead) {}
      |                                         ~~~~~^~~~~~~~~~
src/network/RakClientInterface.h: In member function ‘void RakClientInterface::DeallocatePacket(Packet*)’:
src/network/RakClientInterface.h:35:35: warning: unused parameter ‘packet’ [-Wunused-parameter]
   35 |     void DeallocatePacket(Packet *packet) {}
      |                           ~~~~~~~~^~~~~~
src/network/RakClientInterface.h: In member function ‘const char* RakClientInterface::PlayerIDToDottedIP(PlayerID)’:
src/network/RakClientInterface.h:36:45: warning: unused parameter ‘playerId’ [-Wunused-parameter]
   36 |     const char* PlayerIDToDottedIP(PlayerID playerId) { return "0.0.0.0"; }
      |                                    ~~~~~~~~~^~~~~~~~
In file included from src/network/RakNetworkFactory.h:10:
src/network/RakServerInterface.h: In member function ‘bool RakServerInterface::Start(int, int, int, int)’:
src/network/RakServerInterface.h:19:20: warning: unused parameter ‘AllowedPlayers’ [-Wunused-parameter]
   19 |     bool Start(int AllowedPlayers, int connectionValidationInteger, int threadSleepTimer, int port) { return false; }
      |                ~~~~^~~~~~~~~~~~~~
src/network/RakServerInterface.h:19:40: warning: unused parameter ‘connectionValidationInteger’ [-Wunused-parameter]
   19 |     bool Start(int AllowedPlayers, int connectionValidationInteger, int threadSleepTimer, int port) { return false; }
      |                                    ~~~~^~~~~~~~~~~~~~~~~~~~~~~~~~~
src/network/RakServerInterface.h:19:73: warning: unused parameter ‘threadSleepTimer’ [-Wunused-parameter]
   19 |     bool Start(int AllowedPlayers, int connectionValidationInteger, int threadSleepTimer, int port) { return false; }
      |                                                                     ~~~~^~~~~~~~~~~~~~~~
src/network/RakServerInterface.h:19:95: warning: unused parameter ‘port’ [-Wunused-parameter]
   19 |     bool Start(int AllowedPlayers, int connectionValidationInteger, int threadSleepTimer, int port) { return false; }
      |                                                                                           ~~~~^~~~
src/network/RakServerInterface.h: In member function ‘void RakServerInterface::Disconnect(unsigned int, unsigned char)’:
src/network/RakServerInterface.h:20:34: warning: unused parameter ‘blockDuration’ [-Wunused-parameter]
   20 |     void Disconnect(unsigned int blockDuration = 0, unsigned char orderingChannel = 0) {}
      |                     ~~~~~~~~~~~~~^~~~~~~~~~~~~~~~~
src/network/RakServerInterface.h:20:67: warning: unused parameter ‘orderingChannel’ [-Wunused-parameter]
   20 |     void Disconnect(unsigned int blockDuration = 0, unsigned char orderingChannel = 0) {}
      |                                                     ~~~~~~~~~~~~~~^~~~~~~~~~~~~~~~~~~
src/network/RakServerInterface.h: In member function ‘bool RakServerInterface::Send(const char*, int, unsigned char, char, char, PlayerID, bool)’:
src/network/RakServerInterface.h:21:27: warning: unused parameter ‘data’ [-Wunused-parameter]
   21 |     bool Send(const char* data, int length, unsigned char priority, char reliability, char orderingChannel, PlayerID playerId, bool broadcast) { return true; }
      |               ~~~~~~~~~~~~^~~~
src/network/RakServerInterface.h:21:37: warning: unused parameter ‘length’ [-Wunused-parameter]
   21 |     bool Send(const char* data, int length, unsigned char priority, char reliability, char orderingChannel, PlayerID playerId, bool broadcast) { return true; }
      |                                 ~~~~^~~~~~
src/network/RakServerInterface.h:21:59: warning: unused parameter ‘priority’ [-Wunused-parameter]
   21 |     bool Send(const char* data, int length, unsigned char priority, char reliability, char orderingChannel, PlayerID playerId, bool broadcast) { return true; }
      |                                             ~~~~~~~~~~~~~~^~~~~~~~
src/network/RakServerInterface.h:21:74: warning: unused parameter ‘reliability’ [-Wunused-parameter]
   21 |     bool Send(const char* data, int length, unsigned char priority, char reliability, char orderingChannel, PlayerID playerId, bool broadcast) { return true; }
      |                                                                     ~~~~~^~~~~~~~~~~
src/network/RakServerInterface.h:21:92: warning: unused parameter ‘orderingChannel’ [-Wunused-parameter]
   21 |     bool Send(const char* data, int length, unsigned char priority, char reliability, char orderingChannel, PlayerID playerId, bool broadcast) { return true; }
      |                                                                                       ~~~~~^~~~~~~~~~~~~~~
src/network/RakServerInterface.h:21:118: warning: unused parameter ‘playerId’ [-Wunused-parameter]
   21 |     bool Send(const char* data, int length, unsigned char priority, char reliability, char orderingChannel, PlayerID playerId, bool broadcast) { return true; }
      |                                                                                                             ~~~~~~~~~^~~~~~~~
src/network/RakServerInterface.h:21:133: warning: unused parameter ‘broadcast’ [-Wunused-parameter]
   21 |     bool Send(const char* data, int length, unsigned char priority, char reliability, char orderingChannel, PlayerID playerId, bool broadcast) { return true; }
      |                                                                                                                                ~~~~~^~~~~~~~~
src/network/RakServerInterface.h: In member function ‘bool RakServerInterface::Send(BitStream*, unsigned char, char, char, PlayerID, bool)’:
src/network/RakServerInterface.h:22:32: warning: unused parameter ‘bitStream’ [-Wunused-parameter]
   22 |     bool Send(class BitStream *bitStream, unsigned char priority, char reliability, char orderingChannel, PlayerID playerId, bool broadcast) { return true; }
      |               ~~~~~~~~~~~~~~~~~^~~~~~~~~
src/network/RakServerInterface.h:22:57: warning: unused parameter ‘priority’ [-Wunused-parameter]
   22 |     bool Send(class BitStream *bitStream, unsigned char priority, char reliability, char orderingChannel, PlayerID playerId, bool broadcast) { return true; }
      |                                           ~~~~~~~~~~~~~~^~~~~~~~
src/network/RakServerInterface.h:22:72: warning: unused parameter ‘reliability’ [-Wunused-parameter]
   22 |     bool Send(class BitStream *bitStream, unsigned char priority, char reliability, char orderingChannel, PlayerID playerId, bool broadcast) { return true; }
      |                                                                   ~~~~~^~~~~~~~~~~
src/network/RakServerInterface.h:22:90: warning: unused parameter ‘orderingChannel’ [-Wunused-parameter]
   22 |     bool Send(class BitStream *bitStream, unsigned char priority, char reliability, char orderingChannel, PlayerID playerId, bool broadcast) { return true; }
      |                                                                                     ~~~~~^~~~~~~~~~~~~~~
src/network/RakServerInterface.h:22:116: warning: unused parameter ‘playerId’ [-Wunused-parameter]
   22 |     bool Send(class BitStream *bitStream, unsigned char priority, char reliability, char orderingChannel, PlayerID playerId, bool broadcast) { return true; }
      |                                                                                                           ~~~~~~~~~^~~~~~~~
src/network/RakServerInterface.h:22:131: warning: unused parameter ‘broadcast’ [-Wunused-parameter]
   22 |     bool Send(class BitStream *bitStream, unsigned char priority, char reliability, char orderingChannel, PlayerID playerId, bool broadcast) { return true; }
      |                                                                                                                              ~~~~~^~~~~~~~~
src/network/RakServerInterface.h: In member function ‘void RakServerInterface::PushBackPacket(Packet*, bool)’:
src/network/RakServerInterface.h:23:33: warning: unused parameter ‘packet’ [-Wunused-parameter]
   23 |     void PushBackPacket(Packet* packet, bool pushAtHead) {}
      |                         ~~~~~~~~^~~~~~
src/network/RakServerInterface.h:23:46: warning: unused parameter ‘pushAtHead’ [-Wunused-parameter]
   23 |     void PushBackPacket(Packet* packet, bool pushAtHead) {}
      |                                         ~~~~~^~~~~~~~~~
src/network/RakServerInterface.h: In member function ‘void RakServerInterface::DeallocatePacket(Packet*)’:
src/network/RakServerInterface.h:24:35: warning: unused parameter ‘packet’ [-Wunused-parameter]
   24 |     void DeallocatePacket(Packet* packet) {}
      |                           ~~~~~~~~^~~~~~
src/network/RakServerInterface.h: In member function ‘int RakServerInterface::GetAveragePing(PlayerID)’:
src/network/RakServerInterface.h:25:33: warning: unused parameter ‘playerId’ [-Wunused-parameter]
   25 |     int GetAveragePing(PlayerID playerId) { return 0; }
      |                        ~~~~~~~~~^~~~~~~~
src/network/RakServerInterface.h: In member function ‘int RakServerInterface::GetLastPing(PlayerID)’:
src/network/RakServerInterface.h:26:30: warning: unused parameter ‘playerId’ [-Wunused-parameter]
   26 |     int GetLastPing(PlayerID playerId) { return 0; }
      |                     ~~~~~~~~~^~~~~~~~
src/network/RakServerInterface.h: In member function ‘int RakServerInterface::GetLowestPing(PlayerID)’:
src/network/RakServerInterface.h:27:32: warning: unused parameter ‘playerId’ [-Wunused-parameter]
   27 |     int GetLowestPing(PlayerID playerId) { return 0; }
      |                       ~~~~~~~~~^~~~~~~~
src/network/RakServerInterface.h: In member function ‘void RakServerInterface::Kick(PlayerID)’:
src/network/RakServerInterface.h:28:24: warning: unused parameter ‘playerId’ [-Wunused-parameter]
   28 |     void Kick(PlayerID playerId) {}
      |               ~~~~~~~~~^~~~~~~~
src/network/RakServerInterface.h: In member function ‘void RakServerInterface::SetAllowedPlayers(int)’:
src/network/RakServerInterface.h:31:32: warning: unused parameter ‘maxPlayers’ [-Wunused-parameter]
   31 |     void SetAllowedPlayers(int maxPlayers) {}
      |                            ~~~~^~~~~~~~~~
src/network/RakServerInterface.h: In member function ‘void* RakServerInterface::GetStatistics(PlayerID)’:
src/network/RakServerInterface.h:35:34: warning: unused parameter ‘playerId’ [-Wunused-parameter]
   35 |     void* GetStatistics(PlayerID playerId) { return 0; }
      |                         ~~~~~~~~~^~~~~~~~
src/network/RakNetworkFactory.h: In static member function ‘static void RakNetworkFactory::DestroyRakNetwork(void*)’:
src/network/RakNetworkFactory.h:15:41: warning: unused parameter ‘network’ [-Wunused-parameter]
   15 |     static void DestroyRakNetwork(void* network) {}
      |                                   ~~~~~~^~~~~~~
In file included from src/gsnetsrv.cpp:18:
src/network/RakNetStatistics.h: In function ‘void StatisticsToString(RakNetStatisticsStruct*, char*, int)’:
src/network/RakNetStatistics.h:44:74: warning: unused parameter ‘verbosityLevel’ [-Wunused-parameter]
   44 | void StatisticsToString(RakNetStatisticsStruct *stats, char *buffer, int verbosityLevel) {
      |                                                                      ~~~~^~~~~~~~~~~~~~
src/gsnetsrv.cpp: In destructor ‘gsNetServer::~gsNetServer()’:
src/gsnetsrv.cpp:36:18: warning: ISO C++ forbids converting a string constant to ‘char*’ [-Wwrite-strings]
   36 |   errors->log(2, "network", "server shutdown");
      |                  ^~~~~~~~~
src/gsnetsrv.cpp:36:29: warning: ISO C++ forbids converting a string constant to ‘char*’ [-Wwrite-strings]
   36 |   errors->log(2, "network", "server shutdown");
      |                             ^~~~~~~~~~~~~~~~~
src/gsnetsrv.cpp: In member function ‘int gsNetServer::start()’:
src/gsnetsrv.cpp:45:20: warning: ISO C++ forbids converting a string constant to ‘char*’ [-Wwrite-strings]
   45 |     errors->log(1, "network", "error: can't start server");
      |                    ^~~~~~~~~
src/gsnetsrv.cpp:45:31: warning: ISO C++ forbids converting a string constant to ‘char*’ [-Wwrite-strings]
   45 |     errors->log(1, "network", "error: can't start server");
      |                               ^~~~~~~~~~~~~~~~~~~~~~~~~~~
src/gsnetsrv.cpp:50:20: warning: ISO C++ forbids converting a string constant to ‘char*’ [-Wwrite-strings]
   50 |     errors->log(2, "network", "server start successful!");
      |                    ^~~~~~~~~
src/gsnetsrv.cpp:50:31: warning: ISO C++ forbids converting a string constant to ‘char*’ [-Wwrite-strings]
   50 |     errors->log(2, "network", "server start successful!");
      |                               ^~~~~~~~~~~~~~~~~~~~~~~~~~
src/gsnetsrv.cpp: In member function ‘void gsNetServer::process_packets()’:
src/gsnetsrv.cpp:79:20: warning: ISO C++ forbids converting a string constant to ‘char*’ [-Wwrite-strings]
   79 |     errors->log(2, "net server", "ping to client", interface->GetLastPing(net->get_netplayer(1)->net_id));
      |                    ^~~~~~~~~~~~
src/gsnetsrv.cpp:79:34: warning: ISO C++ forbids converting a string constant to ‘char*’ [-Wwrite-strings]
   79 |     errors->log(2, "net server", "ping to client", interface->GetLastPing(net->get_netplayer(1)->net_id));
      |                                  ^~~~~~~~~~~~~~~~
src/gsnetsrv.cpp: In member function ‘void gsNetServer::process_unhandled_packet(Packet*, unsigned char)’:
src/gsnetsrv.cpp:277:22: warning: ISO C++ forbids converting a string constant to ‘char*’ [-Wwrite-strings]
  277 |       errors->log(2, "netplayers", net->get_netplayers());
      |                      ^~~~~~~~~~~~
src/gsnetsrv.cpp:377:22: warning: ISO C++ forbids converting a string constant to ‘char*’ [-Wwrite-strings]
  377 |       errors->log(2, "net server", "server got unhandled packet!", packetIdentifier);
      |                      ^~~~~~~~~~~~
src/gsnetsrv.cpp:377:36: warning: ISO C++ forbids converting a string constant to ‘char*’ [-Wwrite-strings]
  377 |       errors->log(2, "net server", "server got unhandled packet!", packetIdentifier);
      |                                    ^~~~~~~~~~~~~~~~~~~~~~~~~~~~~~
src/gsnetsrv.cpp: In member function ‘void gsNetServer::menu_send_players_to_client(Packet*)’:
src/gsnetsrv.cpp:411:24: warning: ISO C++ forbids converting a string constant to ‘char*’ [-Wwrite-strings]
  411 |         errors->log(2, "net server", "menu send ship failed", ret);
      |                        ^~~~~~~~~~~~
src/gsnetsrv.cpp:411:38: warning: ISO C++ forbids converting a string constant to ‘char*’ [-Wwrite-strings]
  411 |         errors->log(2, "net server", "menu send ship failed", ret);
      |                                      ^~~~~~~~~~~~~~~~~~~~~~~
src/gsnetsrv.cpp:413:24: warning: ISO C++ forbids converting a string constant to ‘char*’ [-Wwrite-strings]
  413 |         errors->log(2, "net server", "ship sent to client", packet->playerId.binaryAddress);
      |                        ^~~~~~~~~~~~
src/gsnetsrv.cpp:413:38: warning: ISO C++ forbids converting a string constant to ‘char*’ [-Wwrite-strings]
  413 |         errors->log(2, "net server", "ship sent to client", packet->playerId.binaryAddress);
      |                                      ^~~~~~~~~~~~~~~~~~~~~
src/gsnetsrv.cpp: In member function ‘void gsNetServer::menu_send_shipfiles_to_client(Packet*)’:
src/gsnetsrv.cpp:428:24: warning: ISO C++ forbids converting a string constant to ‘char*’ [-Wwrite-strings]
  428 |         errors->log(2, "net server", "menu send shipfiles failed", ret);
      |                        ^~~~~~~~~~~~
src/gsnetsrv.cpp:428:38: warning: ISO C++ forbids converting a string constant to ‘char*’ [-Wwrite-strings]
  428 |         errors->log(2, "net server", "menu send shipfiles failed", ret);
      |                                      ^~~~~~~~~~~~~~~~~~~~~~~~~~~~
src/gsnetsrv.cpp:430:24: warning: ISO C++ forbids converting a string constant to ‘char*’ [-Wwrite-strings]
  430 |         errors->log(2, "net server", "shipfiles sent to client", packet->playerId.binaryAddress);
      |                        ^~~~~~~~~~~~
src/gsnetsrv.cpp:430:38: warning: ISO C++ forbids converting a string constant to ‘char*’ [-Wwrite-strings]
  430 |         errors->log(2, "net server", "shipfiles sent to client", packet->playerId.binaryAddress);
      |                                      ^~~~~~~~~~~~~~~~~~~~~~~~~~
src/gsnetsrv.cpp: In member function ‘void gsNetServer::menu_send_our_shipfile_to_clients()’:
src/gsnetsrv.cpp:442:20: warning: ISO C++ forbids converting a string constant to ‘char*’ [-Wwrite-strings]
  442 |     errors->log(2, "net server", "menu send OUR shipfiles failed", ret);
      |                    ^~~~~~~~~~~~
src/gsnetsrv.cpp:442:34: warning: ISO C++ forbids converting a string constant to ‘char*’ [-Wwrite-strings]
  442 |     errors->log(2, "net server", "menu send OUR shipfiles failed", ret);
      |                                  ^~~~~~~~~~~~~~~~~~~~~~~~~~~~~~~~
src/gsnetsrv.cpp:444:20: warning: ISO C++ forbids converting a string constant to ‘char*’ [-Wwrite-strings]
  444 |     errors->log(2, "net server", "OUR shipfiles sent to all clients", ret);
      |                    ^~~~~~~~~~~~
src/gsnetsrv.cpp:444:34: warning: ISO C++ forbids converting a string constant to ‘char*’ [-Wwrite-strings]
  444 |     errors->log(2, "net server", "OUR shipfiles sent to all clients", ret);
      |                                  ^~~~~~~~~~~~~~~~~~~~~~~~~~~~~~~~~~~
src/gsnetsrv.cpp: In member function ‘void gsNetServer::menu_server_receive_player(Packet*)’:
src/gsnetsrv.cpp:467:20: warning: ISO C++ forbids converting a string constant to ‘char*’ [-Wwrite-strings]
  467 |     errors->log(2, "net server", "received player, id was 0, replacing with", packet->playerId.binaryAddress);
      |                    ^~~~~~~~~~~~
src/gsnetsrv.cpp:467:34: warning: ISO C++ forbids converting a string constant to ‘char*’ [-Wwrite-strings]
  467 |     errors->log(2, "net server", "received player, id was 0, replacing with", packet->playerId.binaryAddress);
      |                                  ^~~~~~~~~~~~~~~~~~~~~~~~~~~~~~~~~~~~~~~~~~~
src/gsnetsrv.cpp:478:18: warning: ISO C++ forbids converting a string constant to ‘char*’ [-Wwrite-strings]
  478 |   errors->log(2, "net server", "ship created", packet->playerId.binaryAddress);
      |                  ^~~~~~~~~~~~
src/gsnetsrv.cpp:478:32: warning: ISO C++ forbids converting a string constant to ‘char*’ [-Wwrite-strings]
  478 |   errors->log(2, "net server", "ship created", packet->playerId.binaryAddress);
      |                                ^~~~~~~~~~~~~~
src/gsnetsrv.cpp:476:16: warning: unused variable ‘pl’ [-Wunused-variable]
  476 |   gsNetPlayer *pl = net->menu_create_netplayer(tmpname, tmpship, packet->playerId);
      |                ^~
src/gsnetsrv.cpp: In member function ‘void gsNetServer::menu_server_receive_shipfile(Packet*)’:
src/gsnetsrv.cpp:498:7: warning: unused variable ‘ret’ [-Wunused-variable]
  498 |   int ret = interface->Send((char*)packet->data, packet->length, HIGH_PRIORITY, RELIABLE, 0, packet->playerId, true);
      |       ^~~
src/gsnetsrv.cpp: In member function ‘void gsNetServer::menu_server_kill_player(Packet*)’:
src/gsnetsrv.cpp:506:18: warning: ISO C++ forbids converting a string constant to ‘char*’ [-Wwrite-strings]
  506 |   errors->log(2, "net server", "player deleted", packet->playerId.binaryAddress / 10000);
      |                  ^~~~~~~~~~~~
src/gsnetsrv.cpp:506:32: warning: ISO C++ forbids converting a string constant to ‘char*’ [-Wwrite-strings]
  506 |   errors->log(2, "net server", "player deleted", packet->playerId.binaryAddress / 10000);
      |                                ^~~~~~~~~~~~~~~~
src/gsnetsrv.cpp:514:7: warning: unused variable ‘ret’ [-Wunused-variable]
  514 |   int ret = interface->Send(&p, HIGH_PRIORITY, RELIABLE, 0, packet->playerId, true);
      |       ^~~
src/gsnetsrv.cpp: In member function ‘void gsNetServer::menu_server_update_clients()’:
src/gsnetsrv.cpp:554:7: warning: unused variable ‘ret’ [-Wunused-variable]
  554 |   int ret = interface->Send(&p, MEDIUM_PRIORITY, RELIABLE_ORDERED, 0, UNASSIGNED_PLAYER_ID, true);
      |       ^~~
src/gsnetsrv.cpp: In member function ‘void gsNetServer::game_send_set_player_home(PlayerID, int, int, int)’:
src/gsnetsrv.cpp:606:18: warning: ISO C++ forbids converting a string constant to ‘char*’ [-Wwrite-strings]
  606 |   errors->log(2, "sent home location to client (base num, client id)", base, pid.binaryAddress / 10000);
      |                  ^~~~~~~~~~~~~~~~~~~~~~~~~~~~~~~~~~~~~~~~~~~~~~~~~~~~
src/gsnetsrv.cpp: In member function ‘void gsNetServer::game_server_receive_start_game(Packet*)’:
src/gsnetsrv.cpp:640:24: warning: ISO C++ forbids converting a string constant to ‘char*’ [-Wwrite-strings]
  640 |         errors->log(2, "position", myloc->num, myloc->x);
      |                        ^~~~~~~~~~
src/gsnetsrv.cpp:648:22: warning: ISO C++ forbids converting a string constant to ‘char*’ [-Wwrite-strings]
  648 |       errors->log(1, "net server", "ERROR: no home location available for client!!", packet->playerId.binaryAddress / 10000);
      |                      ^~~~~~~~~~~~
src/gsnetsrv.cpp:648:36: warning: ISO C++ forbids converting a string constant to ‘char*’ [-Wwrite-strings]
  648 |       errors->log(1, "net server", "ERROR: no home location available for client!!", packet->playerId.binaryAddress / 10000);
      |                                    ^~~~~~~~~~~~~~~~~~~~~~~~~~~~~~~~~~~~~~~~~~~~~~~~
src/gsnetsrv.cpp:651:20: warning: ISO C++ forbids converting a string constant to ‘char*’ [-Wwrite-strings]
  651 |     errors->log(1, "net server", "game_server_receive_start_game ERROR: id is not valid!", packet->playerId.binaryAddress);
      |                    ^~~~~~~~~~~~
src/gsnetsrv.cpp:651:34: warning: ISO C++ forbids converting a string constant to ‘char*’ [-Wwrite-strings]
  651 |     errors->log(1, "net server", "game_server_receive_start_game ERROR: id is not valid!", packet->playerId.binaryAddress);
      |                                  ^~~~~~~~~~~~~~~~~~~~~~~~~~~~~~~~~~~~~~~~~~~~~~~~~~~~~~~~
src/gsnetsrv.cpp: In member function ‘void gsNetServer::game_server_receive_i_am_in(Packet*)’:
src/gsnetsrv.cpp:691:24: warning: ISO C++ forbids converting a string constant to ‘char*’ [-Wwrite-strings]
  691 |         errors->log(2, "net server", "receive_i_am_in is sending active player no. pid", pid.binaryAddress / 10000);
      |                        ^~~~~~~~~~~~
src/gsnetsrv.cpp:691:38: warning: ISO C++ forbids converting a string constant to ‘char*’ [-Wwrite-strings]
  691 |         errors->log(2, "net server", "receive_i_am_in is sending active player no. pid", pid.binaryAddress / 10000);
      |                                      ^~~~~~~~~~~~~~~~~~~~~~~~~~~~~~~~~~~~~~~~~~~~~~~~~~
In file included from src/gsnetcli.h:21:
src/network/PacketPriority.h:12:23: warning: invalid conversion from ‘int’ to ‘PacketPriority’ [-fpermissive]
   12 | #define HIGH_PRIORITY 2
      |                       ^
      |                       |
      |                       int
src/gsnetsrv.cpp:696:37: note: in expansion of macro ‘HIGH_PRIORITY’
  696 |     net->send_to_ingame_players(&p, HIGH_PRIORITY, RELIABLE, 0, UNASSIGNED_PLAYER_ID);
      |                                     ^~~~~~~~~~~~~
src/gsnetw.h:189:65: note:   initializing argument 2 of ‘void gsNetwork::send_to_ingame_players(BitStream*, PacketPriority, PacketReliability, char, PlayerID)’
  189 |     void send_to_ingame_players(BitStream *data, PacketPriority priority, PacketReliability reliability, char ordering_channel, PlayerID player_id);
      |                                                  ~~~~~~~~~~~~~~~^~~~~~~~
src/network/PacketPriority.h:16:18: warning: invalid conversion from ‘int’ to ‘PacketReliability’ [-fpermissive]
   16 | #define RELIABLE 1
      |                  ^
      |                  |
      |                  int
src/gsnetsrv.cpp:696:52: note: in expansion of macro ‘RELIABLE’
  696 |     net->send_to_ingame_players(&p, HIGH_PRIORITY, RELIABLE, 0, UNASSIGNED_PLAYER_ID);
      |                                                    ^~~~~~~~
src/gsnetw.h:189:93: note:   initializing argument 3 of ‘void gsNetwork::send_to_ingame_players(BitStream*, PacketPriority, PacketReliability, char, PlayerID)’
  189 |     void send_to_ingame_players(BitStream *data, PacketPriority priority, PacketReliability reliability, char ordering_channel, PlayerID player_id);
      |                                                                           ~~~~~~~~~~~~~~~~~~^~~~~~~~~~~
src/gsnetsrv.cpp:699:20: warning: ISO C++ forbids converting a string constant to ‘char*’ [-Wwrite-strings]
  699 |     errors->log(1, "net server", "game_server_i_am_in ERROR: id is not valid!", packet->playerId.binaryAddress);
      |                    ^~~~~~~~~~~~
src/gsnetsrv.cpp:699:34: warning: ISO C++ forbids converting a string constant to ‘char*’ [-Wwrite-strings]
  699 |     errors->log(1, "net server", "game_server_i_am_in ERROR: id is not valid!", packet->playerId.binaryAddress);
      |                                  ^~~~~~~~~~~~~~~~~~~~~~~~~~~~~~~~~~~~~~~~~~~~~
src/gsnetsrv.cpp: In member function ‘void gsNetServer::game_send_quit()’:
src/network/PacketPriority.h:12:23: warning: invalid conversion from ‘int’ to ‘PacketPriority’ [-fpermissive]
   12 | #define HIGH_PRIORITY 2
      |                       ^
      |                       |
      |                       int
src/gsnetsrv.cpp:713:35: note: in expansion of macro ‘HIGH_PRIORITY’
  713 |   net->send_to_ingame_players(&p, HIGH_PRIORITY, RELIABLE, 0, UNASSIGNED_PLAYER_ID);
      |                                   ^~~~~~~~~~~~~
src/gsnetw.h:189:65: note:   initializing argument 2 of ‘void gsNetwork::send_to_ingame_players(BitStream*, PacketPriority, PacketReliability, char, PlayerID)’
  189 |     void send_to_ingame_players(BitStream *data, PacketPriority priority, PacketReliability reliability, char ordering_channel, PlayerID player_id);
      |                                                  ~~~~~~~~~~~~~~~^~~~~~~~
src/network/PacketPriority.h:16:18: warning: invalid conversion from ‘int’ to ‘PacketReliability’ [-fpermissive]
   16 | #define RELIABLE 1
      |                  ^
      |                  |
      |                  int
src/gsnetsrv.cpp:713:50: note: in expansion of macro ‘RELIABLE’
  713 |   net->send_to_ingame_players(&p, HIGH_PRIORITY, RELIABLE, 0, UNASSIGNED_PLAYER_ID);
      |                                                  ^~~~~~~~
src/gsnetw.h:189:93: note:   initializing argument 3 of ‘void gsNetwork::send_to_ingame_players(BitStream*, PacketPriority, PacketReliability, char, PlayerID)’
  189 |     void send_to_ingame_players(BitStream *data, PacketPriority priority, PacketReliability reliability, char ordering_channel, PlayerID player_id);
      |                                                                           ~~~~~~~~~~~~~~~~~~^~~~~~~~~~~
src/gsnetsrv.cpp: In member function ‘void gsNetServer::game_receive_quit(Packet*)’:
src/network/PacketPriority.h:12:23: warning: invalid conversion from ‘int’ to ‘PacketPriority’ [-fpermissive]
   12 | #define HIGH_PRIORITY 2
      |                       ^
      |                       |
      |                       int
src/gsnetsrv.cpp:732:68: note: in expansion of macro ‘HIGH_PRIORITY’
  732 |   net->send_to_ingame_players((char*)packet->data, packet->length, HIGH_PRIORITY, RELIABLE, 0, packet->playerId);
      |                                                                    ^~~~~~~~~~~~~
src/gsnetw.h:188:79: note:   initializing argument 3 of ‘void gsNetwork::send_to_ingame_players(char*, long int, PacketPriority, PacketReliability, char, PlayerID)’
  188 |     void send_to_ingame_players(char *data, const long length, PacketPriority priority, PacketReliability reliability, char ordering_channel, PlayerID player_id);
      |                                                                ~~~~~~~~~~~~~~~^~~~~~~~
src/network/PacketPriority.h:16:18: warning: invalid conversion from ‘int’ to ‘PacketReliability’ [-fpermissive]
   16 | #define RELIABLE 1
      |                  ^
      |                  |
      |                  int
src/gsnetsrv.cpp:732:83: note: in expansion of macro ‘RELIABLE’
  732 |   net->send_to_ingame_players((char*)packet->data, packet->length, HIGH_PRIORITY, RELIABLE, 0, packet->playerId);
      |                                                                                   ^~~~~~~~
src/gsnetw.h:188:107: note:   initializing argument 4 of ‘void gsNetwork::send_to_ingame_players(char*, long int, PacketPriority, PacketReliability, char, PlayerID)’
  188 |     void send_to_ingame_players(char *data, const long length, PacketPriority priority, PacketReliability reliability, char ordering_channel, PlayerID player_id);
      |                                                                                         ~~~~~~~~~~~~~~~~~~^~~~~~~~~~~
src/gsnetsrv.cpp: In member function ‘void gsNetServer::game_log_netstats(PlayerID)’:
src/gsnetsrv.cpp:753:37: warning: invalid conversion from ‘void*’ to ‘RakNetStatisticsStruct*’ [-fpermissive]
  753 |   mystats = interface->GetStatistics(pid);
      |             ~~~~~~~~~~~~~~~~~~~~~~~~^~~~~
      |                                     |
      |                                     void*
src/gsnetsrv.cpp: In member function ‘void gsNetServer::menu_server_receive_player(Packet*)’:
src/gsnetsrv.cpp:465:3: warning: ‘sender_id.PlayerID::binaryAddress’ is used uninitialized [-Wuninitialized]
  465 |   if (sender_id.binaryAddress == 0)
      |   ^~
src/gsnetsrv.cpp:456:23: note: ‘sender_id.PlayerID::binaryAddress’ was declared here
  456 |   PlayerID server_id, sender_id;
      |                       ^~~~~~~~~
Compiling src/gsnetw.cpp...
g++ -O2 -Wall -Wextra -std=c++11 -fpermissive -DDIRECT_ASSET_LOADING  -I/usr/include/lua5.4 -I./src -c src/gsnetw.cpp -o obj/gsnetw.o
In file included from src/gsnetw.h:18,
                 from src/gsnetw.cpp:12:
src/gsnetsrv.h:67:7: warning: extra tokens at end of #endif directive [-Wendif-labels]
   67 | #endif;
      |       ^
In file included from src/gsnetcli.h:16,
                 from src/gsnetw.h:17:
src/network/BitStream.h: In constructor ‘BitStream::BitStream(char*, unsigned int, bool)’:
src/network/BitStream.h:22:61: warning: unused parameter ‘_copyData’ [-Wunused-parameter]
   22 |     BitStream(char* _data, unsigned int lengthInBytes, bool _copyData) : data(_data), numberOfBitsAllocated(lengthInBytes * 8), numberOfBitsUsed(lengthInBytes * 8), readOffset(0), maxLength(lengthInBytes) {}
      |                                                        ~~~~~^~~~~~~~~
src/network/BitStream.h: In member function ‘void BitStream::Write(int)’:
src/network/BitStream.h:25:20: warning: unused parameter ‘data’ [-Wunused-parameter]
   25 |     void Write(int data) {}
      |                ~~~~^~~~
src/network/BitStream.h: In member function ‘void BitStream::Write(unsigned char)’:
src/network/BitStream.h:26:30: warning: unused parameter ‘data’ [-Wunused-parameter]
   26 |     void Write(unsigned char data) {}
      |                ~~~~~~~~~~~~~~^~~~
src/network/BitStream.h: In member function ‘void BitStream::Write(char)’:
src/network/BitStream.h:27:21: warning: unused parameter ‘data’ [-Wunused-parameter]
   27 |     void Write(char data) {}
      |                ~~~~~^~~~
src/network/BitStream.h: In member function ‘void BitStream::Write(char*, unsigned int)’:
src/network/BitStream.h:28:22: warning: unused parameter ‘data’ [-Wunused-parameter]
   28 |     void Write(char* data, const unsigned int length) {}
      |                ~~~~~~^~~~
src/network/BitStream.h:28:47: warning: unused parameter ‘length’ [-Wunused-parameter]
   28 |     void Write(char* data, const unsigned int length) {}
      |                            ~~~~~~~~~~~~~~~~~~~^~~~~~
src/network/BitStream.h: In member function ‘void BitStream::Write(long unsigned int)’:
src/network/BitStream.h:29:30: warning: unused parameter ‘data’ [-Wunused-parameter]
   29 |     void Write(unsigned long data) {}
      |                ~~~~~~~~~~~~~~^~~~
src/network/BitStream.h: In member function ‘void BitStream::Write(float)’:
src/network/BitStream.h:30:22: warning: unused parameter ‘data’ [-Wunused-parameter]
   30 |     void Write(float data) {}
      |                ~~~~~~^~~~
src/network/BitStream.h: In member function ‘void BitStream::Write(bool)’:
src/network/BitStream.h:31:21: warning: unused parameter ‘data’ [-Wunused-parameter]
   31 |     void Write(bool data) {}
      |                ~~~~~^~~~
src/network/BitStream.h: In member function ‘void BitStream::Read(char*&, unsigned int)’:
src/network/BitStream.h:42:22: warning: unused parameter ‘data’ [-Wunused-parameter]
   42 |     void Read(char* &data, const unsigned int length) {}
      |               ~~~~~~~^~~~
src/network/BitStream.h:42:47: warning: unused parameter ‘length’ [-Wunused-parameter]
   42 |     void Read(char* &data, const unsigned int length) {}
      |                            ~~~~~~~~~~~~~~~~~~~^~~~~~
src/network/BitStream.h: In member function ‘void BitStream::Read(const char*&, unsigned int)’:
src/network/BitStream.h:43:28: warning: unused parameter ‘data’ [-Wunused-parameter]
   43 |     void Read(const char* &data, const unsigned int length) {}
      |               ~~~~~~~~~~~~~^~~~
src/network/BitStream.h:43:53: warning: unused parameter ‘length’ [-Wunused-parameter]
   43 |     void Read(const char* &data, const unsigned int length) {}
      |                                  ~~~~~~~~~~~~~~~~~~~^~~~~~
src/network/BitStream.h: In member function ‘void BitStream::Read(void*, unsigned int)’:
src/network/BitStream.h:44:21: warning: unused parameter ‘data’ [-Wunused-parameter]
   44 |     void Read(void* data, const unsigned int length) {}
      |               ~~~~~~^~~~
src/network/BitStream.h:44:46: warning: unused parameter ‘length’ [-Wunused-parameter]
   44 |     void Read(void* data, const unsigned int length) {}
      |                           ~~~~~~~~~~~~~~~~~~~^~~~~~
src/network/BitStream.h: In member function ‘void BitStream::SetWriteOffset(unsigned int)’:
src/network/BitStream.h:47:38: warning: unused parameter ‘offset’ [-Wunused-parameter]
   47 |     void SetWriteOffset(unsigned int offset) {}
      |                         ~~~~~~~~~~~~~^~~~~~
In file included from src/network/RakNetworkFactory.h:9,
                 from src/gsnetcli.h:17:
src/network/RakClientInterface.h: In member function ‘bool RakClientInterface::Connect(const char*, short unsigned int, const char*, short unsigned int)’:
src/network/RakClientInterface.h:17:30: warning: unused parameter ‘serverIP’ [-Wunused-parameter]
   17 |     bool Connect(const char* serverIP, unsigned short serverPort, const char* clientIP, unsigned short clientPort) { return false; }
      |                  ~~~~~~~~~~~~^~~~~~~~
src/network/RakClientInterface.h:17:55: warning: unused parameter ‘serverPort’ [-Wunused-parameter]
   17 |     bool Connect(const char* serverIP, unsigned short serverPort, const char* clientIP, unsigned short clientPort) { return false; }
      |                                        ~~~~~~~~~~~~~~~^~~~~~~~~~
src/network/RakClientInterface.h:17:79: warning: unused parameter ‘clientIP’ [-Wunused-parameter]
   17 |     bool Connect(const char* serverIP, unsigned short serverPort, const char* clientIP, unsigned short clientPort) { return false; }
      |                                                                   ~~~~~~~~~~~~^~~~~~~~
src/network/RakClientInterface.h:17:104: warning: unused parameter ‘clientPort’ [-Wunused-parameter]
   17 |     bool Connect(const char* serverIP, unsigned short serverPort, const char* clientIP, unsigned short clientPort) { return false; }
      |                                                                                         ~~~~~~~~~~~~~~~^~~~~~~~~~
src/network/RakClientInterface.h: In member function ‘bool RakClientInterface::Connect(const char*, short unsigned int, short unsigned int, unsigned int, int)’:
src/network/RakClientInterface.h:18:30: warning: unused parameter ‘host’ [-Wunused-parameter]
   18 |     bool Connect(const char* host, unsigned short serverPort, unsigned short clientPort, unsigned int connectionValidationInteger, int timeoutMS) { return false; }
      |                  ~~~~~~~~~~~~^~~~
src/network/RakClientInterface.h:18:51: warning: unused parameter ‘serverPort’ [-Wunused-parameter]
   18 |     bool Connect(const char* host, unsigned short serverPort, unsigned short clientPort, unsigned int connectionValidationInteger, int timeoutMS) { return false; }
      |                                    ~~~~~~~~~~~~~~~^~~~~~~~~~
src/network/RakClientInterface.h:18:78: warning: unused parameter ‘clientPort’ [-Wunused-parameter]
   18 |     bool Connect(const char* host, unsigned short serverPort, unsigned short clientPort, unsigned int connectionValidationInteger, int timeoutMS) { return false; }
      |                                                               ~~~~~~~~~~~~~~~^~~~~~~~~~
src/network/RakClientInterface.h:18:103: warning: unused parameter ‘connectionValidationInteger’ [-Wunused-parameter]
   18 |     bool Connect(const char* host, unsigned short serverPort, unsigned short clientPort, unsigned int connectionValidationInteger, int timeoutMS) { return false; }
      |                                                                                          ~~~~~~~~~~~~~^~~~~~~~~~~~~~~~~~~~~~~~~~~
src/network/RakClientInterface.h:18:136: warning: unused parameter ‘timeoutMS’ [-Wunused-parameter]
   18 |     bool Connect(const char* host, unsigned short serverPort, unsigned short clientPort, unsigned int connectionValidationInteger, int timeoutMS) { return false; }
      |                                                                                                                                    ~~~~^~~~~~~~~
src/network/RakClientInterface.h: In member function ‘void RakClientInterface::Disconnect(unsigned int, unsigned char)’:
src/network/RakClientInterface.h:19:34: warning: unused parameter ‘blockDuration’ [-Wunused-parameter]
   19 |     void Disconnect(unsigned int blockDuration = 0, unsigned char orderingChannel = 0) {}
      |                     ~~~~~~~~~~~~~^~~~~~~~~~~~~~~~~
src/network/RakClientInterface.h:19:67: warning: unused parameter ‘orderingChannel’ [-Wunused-parameter]
   19 |     void Disconnect(unsigned int blockDuration = 0, unsigned char orderingChannel = 0) {}
      |                                                     ~~~~~~~~~~~~~~^~~~~~~~~~~~~~~~~~~
src/network/RakClientInterface.h: In member function ‘void RakClientInterface::PingServer(const char*, short unsigned int, short unsigned int)’:
src/network/RakClientInterface.h:21:33: warning: unused parameter ‘host’ [-Wunused-parameter]
   21 |     void PingServer(const char* host, unsigned short remotePort, unsigned short sendPort) {}
      |                     ~~~~~~~~~~~~^~~~
src/network/RakClientInterface.h:21:54: warning: unused parameter ‘remotePort’ [-Wunused-parameter]
   21 |     void PingServer(const char* host, unsigned short remotePort, unsigned short sendPort) {}
      |                                       ~~~~~~~~~~~~~~~^~~~~~~~~~
src/network/RakClientInterface.h:21:81: warning: unused parameter ‘sendPort’ [-Wunused-parameter]
   21 |     void PingServer(const char* host, unsigned short remotePort, unsigned short sendPort) {}
      |                                                                  ~~~~~~~~~~~~~~~^~~~~~~~
src/network/RakClientInterface.h: In member function ‘bool RakClientInterface::Send(const char*, int, unsigned char, char, char, PlayerID, bool)’:
src/network/RakClientInterface.h:25:27: warning: unused parameter ‘data’ [-Wunused-parameter]
   25 |     bool Send(const char* data, int length, unsigned char priority, char reliability, char orderingChannel, PlayerID playerId, bool broadcast) { return true; }
      |               ~~~~~~~~~~~~^~~~
src/network/RakClientInterface.h:25:37: warning: unused parameter ‘length’ [-Wunused-parameter]
   25 |     bool Send(const char* data, int length, unsigned char priority, char reliability, char orderingChannel, PlayerID playerId, bool broadcast) { return true; }
      |                                 ~~~~^~~~~~
src/network/RakClientInterface.h:25:59: warning: unused parameter ‘priority’ [-Wunused-parameter]
   25 |     bool Send(const char* data, int length, unsigned char priority, char reliability, char orderingChannel, PlayerID playerId, bool broadcast) { return true; }
      |                                             ~~~~~~~~~~~~~~^~~~~~~~
src/network/RakClientInterface.h:25:74: warning: unused parameter ‘reliability’ [-Wunused-parameter]
   25 |     bool Send(const char* data, int length, unsigned char priority, char reliability, char orderingChannel, PlayerID playerId, bool broadcast) { return true; }
      |                                                                     ~~~~~^~~~~~~~~~~
src/network/RakClientInterface.h:25:92: warning: unused parameter ‘orderingChannel’ [-Wunused-parameter]
   25 |     bool Send(const char* data, int length, unsigned char priority, char reliability, char orderingChannel, PlayerID playerId, bool broadcast) { return true; }
      |                                                                                       ~~~~~^~~~~~~~~~~~~~~
src/network/RakClientInterface.h:25:118: warning: unused parameter ‘playerId’ [-Wunused-parameter]
   25 |     bool Send(const char* data, int length, unsigned char priority, char reliability, char orderingChannel, PlayerID playerId, bool broadcast) { return true; }
      |                                                                                                             ~~~~~~~~~^~~~~~~~
src/network/RakClientInterface.h:25:133: warning: unused parameter ‘broadcast’ [-Wunused-parameter]
   25 |     bool Send(const char* data, int length, unsigned char priority, char reliability, char orderingChannel, PlayerID playerId, bool broadcast) { return true; }
      |                                                                                                                                ~~~~~^~~~~~~~~
src/network/RakClientInterface.h: In member function ‘bool RakClientInterface::Send(BitStream*, unsigned char, char, char)’:
src/network/RakClientInterface.h:26:32: warning: unused parameter ‘bitStream’ [-Wunused-parameter]
   26 |     bool Send(class BitStream *bitStream, unsigned char priority, char reliability, char orderingChannel) { return true; }
      |               ~~~~~~~~~~~~~~~~~^~~~~~~~~
src/network/RakClientInterface.h:26:57: warning: unused parameter ‘priority’ [-Wunused-parameter]
   26 |     bool Send(class BitStream *bitStream, unsigned char priority, char reliability, char orderingChannel) { return true; }
      |                                           ~~~~~~~~~~~~~~^~~~~~~~
src/network/RakClientInterface.h:26:72: warning: unused parameter ‘reliability’ [-Wunused-parameter]
   26 |     bool Send(class BitStream *bitStream, unsigned char priority, char reliability, char orderingChannel) { return true; }
      |                                                                   ~~~~~^~~~~~~~~~~
src/network/RakClientInterface.h:26:90: warning: unused parameter ‘orderingChannel’ [-Wunused-parameter]
   26 |     bool Send(class BitStream *bitStream, unsigned char priority, char reliability, char orderingChannel) { return true; }
      |                                                                                     ~~~~~^~~~~~~~~~~~~~~
src/network/RakClientInterface.h: In member function ‘void RakClientInterface::PushBackPacket(Packet*, bool)’:
src/network/RakClientInterface.h:27:33: warning: unused parameter ‘packet’ [-Wunused-parameter]
   27 |     void PushBackPacket(Packet* packet, bool pushAtHead) {}
      |                         ~~~~~~~~^~~~~~
src/network/RakClientInterface.h:27:46: warning: unused parameter ‘pushAtHead’ [-Wunused-parameter]
   27 |     void PushBackPacket(Packet* packet, bool pushAtHead) {}
      |                                         ~~~~~^~~~~~~~~~
src/network/RakClientInterface.h: In member function ‘void RakClientInterface::DeallocatePacket(Packet*)’:
src/network/RakClientInterface.h:35:35: warning: unused parameter ‘packet’ [-Wunused-parameter]
   35 |     void DeallocatePacket(Packet *packet) {}
      |                           ~~~~~~~~^~~~~~
src/network/RakClientInterface.h: In member function ‘const char* RakClientInterface::PlayerIDToDottedIP(PlayerID)’:
src/network/RakClientInterface.h:36:45: warning: unused parameter ‘playerId’ [-Wunused-parameter]
   36 |     const char* PlayerIDToDottedIP(PlayerID playerId) { return "0.0.0.0"; }
      |                                    ~~~~~~~~~^~~~~~~~
In file included from src/network/RakNetworkFactory.h:10:
src/network/RakServerInterface.h: In member function ‘bool RakServerInterface::Start(int, int, int, int)’:
src/network/RakServerInterface.h:19:20: warning: unused parameter ‘AllowedPlayers’ [-Wunused-parameter]
   19 |     bool Start(int AllowedPlayers, int connectionValidationInteger, int threadSleepTimer, int port) { return false; }
      |                ~~~~^~~~~~~~~~~~~~
src/network/RakServerInterface.h:19:40: warning: unused parameter ‘connectionValidationInteger’ [-Wunused-parameter]
   19 |     bool Start(int AllowedPlayers, int connectionValidationInteger, int threadSleepTimer, int port) { return false; }
      |                                    ~~~~^~~~~~~~~~~~~~~~~~~~~~~~~~~
src/network/RakServerInterface.h:19:73: warning: unused parameter ‘threadSleepTimer’ [-Wunused-parameter]
   19 |     bool Start(int AllowedPlayers, int connectionValidationInteger, int threadSleepTimer, int port) { return false; }
      |                                                                     ~~~~^~~~~~~~~~~~~~~~
src/network/RakServerInterface.h:19:95: warning: unused parameter ‘port’ [-Wunused-parameter]
   19 |     bool Start(int AllowedPlayers, int connectionValidationInteger, int threadSleepTimer, int port) { return false; }
      |                                                                                           ~~~~^~~~
src/network/RakServerInterface.h: In member function ‘void RakServerInterface::Disconnect(unsigned int, unsigned char)’:
src/network/RakServerInterface.h:20:34: warning: unused parameter ‘blockDuration’ [-Wunused-parameter]
   20 |     void Disconnect(unsigned int blockDuration = 0, unsigned char orderingChannel = 0) {}
      |                     ~~~~~~~~~~~~~^~~~~~~~~~~~~~~~~
src/network/RakServerInterface.h:20:67: warning: unused parameter ‘orderingChannel’ [-Wunused-parameter]
   20 |     void Disconnect(unsigned int blockDuration = 0, unsigned char orderingChannel = 0) {}
      |                                                     ~~~~~~~~~~~~~~^~~~~~~~~~~~~~~~~~~
src/network/RakServerInterface.h: In member function ‘bool RakServerInterface::Send(const char*, int, unsigned char, char, char, PlayerID, bool)’:
src/network/RakServerInterface.h:21:27: warning: unused parameter ‘data’ [-Wunused-parameter]
   21 |     bool Send(const char* data, int length, unsigned char priority, char reliability, char orderingChannel, PlayerID playerId, bool broadcast) { return true; }
      |               ~~~~~~~~~~~~^~~~
src/network/RakServerInterface.h:21:37: warning: unused parameter ‘length’ [-Wunused-parameter]
   21 |     bool Send(const char* data, int length, unsigned char priority, char reliability, char orderingChannel, PlayerID playerId, bool broadcast) { return true; }
      |                                 ~~~~^~~~~~
src/network/RakServerInterface.h:21:59: warning: unused parameter ‘priority’ [-Wunused-parameter]
   21 |     bool Send(const char* data, int length, unsigned char priority, char reliability, char orderingChannel, PlayerID playerId, bool broadcast) { return true; }
      |                                             ~~~~~~~~~~~~~~^~~~~~~~
src/network/RakServerInterface.h:21:74: warning: unused parameter ‘reliability’ [-Wunused-parameter]
   21 |     bool Send(const char* data, int length, unsigned char priority, char reliability, char orderingChannel, PlayerID playerId, bool broadcast) { return true; }
      |                                                                     ~~~~~^~~~~~~~~~~
src/network/RakServerInterface.h:21:92: warning: unused parameter ‘orderingChannel’ [-Wunused-parameter]
   21 |     bool Send(const char* data, int length, unsigned char priority, char reliability, char orderingChannel, PlayerID playerId, bool broadcast) { return true; }
      |                                                                                       ~~~~~^~~~~~~~~~~~~~~
src/network/RakServerInterface.h:21:118: warning: unused parameter ‘playerId’ [-Wunused-parameter]
   21 |     bool Send(const char* data, int length, unsigned char priority, char reliability, char orderingChannel, PlayerID playerId, bool broadcast) { return true; }
      |                                                                                                             ~~~~~~~~~^~~~~~~~
src/network/RakServerInterface.h:21:133: warning: unused parameter ‘broadcast’ [-Wunused-parameter]
   21 |     bool Send(const char* data, int length, unsigned char priority, char reliability, char orderingChannel, PlayerID playerId, bool broadcast) { return true; }
      |                                                                                                                                ~~~~~^~~~~~~~~
src/network/RakServerInterface.h: In member function ‘bool RakServerInterface::Send(BitStream*, unsigned char, char, char, PlayerID, bool)’:
src/network/RakServerInterface.h:22:32: warning: unused parameter ‘bitStream’ [-Wunused-parameter]
   22 |     bool Send(class BitStream *bitStream, unsigned char priority, char reliability, char orderingChannel, PlayerID playerId, bool broadcast) { return true; }
      |               ~~~~~~~~~~~~~~~~~^~~~~~~~~
src/network/RakServerInterface.h:22:57: warning: unused parameter ‘priority’ [-Wunused-parameter]
   22 |     bool Send(class BitStream *bitStream, unsigned char priority, char reliability, char orderingChannel, PlayerID playerId, bool broadcast) { return true; }
      |                                           ~~~~~~~~~~~~~~^~~~~~~~
src/network/RakServerInterface.h:22:72: warning: unused parameter ‘reliability’ [-Wunused-parameter]
   22 |     bool Send(class BitStream *bitStream, unsigned char priority, char reliability, char orderingChannel, PlayerID playerId, bool broadcast) { return true; }
      |                                                                   ~~~~~^~~~~~~~~~~
src/network/RakServerInterface.h:22:90: warning: unused parameter ‘orderingChannel’ [-Wunused-parameter]
   22 |     bool Send(class BitStream *bitStream, unsigned char priority, char reliability, char orderingChannel, PlayerID playerId, bool broadcast) { return true; }
      |                                                                                     ~~~~~^~~~~~~~~~~~~~~
src/network/RakServerInterface.h:22:116: warning: unused parameter ‘playerId’ [-Wunused-parameter]
   22 |     bool Send(class BitStream *bitStream, unsigned char priority, char reliability, char orderingChannel, PlayerID playerId, bool broadcast) { return true; }
      |                                                                                                           ~~~~~~~~~^~~~~~~~
src/network/RakServerInterface.h:22:131: warning: unused parameter ‘broadcast’ [-Wunused-parameter]
   22 |     bool Send(class BitStream *bitStream, unsigned char priority, char reliability, char orderingChannel, PlayerID playerId, bool broadcast) { return true; }
      |                                                                                                                              ~~~~~^~~~~~~~~
src/network/RakServerInterface.h: In member function ‘void RakServerInterface::PushBackPacket(Packet*, bool)’:
src/network/RakServerInterface.h:23:33: warning: unused parameter ‘packet’ [-Wunused-parameter]
   23 |     void PushBackPacket(Packet* packet, bool pushAtHead) {}
      |                         ~~~~~~~~^~~~~~
src/network/RakServerInterface.h:23:46: warning: unused parameter ‘pushAtHead’ [-Wunused-parameter]
   23 |     void PushBackPacket(Packet* packet, bool pushAtHead) {}
      |                                         ~~~~~^~~~~~~~~~
src/network/RakServerInterface.h: In member function ‘void RakServerInterface::DeallocatePacket(Packet*)’:
src/network/RakServerInterface.h:24:35: warning: unused parameter ‘packet’ [-Wunused-parameter]
   24 |     void DeallocatePacket(Packet* packet) {}
      |                           ~~~~~~~~^~~~~~
src/network/RakServerInterface.h: In member function ‘int RakServerInterface::GetAveragePing(PlayerID)’:
src/network/RakServerInterface.h:25:33: warning: unused parameter ‘playerId’ [-Wunused-parameter]
   25 |     int GetAveragePing(PlayerID playerId) { return 0; }
      |                        ~~~~~~~~~^~~~~~~~
src/network/RakServerInterface.h: In member function ‘int RakServerInterface::GetLastPing(PlayerID)’:
src/network/RakServerInterface.h:26:30: warning: unused parameter ‘playerId’ [-Wunused-parameter]
   26 |     int GetLastPing(PlayerID playerId) { return 0; }
      |                     ~~~~~~~~~^~~~~~~~
src/network/RakServerInterface.h: In member function ‘int RakServerInterface::GetLowestPing(PlayerID)’:
src/network/RakServerInterface.h:27:32: warning: unused parameter ‘playerId’ [-Wunused-parameter]
   27 |     int GetLowestPing(PlayerID playerId) { return 0; }
      |                       ~~~~~~~~~^~~~~~~~
src/network/RakServerInterface.h: In member function ‘void RakServerInterface::Kick(PlayerID)’:
src/network/RakServerInterface.h:28:24: warning: unused parameter ‘playerId’ [-Wunused-parameter]
   28 |     void Kick(PlayerID playerId) {}
      |               ~~~~~~~~~^~~~~~~~
src/network/RakServerInterface.h: In member function ‘void RakServerInterface::SetAllowedPlayers(int)’:
src/network/RakServerInterface.h:31:32: warning: unused parameter ‘maxPlayers’ [-Wunused-parameter]
   31 |     void SetAllowedPlayers(int maxPlayers) {}
      |                            ~~~~^~~~~~~~~~
src/network/RakServerInterface.h: In member function ‘void* RakServerInterface::GetStatistics(PlayerID)’:
src/network/RakServerInterface.h:35:34: warning: unused parameter ‘playerId’ [-Wunused-parameter]
   35 |     void* GetStatistics(PlayerID playerId) { return 0; }
      |                         ~~~~~~~~~^~~~~~~~
src/network/RakNetworkFactory.h: In static member function ‘static void RakNetworkFactory::DestroyRakNetwork(void*)’:
src/network/RakNetworkFactory.h:15:41: warning: unused parameter ‘network’ [-Wunused-parameter]
   15 |     static void DestroyRakNetwork(void* network) {}
      |                                   ~~~~~~^~~~~~~
In file included from src/gsbullet.h:17,
                 from src/gsplayer.h:17,
                 from src/gsnetw.h:19:
src/luaclass.h: In member function ‘void Lua::open(int)’:
src/luaclass.h:20:23: warning: unused parameter ‘stacksize’ [-Wunused-parameter]
   20 |         void open(int stacksize = 0)
      |                   ~~~~^~~~~~~~~~~~~
src/luaclass.h: In member function ‘void Lua::setgcthreshold(int)’:
src/luaclass.h:136:33: warning: unused parameter ‘newthreshold’ [-Wunused-parameter]
  136 |         void setgcthreshold(int newthreshold)
      |                             ~~~~^~~~~~~~~~~~
In file included from src/gsenemy.h:19,
                 from src/gsnetw.cpp:21:
src/gsscript.h: At global scope:
src/gsscript.h:43:43: warning: ISO C++ forbids converting a string constant to ‘char*’ [-Wwrite-strings]
   43 |     void  read_level_files(int=0, char *n="");
      |                                           ^~
In file included from src/network/StringCompressor.h:9,
                 from src/gsnetw.cpp:25:
src/network/RakNet.h: In member function ‘void RakNet::StringCompressor::EncodeString(const char*, int, BitStream*)’:
src/network/RakNet.h:23:39: warning: unused parameter ‘input’ [-Wunused-parameter]
   23 |         void EncodeString(const char* input, int maxCharsToWrite, class BitStream *output) {}
      |                           ~~~~~~~~~~~~^~~~~
src/network/RakNet.h:23:50: warning: unused parameter ‘maxCharsToWrite’ [-Wunused-parameter]
   23 |         void EncodeString(const char* input, int maxCharsToWrite, class BitStream *output) {}
      |                                              ~~~~^~~~~~~~~~~~~~~
src/network/RakNet.h:23:84: warning: unused parameter ‘output’ [-Wunused-parameter]
   23 |         void EncodeString(const char* input, int maxCharsToWrite, class BitStream *output) {}
      |                                                                   ~~~~~~~~~~~~~~~~~^~~~~~
src/network/RakNet.h: In member function ‘void RakNet::StringCompressor::DecodeString(char*, int, BitStream*)’:
src/network/RakNet.h:24:33: warning: unused parameter ‘output’ [-Wunused-parameter]
   24 |         void DecodeString(char* output, int maxCharsToRead, class BitStream *input) {}
      |                           ~~~~~~^~~~~~
src/network/RakNet.h:24:45: warning: unused parameter ‘maxCharsToRead’ [-Wunused-parameter]
   24 |         void DecodeString(char* output, int maxCharsToRead, class BitStream *input) {}
      |                                         ~~~~^~~~~~~~~~~~~~
src/network/RakNet.h:24:78: warning: unused parameter ‘input’ [-Wunused-parameter]
   24 |         void DecodeString(char* output, int maxCharsToRead, class BitStream *input) {}
      |                                                             ~~~~~~~~~~~~~~~~~^~~~~
In file included from src/gsnetw.cpp:27:
src/network/UtilityFunctions.h: In function ‘int file_size(const char*)’:
src/network/UtilityFunctions.h:13:34: warning: unused parameter ‘filename’ [-Wunused-parameter]
   13 | inline int file_size(const char* filename) { return 0; }
      |                      ~~~~~~~~~~~~^~~~~~~~
src/network/UtilityFunctions.h: In function ‘void delete_file(const char*)’:
src/network/UtilityFunctions.h:14:37: warning: unused parameter ‘filename’ [-Wunused-parameter]
   14 | inline void delete_file(const char* filename) {}
      |                         ~~~~~~~~~~~~^~~~~~~~
src/network/UtilityFunctions.h: In function ‘char* get_extension(const char*)’:
src/network/UtilityFunctions.h:17:40: warning: unused parameter ‘filename’ [-Wunused-parameter]
   17 | inline char* get_extension(const char* filename) {
      |                            ~~~~~~~~~~~~^~~~~~~~
src/network/UtilityFunctions.h: In function ‘PACKFILE* pack_fopen(const char*, const char*)’:
src/network/UtilityFunctions.h:31:41: warning: unused parameter ‘filename’ [-Wunused-parameter]
   31 | inline PACKFILE* pack_fopen(const char* filename, const char* mode) { return nullptr; }
      |                             ~~~~~~~~~~~~^~~~~~~~
src/network/UtilityFunctions.h:31:63: warning: unused parameter ‘mode’ [-Wunused-parameter]
   31 | inline PACKFILE* pack_fopen(const char* filename, const char* mode) { return nullptr; }
      |                                                   ~~~~~~~~~~~~^~~~
src/network/UtilityFunctions.h: In function ‘int pack_fread(void*, int, int, PACKFILE*)’:
src/network/UtilityFunctions.h:32:29: warning: unused parameter ‘ptr’ [-Wunused-parameter]
   32 | inline int pack_fread(void* ptr, int size, int count, PACKFILE* stream) { return 0; }
      |                       ~~~~~~^~~
src/network/UtilityFunctions.h:32:38: warning: unused parameter ‘size’ [-Wunused-parameter]
   32 | inline int pack_fread(void* ptr, int size, int count, PACKFILE* stream) { return 0; }
      |                                  ~~~~^~~~
src/network/UtilityFunctions.h:32:48: warning: unused parameter ‘count’ [-Wunused-parameter]
   32 | inline int pack_fread(void* ptr, int size, int count, PACKFILE* stream) { return 0; }
      |                                            ~~~~^~~~~
src/network/UtilityFunctions.h:32:65: warning: unused parameter ‘stream’ [-Wunused-parameter]
   32 | inline int pack_fread(void* ptr, int size, int count, PACKFILE* stream) { return 0; }
      |                                                       ~~~~~~~~~~^~~~~~
src/network/UtilityFunctions.h: In function ‘int pack_fclose(PACKFILE*)’:
src/network/UtilityFunctions.h:33:34: warning: unused parameter ‘stream’ [-Wunused-parameter]
   33 | inline int pack_fclose(PACKFILE* stream) { return 0; }
      |                        ~~~~~~~~~~^~~~~~
src/gsnetw.cpp: In member function ‘char* gsChat::get_message(int)’:
src/gsnetw.cpp:70:10: warning: ISO C++ forbids converting a string constant to ‘char*’ [-Wwrite-strings]
   70 |   return "n/a";
      |          ^~~~~
src/gsnetw.cpp: In member function ‘char* gsChat::get_player(int)’:
src/gsnetw.cpp:75:20: warning: the address of ‘ChatMessage::player’ will never be NULL [-Waddress]
   75 |   if (message[num].player) return message[num].player;
      |       ~~~~~~~~~~~~~^~~~~~
src/gsnetw.h:97:9: note: ‘ChatMessage::player’ declared here
   97 |   char  player[20];
      |         ^~~~~~
src/gsnetw.cpp:76:10: warning: ISO C++ forbids converting a string constant to ‘char*’ [-Wwrite-strings]
   76 |   return "n/a";
      |          ^~~~~
src/gsnetw.cpp: In member function ‘char* gsChat::get_message_with_playername(int, char*)’:
src/gsnetw.cpp:86:10: warning: ISO C++ forbids converting a string constant to ‘char*’ [-Wwrite-strings]
   86 |   return "n/a";
      |          ^~~~~
src/gsnetw.cpp: In member function ‘int gsChat::process_commands(char*)’:
src/gsnetw.cpp:114:26: warning: ISO C++ forbids converting a string constant to ‘char*’ [-Wwrite-strings]
  114 |       strrepl(tmp, 1000, "** ", "");
      |                          ^~~~~
src/gsnetw.cpp:114:33: warning: ISO C++ forbids converting a string constant to ‘char*’ [-Wwrite-strings]
  114 |       strrepl(tmp, 1000, "** ", "");
      |                                 ^~
src/gsnetw.cpp: In constructor ‘gsNetwork::gsNetwork()’:
src/gsnetw.cpp:126:18: warning: ISO C++ forbids converting a string constant to ‘char*’ [-Wwrite-strings]
  126 |   errors->log(2, "network", "initialization");
      |                  ^~~~~~~~~
src/gsnetw.cpp:126:29: warning: ISO C++ forbids converting a string constant to ‘char*’ [-Wwrite-strings]
  126 |   errors->log(2, "network", "initialization");
      |                             ^~~~~~~~~~~~~~~~
src/gsnetw.cpp: In member function ‘void gsNetwork::reset()’:
src/gsnetw.cpp:188:18: warning: ISO C++ forbids converting a string constant to ‘char*’ [-Wwrite-strings]
  188 |   errors->log(2, "network", "reset");
      |                  ^~~~~~~~~
src/gsnetw.cpp:188:29: warning: ISO C++ forbids converting a string constant to ‘char*’ [-Wwrite-strings]
  188 |   errors->log(2, "network", "reset");
      |                             ^~~~~~~
src/gsnetw.cpp: In member function ‘void gsNetwork::add_random_chat_message(int, char*, char*, char*, int, int)’:
src/gsnetw.cpp:292:23: warning: ISO C++ forbids converting a string constant to ‘char*’ [-Wwrite-strings]
  292 |   strrepl(mymsg, 500, "%1%", repl1);
      |                       ^~~~~
src/gsnetw.cpp:293:13: warning: comparison with string literal results in unspecified behavior [-Waddress]
  293 |   if (repl2 != "") strrepl(mymsg, 500, "%2%", repl2);
      |       ~~~~~~^~~~~
src/gsnetw.cpp:293:40: warning: ISO C++ forbids converting a string constant to ‘char*’ [-Wwrite-strings]
  293 |   if (repl2 != "") strrepl(mymsg, 500, "%2%", repl2);
      |                                        ^~~~~
src/gsnetw.cpp: In member function ‘void gsNetwork::add_frag_message(char*, char*, int)’:
src/gsnetw.cpp:329:63: warning: ISO C++ forbids converting a string constant to ‘char*’ [-Wwrite-strings]
  329 |   add_random_chat_message(msgnum, mykillername, myplayername, "FRAG", 5, globals->col_white);
      |                                                               ^~~~~~
src/gsnetw.cpp:301:7: warning: unused variable ‘maxmsg’ [-Wunused-variable]
  301 |   int maxmsg = 5;
      |       ^~~~~~
src/gsnetw.cpp: In member function ‘void gsNetwork::create_shipfile_packet(BitStream*, PlayerID)’:
src/gsnetw.cpp:360:20: warning: ISO C++ forbids converting a string constant to ‘char*’ [-Wwrite-strings]
  360 |     errors->log(1, "create_shipfile error", "netplayer with this id does not exist!", player_id.binaryAddress);
      |                    ^~~~~~~~~~~~~~~~~~~~~~~
src/gsnetw.cpp:360:45: warning: ISO C++ forbids converting a string constant to ‘char*’ [-Wwrite-strings]
  360 |     errors->log(1, "create_shipfile error", "netplayer with this id does not exist!", player_id.binaryAddress);
      |                                             ^~~~~~~~~~~~~~~~~~~~~~~~~~~~~~~~~~~~~~~~
src/gsnetw.cpp: In member function ‘void gsNetwork::receive_shipfile(Packet*)’:
src/gsnetw.cpp:518:27: warning: format ‘%lu’ expects argument of type ‘long unsigned int’, but argument 3 has type ‘unsigned int’ [-Wformat=]
  518 |     sprintf(newstr, "tmp%lu.%s", player_id.binaryAddress / 10000, get_extension(shipimg_filename));
      |                         ~~^      ~~~~~~~~~~~~~~~~~~~~~~~~~~~~~~~
      |                           |                              |
      |                           long unsigned int              unsigned int
      |                         %u
src/gsnetw.cpp:522:30: warning: ISO C++ forbids converting a string constant to ‘char*’ [-Wwrite-strings]
  522 |     if (!ret) errors->log(2, "receive ship replace", "ERROR strrepl bailed out!");
      |                              ^~~~~~~~~~~~~~~~~~~~~~
src/gsnetw.cpp:522:54: warning: ISO C++ forbids converting a string constant to ‘char*’ [-Wwrite-strings]
  522 |     if (!ret) errors->log(2, "receive ship replace", "ERROR strrepl bailed out!");
      |                                                      ^~~~~~~~~~~~~~~~~~~~~~~~~~~
src/gsnetw.cpp:542:18: warning: ISO C++ forbids converting a string constant to ‘char*’ [-Wwrite-strings]
  542 |   errors->log(2, "ship file received", tempship_path, shipsize);
      |                  ^~~~~~~~~~~~~~~~~~~~
src/gsnetw.cpp:543:35: warning: ISO C++ forbids converting a string constant to ‘char*’ [-Wwrite-strings]
  543 |   if (shipimgsize) errors->log(2, "ship image received", shipimg_filename, shipimgsize);
      |                                   ^~~~~~~~~~~~~~~~~~~~~
src/gsnetw.cpp:551:20: warning: ISO C++ forbids converting a string constant to ‘char*’ [-Wwrite-strings]
  551 |     errors->log(1, "receive_shipfile error", "netplayer with this id does not exist!", player_id.binaryAddress);
      |                    ^~~~~~~~~~~~~~~~~~~~~~~~
src/gsnetw.cpp:551:46: warning: ISO C++ forbids converting a string constant to ‘char*’ [-Wwrite-strings]
  551 |     errors->log(1, "receive_shipfile error", "netplayer with this id does not exist!", player_id.binaryAddress);
      |                                              ^~~~~~~~~~~~~~~~~~~~~~~~~~~~~~~~~~~~~~~~
src/gsnetw.cpp:569:27: warning: ISO C++ forbids converting a string constant to ‘char*’ [-Wwrite-strings]
  569 |   net->chat.add(jointext, "SYSTEM", globals->col_white);
      |                           ^~~~~~~~
src/gsnetw.cpp: In constructor ‘gsNetPlayer::gsNetPlayer(char*, char*, PlayerID)’:
src/gsnetw.cpp:575:18: warning: ISO C++ forbids converting a string constant to ‘char*’ [-Wwrite-strings]
  575 |   errors->log(2, "gsNetPlayer created", pship, pnet_id.binaryAddress);
      |                  ^~~~~~~~~~~~~~~~~~~~~
src/gsnetw.cpp: In destructor ‘gsNetPlayer::~gsNetPlayer()’:
src/gsnetw.cpp:597:18: warning: ISO C++ forbids converting a string constant to ‘char*’ [-Wwrite-strings]
  597 |   errors->log(2, "gsNetPlayer", "deleted", net_id.binaryAddress);
      |                  ^~~~~~~~~~~~~
src/gsnetw.cpp:597:33: warning: ISO C++ forbids converting a string constant to ‘char*’ [-Wwrite-strings]
  597 |   errors->log(2, "gsNetPlayer", "deleted", net_id.binaryAddress);
      |                                 ^~~~~~~~~
src/gsnetw.cpp: In member function ‘void gsNetPlayer::delete_shipfiles()’:
src/gsnetw.cpp:619:20: warning: ISO C++ forbids converting a string constant to ‘char*’ [-Wwrite-strings]
  619 |     errors->log(2, "network", "delete player ship", shippath);
      |                    ^~~~~~~~~
src/gsnetw.cpp:619:31: warning: ISO C++ forbids converting a string constant to ‘char*’ [-Wwrite-strings]
  619 |     errors->log(2, "network", "delete player ship", shippath);
      |                               ^~~~~~~~~~~~~~~~~~~~
src/gsnetw.cpp:620:20: warning: ISO C++ forbids converting a string constant to ‘char*’ [-Wwrite-strings]
  620 |     errors->log(2, "network", "delete player ship image", shipimgpath);
      |                    ^~~~~~~~~
src/gsnetw.cpp:620:31: warning: ISO C++ forbids converting a string constant to ‘char*’ [-Wwrite-strings]
  620 |     errors->log(2, "network", "delete player ship image", shipimgpath);
      |                               ^~~~~~~~~~~~~~~~~~~~~~~~~~
src/gsnetw.cpp: In member function ‘gsNetPlayer* gsNetwork::menu_create_netplayer(char*, char*, PlayerID)’:
src/gsnetw.cpp:639:22: warning: ISO C++ forbids converting a string constant to ‘char*’ [-Wwrite-strings]
  639 |       errors->log(2, "gsNetPlayer", "player still exists!", net_id.binaryAddress);
      |                      ^~~~~~~~~~~~~
src/gsnetw.cpp:639:37: warning: ISO C++ forbids converting a string constant to ‘char*’ [-Wwrite-strings]
  639 |       errors->log(2, "gsNetPlayer", "player still exists!", net_id.binaryAddress);
      |                                     ^~~~~~~~~~~~~~~~~~~~~~
src/gsnetw.cpp:648:22: warning: ISO C++ forbids converting a string constant to ‘char*’ [-Wwrite-strings]
  648 |       errors->log(2, "gsNetPlayer", "adding at position", n);
      |                      ^~~~~~~~~~~~~
src/gsnetw.cpp:648:37: warning: ISO C++ forbids converting a string constant to ‘char*’ [-Wwrite-strings]
  648 |       errors->log(2, "gsNetPlayer", "adding at position", n);
      |                                     ^~~~~~~~~~~~~~~~~~~~
src/gsnetw.cpp:630:66: warning: unused parameter ‘pship’ [-Wunused-parameter]
  630 | gsNetPlayer* gsNetwork::menu_create_netplayer(char *pname, char *pship, PlayerID net_id)
      |                                                            ~~~~~~^~~~~
src/gsnetw.cpp: In member function ‘int gsNetwork::menu_delete_netplayer(PlayerID)’:
src/gsnetw.cpp:667:32: warning: ISO C++ forbids converting a string constant to ‘char*’ [-Wwrite-strings]
  667 |       net->chat.add(leavetext, "SYSTEM", globals->col_white);
      |                                ^~~~~~~~
src/gsnetw.cpp:669:22: warning: ISO C++ forbids converting a string constant to ‘char*’ [-Wwrite-strings]
  669 |       errors->log(2, "gsNetPlayer", "deleting from position", n);
      |                      ^~~~~~~~~~~~~
src/gsnetw.cpp:669:37: warning: ISO C++ forbids converting a string constant to ‘char*’ [-Wwrite-strings]
  669 |       errors->log(2, "gsNetPlayer", "deleting from position", n);
      |                                     ^~~~~~~~~~~~~~~~~~~~~~~~
src/gsnetw.cpp: In member function ‘void gsNetwork::fill_home_locations()’:
src/gsnetw.cpp:720:22: warning: ISO C++ forbids converting a string constant to ‘char*’ [-Wwrite-strings]
  720 |       errors->log(2, "fill home locations", "error, base X does not exist!", n);
      |                      ^~~~~~~~~~~~~~~~~~~~~
src/gsnetw.cpp:720:45: warning: ISO C++ forbids converting a string constant to ‘char*’ [-Wwrite-strings]
  720 |       errors->log(2, "fill home locations", "error, base X does not exist!", n);
      |                                             ^~~~~~~~~~~~~~~~~~~~~~~~~~~~~~~
src/gsnetw.cpp: In member function ‘void gsNetwork::add_player_to_game(PlayerID)’:
src/gsnetw.cpp:782:20: warning: ISO C++ forbids converting a string constant to ‘char*’ [-Wwrite-strings]
  782 |     errors->log(1, "network", "ERROR add_player_to_game: player does not exist!", pid.binaryAddress / 10000);
      |                    ^~~~~~~~~
src/gsnetw.cpp:782:31: warning: ISO C++ forbids converting a string constant to ‘char*’ [-Wwrite-strings]
  782 |     errors->log(1, "network", "ERROR add_player_to_game: player does not exist!", pid.binaryAddress / 10000);
      |                               ^~~~~~~~~~~~~~~~~~~~~~~~~~~~~~~~~~~~~~~~~~~~~~~~~~
src/gsnetw.cpp:805:61: warning: ISO C++ forbids converting a string constant to ‘char*’ [-Wwrite-strings]
  805 |   add_random_chat_message(T_NET_FRAGMSG_JOIN_1, mypl->name, "", "SYSTEM", 5, globals->col_white);
      |                                                             ^~
src/gsnetw.cpp:805:65: warning: ISO C++ forbids converting a string constant to ‘char*’ [-Wwrite-strings]
  805 |   add_random_chat_message(T_NET_FRAGMSG_JOIN_1, mypl->name, "", "SYSTEM", 5, globals->col_white);
      |                                                                 ^~~~~~~~
src/gsnetw.cpp:807:18: warning: ISO C++ forbids converting a string constant to ‘char*’ [-Wwrite-strings]
  807 |   errors->log(2, "network", "added player to current game", pid.binaryAddress / 10000);
      |                  ^~~~~~~~~
src/gsnetw.cpp:807:29: warning: ISO C++ forbids converting a string constant to ‘char*’ [-Wwrite-strings]
  807 |   errors->log(2, "network", "added player to current game", pid.binaryAddress / 10000);
      |                             ^~~~~~~~~~~~~~~~~~~~~~~~~~~~~~
src/gsnetw.cpp: In member function ‘void gsNetwork::delete_player_from_game(PlayerID)’:
src/gsnetw.cpp:816:20: warning: ISO C++ forbids converting a string constant to ‘char*’ [-Wwrite-strings]
  816 |     errors->log(1, "network", "ERROR delete_player_from_game: Player ID is not valid!", pid.binaryAddress / 10000);
      |                    ^~~~~~~~~
src/gsnetw.cpp:816:31: warning: ISO C++ forbids converting a string constant to ‘char*’ [-Wwrite-strings]
  816 |     errors->log(1, "network", "ERROR delete_player_from_game: Player ID is not valid!", pid.binaryAddress / 10000);
      |                               ^~~~~~~~~~~~~~~~~~~~~~~~~~~~~~~~~~~~~~~~~~~~~~~~~~~~~~~~
src/gsnetw.cpp:827:20: warning: ISO C++ forbids converting a string constant to ‘char*’ [-Wwrite-strings]
  827 |     errors->log(1, "network", "ERROR delete_player_from_game: No player[x] matches signature", pid.binaryAddress / 10000);
      |                    ^~~~~~~~~
src/gsnetw.cpp:827:31: warning: ISO C++ forbids converting a string constant to ‘char*’ [-Wwrite-strings]
  827 |     errors->log(1, "network", "ERROR delete_player_from_game: No player[x] matches signature", pid.binaryAddress / 10000);
      |                               ^~~~~~~~~~~~~~~~~~~~~~~~~~~~~~~~~~~~~~~~~~~~~~~~~~~~~~~~~~~~~~~
src/gsnetw.cpp:851:21: warning: comparison of integer expressions of different signedness: ‘int’ and ‘unsigned int’ [-Wsign-compare]
  851 |       if (myloc->id == pid.binaryAddress / 10000) myloc->id = 0;
      |           ~~~~~~~~~~^~~~~~~~~~~~~~~~~~~~~~~~~~~~
src/gsnetw.cpp:856:61: warning: ISO C++ forbids converting a string constant to ‘char*’ [-Wwrite-strings]
  856 |   add_random_chat_message(T_NET_FRAGMSG_QUIT_1, mypl->name, "", "SYSTEM", 5, globals->col_white);
      |                                                             ^~
src/gsnetw.cpp:856:65: warning: ISO C++ forbids converting a string constant to ‘char*’ [-Wwrite-strings]
  856 |   add_random_chat_message(T_NET_FRAGMSG_QUIT_1, mypl->name, "", "SYSTEM", 5, globals->col_white);
      |                                                                 ^~~~~~~~
src/gsnetw.cpp:858:18: warning: ISO C++ forbids converting a string constant to ‘char*’ [-Wwrite-strings]
  858 |   errors->log(2, "network", "deleted player from current running game", pid.binaryAddress / 10000);
      |                  ^~~~~~~~~
src/gsnetw.cpp:858:29: warning: ISO C++ forbids converting a string constant to ‘char*’ [-Wwrite-strings]
  858 |   errors->log(2, "network", "deleted player from current running game", pid.binaryAddress / 10000);
      |                             ^~~~~~~~~~~~~~~~~~~~~~~~~~~~~~~~~~~~~~~~~~
In file included from src/gsnetcli.h:21:
src/gsnetw.cpp: In member function ‘void gsNetwork::game_send_player_position()’:
src/network/PacketPriority.h:11:25: warning: invalid conversion from ‘int’ to ‘PacketPriority’ [-fpermissive]
   11 | #define MEDIUM_PRIORITY 1
      |                         ^
      |                         |
      |                         int
src/gsnetw.cpp:906:32: note: in expansion of macro ‘MEDIUM_PRIORITY’
  906 |     send_to_ingame_players(&p, MEDIUM_PRIORITY, UNRELIABLE_SEQUENCED, STREAM_PLAYER_UPDATE, UNASSIGNED_PLAYER_ID);
      |                                ^~~~~~~~~~~~~~~
src/gsnetw.cpp:759:72: note:   initializing argument 2 of ‘void gsNetwork::send_to_ingame_players(BitStream*, PacketPriority, PacketReliability, char, PlayerID)’
  759 | void gsNetwork::send_to_ingame_players(BitStream *data, PacketPriority priority, PacketReliability reliability, char ordering_channel, PlayerID player_id)
      |                                                         ~~~~~~~~~~~~~~~^~~~~~~~
src/network/PacketPriority.h:18:30: warning: invalid conversion from ‘int’ to ‘PacketReliability’ [-fpermissive]
   18 | #define UNRELIABLE_SEQUENCED 3
      |                              ^
      |                              |
      |                              int
src/gsnetw.cpp:906:49: note: in expansion of macro ‘UNRELIABLE_SEQUENCED’
  906 |     send_to_ingame_players(&p, MEDIUM_PRIORITY, UNRELIABLE_SEQUENCED, STREAM_PLAYER_UPDATE, UNASSIGNED_PLAYER_ID);
      |                                                 ^~~~~~~~~~~~~~~~~~~~
src/gsnetw.cpp:759:100: note:   initializing argument 3 of ‘void gsNetwork::send_to_ingame_players(BitStream*, PacketPriority, PacketReliability, char, PlayerID)’
  759 | void gsNetwork::send_to_ingame_players(BitStream *data, PacketPriority priority, PacketReliability reliability, char ordering_channel, PlayerID player_id)
      |                                                                                  ~~~~~~~~~~~~~~~~~~^~~~~~~~~~~
src/gsnetw.cpp: In member function ‘void gsNetwork::game_process_player_position(Packet*)’:
src/gsnetw.cpp:948:22: warning: ISO C++ forbids converting a string constant to ‘char*’ [-Wwrite-strings]
  948 |       errors->log(2, "process_player_position: last timestamp > this_timestamp", last_timestamp[nr], this_timestamp);
      |                      ^~~~~~~~~~~~~~~~~~~~~~~~~~~~~~~~~~~~~~~~~~~~~~~~~~~~~~~~~~
src/network/PacketPriority.h:11:25: warning: invalid conversion from ‘int’ to ‘PacketPriority’ [-fpermissive]
   11 | #define MEDIUM_PRIORITY 1
      |                         ^
      |                         |
      |                         int
src/gsnetw.cpp:1028:65: note: in expansion of macro ‘MEDIUM_PRIORITY’
 1028 |     send_to_ingame_players((char*)packet->data, packet->length, MEDIUM_PRIORITY, UNRELIABLE_SEQUENCED, STREAM_PLAYER_UPDATE, packet->playerId);
      |                                                                 ^~~~~~~~~~~~~~~
src/gsnetw.cpp:741:86: note:   initializing argument 3 of ‘void gsNetwork::send_to_ingame_players(char*, long int, PacketPriority, PacketReliability, char, PlayerID)’
  741 | void gsNetwork::send_to_ingame_players(char *data, const long length, PacketPriority priority, PacketReliability reliability, char ordering_channel, PlayerID player_id)
      |                                                                       ~~~~~~~~~~~~~~~^~~~~~~~
src/network/PacketPriority.h:18:30: warning: invalid conversion from ‘int’ to ‘PacketReliability’ [-fpermissive]
   18 | #define UNRELIABLE_SEQUENCED 3
      |                              ^
      |                              |
      |                              int
src/gsnetw.cpp:1028:82: note: in expansion of macro ‘UNRELIABLE_SEQUENCED’
 1028 |     send_to_ingame_players((char*)packet->data, packet->length, MEDIUM_PRIORITY, UNRELIABLE_SEQUENCED, STREAM_PLAYER_UPDATE, packet->playerId);
      |                                                                                  ^~~~~~~~~~~~~~~~~~~~
src/gsnetw.cpp:741:114: note:   initializing argument 4 of ‘void gsNetwork::send_to_ingame_players(char*, long int, PacketPriority, PacketReliability, char, PlayerID)’
  741 | void gsNetwork::send_to_ingame_players(char *data, const long length, PacketPriority priority, PacketReliability reliability, char ordering_channel, PlayerID player_id)
      |                                                                                                ~~~~~~~~~~~~~~~~~~^~~~~~~~~~~
src/gsnetw.cpp: In member function ‘void gsNetwork::game_send_player_input(int, bool, bool)’:
src/network/PacketPriority.h:12:23: warning: invalid conversion from ‘int’ to ‘PacketPriority’ [-fpermissive]
   12 | #define HIGH_PRIORITY 2
      |                       ^
      |                       |
      |                       int
src/gsnetw.cpp:1081:32: note: in expansion of macro ‘HIGH_PRIORITY’
 1081 |     send_to_ingame_players(&p, HIGH_PRIORITY, RELIABLE_ORDERED, STREAM_PLAYER_UPDATE, UNASSIGNED_PLAYER_ID);
      |                                ^~~~~~~~~~~~~
src/gsnetw.cpp:759:72: note:   initializing argument 2 of ‘void gsNetwork::send_to_ingame_players(BitStream*, PacketPriority, PacketReliability, char, PlayerID)’
  759 | void gsNetwork::send_to_ingame_players(BitStream *data, PacketPriority priority, PacketReliability reliability, char ordering_channel, PlayerID player_id)
      |                                                         ~~~~~~~~~~~~~~~^~~~~~~~
src/network/PacketPriority.h:17:26: warning: invalid conversion from ‘int’ to ‘PacketReliability’ [-fpermissive]
   17 | #define RELIABLE_ORDERED 2
      |                          ^
      |                          |
      |                          int
src/gsnetw.cpp:1081:47: note: in expansion of macro ‘RELIABLE_ORDERED’
 1081 |     send_to_ingame_players(&p, HIGH_PRIORITY, RELIABLE_ORDERED, STREAM_PLAYER_UPDATE, UNASSIGNED_PLAYER_ID);
      |                                               ^~~~~~~~~~~~~~~~
src/gsnetw.cpp:759:100: note:   initializing argument 3 of ‘void gsNetwork::send_to_ingame_players(BitStream*, PacketPriority, PacketReliability, char, PlayerID)’
  759 | void gsNetwork::send_to_ingame_players(BitStream *data, PacketPriority priority, PacketReliability reliability, char ordering_channel, PlayerID player_id)
      |                                                                                  ~~~~~~~~~~~~~~~~~~^~~~~~~~~~~
src/gsnetw.cpp: In member function ‘void gsNetwork::game_process_player_input(Packet*)’:
src/gsnetw.cpp:1145:22: warning: ISO C++ forbids converting a string constant to ‘char*’ [-Wwrite-strings]
 1145 |       errors->log(2, "pressed key / state", key, state);
      |                      ^~~~~~~~~~~~~~~~~~~~~
src/gsnetw.cpp:1146:22: warning: ISO C++ forbids converting a string constant to ‘char*’ [-Wwrite-strings]
 1146 |       errors->log(2, "this_ts / last_ts", this_timestamp, last_timestamp[nr]);
      |                      ^~~~~~~~~~~~~~~~~~~
src/gsnetw.cpp:1153:11: warning: unused variable ‘ox’ [-Wunused-variable]
 1153 |     float ox = mypl->player->get_x();
      |           ^~
src/gsnetw.cpp:1154:11: warning: unused variable ‘oy’ [-Wunused-variable]
 1154 |     float oy = mypl->player->get_y();
      |           ^~
src/gsnetw.cpp:1191:20: warning: ISO C++ forbids converting a string constant to ‘char*’ [-Wwrite-strings]
 1191 |     errors->log(2, "process_player_input: mypl does not exist! (should not happen)");
      |                    ^~~~~~~~~~~~~~~~~~~~~~~~~~~~~~~~~~~~~~~~~~~~~~~~~~~~~~~~~~~~~~~~
src/network/PacketPriority.h:12:23: warning: invalid conversion from ‘int’ to ‘PacketPriority’ [-fpermissive]
   12 | #define HIGH_PRIORITY 2
      |                       ^
      |                       |
      |                       int
src/gsnetw.cpp:1213:65: note: in expansion of macro ‘HIGH_PRIORITY’
 1213 |     send_to_ingame_players((char*)packet->data, packet->length, HIGH_PRIORITY, RELIABLE_ORDERED, STREAM_PLAYER_UPDATE, packet->playerId);
      |                                                                 ^~~~~~~~~~~~~
src/gsnetw.cpp:741:86: note:   initializing argument 3 of ‘void gsNetwork::send_to_ingame_players(char*, long int, PacketPriority, PacketReliability, char, PlayerID)’
  741 | void gsNetwork::send_to_ingame_players(char *data, const long length, PacketPriority priority, PacketReliability reliability, char ordering_channel, PlayerID player_id)
      |                                                                       ~~~~~~~~~~~~~~~^~~~~~~~
src/network/PacketPriority.h:17:26: warning: invalid conversion from ‘int’ to ‘PacketReliability’ [-fpermissive]
   17 | #define RELIABLE_ORDERED 2
      |                          ^
      |                          |
      |                          int
src/gsnetw.cpp:1213:80: note: in expansion of macro ‘RELIABLE_ORDERED’
 1213 |     send_to_ingame_players((char*)packet->data, packet->length, HIGH_PRIORITY, RELIABLE_ORDERED, STREAM_PLAYER_UPDATE, packet->playerId);
      |                                                                                ^~~~~~~~~~~~~~~~
src/gsnetw.cpp:741:114: note:   initializing argument 4 of ‘void gsNetwork::send_to_ingame_players(char*, long int, PacketPriority, PacketReliability, char, PlayerID)’
  741 | void gsNetwork::send_to_ingame_players(char *data, const long length, PacketPriority priority, PacketReliability reliability, char ordering_channel, PlayerID player_id)
      |                                                                                                ~~~~~~~~~~~~~~~~~~^~~~~~~~~~~
src/gsnetw.cpp:1125:8: warning: unused variable ‘active_weapon’ [-Wunused-variable]
 1125 |   char active_weapon;
      |        ^~~~~~~~~~~~~
src/gsnetw.cpp: In member function ‘void gsNetwork::game_send_player_dead(long int, int, int)’:
src/network/PacketPriority.h:12:23: warning: invalid conversion from ‘int’ to ‘PacketPriority’ [-fpermissive]
   12 | #define HIGH_PRIORITY 2
      |                       ^
      |                       |
      |                       int
src/gsnetw.cpp:1241:32: note: in expansion of macro ‘HIGH_PRIORITY’
 1241 |     send_to_ingame_players(&p, HIGH_PRIORITY, RELIABLE, STREAM_PLAYER_UPDATE, UNASSIGNED_PLAYER_ID);
      |                                ^~~~~~~~~~~~~
src/gsnetw.cpp:759:72: note:   initializing argument 2 of ‘void gsNetwork::send_to_ingame_players(BitStream*, PacketPriority, PacketReliability, char, PlayerID)’
  759 | void gsNetwork::send_to_ingame_players(BitStream *data, PacketPriority priority, PacketReliability reliability, char ordering_channel, PlayerID player_id)
      |                                                         ~~~~~~~~~~~~~~~^~~~~~~~
src/network/PacketPriority.h:16:18: warning: invalid conversion from ‘int’ to ‘PacketReliability’ [-fpermissive]
   16 | #define RELIABLE 1
      |                  ^
      |                  |
      |                  int
src/gsnetw.cpp:1241:47: note: in expansion of macro ‘RELIABLE’
 1241 |     send_to_ingame_players(&p, HIGH_PRIORITY, RELIABLE, STREAM_PLAYER_UPDATE, UNASSIGNED_PLAYER_ID);
      |                                               ^~~~~~~~
src/gsnetw.cpp:759:100: note:   initializing argument 3 of ‘void gsNetwork::send_to_ingame_players(BitStream*, PacketPriority, PacketReliability, char, PlayerID)’
  759 | void gsNetwork::send_to_ingame_players(BitStream *data, PacketPriority priority, PacketReliability reliability, char ordering_channel, PlayerID player_id)
      |                                                                                  ~~~~~~~~~~~~~~~~~~^~~~~~~~~~~
src/gsnetw.cpp: In member function ‘void gsNetwork::game_process_player_dead(Packet*)’:
src/gsnetw.cpp:1300:20: warning: ISO C++ forbids converting a string constant to ‘char*’ [-Wwrite-strings]
 1300 |     errors->log(2, "sig/killedby", mypl->player->get_sig(), killedby);
      |                    ^~~~~~~~~~~~~~
src/network/PacketPriority.h:12:23: warning: invalid conversion from ‘int’ to ‘PacketPriority’ [-fpermissive]
   12 | #define HIGH_PRIORITY 2
      |                       ^
      |                       |
      |                       int
src/gsnetw.cpp:1307:65: note: in expansion of macro ‘HIGH_PRIORITY’
 1307 |     send_to_ingame_players((char*)packet->data, packet->length, HIGH_PRIORITY, RELIABLE, STREAM_PLAYER_UPDATE, packet->playerId);
      |                                                                 ^~~~~~~~~~~~~
src/gsnetw.cpp:741:86: note:   initializing argument 3 of ‘void gsNetwork::send_to_ingame_players(char*, long int, PacketPriority, PacketReliability, char, PlayerID)’
  741 | void gsNetwork::send_to_ingame_players(char *data, const long length, PacketPriority priority, PacketReliability reliability, char ordering_channel, PlayerID player_id)
      |                                                                       ~~~~~~~~~~~~~~~^~~~~~~~
src/network/PacketPriority.h:16:18: warning: invalid conversion from ‘int’ to ‘PacketReliability’ [-fpermissive]
   16 | #define RELIABLE 1
      |                  ^
      |                  |
      |                  int
src/gsnetw.cpp:1307:80: note: in expansion of macro ‘RELIABLE’
 1307 |     send_to_ingame_players((char*)packet->data, packet->length, HIGH_PRIORITY, RELIABLE, STREAM_PLAYER_UPDATE, packet->playerId);
      |                                                                                ^~~~~~~~
src/gsnetw.cpp:741:114: note:   initializing argument 4 of ‘void gsNetwork::send_to_ingame_players(char*, long int, PacketPriority, PacketReliability, char, PlayerID)’
  741 | void gsNetwork::send_to_ingame_players(char *data, const long length, PacketPriority priority, PacketReliability reliability, char ordering_channel, PlayerID player_id)
      |                                                                                                ~~~~~~~~~~~~~~~~~~^~~~~~~~~~~
src/gsnetw.cpp: In member function ‘void gsNetwork::game_send_extra(int, int, int, int, int)’:
src/network/PacketPriority.h:12:23: warning: invalid conversion from ‘int’ to ‘PacketPriority’ [-fpermissive]
   12 | #define HIGH_PRIORITY 2
      |                       ^
      |                       |
      |                       int
src/gsnetw.cpp:1334:32: note: in expansion of macro ‘HIGH_PRIORITY’
 1334 |     send_to_ingame_players(&p, HIGH_PRIORITY, RELIABLE_ORDERED, STREAM_STATISTICS, UNASSIGNED_PLAYER_ID);
      |                                ^~~~~~~~~~~~~
src/gsnetw.cpp:759:72: note:   initializing argument 2 of ‘void gsNetwork::send_to_ingame_players(BitStream*, PacketPriority, PacketReliability, char, PlayerID)’
  759 | void gsNetwork::send_to_ingame_players(BitStream *data, PacketPriority priority, PacketReliability reliability, char ordering_channel, PlayerID player_id)
      |                                                         ~~~~~~~~~~~~~~~^~~~~~~~
src/network/PacketPriority.h:17:26: warning: invalid conversion from ‘int’ to ‘PacketReliability’ [-fpermissive]
   17 | #define RELIABLE_ORDERED 2
      |                          ^
      |                          |
      |                          int
src/gsnetw.cpp:1334:47: note: in expansion of macro ‘RELIABLE_ORDERED’
 1334 |     send_to_ingame_players(&p, HIGH_PRIORITY, RELIABLE_ORDERED, STREAM_STATISTICS, UNASSIGNED_PLAYER_ID);
      |                                               ^~~~~~~~~~~~~~~~
src/gsnetw.cpp:759:100: note:   initializing argument 3 of ‘void gsNetwork::send_to_ingame_players(BitStream*, PacketPriority, PacketReliability, char, PlayerID)’
  759 | void gsNetwork::send_to_ingame_players(BitStream *data, PacketPriority priority, PacketReliability reliability, char ordering_channel, PlayerID player_id)
      |                                                                                  ~~~~~~~~~~~~~~~~~~^~~~~~~~~~~
src/gsnetw.cpp: In member function ‘void gsNetwork::game_process_extra(Packet*)’:
src/network/PacketPriority.h:12:23: warning: invalid conversion from ‘int’ to ‘PacketPriority’ [-fpermissive]
   12 | #define HIGH_PRIORITY 2
      |                       ^
      |                       |
      |                       int
src/gsnetw.cpp:1377:65: note: in expansion of macro ‘HIGH_PRIORITY’
 1377 |     send_to_ingame_players((char*)packet->data, packet->length, HIGH_PRIORITY, RELIABLE_ORDERED, STREAM_STATISTICS, packet->playerId);
      |                                                                 ^~~~~~~~~~~~~
src/gsnetw.cpp:741:86: note:   initializing argument 3 of ‘void gsNetwork::send_to_ingame_players(char*, long int, PacketPriority, PacketReliability, char, PlayerID)’
  741 | void gsNetwork::send_to_ingame_players(char *data, const long length, PacketPriority priority, PacketReliability reliability, char ordering_channel, PlayerID player_id)
      |                                                                       ~~~~~~~~~~~~~~~^~~~~~~~
src/network/PacketPriority.h:17:26: warning: invalid conversion from ‘int’ to ‘PacketReliability’ [-fpermissive]
   17 | #define RELIABLE_ORDERED 2
      |                          ^
      |                          |
      |                          int
src/gsnetw.cpp:1377:80: note: in expansion of macro ‘RELIABLE_ORDERED’
 1377 |     send_to_ingame_players((char*)packet->data, packet->length, HIGH_PRIORITY, RELIABLE_ORDERED, STREAM_STATISTICS, packet->playerId);
      |                                                                                ^~~~~~~~~~~~~~~~
src/gsnetw.cpp:741:114: note:   initializing argument 4 of ‘void gsNetwork::send_to_ingame_players(char*, long int, PacketPriority, PacketReliability, char, PlayerID)’
  741 | void gsNetwork::send_to_ingame_players(char *data, const long length, PacketPriority priority, PacketReliability reliability, char ordering_channel, PlayerID player_id)
      |                                                                                                ~~~~~~~~~~~~~~~~~~^~~~~~~~~~~
src/gsnetw.cpp: In member function ‘void gsNetwork::game_send_player_damage(long int, int)’:
src/network/PacketPriority.h:12:23: warning: invalid conversion from ‘int’ to ‘PacketPriority’ [-fpermissive]
   12 | #define HIGH_PRIORITY 2
      |                       ^
      |                       |
      |                       int
src/gsnetw.cpp:1399:32: note: in expansion of macro ‘HIGH_PRIORITY’
 1399 |     send_to_ingame_players(&p, HIGH_PRIORITY, RELIABLE_ORDERED, STREAM_STATISTICS, UNASSIGNED_PLAYER_ID);
      |                                ^~~~~~~~~~~~~
src/gsnetw.cpp:759:72: note:   initializing argument 2 of ‘void gsNetwork::send_to_ingame_players(BitStream*, PacketPriority, PacketReliability, char, PlayerID)’
  759 | void gsNetwork::send_to_ingame_players(BitStream *data, PacketPriority priority, PacketReliability reliability, char ordering_channel, PlayerID player_id)
      |                                                         ~~~~~~~~~~~~~~~^~~~~~~~
src/network/PacketPriority.h:17:26: warning: invalid conversion from ‘int’ to ‘PacketReliability’ [-fpermissive]
   17 | #define RELIABLE_ORDERED 2
      |                          ^
      |                          |
      |                          int
src/gsnetw.cpp:1399:47: note: in expansion of macro ‘RELIABLE_ORDERED’
 1399 |     send_to_ingame_players(&p, HIGH_PRIORITY, RELIABLE_ORDERED, STREAM_STATISTICS, UNASSIGNED_PLAYER_ID);
      |                                               ^~~~~~~~~~~~~~~~
src/gsnetw.cpp:759:100: note:   initializing argument 3 of ‘void gsNetwork::send_to_ingame_players(BitStream*, PacketPriority, PacketReliability, char, PlayerID)’
  759 | void gsNetwork::send_to_ingame_players(BitStream *data, PacketPriority priority, PacketReliability reliability, char ordering_channel, PlayerID player_id)
      |                                                                                  ~~~~~~~~~~~~~~~~~~^~~~~~~~~~~
src/gsnetw.cpp: In member function ‘void gsNetwork::game_process_player_damage(Packet*)’:
src/network/PacketPriority.h:12:23: warning: invalid conversion from ‘int’ to ‘PacketPriority’ [-fpermissive]
   12 | #define HIGH_PRIORITY 2
      |                       ^
      |                       |
      |                       int
src/gsnetw.cpp:1435:65: note: in expansion of macro ‘HIGH_PRIORITY’
 1435 |     send_to_ingame_players((char*)packet->data, packet->length, HIGH_PRIORITY, RELIABLE_ORDERED, STREAM_STATISTICS, packet->playerId);
      |                                                                 ^~~~~~~~~~~~~
src/gsnetw.cpp:741:86: note:   initializing argument 3 of ‘void gsNetwork::send_to_ingame_players(char*, long int, PacketPriority, PacketReliability, char, PlayerID)’
  741 | void gsNetwork::send_to_ingame_players(char *data, const long length, PacketPriority priority, PacketReliability reliability, char ordering_channel, PlayerID player_id)
      |                                                                       ~~~~~~~~~~~~~~~^~~~~~~~
src/network/PacketPriority.h:17:26: warning: invalid conversion from ‘int’ to ‘PacketReliability’ [-fpermissive]
   17 | #define RELIABLE_ORDERED 2
      |                          ^
      |                          |
      |                          int
src/gsnetw.cpp:1435:80: note: in expansion of macro ‘RELIABLE_ORDERED’
 1435 |     send_to_ingame_players((char*)packet->data, packet->length, HIGH_PRIORITY, RELIABLE_ORDERED, STREAM_STATISTICS, packet->playerId);
      |                                                                                ^~~~~~~~~~~~~~~~
src/gsnetw.cpp:741:114: note:   initializing argument 4 of ‘void gsNetwork::send_to_ingame_players(char*, long int, PacketPriority, PacketReliability, char, PlayerID)’
  741 | void gsNetwork::send_to_ingame_players(char *data, const long length, PacketPriority priority, PacketReliability reliability, char ordering_channel, PlayerID player_id)
      |                                                                                                ~~~~~~~~~~~~~~~~~~^~~~~~~~~~~
src/gsnetw.cpp: In member function ‘void gsNetwork::game_send_player_status()’:
src/network/PacketPriority.h:10:22: warning: invalid conversion from ‘int’ to ‘PacketPriority’ [-fpermissive]
   10 | #define LOW_PRIORITY 0
      |                      ^
      |                      |
      |                      int
src/gsnetw.cpp:1491:32: note: in expansion of macro ‘LOW_PRIORITY’
 1491 |     send_to_ingame_players(&p, LOW_PRIORITY, UNRELIABLE_SEQUENCED, STREAM_STATISTICS, UNASSIGNED_PLAYER_ID);
      |                                ^~~~~~~~~~~~
src/gsnetw.cpp:759:72: note:   initializing argument 2 of ‘void gsNetwork::send_to_ingame_players(BitStream*, PacketPriority, PacketReliability, char, PlayerID)’
  759 | void gsNetwork::send_to_ingame_players(BitStream *data, PacketPriority priority, PacketReliability reliability, char ordering_channel, PlayerID player_id)
      |                                                         ~~~~~~~~~~~~~~~^~~~~~~~
src/network/PacketPriority.h:18:30: warning: invalid conversion from ‘int’ to ‘PacketReliability’ [-fpermissive]
   18 | #define UNRELIABLE_SEQUENCED 3
      |                              ^
      |                              |
      |                              int
src/gsnetw.cpp:1491:46: note: in expansion of macro ‘UNRELIABLE_SEQUENCED’
 1491 |     send_to_ingame_players(&p, LOW_PRIORITY, UNRELIABLE_SEQUENCED, STREAM_STATISTICS, UNASSIGNED_PLAYER_ID);
      |                                              ^~~~~~~~~~~~~~~~~~~~
src/gsnetw.cpp:759:100: note:   initializing argument 3 of ‘void gsNetwork::send_to_ingame_players(BitStream*, PacketPriority, PacketReliability, char, PlayerID)’
  759 | void gsNetwork::send_to_ingame_players(BitStream *data, PacketPriority priority, PacketReliability reliability, char ordering_channel, PlayerID player_id)
      |                                                                                  ~~~~~~~~~~~~~~~~~~^~~~~~~~~~~
src/gsnetw.cpp: In member function ‘void gsNetwork::game_process_player_status(Packet*)’:
src/network/PacketPriority.h:10:22: warning: invalid conversion from ‘int’ to ‘PacketPriority’ [-fpermissive]
   10 | #define LOW_PRIORITY 0
      |                      ^
      |                      |
      |                      int
src/gsnetw.cpp:1575:65: note: in expansion of macro ‘LOW_PRIORITY’
 1575 |     send_to_ingame_players((char*)packet->data, packet->length, LOW_PRIORITY, UNRELIABLE_SEQUENCED, STREAM_STATISTICS, packet->playerId);
      |                                                                 ^~~~~~~~~~~~
src/gsnetw.cpp:741:86: note:   initializing argument 3 of ‘void gsNetwork::send_to_ingame_players(char*, long int, PacketPriority, PacketReliability, char, PlayerID)’
  741 | void gsNetwork::send_to_ingame_players(char *data, const long length, PacketPriority priority, PacketReliability reliability, char ordering_channel, PlayerID player_id)
      |                                                                       ~~~~~~~~~~~~~~~^~~~~~~~
src/network/PacketPriority.h:18:30: warning: invalid conversion from ‘int’ to ‘PacketReliability’ [-fpermissive]
   18 | #define UNRELIABLE_SEQUENCED 3
      |                              ^
      |                              |
      |                              int
src/gsnetw.cpp:1575:79: note: in expansion of macro ‘UNRELIABLE_SEQUENCED’
 1575 |     send_to_ingame_players((char*)packet->data, packet->length, LOW_PRIORITY, UNRELIABLE_SEQUENCED, STREAM_STATISTICS, packet->playerId);
      |                                                                               ^~~~~~~~~~~~~~~~~~~~
src/gsnetw.cpp:741:114: note:   initializing argument 4 of ‘void gsNetwork::send_to_ingame_players(char*, long int, PacketPriority, PacketReliability, char, PlayerID)’
  741 | void gsNetwork::send_to_ingame_players(char *data, const long length, PacketPriority priority, PacketReliability reliability, char ordering_channel, PlayerID player_id)
      |                                                                                                ~~~~~~~~~~~~~~~~~~^~~~~~~~~~~
src/gsnetw.cpp: In member function ‘void gsNetwork::game_send_crater(int, int, int)’:
src/network/PacketPriority.h:12:23: warning: invalid conversion from ‘int’ to ‘PacketPriority’ [-fpermissive]
   12 | #define HIGH_PRIORITY 2
      |                       ^
      |                       |
      |                       int
src/gsnetw.cpp:1597:32: note: in expansion of macro ‘HIGH_PRIORITY’
 1597 |     send_to_ingame_players(&p, HIGH_PRIORITY, RELIABLE_ORDERED, STREAM_STATISTICS, UNASSIGNED_PLAYER_ID);
      |                                ^~~~~~~~~~~~~
src/gsnetw.cpp:759:72: note:   initializing argument 2 of ‘void gsNetwork::send_to_ingame_players(BitStream*, PacketPriority, PacketReliability, char, PlayerID)’
  759 | void gsNetwork::send_to_ingame_players(BitStream *data, PacketPriority priority, PacketReliability reliability, char ordering_channel, PlayerID player_id)
      |                                                         ~~~~~~~~~~~~~~~^~~~~~~~
src/network/PacketPriority.h:17:26: warning: invalid conversion from ‘int’ to ‘PacketReliability’ [-fpermissive]
   17 | #define RELIABLE_ORDERED 2
      |                          ^
      |                          |
      |                          int
src/gsnetw.cpp:1597:47: note: in expansion of macro ‘RELIABLE_ORDERED’
 1597 |     send_to_ingame_players(&p, HIGH_PRIORITY, RELIABLE_ORDERED, STREAM_STATISTICS, UNASSIGNED_PLAYER_ID);
      |                                               ^~~~~~~~~~~~~~~~
src/gsnetw.cpp:759:100: note:   initializing argument 3 of ‘void gsNetwork::send_to_ingame_players(BitStream*, PacketPriority, PacketReliability, char, PlayerID)’
  759 | void gsNetwork::send_to_ingame_players(BitStream *data, PacketPriority priority, PacketReliability reliability, char ordering_channel, PlayerID player_id)
      |                                                                                  ~~~~~~~~~~~~~~~~~~^~~~~~~~~~~
src/gsnetw.cpp: In member function ‘void gsNetwork::game_process_crater(Packet*)’:
src/network/PacketPriority.h:12:23: warning: invalid conversion from ‘int’ to ‘PacketPriority’ [-fpermissive]
   12 | #define HIGH_PRIORITY 2
      |                       ^
      |                       |
      |                       int
src/gsnetw.cpp:1631:65: note: in expansion of macro ‘HIGH_PRIORITY’
 1631 |     send_to_ingame_players((char*)packet->data, packet->length, HIGH_PRIORITY, RELIABLE_ORDERED, STREAM_STATISTICS, packet->playerId);
      |                                                                 ^~~~~~~~~~~~~
src/gsnetw.cpp:741:86: note:   initializing argument 3 of ‘void gsNetwork::send_to_ingame_players(char*, long int, PacketPriority, PacketReliability, char, PlayerID)’
  741 | void gsNetwork::send_to_ingame_players(char *data, const long length, PacketPriority priority, PacketReliability reliability, char ordering_channel, PlayerID player_id)
      |                                                                       ~~~~~~~~~~~~~~~^~~~~~~~
src/network/PacketPriority.h:17:26: warning: invalid conversion from ‘int’ to ‘PacketReliability’ [-fpermissive]
   17 | #define RELIABLE_ORDERED 2
      |                          ^
      |                          |
      |                          int
src/gsnetw.cpp:1631:80: note: in expansion of macro ‘RELIABLE_ORDERED’
 1631 |     send_to_ingame_players((char*)packet->data, packet->length, HIGH_PRIORITY, RELIABLE_ORDERED, STREAM_STATISTICS, packet->playerId);
      |                                                                                ^~~~~~~~~~~~~~~~
src/gsnetw.cpp:741:114: note:   initializing argument 4 of ‘void gsNetwork::send_to_ingame_players(char*, long int, PacketPriority, PacketReliability, char, PlayerID)’
  741 | void gsNetwork::send_to_ingame_players(char *data, const long length, PacketPriority priority, PacketReliability reliability, char ordering_channel, PlayerID player_id)
      |                                                                                                ~~~~~~~~~~~~~~~~~~^~~~~~~~~~~
src/gsnetw.cpp: In member function ‘void gsNetwork::game_send_object_dead(int, bool)’:
src/network/PacketPriority.h:12:23: warning: invalid conversion from ‘int’ to ‘PacketPriority’ [-fpermissive]
   12 | #define HIGH_PRIORITY 2
      |                       ^
      |                       |
      |                       int
src/gsnetw.cpp:1743:32: note: in expansion of macro ‘HIGH_PRIORITY’
 1743 |     send_to_ingame_players(&p, HIGH_PRIORITY, RELIABLE, STREAM_WORLD_UPDATE, UNASSIGNED_PLAYER_ID);
      |                                ^~~~~~~~~~~~~
src/gsnetw.cpp:759:72: note:   initializing argument 2 of ‘void gsNetwork::send_to_ingame_players(BitStream*, PacketPriority, PacketReliability, char, PlayerID)’
  759 | void gsNetwork::send_to_ingame_players(BitStream *data, PacketPriority priority, PacketReliability reliability, char ordering_channel, PlayerID player_id)
      |                                                         ~~~~~~~~~~~~~~~^~~~~~~~
src/network/PacketPriority.h:16:18: warning: invalid conversion from ‘int’ to ‘PacketReliability’ [-fpermissive]
   16 | #define RELIABLE 1
      |                  ^
      |                  |
      |                  int
src/gsnetw.cpp:1743:47: note: in expansion of macro ‘RELIABLE’
 1743 |     send_to_ingame_players(&p, HIGH_PRIORITY, RELIABLE, STREAM_WORLD_UPDATE, UNASSIGNED_PLAYER_ID);
      |                                               ^~~~~~~~
src/gsnetw.cpp:759:100: note:   initializing argument 3 of ‘void gsNetwork::send_to_ingame_players(BitStream*, PacketPriority, PacketReliability, char, PlayerID)’
  759 | void gsNetwork::send_to_ingame_players(BitStream *data, PacketPriority priority, PacketReliability reliability, char ordering_channel, PlayerID player_id)
      |                                                                                  ~~~~~~~~~~~~~~~~~~^~~~~~~~~~~
src/gsnetw.cpp: In member function ‘void gsNetwork::game_process_object_dead(Packet*)’:
src/network/PacketPriority.h:12:23: warning: invalid conversion from ‘int’ to ‘PacketPriority’ [-fpermissive]
   12 | #define HIGH_PRIORITY 2
      |                       ^
      |                       |
      |                       int
src/gsnetw.cpp:1784:65: note: in expansion of macro ‘HIGH_PRIORITY’
 1784 |     send_to_ingame_players((char*)packet->data, packet->length, HIGH_PRIORITY, RELIABLE, STREAM_WORLD_UPDATE, packet->playerId);
      |                                                                 ^~~~~~~~~~~~~
src/gsnetw.cpp:741:86: note:   initializing argument 3 of ‘void gsNetwork::send_to_ingame_players(char*, long int, PacketPriority, PacketReliability, char, PlayerID)’
  741 | void gsNetwork::send_to_ingame_players(char *data, const long length, PacketPriority priority, PacketReliability reliability, char ordering_channel, PlayerID player_id)
      |                                                                       ~~~~~~~~~~~~~~~^~~~~~~~
src/network/PacketPriority.h:16:18: warning: invalid conversion from ‘int’ to ‘PacketReliability’ [-fpermissive]
   16 | #define RELIABLE 1
      |                  ^
      |                  |
      |                  int
src/gsnetw.cpp:1784:80: note: in expansion of macro ‘RELIABLE’
 1784 |     send_to_ingame_players((char*)packet->data, packet->length, HIGH_PRIORITY, RELIABLE, STREAM_WORLD_UPDATE, packet->playerId);
      |                                                                                ^~~~~~~~
src/gsnetw.cpp:741:114: note:   initializing argument 4 of ‘void gsNetwork::send_to_ingame_players(char*, long int, PacketPriority, PacketReliability, char, PlayerID)’
  741 | void gsNetwork::send_to_ingame_players(char *data, const long length, PacketPriority priority, PacketReliability reliability, char ordering_channel, PlayerID player_id)
      |                                                                                                ~~~~~~~~~~~~~~~~~~^~~~~~~~~~~
src/gsnetw.cpp: In member function ‘void gsNetwork::game_send_enemy_dead(int)’:
src/network/PacketPriority.h:12:23: warning: invalid conversion from ‘int’ to ‘PacketPriority’ [-fpermissive]
   12 | #define HIGH_PRIORITY 2
      |                       ^
      |                       |
      |                       int
src/gsnetw.cpp:1806:32: note: in expansion of macro ‘HIGH_PRIORITY’
 1806 |     send_to_ingame_players(&p, HIGH_PRIORITY, RELIABLE, STREAM_WORLD_UPDATE, UNASSIGNED_PLAYER_ID);
      |                                ^~~~~~~~~~~~~
src/gsnetw.cpp:759:72: note:   initializing argument 2 of ‘void gsNetwork::send_to_ingame_players(BitStream*, PacketPriority, PacketReliability, char, PlayerID)’
  759 | void gsNetwork::send_to_ingame_players(BitStream *data, PacketPriority priority, PacketReliability reliability, char ordering_channel, PlayerID player_id)
      |                                                         ~~~~~~~~~~~~~~~^~~~~~~~
src/network/PacketPriority.h:16:18: warning: invalid conversion from ‘int’ to ‘PacketReliability’ [-fpermissive]
   16 | #define RELIABLE 1
      |                  ^
      |                  |
      |                  int
src/gsnetw.cpp:1806:47: note: in expansion of macro ‘RELIABLE’
 1806 |     send_to_ingame_players(&p, HIGH_PRIORITY, RELIABLE, STREAM_WORLD_UPDATE, UNASSIGNED_PLAYER_ID);
      |                                               ^~~~~~~~
src/gsnetw.cpp:759:100: note:   initializing argument 3 of ‘void gsNetwork::send_to_ingame_players(BitStream*, PacketPriority, PacketReliability, char, PlayerID)’
  759 | void gsNetwork::send_to_ingame_players(BitStream *data, PacketPriority priority, PacketReliability reliability, char ordering_channel, PlayerID player_id)
      |                                                                                  ~~~~~~~~~~~~~~~~~~^~~~~~~~~~~
src/gsnetw.cpp: In member function ‘void gsNetwork::game_process_enemy_dead(Packet*)’:
src/network/PacketPriority.h:12:23: warning: invalid conversion from ‘int’ to ‘PacketPriority’ [-fpermissive]
   12 | #define HIGH_PRIORITY 2
      |                       ^
      |                       |
      |                       int
src/gsnetw.cpp:1841:65: note: in expansion of macro ‘HIGH_PRIORITY’
 1841 |     send_to_ingame_players((char*)packet->data, packet->length, HIGH_PRIORITY, RELIABLE, STREAM_WORLD_UPDATE, packet->playerId);
      |                                                                 ^~~~~~~~~~~~~
src/gsnetw.cpp:741:86: note:   initializing argument 3 of ‘void gsNetwork::send_to_ingame_players(char*, long int, PacketPriority, PacketReliability, char, PlayerID)’
  741 | void gsNetwork::send_to_ingame_players(char *data, const long length, PacketPriority priority, PacketReliability reliability, char ordering_channel, PlayerID player_id)
      |                                                                       ~~~~~~~~~~~~~~~^~~~~~~~
src/network/PacketPriority.h:16:18: warning: invalid conversion from ‘int’ to ‘PacketReliability’ [-fpermissive]
   16 | #define RELIABLE 1
      |                  ^
      |                  |
      |                  int
src/gsnetw.cpp:1841:80: note: in expansion of macro ‘RELIABLE’
 1841 |     send_to_ingame_players((char*)packet->data, packet->length, HIGH_PRIORITY, RELIABLE, STREAM_WORLD_UPDATE, packet->playerId);
      |                                                                                ^~~~~~~~
src/gsnetw.cpp:741:114: note:   initializing argument 4 of ‘void gsNetwork::send_to_ingame_players(char*, long int, PacketPriority, PacketReliability, char, PlayerID)’
  741 | void gsNetwork::send_to_ingame_players(char *data, const long length, PacketPriority priority, PacketReliability reliability, char ordering_channel, PlayerID player_id)
      |                                                                                                ~~~~~~~~~~~~~~~~~~^~~~~~~~~~~
src/gsnetw.cpp: In member function ‘void gsNetwork::game_send_player_authorative_update(long int)’:
src/network/PacketPriority.h:12:23: warning: invalid conversion from ‘int’ to ‘PacketPriority’ [-fpermissive]
   12 | #define HIGH_PRIORITY 2
      |                       ^
      |                       |
      |                       int
src/gsnetw.cpp:1890:32: note: in expansion of macro ‘HIGH_PRIORITY’
 1890 |     send_to_ingame_players(&p, HIGH_PRIORITY, RELIABLE_SEQUENCED, STREAM_PLAYER_UPDATE, UNASSIGNED_PLAYER_ID);
      |                                ^~~~~~~~~~~~~
src/gsnetw.cpp:759:72: note:   initializing argument 2 of ‘void gsNetwork::send_to_ingame_players(BitStream*, PacketPriority, PacketReliability, char, PlayerID)’
  759 | void gsNetwork::send_to_ingame_players(BitStream *data, PacketPriority priority, PacketReliability reliability, char ordering_channel, PlayerID player_id)
      |                                                         ~~~~~~~~~~~~~~~^~~~~~~~
src/network/PacketPriority.h:19:28: warning: invalid conversion from ‘int’ to ‘PacketReliability’ [-fpermissive]
   19 | #define RELIABLE_SEQUENCED 4
      |                            ^
      |                            |
      |                            int
src/gsnetw.cpp:1890:47: note: in expansion of macro ‘RELIABLE_SEQUENCED’
 1890 |     send_to_ingame_players(&p, HIGH_PRIORITY, RELIABLE_SEQUENCED, STREAM_PLAYER_UPDATE, UNASSIGNED_PLAYER_ID);
      |                                               ^~~~~~~~~~~~~~~~~~
src/gsnetw.cpp:759:100: note:   initializing argument 3 of ‘void gsNetwork::send_to_ingame_players(BitStream*, PacketPriority, PacketReliability, char, PlayerID)’
  759 | void gsNetwork::send_to_ingame_players(BitStream *data, PacketPriority priority, PacketReliability reliability, char ordering_channel, PlayerID player_id)
      |                                                                                  ~~~~~~~~~~~~~~~~~~^~~~~~~~~~~
src/gsnetw.cpp: In member function ‘void gsNetwork::game_process_player_authorative_update(Packet*)’:
src/gsnetw.cpp:1935:11: warning: unused variable ‘ox’ [-Wunused-variable]
 1935 |     float ox = mypl->player->get_x();
      |           ^~
src/gsnetw.cpp:1936:11: warning: unused variable ‘oy’ [-Wunused-variable]
 1936 |     float oy = mypl->player->get_y();
      |           ^~
src/gsnetw.cpp: In member function ‘void gsNetwork::game_send_player_statistics(PlayerID, bool)’:
src/gsnetw.cpp:2000:20: warning: ISO C++ forbids converting a string constant to ‘char*’ [-Wwrite-strings]
 2000 |     errors->log(1, "network", "ERROR game_send_player_statistics: Player ID not valid!", pid.binaryAddress / 10000);
      |                    ^~~~~~~~~
src/gsnetw.cpp:2000:31: warning: ISO C++ forbids converting a string constant to ‘char*’ [-Wwrite-strings]
 2000 |     errors->log(1, "network", "ERROR game_send_player_statistics: Player ID not valid!", pid.binaryAddress / 10000);
      |                               ^~~~~~~~~~~~~~~~~~~~~~~~~~~~~~~~~~~~~~~~~~~~~~~~~~~~~~~~~
src/gsnetw.cpp:2028:20: warning: ISO C++ forbids converting a string constant to ‘char*’ [-Wwrite-strings]
 2028 |     errors->log(2, "net server", "game_send_player_statistics: sent stats to all players", pid.binaryAddress / 10000);
      |                    ^~~~~~~~~~~~
src/gsnetw.cpp:2028:34: warning: ISO C++ forbids converting a string constant to ‘char*’ [-Wwrite-strings]
 2028 |     errors->log(2, "net server", "game_send_player_statistics: sent stats to all players", pid.binaryAddress / 10000);
      |                                  ^~~~~~~~~~~~~~~~~~~~~~~~~~~~~~~~~~~~~~~~~~~~~~~~~~~~~~~~
src/gsnetw.cpp:2034:20: warning: ISO C++ forbids converting a string constant to ‘char*’ [-Wwrite-strings]
 2034 |     errors->log(2, "net client", "game_send_player_statistics: sent stats to server", pid.binaryAddress / 10000);
      |                    ^~~~~~~~~~~~
src/gsnetw.cpp:2034:34: warning: ISO C++ forbids converting a string constant to ‘char*’ [-Wwrite-strings]
 2034 |     errors->log(2, "net client", "game_send_player_statistics: sent stats to server", pid.binaryAddress / 10000);
      |                                  ^~~~~~~~~~~~~~~~~~~~~~~~~~~~~~~~~~~~~~~~~~~~~~~~~~~
src/gsnetw.cpp: In member function ‘void gsNetwork::game_process_player_statistics(Packet*)’:
src/gsnetw.cpp:2066:20: warning: ISO C++ forbids converting a string constant to ‘char*’ [-Wwrite-strings]
 2066 |     errors->log(1, "network", "ERROR game_process_player_statistics: Player ID not valid!", pid.binaryAddress / 10000);
      |                    ^~~~~~~~~
src/gsnetw.cpp:2066:31: warning: ISO C++ forbids converting a string constant to ‘char*’ [-Wwrite-strings]
 2066 |     errors->log(1, "network", "ERROR game_process_player_statistics: Player ID not valid!", pid.binaryAddress / 10000);
      |                               ^~~~~~~~~~~~~~~~~~~~~~~~~~~~~~~~~~~~~~~~~~~~~~~~~~~~~~~~~~~~
src/gsnetw.cpp:2070:18: warning: ISO C++ forbids converting a string constant to ‘char*’ [-Wwrite-strings]
 2070 |   errors->log(2, "network", "setting stats for player", pid.binaryAddress / 10000);
      |                  ^~~~~~~~~
src/gsnetw.cpp:2070:29: warning: ISO C++ forbids converting a string constant to ‘char*’ [-Wwrite-strings]
 2070 |   errors->log(2, "network", "setting stats for player", pid.binaryAddress / 10000);
      |                             ^~~~~~~~~~~~~~~~~~~~~~~~~~
src/gsnetw.cpp: In member function ‘void gsNetwork::game_send_enemy_object_update(int, int)’:
src/network/PacketPriority.h:10:22: warning: invalid conversion from ‘int’ to ‘PacketPriority’ [-fpermissive]
   10 | #define LOW_PRIORITY 0
      |                      ^
      |                      |
      |                      int
src/gsnetw.cpp:2177:32: note: in expansion of macro ‘LOW_PRIORITY’
 2177 |     send_to_ingame_players(&p, LOW_PRIORITY, UNRELIABLE_SEQUENCED, STREAM_WORLD_UPDATE, UNASSIGNED_PLAYER_ID);
      |                                ^~~~~~~~~~~~
src/gsnetw.cpp:759:72: note:   initializing argument 2 of ‘void gsNetwork::send_to_ingame_players(BitStream*, PacketPriority, PacketReliability, char, PlayerID)’
  759 | void gsNetwork::send_to_ingame_players(BitStream *data, PacketPriority priority, PacketReliability reliability, char ordering_channel, PlayerID player_id)
      |                                                         ~~~~~~~~~~~~~~~^~~~~~~~
src/network/PacketPriority.h:18:30: warning: invalid conversion from ‘int’ to ‘PacketReliability’ [-fpermissive]
   18 | #define UNRELIABLE_SEQUENCED 3
      |                              ^
      |                              |
      |                              int
src/gsnetw.cpp:2177:46: note: in expansion of macro ‘UNRELIABLE_SEQUENCED’
 2177 |     send_to_ingame_players(&p, LOW_PRIORITY, UNRELIABLE_SEQUENCED, STREAM_WORLD_UPDATE, UNASSIGNED_PLAYER_ID);
      |                                              ^~~~~~~~~~~~~~~~~~~~
src/gsnetw.cpp:759:100: note:   initializing argument 3 of ‘void gsNetwork::send_to_ingame_players(BitStream*, PacketPriority, PacketReliability, char, PlayerID)’
  759 | void gsNetwork::send_to_ingame_players(BitStream *data, PacketPriority priority, PacketReliability reliability, char ordering_channel, PlayerID player_id)
      |                                                                                  ~~~~~~~~~~~~~~~~~~^~~~~~~~~~~
src/gsnetw.cpp: In member function ‘void gsNetwork::send_test_data(int)’:
src/network/PacketPriority.h:12:23: warning: invalid conversion from ‘int’ to ‘PacketPriority’ [-fpermissive]
   12 | #define HIGH_PRIORITY 2
      |                       ^
      |                       |
      |                       int
src/gsnetw.cpp:2396:32: note: in expansion of macro ‘HIGH_PRIORITY’
 2396 |     send_to_ingame_players(&p, HIGH_PRIORITY, RELIABLE_ORDERED, 33, UNASSIGNED_PLAYER_ID);
      |                                ^~~~~~~~~~~~~
src/gsnetw.cpp:759:72: note:   initializing argument 2 of ‘void gsNetwork::send_to_ingame_players(BitStream*, PacketPriority, PacketReliability, char, PlayerID)’
  759 | void gsNetwork::send_to_ingame_players(BitStream *data, PacketPriority priority, PacketReliability reliability, char ordering_channel, PlayerID player_id)
      |                                                         ~~~~~~~~~~~~~~~^~~~~~~~
src/network/PacketPriority.h:17:26: warning: invalid conversion from ‘int’ to ‘PacketReliability’ [-fpermissive]
   17 | #define RELIABLE_ORDERED 2
      |                          ^
      |                          |
      |                          int
src/gsnetw.cpp:2396:47: note: in expansion of macro ‘RELIABLE_ORDERED’
 2396 |     send_to_ingame_players(&p, HIGH_PRIORITY, RELIABLE_ORDERED, 33, UNASSIGNED_PLAYER_ID);
      |                                               ^~~~~~~~~~~~~~~~
src/gsnetw.cpp:759:100: note:   initializing argument 3 of ‘void gsNetwork::send_to_ingame_players(BitStream*, PacketPriority, PacketReliability, char, PlayerID)’
  759 | void gsNetwork::send_to_ingame_players(BitStream *data, PacketPriority priority, PacketReliability reliability, char ordering_channel, PlayerID player_id)
      |                                                                                  ~~~~~~~~~~~~~~~~~~^~~~~~~~~~~
src/gsnetw.cpp:2404:18: warning: ISO C++ forbids converting a string constant to ‘char*’ [-Wwrite-strings]
 2404 |   errors->log(2, "sent test data (counter, bytes)", counter, p.GetNumberOfBytesUsed());
      |                  ^~~~~~~~~~~~~~~~~~~~~~~~~~~~~~~~~
src/gsnetw.cpp: In member function ‘void gsNetwork::receive_test_data(Packet*)’:
src/gsnetw.cpp:2421:18: warning: ISO C++ forbids converting a string constant to ‘char*’ [-Wwrite-strings]
 2421 |   errors->log(2, "received test data (counter, bytes)", counter, p.GetNumberOfBytesUsed());
      |                  ^~~~~~~~~~~~~~~~~~~~~~~~~~~~~~~~~~~~~
src/gsnetw.cpp: In member function ‘void gsNetwork::create_shipfile_packet(BitStream*, PlayerID)’:
src/gsnetw.cpp:436:12: warning: ignoring return value of ‘size_t fread(void*, size_t, size_t, FILE*)’ declared with attribute ‘warn_unused_result’ [-Wunused-result]
  436 |       fread(shipbuf, sizeof(char), shipsize, shp);
      |       ~~~~~^~~~~~~~~~~~~~~~~~~~~~~~~~~~~~~~~~~~~~
src/gsnetw.cpp:451:12: warning: ignoring return value of ‘size_t fread(void*, size_t, size_t, FILE*)’ declared with attribute ‘warn_unused_result’ [-Wunused-result]
  451 |       fread(shipimgbuf, sizeof(char), shipimgsize, shp);
      |       ~~~~~^~~~~~~~~~~~~~~~~~~~~~~~~~~~~~~~~~~~~~~~~~~~
src/gsnetw.cpp: In member function ‘int gsChat::process_commands(char*)’:
src/gsnetw.cpp:113:14: warning: ‘char* __builtin_strncpy(char*, const char*, long unsigned int)’ specified bound 1000 equals destination size [-Wstringop-truncation]
  113 |       strncpy(tmp, msg, 1000);
      |              ^
src/gsnetw.cpp: In member function ‘void gsNetwork::create_shipfile_packet(BitStream*, PlayerID)’:
src/gsnetw.cpp:400:24: warning: ‘%s’ directive writing up to 49 bytes into a region of size 40 [-Wformat-overflow=]
  400 |     sprintf(temppath, "%s%s#%s", globals->data_dir, globals->shipdata_name, tempfile);
      |                        ^~
In file included from /usr/include/stdio.h:970,
                 from /usr/include/lua5.4/lauxlib.h:13,
                 from /usr/include/lua5.4/lua.hpp:8,
                 from src/allegro5_wrapper.h:10,
                 from src/gsnetw.h:12:
In function ‘int sprintf(char*, const char*, ...)’,
    inlined from ‘void gsNetwork::create_shipfile_packet(BitStream*, PlayerID)’ at src/gsnetw.cpp:400:12:
/usr/include/bits/stdio2.h:30:34: note: ‘__builtin___sprintf_chk’ output between 2 and 90 bytes into a destination of size 40
   30 |   return __builtin___sprintf_chk (__s, __USE_FORTIFY_LEVEL - 1,
      |          ~~~~~~~~~~~~~~~~~~~~~~~~^~~~~~~~~~~~~~~~~~~~~~~~~~~~~~
   31 |                                   __glibc_objsize (__s), __fmt,
      |                                   ~~~~~~~~~~~~~~~~~~~~~~~~~~~~~
   32 |                                   __va_arg_pack ());
      |                                   ~~~~~~~~~~~~~~~~~
src/gsnetw.cpp: In member function ‘void gsNetwork::create_shipfile_packet(BitStream*, PlayerID)’:
src/gsnetw.cpp:400:24: warning: ‘%s’ directive writing up to 49 bytes into a region of size 40 [-Wformat-overflow=]
  400 |     sprintf(temppath, "%s%s#%s", globals->data_dir, globals->shipdata_name, tempfile);
      |                        ^~
In function ‘int sprintf(char*, const char*, ...)’,
    inlined from ‘void gsNetwork::create_shipfile_packet(BitStream*, PlayerID)’ at src/gsnetw.cpp:400:12:
/usr/include/bits/stdio2.h:30:34: note: ‘__builtin___sprintf_chk’ output between 2 and 90 bytes into a destination of size 40
   30 |   return __builtin___sprintf_chk (__s, __USE_FORTIFY_LEVEL - 1,
      |          ~~~~~~~~~~~~~~~~~~~~~~~~^~~~~~~~~~~~~~~~~~~~~~~~~~~~~~
   31 |                                   __glibc_objsize (__s), __fmt,
      |                                   ~~~~~~~~~~~~~~~~~~~~~~~~~~~~~
   32 |                                   __va_arg_pack ());
      |                                   ~~~~~~~~~~~~~~~~~
src/gsnetw.cpp: In member function ‘void gsNetwork::receive_shipfile(Packet*)’:
src/gsnetw.cpp:510:27: warning: ‘%s’ directive writing up to 49 bytes into a region of size 40 [-Wformat-overflow=]
  510 |   sprintf(tempship_path, "%stmp%d.shp", globals->ship_dir, player_id.binaryAddress / 10000);
      |                           ^~
src/gsnetw.cpp:510:26: note: using the range [-2147483648, 2147483647] for directive argument
  510 |   sprintf(tempship_path, "%stmp%d.shp", globals->ship_dir, player_id.binaryAddress / 10000);
      |                          ^~~~~~~~~~~~~
In function ‘int sprintf(char*, const char*, ...)’,
    inlined from ‘void gsNetwork::receive_shipfile(Packet*)’ at src/gsnetw.cpp:510:10:
/usr/include/bits/stdio2.h:30:34: note: ‘__builtin___sprintf_chk’ output between 9 and 68 bytes into a destination of size 40
   30 |   return __builtin___sprintf_chk (__s, __USE_FORTIFY_LEVEL - 1,
      |          ~~~~~~~~~~~~~~~~~~~~~~~~^~~~~~~~~~~~~~~~~~~~~~~~~~~~~~
   31 |                                   __glibc_objsize (__s), __fmt,
      |                                   ~~~~~~~~~~~~~~~~~~~~~~~~~~~~~
   32 |                                   __va_arg_pack ());
      |                                   ~~~~~~~~~~~~~~~~~
src/gsnetw.cpp: In member function ‘void gsNetwork::receive_shipfile(Packet*)’:
src/gsnetw.cpp:560:12: warning: ‘char* __builtin_strncpy(char*, const char*, long unsigned int)’ output may be truncated copying 50 bytes from a string of length 50 [-Wstringop-truncation]
  560 |     strncpy(myplayer->shipimg_file, myplayer->player->get_shipimage_filename(), 50);
      |            ^
src/gsnetw.cpp: In member function ‘void gsNetwork::game_process_player_position(Packet*)’:
src/gsnetw.cpp:947:5: warning: ‘this_timestamp’ may be used uninitialized [-Wmaybe-uninitialized]
  947 |     if (last_timestamp[nr] > this_timestamp)
      |     ^~
src/gsnetw.cpp:921:17: note: ‘this_timestamp’ was declared here
  921 |   unsigned long this_timestamp;
      |                 ^~~~~~~~~~~~~~
src/gsnetw.cpp: In member function ‘void gsNetwork::game_process_player_input(Packet*)’:
src/gsnetw.cpp:1143:5: warning: ‘this_timestamp’ may be used uninitialized [-Wmaybe-uninitialized]
 1143 |     if (this_timestamp < last_timestamp[nr])
      |     ^~
src/gsnetw.cpp:1096:17: note: ‘this_timestamp’ was declared here
 1096 |   unsigned long this_timestamp;
      |                 ^~~~~~~~~~~~~~
src/gsnetw.cpp: In member function ‘void gsNetwork::game_process_player_statistics(Packet*)’:
src/gsnetw.cpp:2071:22: warning: ‘myplstats’ may be used uninitialized [-Wmaybe-uninitialized]
 2071 |   mypl->player_stats = myplstats;
      |   ~~~~~~~~~~~~~~~~~~~^~~~~~~~~~~
src/gsnetw.cpp:2059:14: note: ‘myplstats’ declared here
 2059 |   statistics myplstats;
      |              ^~~~~~~~~
Compiling src/gsobject.cpp...
g++ -O2 -Wall -Wextra -std=c++11 -fpermissive -DDIRECT_ASSET_LOADING  -I/usr/include/lua5.4 -I./src -c src/gsobject.cpp -o obj/gsobject.o
In file included from src/gsnetw.h:18,
                 from src/gsobject.cpp:27:
src/gsnetsrv.h:67:7: warning: extra tokens at end of #endif directive [-Wendif-labels]
   67 | #endif;
      |       ^
In file included from src/gsbullet.h:17,
                 from src/gseffect.h:27,
                 from src/gsobject.cpp:19:
src/luaclass.h: In member function ‘void Lua::open(int)’:
src/luaclass.h:20:23: warning: unused parameter ‘stacksize’ [-Wunused-parameter]
   20 |         void open(int stacksize = 0)
      |                   ~~~~^~~~~~~~~~~~~
src/luaclass.h: In member function ‘void Lua::setgcthreshold(int)’:
src/luaclass.h:136:33: warning: unused parameter ‘newthreshold’ [-Wunused-parameter]
  136 |         void setgcthreshold(int newthreshold)
      |                             ~~~~^~~~~~~~~~~~
In file included from src/gsobject.cpp:26:
src/gsscript.h: At global scope:
src/gsscript.h:43:43: warning: ISO C++ forbids converting a string constant to ‘char*’ [-Wwrite-strings]
   43 |     void  read_level_files(int=0, char *n="");
      |                                           ^~
In file included from src/gsnetcli.h:16,
                 from src/gsnetw.h:17:
src/network/BitStream.h: In constructor ‘BitStream::BitStream(char*, unsigned int, bool)’:
src/network/BitStream.h:22:61: warning: unused parameter ‘_copyData’ [-Wunused-parameter]
   22 |     BitStream(char* _data, unsigned int lengthInBytes, bool _copyData) : data(_data), numberOfBitsAllocated(lengthInBytes * 8), numberOfBitsUsed(lengthInBytes * 8), readOffset(0), maxLength(lengthInBytes) {}
      |                                                        ~~~~~^~~~~~~~~
src/network/BitStream.h: In member function ‘void BitStream::Write(int)’:
src/network/BitStream.h:25:20: warning: unused parameter ‘data’ [-Wunused-parameter]
   25 |     void Write(int data) {}
      |                ~~~~^~~~
src/network/BitStream.h: In member function ‘void BitStream::Write(unsigned char)’:
src/network/BitStream.h:26:30: warning: unused parameter ‘data’ [-Wunused-parameter]
   26 |     void Write(unsigned char data) {}
      |                ~~~~~~~~~~~~~~^~~~
src/network/BitStream.h: In member function ‘void BitStream::Write(char)’:
src/network/BitStream.h:27:21: warning: unused parameter ‘data’ [-Wunused-parameter]
   27 |     void Write(char data) {}
      |                ~~~~~^~~~
src/network/BitStream.h: In member function ‘void BitStream::Write(char*, unsigned int)’:
src/network/BitStream.h:28:22: warning: unused parameter ‘data’ [-Wunused-parameter]
   28 |     void Write(char* data, const unsigned int length) {}
      |                ~~~~~~^~~~
src/network/BitStream.h:28:47: warning: unused parameter ‘length’ [-Wunused-parameter]
   28 |     void Write(char* data, const unsigned int length) {}
      |                            ~~~~~~~~~~~~~~~~~~~^~~~~~
src/network/BitStream.h: In member function ‘void BitStream::Write(long unsigned int)’:
src/network/BitStream.h:29:30: warning: unused parameter ‘data’ [-Wunused-parameter]
   29 |     void Write(unsigned long data) {}
      |                ~~~~~~~~~~~~~~^~~~
src/network/BitStream.h: In member function ‘void BitStream::Write(float)’:
src/network/BitStream.h:30:22: warning: unused parameter ‘data’ [-Wunused-parameter]
   30 |     void Write(float data) {}
      |                ~~~~~~^~~~
src/network/BitStream.h: In member function ‘void BitStream::Write(bool)’:
src/network/BitStream.h:31:21: warning: unused parameter ‘data’ [-Wunused-parameter]
   31 |     void Write(bool data) {}
      |                ~~~~~^~~~
src/network/BitStream.h: In member function ‘void BitStream::Read(char*&, unsigned int)’:
src/network/BitStream.h:42:22: warning: unused parameter ‘data’ [-Wunused-parameter]
   42 |     void Read(char* &data, const unsigned int length) {}
      |               ~~~~~~~^~~~
src/network/BitStream.h:42:47: warning: unused parameter ‘length’ [-Wunused-parameter]
   42 |     void Read(char* &data, const unsigned int length) {}
      |                            ~~~~~~~~~~~~~~~~~~~^~~~~~
src/network/BitStream.h: In member function ‘void BitStream::Read(const char*&, unsigned int)’:
src/network/BitStream.h:43:28: warning: unused parameter ‘data’ [-Wunused-parameter]
   43 |     void Read(const char* &data, const unsigned int length) {}
      |               ~~~~~~~~~~~~~^~~~
src/network/BitStream.h:43:53: warning: unused parameter ‘length’ [-Wunused-parameter]
   43 |     void Read(const char* &data, const unsigned int length) {}
      |                                  ~~~~~~~~~~~~~~~~~~~^~~~~~
src/network/BitStream.h: In member function ‘void BitStream::Read(void*, unsigned int)’:
src/network/BitStream.h:44:21: warning: unused parameter ‘data’ [-Wunused-parameter]
   44 |     void Read(void* data, const unsigned int length) {}
      |               ~~~~~~^~~~
src/network/BitStream.h:44:46: warning: unused parameter ‘length’ [-Wunused-parameter]
   44 |     void Read(void* data, const unsigned int length) {}
      |                           ~~~~~~~~~~~~~~~~~~~^~~~~~
src/network/BitStream.h: In member function ‘void BitStream::SetWriteOffset(unsigned int)’:
src/network/BitStream.h:47:38: warning: unused parameter ‘offset’ [-Wunused-parameter]
   47 |     void SetWriteOffset(unsigned int offset) {}
      |                         ~~~~~~~~~~~~~^~~~~~
In file included from src/network/RakNetworkFactory.h:9,
                 from src/gsnetcli.h:17:
src/network/RakClientInterface.h: In member function ‘bool RakClientInterface::Connect(const char*, short unsigned int, const char*, short unsigned int)’:
src/network/RakClientInterface.h:17:30: warning: unused parameter ‘serverIP’ [-Wunused-parameter]
   17 |     bool Connect(const char* serverIP, unsigned short serverPort, const char* clientIP, unsigned short clientPort) { return false; }
      |                  ~~~~~~~~~~~~^~~~~~~~
src/network/RakClientInterface.h:17:55: warning: unused parameter ‘serverPort’ [-Wunused-parameter]
   17 |     bool Connect(const char* serverIP, unsigned short serverPort, const char* clientIP, unsigned short clientPort) { return false; }
      |                                        ~~~~~~~~~~~~~~~^~~~~~~~~~
src/network/RakClientInterface.h:17:79: warning: unused parameter ‘clientIP’ [-Wunused-parameter]
   17 |     bool Connect(const char* serverIP, unsigned short serverPort, const char* clientIP, unsigned short clientPort) { return false; }
      |                                                                   ~~~~~~~~~~~~^~~~~~~~
src/network/RakClientInterface.h:17:104: warning: unused parameter ‘clientPort’ [-Wunused-parameter]
   17 |     bool Connect(const char* serverIP, unsigned short serverPort, const char* clientIP, unsigned short clientPort) { return false; }
      |                                                                                         ~~~~~~~~~~~~~~~^~~~~~~~~~
src/network/RakClientInterface.h: In member function ‘bool RakClientInterface::Connect(const char*, short unsigned int, short unsigned int, unsigned int, int)’:
src/network/RakClientInterface.h:18:30: warning: unused parameter ‘host’ [-Wunused-parameter]
   18 |     bool Connect(const char* host, unsigned short serverPort, unsigned short clientPort, unsigned int connectionValidationInteger, int timeoutMS) { return false; }
      |                  ~~~~~~~~~~~~^~~~
src/network/RakClientInterface.h:18:51: warning: unused parameter ‘serverPort’ [-Wunused-parameter]
   18 |     bool Connect(const char* host, unsigned short serverPort, unsigned short clientPort, unsigned int connectionValidationInteger, int timeoutMS) { return false; }
      |                                    ~~~~~~~~~~~~~~~^~~~~~~~~~
src/network/RakClientInterface.h:18:78: warning: unused parameter ‘clientPort’ [-Wunused-parameter]
   18 |     bool Connect(const char* host, unsigned short serverPort, unsigned short clientPort, unsigned int connectionValidationInteger, int timeoutMS) { return false; }
      |                                                               ~~~~~~~~~~~~~~~^~~~~~~~~~
src/network/RakClientInterface.h:18:103: warning: unused parameter ‘connectionValidationInteger’ [-Wunused-parameter]
   18 |     bool Connect(const char* host, unsigned short serverPort, unsigned short clientPort, unsigned int connectionValidationInteger, int timeoutMS) { return false; }
      |                                                                                          ~~~~~~~~~~~~~^~~~~~~~~~~~~~~~~~~~~~~~~~~
src/network/RakClientInterface.h:18:136: warning: unused parameter ‘timeoutMS’ [-Wunused-parameter]
   18 |     bool Connect(const char* host, unsigned short serverPort, unsigned short clientPort, unsigned int connectionValidationInteger, int timeoutMS) { return false; }
      |                                                                                                                                    ~~~~^~~~~~~~~
src/network/RakClientInterface.h: In member function ‘void RakClientInterface::Disconnect(unsigned int, unsigned char)’:
src/network/RakClientInterface.h:19:34: warning: unused parameter ‘blockDuration’ [-Wunused-parameter]
   19 |     void Disconnect(unsigned int blockDuration = 0, unsigned char orderingChannel = 0) {}
      |                     ~~~~~~~~~~~~~^~~~~~~~~~~~~~~~~
src/network/RakClientInterface.h:19:67: warning: unused parameter ‘orderingChannel’ [-Wunused-parameter]
   19 |     void Disconnect(unsigned int blockDuration = 0, unsigned char orderingChannel = 0) {}
      |                                                     ~~~~~~~~~~~~~~^~~~~~~~~~~~~~~~~~~
src/network/RakClientInterface.h: In member function ‘void RakClientInterface::PingServer(const char*, short unsigned int, short unsigned int)’:
src/network/RakClientInterface.h:21:33: warning: unused parameter ‘host’ [-Wunused-parameter]
   21 |     void PingServer(const char* host, unsigned short remotePort, unsigned short sendPort) {}
      |                     ~~~~~~~~~~~~^~~~
src/network/RakClientInterface.h:21:54: warning: unused parameter ‘remotePort’ [-Wunused-parameter]
   21 |     void PingServer(const char* host, unsigned short remotePort, unsigned short sendPort) {}
      |                                       ~~~~~~~~~~~~~~~^~~~~~~~~~
src/network/RakClientInterface.h:21:81: warning: unused parameter ‘sendPort’ [-Wunused-parameter]
   21 |     void PingServer(const char* host, unsigned short remotePort, unsigned short sendPort) {}
      |                                                                  ~~~~~~~~~~~~~~~^~~~~~~~
src/network/RakClientInterface.h: In member function ‘bool RakClientInterface::Send(const char*, int, unsigned char, char, char, PlayerID, bool)’:
src/network/RakClientInterface.h:25:27: warning: unused parameter ‘data’ [-Wunused-parameter]
   25 |     bool Send(const char* data, int length, unsigned char priority, char reliability, char orderingChannel, PlayerID playerId, bool broadcast) { return true; }
      |               ~~~~~~~~~~~~^~~~
src/network/RakClientInterface.h:25:37: warning: unused parameter ‘length’ [-Wunused-parameter]
   25 |     bool Send(const char* data, int length, unsigned char priority, char reliability, char orderingChannel, PlayerID playerId, bool broadcast) { return true; }
      |                                 ~~~~^~~~~~
src/network/RakClientInterface.h:25:59: warning: unused parameter ‘priority’ [-Wunused-parameter]
   25 |     bool Send(const char* data, int length, unsigned char priority, char reliability, char orderingChannel, PlayerID playerId, bool broadcast) { return true; }
      |                                             ~~~~~~~~~~~~~~^~~~~~~~
src/network/RakClientInterface.h:25:74: warning: unused parameter ‘reliability’ [-Wunused-parameter]
   25 |     bool Send(const char* data, int length, unsigned char priority, char reliability, char orderingChannel, PlayerID playerId, bool broadcast) { return true; }
      |                                                                     ~~~~~^~~~~~~~~~~
src/network/RakClientInterface.h:25:92: warning: unused parameter ‘orderingChannel’ [-Wunused-parameter]
   25 |     bool Send(const char* data, int length, unsigned char priority, char reliability, char orderingChannel, PlayerID playerId, bool broadcast) { return true; }
      |                                                                                       ~~~~~^~~~~~~~~~~~~~~
src/network/RakClientInterface.h:25:118: warning: unused parameter ‘playerId’ [-Wunused-parameter]
   25 |     bool Send(const char* data, int length, unsigned char priority, char reliability, char orderingChannel, PlayerID playerId, bool broadcast) { return true; }
      |                                                                                                             ~~~~~~~~~^~~~~~~~
src/network/RakClientInterface.h:25:133: warning: unused parameter ‘broadcast’ [-Wunused-parameter]
   25 |     bool Send(const char* data, int length, unsigned char priority, char reliability, char orderingChannel, PlayerID playerId, bool broadcast) { return true; }
      |                                                                                                                                ~~~~~^~~~~~~~~
src/network/RakClientInterface.h: In member function ‘bool RakClientInterface::Send(BitStream*, unsigned char, char, char)’:
src/network/RakClientInterface.h:26:32: warning: unused parameter ‘bitStream’ [-Wunused-parameter]
   26 |     bool Send(class BitStream *bitStream, unsigned char priority, char reliability, char orderingChannel) { return true; }
      |               ~~~~~~~~~~~~~~~~~^~~~~~~~~
src/network/RakClientInterface.h:26:57: warning: unused parameter ‘priority’ [-Wunused-parameter]
   26 |     bool Send(class BitStream *bitStream, unsigned char priority, char reliability, char orderingChannel) { return true; }
      |                                           ~~~~~~~~~~~~~~^~~~~~~~
src/network/RakClientInterface.h:26:72: warning: unused parameter ‘reliability’ [-Wunused-parameter]
   26 |     bool Send(class BitStream *bitStream, unsigned char priority, char reliability, char orderingChannel) { return true; }
      |                                                                   ~~~~~^~~~~~~~~~~
src/network/RakClientInterface.h:26:90: warning: unused parameter ‘orderingChannel’ [-Wunused-parameter]
   26 |     bool Send(class BitStream *bitStream, unsigned char priority, char reliability, char orderingChannel) { return true; }
      |                                                                                     ~~~~~^~~~~~~~~~~~~~~
src/network/RakClientInterface.h: In member function ‘void RakClientInterface::PushBackPacket(Packet*, bool)’:
src/network/RakClientInterface.h:27:33: warning: unused parameter ‘packet’ [-Wunused-parameter]
   27 |     void PushBackPacket(Packet* packet, bool pushAtHead) {}
      |                         ~~~~~~~~^~~~~~
src/network/RakClientInterface.h:27:46: warning: unused parameter ‘pushAtHead’ [-Wunused-parameter]
   27 |     void PushBackPacket(Packet* packet, bool pushAtHead) {}
      |                                         ~~~~~^~~~~~~~~~
src/network/RakClientInterface.h: In member function ‘void RakClientInterface::DeallocatePacket(Packet*)’:
src/network/RakClientInterface.h:35:35: warning: unused parameter ‘packet’ [-Wunused-parameter]
   35 |     void DeallocatePacket(Packet *packet) {}
      |                           ~~~~~~~~^~~~~~
src/network/RakClientInterface.h: In member function ‘const char* RakClientInterface::PlayerIDToDottedIP(PlayerID)’:
src/network/RakClientInterface.h:36:45: warning: unused parameter ‘playerId’ [-Wunused-parameter]
   36 |     const char* PlayerIDToDottedIP(PlayerID playerId) { return "0.0.0.0"; }
      |                                    ~~~~~~~~~^~~~~~~~
In file included from src/network/RakNetworkFactory.h:10:
src/network/RakServerInterface.h: In member function ‘bool RakServerInterface::Start(int, int, int, int)’:
src/network/RakServerInterface.h:19:20: warning: unused parameter ‘AllowedPlayers’ [-Wunused-parameter]
   19 |     bool Start(int AllowedPlayers, int connectionValidationInteger, int threadSleepTimer, int port) { return false; }
      |                ~~~~^~~~~~~~~~~~~~
src/network/RakServerInterface.h:19:40: warning: unused parameter ‘connectionValidationInteger’ [-Wunused-parameter]
   19 |     bool Start(int AllowedPlayers, int connectionValidationInteger, int threadSleepTimer, int port) { return false; }
      |                                    ~~~~^~~~~~~~~~~~~~~~~~~~~~~~~~~
src/network/RakServerInterface.h:19:73: warning: unused parameter ‘threadSleepTimer’ [-Wunused-parameter]
   19 |     bool Start(int AllowedPlayers, int connectionValidationInteger, int threadSleepTimer, int port) { return false; }
      |                                                                     ~~~~^~~~~~~~~~~~~~~~
src/network/RakServerInterface.h:19:95: warning: unused parameter ‘port’ [-Wunused-parameter]
   19 |     bool Start(int AllowedPlayers, int connectionValidationInteger, int threadSleepTimer, int port) { return false; }
      |                                                                                           ~~~~^~~~
src/network/RakServerInterface.h: In member function ‘void RakServerInterface::Disconnect(unsigned int, unsigned char)’:
src/network/RakServerInterface.h:20:34: warning: unused parameter ‘blockDuration’ [-Wunused-parameter]
   20 |     void Disconnect(unsigned int blockDuration = 0, unsigned char orderingChannel = 0) {}
      |                     ~~~~~~~~~~~~~^~~~~~~~~~~~~~~~~
src/network/RakServerInterface.h:20:67: warning: unused parameter ‘orderingChannel’ [-Wunused-parameter]
   20 |     void Disconnect(unsigned int blockDuration = 0, unsigned char orderingChannel = 0) {}
      |                                                     ~~~~~~~~~~~~~~^~~~~~~~~~~~~~~~~~~
src/network/RakServerInterface.h: In member function ‘bool RakServerInterface::Send(const char*, int, unsigned char, char, char, PlayerID, bool)’:
src/network/RakServerInterface.h:21:27: warning: unused parameter ‘data’ [-Wunused-parameter]
   21 |     bool Send(const char* data, int length, unsigned char priority, char reliability, char orderingChannel, PlayerID playerId, bool broadcast) { return true; }
      |               ~~~~~~~~~~~~^~~~
src/network/RakServerInterface.h:21:37: warning: unused parameter ‘length’ [-Wunused-parameter]
   21 |     bool Send(const char* data, int length, unsigned char priority, char reliability, char orderingChannel, PlayerID playerId, bool broadcast) { return true; }
      |                                 ~~~~^~~~~~
src/network/RakServerInterface.h:21:59: warning: unused parameter ‘priority’ [-Wunused-parameter]
   21 |     bool Send(const char* data, int length, unsigned char priority, char reliability, char orderingChannel, PlayerID playerId, bool broadcast) { return true; }
      |                                             ~~~~~~~~~~~~~~^~~~~~~~
src/network/RakServerInterface.h:21:74: warning: unused parameter ‘reliability’ [-Wunused-parameter]
   21 |     bool Send(const char* data, int length, unsigned char priority, char reliability, char orderingChannel, PlayerID playerId, bool broadcast) { return true; }
      |                                                                     ~~~~~^~~~~~~~~~~
src/network/RakServerInterface.h:21:92: warning: unused parameter ‘orderingChannel’ [-Wunused-parameter]
   21 |     bool Send(const char* data, int length, unsigned char priority, char reliability, char orderingChannel, PlayerID playerId, bool broadcast) { return true; }
      |                                                                                       ~~~~~^~~~~~~~~~~~~~~
src/network/RakServerInterface.h:21:118: warning: unused parameter ‘playerId’ [-Wunused-parameter]
   21 |     bool Send(const char* data, int length, unsigned char priority, char reliability, char orderingChannel, PlayerID playerId, bool broadcast) { return true; }
      |                                                                                                             ~~~~~~~~~^~~~~~~~
src/network/RakServerInterface.h:21:133: warning: unused parameter ‘broadcast’ [-Wunused-parameter]
   21 |     bool Send(const char* data, int length, unsigned char priority, char reliability, char orderingChannel, PlayerID playerId, bool broadcast) { return true; }
      |                                                                                                                                ~~~~~^~~~~~~~~
src/network/RakServerInterface.h: In member function ‘bool RakServerInterface::Send(BitStream*, unsigned char, char, char, PlayerID, bool)’:
src/network/RakServerInterface.h:22:32: warning: unused parameter ‘bitStream’ [-Wunused-parameter]
   22 |     bool Send(class BitStream *bitStream, unsigned char priority, char reliability, char orderingChannel, PlayerID playerId, bool broadcast) { return true; }
      |               ~~~~~~~~~~~~~~~~~^~~~~~~~~
src/network/RakServerInterface.h:22:57: warning: unused parameter ‘priority’ [-Wunused-parameter]
   22 |     bool Send(class BitStream *bitStream, unsigned char priority, char reliability, char orderingChannel, PlayerID playerId, bool broadcast) { return true; }
      |                                           ~~~~~~~~~~~~~~^~~~~~~~
src/network/RakServerInterface.h:22:72: warning: unused parameter ‘reliability’ [-Wunused-parameter]
   22 |     bool Send(class BitStream *bitStream, unsigned char priority, char reliability, char orderingChannel, PlayerID playerId, bool broadcast) { return true; }
      |                                                                   ~~~~~^~~~~~~~~~~
src/network/RakServerInterface.h:22:90: warning: unused parameter ‘orderingChannel’ [-Wunused-parameter]
   22 |     bool Send(class BitStream *bitStream, unsigned char priority, char reliability, char orderingChannel, PlayerID playerId, bool broadcast) { return true; }
      |                                                                                     ~~~~~^~~~~~~~~~~~~~~
src/network/RakServerInterface.h:22:116: warning: unused parameter ‘playerId’ [-Wunused-parameter]
   22 |     bool Send(class BitStream *bitStream, unsigned char priority, char reliability, char orderingChannel, PlayerID playerId, bool broadcast) { return true; }
      |                                                                                                           ~~~~~~~~~^~~~~~~~
src/network/RakServerInterface.h:22:131: warning: unused parameter ‘broadcast’ [-Wunused-parameter]
   22 |     bool Send(class BitStream *bitStream, unsigned char priority, char reliability, char orderingChannel, PlayerID playerId, bool broadcast) { return true; }
      |                                                                                                                              ~~~~~^~~~~~~~~
src/network/RakServerInterface.h: In member function ‘void RakServerInterface::PushBackPacket(Packet*, bool)’:
src/network/RakServerInterface.h:23:33: warning: unused parameter ‘packet’ [-Wunused-parameter]
   23 |     void PushBackPacket(Packet* packet, bool pushAtHead) {}
      |                         ~~~~~~~~^~~~~~
src/network/RakServerInterface.h:23:46: warning: unused parameter ‘pushAtHead’ [-Wunused-parameter]
   23 |     void PushBackPacket(Packet* packet, bool pushAtHead) {}
      |                                         ~~~~~^~~~~~~~~~
src/network/RakServerInterface.h: In member function ‘void RakServerInterface::DeallocatePacket(Packet*)’:
src/network/RakServerInterface.h:24:35: warning: unused parameter ‘packet’ [-Wunused-parameter]
   24 |     void DeallocatePacket(Packet* packet) {}
      |                           ~~~~~~~~^~~~~~
src/network/RakServerInterface.h: In member function ‘int RakServerInterface::GetAveragePing(PlayerID)’:
src/network/RakServerInterface.h:25:33: warning: unused parameter ‘playerId’ [-Wunused-parameter]
   25 |     int GetAveragePing(PlayerID playerId) { return 0; }
      |                        ~~~~~~~~~^~~~~~~~
src/network/RakServerInterface.h: In member function ‘int RakServerInterface::GetLastPing(PlayerID)’:
src/network/RakServerInterface.h:26:30: warning: unused parameter ‘playerId’ [-Wunused-parameter]
   26 |     int GetLastPing(PlayerID playerId) { return 0; }
      |                     ~~~~~~~~~^~~~~~~~
src/network/RakServerInterface.h: In member function ‘int RakServerInterface::GetLowestPing(PlayerID)’:
src/network/RakServerInterface.h:27:32: warning: unused parameter ‘playerId’ [-Wunused-parameter]
   27 |     int GetLowestPing(PlayerID playerId) { return 0; }
      |                       ~~~~~~~~~^~~~~~~~
src/network/RakServerInterface.h: In member function ‘void RakServerInterface::Kick(PlayerID)’:
src/network/RakServerInterface.h:28:24: warning: unused parameter ‘playerId’ [-Wunused-parameter]
   28 |     void Kick(PlayerID playerId) {}
      |               ~~~~~~~~~^~~~~~~~
src/network/RakServerInterface.h: In member function ‘void RakServerInterface::SetAllowedPlayers(int)’:
src/network/RakServerInterface.h:31:32: warning: unused parameter ‘maxPlayers’ [-Wunused-parameter]
   31 |     void SetAllowedPlayers(int maxPlayers) {}
      |                            ~~~~^~~~~~~~~~
src/network/RakServerInterface.h: In member function ‘void* RakServerInterface::GetStatistics(PlayerID)’:
src/network/RakServerInterface.h:35:34: warning: unused parameter ‘playerId’ [-Wunused-parameter]
   35 |     void* GetStatistics(PlayerID playerId) { return 0; }
      |                         ~~~~~~~~~^~~~~~~~
src/network/RakNetworkFactory.h: In static member function ‘static void RakNetworkFactory::DestroyRakNetwork(void*)’:
src/network/RakNetworkFactory.h:15:41: warning: unused parameter ‘network’ [-Wunused-parameter]
   15 |     static void DestroyRakNetwork(void* network) {}
      |                                   ~~~~~~^~~~~~~
src/gsobject.cpp: In member function ‘int Object::update()’:
src/gsobject.cpp:912:18: warning: ISO C++ forbids converting a string constant to ‘char*’ [-Wwrite-strings]
  912 |   errors->log(2, "Exception in Objekt-Update aufgetreten!");
      |                  ^~~~~~~~~~~~~~~~~~~~~~~~~~~~~~~~~~~~~~~~~
src/gsobject.cpp: In member function ‘void Object::check_collisions(int)’:
src/gsobject.cpp:918:35: warning: unused parameter ‘special’ [-Wunused-parameter]
  918 | void Object::check_collisions(int special)
      |                               ~~~~^~~~~~~
src/gsobject.cpp: In member function ‘void Object::apply_gravity_to(int, int, float*, float*, int)’:
src/gsobject.cpp:1044:3: warning: this ‘if’ clause does not guard... [-Wmisleading-indentation]
 1044 |   if (user > 100) user = 100; if (user <= 0) user = 1;
      |   ^~
src/gsobject.cpp:1044:31: note: ...this statement, but the latter is misleadingly indented as if it were guarded by the ‘if’
 1044 |   if (user > 100) user = 100; if (user <= 0) user = 1;
      |                               ^~
src/gsobject.cpp: In member function ‘void Object::apply_lin_gravity_to(int, int, float*, float*, float)’:
src/gsobject.cpp:1091:3: warning: this ‘if’ clause does not guard... [-Wmisleading-indentation]
 1091 |   if (user > 200) user = 200; if (user <= 0) user = 1;
      |   ^~
src/gsobject.cpp:1091:31: note: ...this statement, but the latter is misleadingly indented as if it were guarded by the ‘if’
 1091 |   if (user > 200) user = 200; if (user <= 0) user = 1;
      |                               ^~
src/gsobject.cpp: In member function ‘void gsObject::remove_for_script(Object*)’:
src/gsobject.cpp:1366:23: warning: ISO C++ forbids converting a string constant to ‘char*’ [-Wwrite-strings]
 1366 |   else errors->log(1, "script error", "tried removing non-existent object!");
      |                       ^~~~~~~~~~~~~~
src/gsobject.cpp:1366:39: warning: ISO C++ forbids converting a string constant to ‘char*’ [-Wwrite-strings]
 1366 |   else errors->log(1, "script error", "tried removing non-existent object!");
      |                                       ^~~~~~~~~~~~~~~~~~~~~~~~~~~~~~~~~~~~~
src/network/RakServerInterface.h: At global scope:
src/network/RakServerInterface.h:49:17: warning: ‘UNASSIGNED_PLAYER_ID’ defined but not used [-Wunused-variable]
   49 | static PlayerID UNASSIGNED_PLAYER_ID = {0, 0};
      |                 ^~~~~~~~~~~~~~~~~~~~
Compiling src/gsosd.cpp...
g++ -O2 -Wall -Wextra -std=c++11 -fpermissive -DDIRECT_ASSET_LOADING  -I/usr/include/lua5.4 -I./src -c src/gsosd.cpp -o obj/gsosd.o
In file included from src/gsosd.cpp:12:
src/gsosd.h: In member function ‘void OsdBitmap::set_dont_save_back(int)’:
src/gsosd.h:150:35: warning: unused parameter ‘n’ [-Wunused-parameter]
  150 |     void   set_dont_save_back(int n)               { dont_save_back = 1; }
      |                               ~~~~^
In file included from src/gsbullet.h:17,
                 from src/gsplayer.h:17,
                 from src/gsglob.h:22,
                 from src/gsosd.cpp:16:
src/luaclass.h: In member function ‘void Lua::open(int)’:
src/luaclass.h:20:23: warning: unused parameter ‘stacksize’ [-Wunused-parameter]
   20 |         void open(int stacksize = 0)
      |                   ~~~~^~~~~~~~~~~~~
src/luaclass.h: In member function ‘void Lua::setgcthreshold(int)’:
src/luaclass.h:136:33: warning: unused parameter ‘newthreshold’ [-Wunused-parameter]
  136 |         void setgcthreshold(int newthreshold)
      |                             ~~~~^~~~~~~~~~~~
src/gsosd.cpp: In member function ‘void OsdBitmap::draw_colored_text(int, char*, int, int, int, int)’:
src/gsosd.cpp:217:7: warning: unused variable ‘colnum’ [-Wunused-variable]
  217 |   int colnum = (col == 0) ? globals->col_white : col;
      |       ^~~~~~
src/gsosd.cpp: In function ‘void get_text_without_tokens(char*, char*, int)’:
src/gsosd.cpp:316:56: warning: unused parameter ‘max’ [-Wunused-parameter]
  316 | void get_text_without_tokens(char *from, char *to, int max)
      |                                                    ~~~~^~~
Compiling src/gspanel.cpp...
g++ -O2 -Wall -Wextra -std=c++11 -fpermissive -DDIRECT_ASSET_LOADING  -I/usr/include/lua5.4 -I./src -c src/gspanel.cpp -o obj/gspanel.o
In file included from src/gsscript.h:16,
                 from src/gspanel.cpp:12:
src/luaclass.h: In member function ‘void Lua::open(int)’:
src/luaclass.h:20:23: warning: unused parameter ‘stacksize’ [-Wunused-parameter]
   20 |         void open(int stacksize = 0)
      |                   ~~~~^~~~~~~~~~~~~
src/luaclass.h: In member function ‘void Lua::setgcthreshold(int)’:
src/luaclass.h:136:33: warning: unused parameter ‘newthreshold’ [-Wunused-parameter]
  136 |         void setgcthreshold(int newthreshold)
      |                             ~~~~^~~~~~~~~~~~
src/gsscript.h: At global scope:
src/gsscript.h:43:43: warning: ISO C++ forbids converting a string constant to ‘char*’ [-Wwrite-strings]
   43 |     void  read_level_files(int=0, char *n="");
      |                                           ^~
In file included from src/gspanel.cpp:28:
src/gsosd.h: In member function ‘void OsdBitmap::set_dont_save_back(int)’:
src/gsosd.h:150:35: warning: unused parameter ‘n’ [-Wunused-parameter]
  150 |     void   set_dont_save_back(int n)               { dont_save_back = 1; }
      |                               ~~~~^
src/gspanel.cpp: In member function ‘void gsPanel::create_panelbit(int, int)’:
src/gspanel.cpp:147:20: warning: ISO C++ forbids converting a string constant to ‘char*’ [-Wwrite-strings]
  147 |     errors->log(0, "ERROR", "couldn't create bitmap for panel! (no memory?)");
      |                    ^~~~~~~
src/gspanel.cpp:147:29: warning: ISO C++ forbids converting a string constant to ‘char*’ [-Wwrite-strings]
  147 |     errors->log(0, "ERROR", "couldn't create bitmap for panel! (no memory?)");
      |                             ^~~~~~~~~~~~~~~~~~~~~~~~~~~~~~~~~~~~~~~~~~~~~~~~
src/gspanel.cpp: In member function ‘void gsPanel::debug()’:
src/gspanel.cpp:179:43: warning: ISO C++ forbids converting a string constant to ‘char*’ [-Wwrite-strings]
  179 |   textout_ex(panelbit, font, ftoa(tmpstr, "x", player[0]->get_x()), 10, 10, makecol8(255,255,255), -1);
      |                                           ^~~
src/gspanel.cpp:180:43: warning: ISO C++ forbids converting a string constant to ‘char*’ [-Wwrite-strings]
  180 |   textout_ex(panelbit, font, ftoa(tmpstr, "y", player[0]->get_y()), 10, 20, makecol8(255,255,255), -1);
      |                                           ^~~
src/gspanel.cpp:181:43: warning: ISO C++ forbids converting a string constant to ‘char*’ [-Wwrite-strings]
  181 |   textout_ex(panelbit, font, ftoa(tmpstr, "hcap", player[0]->get_handicap()), 10, 30, makecol8(255,255,255), -1);
      |                                           ^~~~~~
src/gspanel.cpp:183:43: warning: ISO C++ forbids converting a string constant to ‘char*’ [-Wwrite-strings]
  183 |   textout_ex(panelbit, font, ftoa(tmpstr, "map_x", playmap[0]->get_map_x()), 10, 40, makecol8(255,255,255), -1);
      |                                           ^~~~~~~
src/gspanel.cpp:184:43: warning: ISO C++ forbids converting a string constant to ‘char*’ [-Wwrite-strings]
  184 |   textout_ex(panelbit, font, ftoa(tmpstr, "map_y", playmap[0]->get_map_y()), 100, 40, makecol8(255,255,255), -1);
      |                                           ^~~~~~~
src/gspanel.cpp:187:45: warning: ISO C++ forbids converting a string constant to ‘char*’ [-Wwrite-strings]
  187 |     textout_ex(panelbit, font, ftoa(tmpstr, "gccnt", script->get_gccount(glob_lua)), 100, 20, makecol8(255,255,255), -1);
      |                                             ^~~~~~~
src/gspanel.cpp:189:43: warning: ISO C++ forbids converting a string constant to ‘char*’ [-Wwrite-strings]
  189 |   textout_ex(panelbit, font, ftoa(tmpstr, "fps", globals->fpst), 100, 30, makecol8(255,255,255), -1);
      |                                           ^~~~~
src/gspanel.cpp: In member function ‘void gsPanel::update_netplayer_stats()’:
src/gspanel.cpp:693:9: warning: unused variable ‘frags_tw’ [-Wunused-variable]
  693 |     int frags_tw = text_length(f, myfrags);
      |         ^~~~~~~~
src/gspanel.cpp: In member function ‘void gsPanel::_ZN7gsPanel17update_netplayersEv.part.0()’:
src/gspanel.cpp:640:12: warning: ‘char* __builtin_strncpy(char*, const char*, long unsigned int)’ output may be truncated copying 14 bytes from a string of length 30 [-Wstringop-truncation]
  640 |     strncpy(plname, player[n-1]->get_name(), 14);
      |            ^
Compiling src/gspixel.cpp...
g++ -O2 -Wall -Wextra -std=c++11 -fpermissive -DDIRECT_ASSET_LOADING  -I/usr/include/lua5.4 -I./src -c src/gspixel.cpp -o obj/gspixel.o
In file included from src/gsbullet.h:17,
                 from src/gseffect.h:27,
                 from src/gspixel.cpp:14:
src/luaclass.h: In member function ‘void Lua::open(int)’:
src/luaclass.h:20:23: warning: unused parameter ‘stacksize’ [-Wunused-parameter]
   20 |         void open(int stacksize = 0)
      |                   ~~~~^~~~~~~~~~~~~
src/luaclass.h: In member function ‘void Lua::setgcthreshold(int)’:
src/luaclass.h:136:33: warning: unused parameter ‘newthreshold’ [-Wunused-parameter]
  136 |         void setgcthreshold(int newthreshold)
      |                             ~~~~^~~~~~~~~~~~
src/gspixel.cpp: In member function ‘void gsPixelRain::move(float)’:
src/gspixel.cpp:285:12: warning: suggest explicit braces to avoid ambiguous ‘else’ [-Wdangling-else]
  285 |         if (temp->lifetime % temp->dspd == 0)
      |            ^
Compiling src/gsplayer.cpp...
g++ -O2 -Wall -Wextra -std=c++11 -fpermissive -DDIRECT_ASSET_LOADING  -I/usr/include/lua5.4 -I./src -c src/gsplayer.cpp -o obj/gsplayer.o
In file included from src/gsnetw.h:18,
                 from src/gsplayer.cpp:29:
src/gsnetsrv.h:67:7: warning: extra tokens at end of #endif directive [-Wendif-labels]
   67 | #endif;
      |       ^
In file included from src/gsscript.h:16,
                 from src/gsplayer.cpp:12:
src/luaclass.h: In member function ‘void Lua::open(int)’:
src/luaclass.h:20:23: warning: unused parameter ‘stacksize’ [-Wunused-parameter]
   20 |         void open(int stacksize = 0)
      |                   ~~~~^~~~~~~~~~~~~
src/luaclass.h: In member function ‘void Lua::setgcthreshold(int)’:
src/luaclass.h:136:33: warning: unused parameter ‘newthreshold’ [-Wunused-parameter]
  136 |         void setgcthreshold(int newthreshold)
      |                             ~~~~^~~~~~~~~~~~
src/gsscript.h: At global scope:
src/gsscript.h:43:43: warning: ISO C++ forbids converting a string constant to ‘char*’ [-Wwrite-strings]
   43 |     void  read_level_files(int=0, char *n="");
      |                                           ^~
In file included from src/gsplayer.cpp:27:
src/gsosd.h: In member function ‘void OsdBitmap::set_dont_save_back(int)’:
src/gsosd.h:150:35: warning: unused parameter ‘n’ [-Wunused-parameter]
  150 |     void   set_dont_save_back(int n)               { dont_save_back = 1; }
      |                               ~~~~^
In file included from src/gsnetcli.h:16,
                 from src/gsnetw.h:17:
src/network/BitStream.h: In constructor ‘BitStream::BitStream(char*, unsigned int, bool)’:
src/network/BitStream.h:22:61: warning: unused parameter ‘_copyData’ [-Wunused-parameter]
   22 |     BitStream(char* _data, unsigned int lengthInBytes, bool _copyData) : data(_data), numberOfBitsAllocated(lengthInBytes * 8), numberOfBitsUsed(lengthInBytes * 8), readOffset(0), maxLength(lengthInBytes) {}
      |                                                        ~~~~~^~~~~~~~~
src/network/BitStream.h: In member function ‘void BitStream::Write(int)’:
src/network/BitStream.h:25:20: warning: unused parameter ‘data’ [-Wunused-parameter]
   25 |     void Write(int data) {}
      |                ~~~~^~~~
src/network/BitStream.h: In member function ‘void BitStream::Write(unsigned char)’:
src/network/BitStream.h:26:30: warning: unused parameter ‘data’ [-Wunused-parameter]
   26 |     void Write(unsigned char data) {}
      |                ~~~~~~~~~~~~~~^~~~
src/network/BitStream.h: In member function ‘void BitStream::Write(char)’:
src/network/BitStream.h:27:21: warning: unused parameter ‘data’ [-Wunused-parameter]
   27 |     void Write(char data) {}
      |                ~~~~~^~~~
src/network/BitStream.h: In member function ‘void BitStream::Write(char*, unsigned int)’:
src/network/BitStream.h:28:22: warning: unused parameter ‘data’ [-Wunused-parameter]
   28 |     void Write(char* data, const unsigned int length) {}
      |                ~~~~~~^~~~
src/network/BitStream.h:28:47: warning: unused parameter ‘length’ [-Wunused-parameter]
   28 |     void Write(char* data, const unsigned int length) {}
      |                            ~~~~~~~~~~~~~~~~~~~^~~~~~
src/network/BitStream.h: In member function ‘void BitStream::Write(long unsigned int)’:
src/network/BitStream.h:29:30: warning: unused parameter ‘data’ [-Wunused-parameter]
   29 |     void Write(unsigned long data) {}
      |                ~~~~~~~~~~~~~~^~~~
src/network/BitStream.h: In member function ‘void BitStream::Write(float)’:
src/network/BitStream.h:30:22: warning: unused parameter ‘data’ [-Wunused-parameter]
   30 |     void Write(float data) {}
      |                ~~~~~~^~~~
src/network/BitStream.h: In member function ‘void BitStream::Write(bool)’:
src/network/BitStream.h:31:21: warning: unused parameter ‘data’ [-Wunused-parameter]
   31 |     void Write(bool data) {}
      |                ~~~~~^~~~
src/network/BitStream.h: In member function ‘void BitStream::Read(char*&, unsigned int)’:
src/network/BitStream.h:42:22: warning: unused parameter ‘data’ [-Wunused-parameter]
   42 |     void Read(char* &data, const unsigned int length) {}
      |               ~~~~~~~^~~~
src/network/BitStream.h:42:47: warning: unused parameter ‘length’ [-Wunused-parameter]
   42 |     void Read(char* &data, const unsigned int length) {}
      |                            ~~~~~~~~~~~~~~~~~~~^~~~~~
src/network/BitStream.h: In member function ‘void BitStream::Read(const char*&, unsigned int)’:
src/network/BitStream.h:43:28: warning: unused parameter ‘data’ [-Wunused-parameter]
   43 |     void Read(const char* &data, const unsigned int length) {}
      |               ~~~~~~~~~~~~~^~~~
src/network/BitStream.h:43:53: warning: unused parameter ‘length’ [-Wunused-parameter]
   43 |     void Read(const char* &data, const unsigned int length) {}
      |                                  ~~~~~~~~~~~~~~~~~~~^~~~~~
src/network/BitStream.h: In member function ‘void BitStream::Read(void*, unsigned int)’:
src/network/BitStream.h:44:21: warning: unused parameter ‘data’ [-Wunused-parameter]
   44 |     void Read(void* data, const unsigned int length) {}
      |               ~~~~~~^~~~
src/network/BitStream.h:44:46: warning: unused parameter ‘length’ [-Wunused-parameter]
   44 |     void Read(void* data, const unsigned int length) {}
      |                           ~~~~~~~~~~~~~~~~~~~^~~~~~
src/network/BitStream.h: In member function ‘void BitStream::SetWriteOffset(unsigned int)’:
src/network/BitStream.h:47:38: warning: unused parameter ‘offset’ [-Wunused-parameter]
   47 |     void SetWriteOffset(unsigned int offset) {}
      |                         ~~~~~~~~~~~~~^~~~~~
In file included from src/network/RakNetworkFactory.h:9,
                 from src/gsnetcli.h:17:
src/network/RakClientInterface.h: In member function ‘bool RakClientInterface::Connect(const char*, short unsigned int, const char*, short unsigned int)’:
src/network/RakClientInterface.h:17:30: warning: unused parameter ‘serverIP’ [-Wunused-parameter]
   17 |     bool Connect(const char* serverIP, unsigned short serverPort, const char* clientIP, unsigned short clientPort) { return false; }
      |                  ~~~~~~~~~~~~^~~~~~~~
src/network/RakClientInterface.h:17:55: warning: unused parameter ‘serverPort’ [-Wunused-parameter]
   17 |     bool Connect(const char* serverIP, unsigned short serverPort, const char* clientIP, unsigned short clientPort) { return false; }
      |                                        ~~~~~~~~~~~~~~~^~~~~~~~~~
src/network/RakClientInterface.h:17:79: warning: unused parameter ‘clientIP’ [-Wunused-parameter]
   17 |     bool Connect(const char* serverIP, unsigned short serverPort, const char* clientIP, unsigned short clientPort) { return false; }
      |                                                                   ~~~~~~~~~~~~^~~~~~~~
src/network/RakClientInterface.h:17:104: warning: unused parameter ‘clientPort’ [-Wunused-parameter]
   17 |     bool Connect(const char* serverIP, unsigned short serverPort, const char* clientIP, unsigned short clientPort) { return false; }
      |                                                                                         ~~~~~~~~~~~~~~~^~~~~~~~~~
src/network/RakClientInterface.h: In member function ‘bool RakClientInterface::Connect(const char*, short unsigned int, short unsigned int, unsigned int, int)’:
src/network/RakClientInterface.h:18:30: warning: unused parameter ‘host’ [-Wunused-parameter]
   18 |     bool Connect(const char* host, unsigned short serverPort, unsigned short clientPort, unsigned int connectionValidationInteger, int timeoutMS) { return false; }
      |                  ~~~~~~~~~~~~^~~~
src/network/RakClientInterface.h:18:51: warning: unused parameter ‘serverPort’ [-Wunused-parameter]
   18 |     bool Connect(const char* host, unsigned short serverPort, unsigned short clientPort, unsigned int connectionValidationInteger, int timeoutMS) { return false; }
      |                                    ~~~~~~~~~~~~~~~^~~~~~~~~~
src/network/RakClientInterface.h:18:78: warning: unused parameter ‘clientPort’ [-Wunused-parameter]
   18 |     bool Connect(const char* host, unsigned short serverPort, unsigned short clientPort, unsigned int connectionValidationInteger, int timeoutMS) { return false; }
      |                                                               ~~~~~~~~~~~~~~~^~~~~~~~~~
src/network/RakClientInterface.h:18:103: warning: unused parameter ‘connectionValidationInteger’ [-Wunused-parameter]
   18 |     bool Connect(const char* host, unsigned short serverPort, unsigned short clientPort, unsigned int connectionValidationInteger, int timeoutMS) { return false; }
      |                                                                                          ~~~~~~~~~~~~~^~~~~~~~~~~~~~~~~~~~~~~~~~~
src/network/RakClientInterface.h:18:136: warning: unused parameter ‘timeoutMS’ [-Wunused-parameter]
   18 |     bool Connect(const char* host, unsigned short serverPort, unsigned short clientPort, unsigned int connectionValidationInteger, int timeoutMS) { return false; }
      |                                                                                                                                    ~~~~^~~~~~~~~
src/network/RakClientInterface.h: In member function ‘void RakClientInterface::Disconnect(unsigned int, unsigned char)’:
src/network/RakClientInterface.h:19:34: warning: unused parameter ‘blockDuration’ [-Wunused-parameter]
   19 |     void Disconnect(unsigned int blockDuration = 0, unsigned char orderingChannel = 0) {}
      |                     ~~~~~~~~~~~~~^~~~~~~~~~~~~~~~~
src/network/RakClientInterface.h:19:67: warning: unused parameter ‘orderingChannel’ [-Wunused-parameter]
   19 |     void Disconnect(unsigned int blockDuration = 0, unsigned char orderingChannel = 0) {}
      |                                                     ~~~~~~~~~~~~~~^~~~~~~~~~~~~~~~~~~
src/network/RakClientInterface.h: In member function ‘void RakClientInterface::PingServer(const char*, short unsigned int, short unsigned int)’:
src/network/RakClientInterface.h:21:33: warning: unused parameter ‘host’ [-Wunused-parameter]
   21 |     void PingServer(const char* host, unsigned short remotePort, unsigned short sendPort) {}
      |                     ~~~~~~~~~~~~^~~~
src/network/RakClientInterface.h:21:54: warning: unused parameter ‘remotePort’ [-Wunused-parameter]
   21 |     void PingServer(const char* host, unsigned short remotePort, unsigned short sendPort) {}
      |                                       ~~~~~~~~~~~~~~~^~~~~~~~~~
src/network/RakClientInterface.h:21:81: warning: unused parameter ‘sendPort’ [-Wunused-parameter]
   21 |     void PingServer(const char* host, unsigned short remotePort, unsigned short sendPort) {}
      |                                                                  ~~~~~~~~~~~~~~~^~~~~~~~
src/network/RakClientInterface.h: In member function ‘bool RakClientInterface::Send(const char*, int, unsigned char, char, char, PlayerID, bool)’:
src/network/RakClientInterface.h:25:27: warning: unused parameter ‘data’ [-Wunused-parameter]
   25 |     bool Send(const char* data, int length, unsigned char priority, char reliability, char orderingChannel, PlayerID playerId, bool broadcast) { return true; }
      |               ~~~~~~~~~~~~^~~~
src/network/RakClientInterface.h:25:37: warning: unused parameter ‘length’ [-Wunused-parameter]
   25 |     bool Send(const char* data, int length, unsigned char priority, char reliability, char orderingChannel, PlayerID playerId, bool broadcast) { return true; }
      |                                 ~~~~^~~~~~
src/network/RakClientInterface.h:25:59: warning: unused parameter ‘priority’ [-Wunused-parameter]
   25 |     bool Send(const char* data, int length, unsigned char priority, char reliability, char orderingChannel, PlayerID playerId, bool broadcast) { return true; }
      |                                             ~~~~~~~~~~~~~~^~~~~~~~
src/network/RakClientInterface.h:25:74: warning: unused parameter ‘reliability’ [-Wunused-parameter]
   25 |     bool Send(const char* data, int length, unsigned char priority, char reliability, char orderingChannel, PlayerID playerId, bool broadcast) { return true; }
      |                                                                     ~~~~~^~~~~~~~~~~
src/network/RakClientInterface.h:25:92: warning: unused parameter ‘orderingChannel’ [-Wunused-parameter]
   25 |     bool Send(const char* data, int length, unsigned char priority, char reliability, char orderingChannel, PlayerID playerId, bool broadcast) { return true; }
      |                                                                                       ~~~~~^~~~~~~~~~~~~~~
src/network/RakClientInterface.h:25:118: warning: unused parameter ‘playerId’ [-Wunused-parameter]
   25 |     bool Send(const char* data, int length, unsigned char priority, char reliability, char orderingChannel, PlayerID playerId, bool broadcast) { return true; }
      |                                                                                                             ~~~~~~~~~^~~~~~~~
src/network/RakClientInterface.h:25:133: warning: unused parameter ‘broadcast’ [-Wunused-parameter]
   25 |     bool Send(const char* data, int length, unsigned char priority, char reliability, char orderingChannel, PlayerID playerId, bool broadcast) { return true; }
      |                                                                                                                                ~~~~~^~~~~~~~~
src/network/RakClientInterface.h: In member function ‘bool RakClientInterface::Send(BitStream*, unsigned char, char, char)’:
src/network/RakClientInterface.h:26:32: warning: unused parameter ‘bitStream’ [-Wunused-parameter]
   26 |     bool Send(class BitStream *bitStream, unsigned char priority, char reliability, char orderingChannel) { return true; }
      |               ~~~~~~~~~~~~~~~~~^~~~~~~~~
src/network/RakClientInterface.h:26:57: warning: unused parameter ‘priority’ [-Wunused-parameter]
   26 |     bool Send(class BitStream *bitStream, unsigned char priority, char reliability, char orderingChannel) { return true; }
      |                                           ~~~~~~~~~~~~~~^~~~~~~~
src/network/RakClientInterface.h:26:72: warning: unused parameter ‘reliability’ [-Wunused-parameter]
   26 |     bool Send(class BitStream *bitStream, unsigned char priority, char reliability, char orderingChannel) { return true; }
      |                                                                   ~~~~~^~~~~~~~~~~
src/network/RakClientInterface.h:26:90: warning: unused parameter ‘orderingChannel’ [-Wunused-parameter]
   26 |     bool Send(class BitStream *bitStream, unsigned char priority, char reliability, char orderingChannel) { return true; }
      |                                                                                     ~~~~~^~~~~~~~~~~~~~~
src/network/RakClientInterface.h: In member function ‘void RakClientInterface::PushBackPacket(Packet*, bool)’:
src/network/RakClientInterface.h:27:33: warning: unused parameter ‘packet’ [-Wunused-parameter]
   27 |     void PushBackPacket(Packet* packet, bool pushAtHead) {}
      |                         ~~~~~~~~^~~~~~
src/network/RakClientInterface.h:27:46: warning: unused parameter ‘pushAtHead’ [-Wunused-parameter]
   27 |     void PushBackPacket(Packet* packet, bool pushAtHead) {}
      |                                         ~~~~~^~~~~~~~~~
src/network/RakClientInterface.h: In member function ‘void RakClientInterface::DeallocatePacket(Packet*)’:
src/network/RakClientInterface.h:35:35: warning: unused parameter ‘packet’ [-Wunused-parameter]
   35 |     void DeallocatePacket(Packet *packet) {}
      |                           ~~~~~~~~^~~~~~
src/network/RakClientInterface.h: In member function ‘const char* RakClientInterface::PlayerIDToDottedIP(PlayerID)’:
src/network/RakClientInterface.h:36:45: warning: unused parameter ‘playerId’ [-Wunused-parameter]
   36 |     const char* PlayerIDToDottedIP(PlayerID playerId) { return "0.0.0.0"; }
      |                                    ~~~~~~~~~^~~~~~~~
In file included from src/network/RakNetworkFactory.h:10:
src/network/RakServerInterface.h: In member function ‘bool RakServerInterface::Start(int, int, int, int)’:
src/network/RakServerInterface.h:19:20: warning: unused parameter ‘AllowedPlayers’ [-Wunused-parameter]
   19 |     bool Start(int AllowedPlayers, int connectionValidationInteger, int threadSleepTimer, int port) { return false; }
      |                ~~~~^~~~~~~~~~~~~~
src/network/RakServerInterface.h:19:40: warning: unused parameter ‘connectionValidationInteger’ [-Wunused-parameter]
   19 |     bool Start(int AllowedPlayers, int connectionValidationInteger, int threadSleepTimer, int port) { return false; }
      |                                    ~~~~^~~~~~~~~~~~~~~~~~~~~~~~~~~
src/network/RakServerInterface.h:19:73: warning: unused parameter ‘threadSleepTimer’ [-Wunused-parameter]
   19 |     bool Start(int AllowedPlayers, int connectionValidationInteger, int threadSleepTimer, int port) { return false; }
      |                                                                     ~~~~^~~~~~~~~~~~~~~~
src/network/RakServerInterface.h:19:95: warning: unused parameter ‘port’ [-Wunused-parameter]
   19 |     bool Start(int AllowedPlayers, int connectionValidationInteger, int threadSleepTimer, int port) { return false; }
      |                                                                                           ~~~~^~~~
src/network/RakServerInterface.h: In member function ‘void RakServerInterface::Disconnect(unsigned int, unsigned char)’:
src/network/RakServerInterface.h:20:34: warning: unused parameter ‘blockDuration’ [-Wunused-parameter]
   20 |     void Disconnect(unsigned int blockDuration = 0, unsigned char orderingChannel = 0) {}
      |                     ~~~~~~~~~~~~~^~~~~~~~~~~~~~~~~
src/network/RakServerInterface.h:20:67: warning: unused parameter ‘orderingChannel’ [-Wunused-parameter]
   20 |     void Disconnect(unsigned int blockDuration = 0, unsigned char orderingChannel = 0) {}
      |                                                     ~~~~~~~~~~~~~~^~~~~~~~~~~~~~~~~~~
src/network/RakServerInterface.h: In member function ‘bool RakServerInterface::Send(const char*, int, unsigned char, char, char, PlayerID, bool)’:
src/network/RakServerInterface.h:21:27: warning: unused parameter ‘data’ [-Wunused-parameter]
   21 |     bool Send(const char* data, int length, unsigned char priority, char reliability, char orderingChannel, PlayerID playerId, bool broadcast) { return true; }
      |               ~~~~~~~~~~~~^~~~
src/network/RakServerInterface.h:21:37: warning: unused parameter ‘length’ [-Wunused-parameter]
   21 |     bool Send(const char* data, int length, unsigned char priority, char reliability, char orderingChannel, PlayerID playerId, bool broadcast) { return true; }
      |                                 ~~~~^~~~~~
src/network/RakServerInterface.h:21:59: warning: unused parameter ‘priority’ [-Wunused-parameter]
   21 |     bool Send(const char* data, int length, unsigned char priority, char reliability, char orderingChannel, PlayerID playerId, bool broadcast) { return true; }
      |                                             ~~~~~~~~~~~~~~^~~~~~~~
src/network/RakServerInterface.h:21:74: warning: unused parameter ‘reliability’ [-Wunused-parameter]
   21 |     bool Send(const char* data, int length, unsigned char priority, char reliability, char orderingChannel, PlayerID playerId, bool broadcast) { return true; }
      |                                                                     ~~~~~^~~~~~~~~~~
src/network/RakServerInterface.h:21:92: warning: unused parameter ‘orderingChannel’ [-Wunused-parameter]
   21 |     bool Send(const char* data, int length, unsigned char priority, char reliability, char orderingChannel, PlayerID playerId, bool broadcast) { return true; }
      |                                                                                       ~~~~~^~~~~~~~~~~~~~~
src/network/RakServerInterface.h:21:118: warning: unused parameter ‘playerId’ [-Wunused-parameter]
   21 |     bool Send(const char* data, int length, unsigned char priority, char reliability, char orderingChannel, PlayerID playerId, bool broadcast) { return true; }
      |                                                                                                             ~~~~~~~~~^~~~~~~~
src/network/RakServerInterface.h:21:133: warning: unused parameter ‘broadcast’ [-Wunused-parameter]
   21 |     bool Send(const char* data, int length, unsigned char priority, char reliability, char orderingChannel, PlayerID playerId, bool broadcast) { return true; }
      |                                                                                                                                ~~~~~^~~~~~~~~
src/network/RakServerInterface.h: In member function ‘bool RakServerInterface::Send(BitStream*, unsigned char, char, char, PlayerID, bool)’:
src/network/RakServerInterface.h:22:32: warning: unused parameter ‘bitStream’ [-Wunused-parameter]
   22 |     bool Send(class BitStream *bitStream, unsigned char priority, char reliability, char orderingChannel, PlayerID playerId, bool broadcast) { return true; }
      |               ~~~~~~~~~~~~~~~~~^~~~~~~~~
src/network/RakServerInterface.h:22:57: warning: unused parameter ‘priority’ [-Wunused-parameter]
   22 |     bool Send(class BitStream *bitStream, unsigned char priority, char reliability, char orderingChannel, PlayerID playerId, bool broadcast) { return true; }
      |                                           ~~~~~~~~~~~~~~^~~~~~~~
src/network/RakServerInterface.h:22:72: warning: unused parameter ‘reliability’ [-Wunused-parameter]
   22 |     bool Send(class BitStream *bitStream, unsigned char priority, char reliability, char orderingChannel, PlayerID playerId, bool broadcast) { return true; }
      |                                                                   ~~~~~^~~~~~~~~~~
src/network/RakServerInterface.h:22:90: warning: unused parameter ‘orderingChannel’ [-Wunused-parameter]
   22 |     bool Send(class BitStream *bitStream, unsigned char priority, char reliability, char orderingChannel, PlayerID playerId, bool broadcast) { return true; }
      |                                                                                     ~~~~~^~~~~~~~~~~~~~~
src/network/RakServerInterface.h:22:116: warning: unused parameter ‘playerId’ [-Wunused-parameter]
   22 |     bool Send(class BitStream *bitStream, unsigned char priority, char reliability, char orderingChannel, PlayerID playerId, bool broadcast) { return true; }
      |                                                                                                           ~~~~~~~~~^~~~~~~~
src/network/RakServerInterface.h:22:131: warning: unused parameter ‘broadcast’ [-Wunused-parameter]
   22 |     bool Send(class BitStream *bitStream, unsigned char priority, char reliability, char orderingChannel, PlayerID playerId, bool broadcast) { return true; }
      |                                                                                                                              ~~~~~^~~~~~~~~
src/network/RakServerInterface.h: In member function ‘void RakServerInterface::PushBackPacket(Packet*, bool)’:
src/network/RakServerInterface.h:23:33: warning: unused parameter ‘packet’ [-Wunused-parameter]
   23 |     void PushBackPacket(Packet* packet, bool pushAtHead) {}
      |                         ~~~~~~~~^~~~~~
src/network/RakServerInterface.h:23:46: warning: unused parameter ‘pushAtHead’ [-Wunused-parameter]
   23 |     void PushBackPacket(Packet* packet, bool pushAtHead) {}
      |                                         ~~~~~^~~~~~~~~~
src/network/RakServerInterface.h: In member function ‘void RakServerInterface::DeallocatePacket(Packet*)’:
src/network/RakServerInterface.h:24:35: warning: unused parameter ‘packet’ [-Wunused-parameter]
   24 |     void DeallocatePacket(Packet* packet) {}
      |                           ~~~~~~~~^~~~~~
src/network/RakServerInterface.h: In member function ‘int RakServerInterface::GetAveragePing(PlayerID)’:
src/network/RakServerInterface.h:25:33: warning: unused parameter ‘playerId’ [-Wunused-parameter]
   25 |     int GetAveragePing(PlayerID playerId) { return 0; }
      |                        ~~~~~~~~~^~~~~~~~
src/network/RakServerInterface.h: In member function ‘int RakServerInterface::GetLastPing(PlayerID)’:
src/network/RakServerInterface.h:26:30: warning: unused parameter ‘playerId’ [-Wunused-parameter]
   26 |     int GetLastPing(PlayerID playerId) { return 0; }
      |                     ~~~~~~~~~^~~~~~~~
src/network/RakServerInterface.h: In member function ‘int RakServerInterface::GetLowestPing(PlayerID)’:
src/network/RakServerInterface.h:27:32: warning: unused parameter ‘playerId’ [-Wunused-parameter]
   27 |     int GetLowestPing(PlayerID playerId) { return 0; }
      |                       ~~~~~~~~~^~~~~~~~
src/network/RakServerInterface.h: In member function ‘void RakServerInterface::Kick(PlayerID)’:
src/network/RakServerInterface.h:28:24: warning: unused parameter ‘playerId’ [-Wunused-parameter]
   28 |     void Kick(PlayerID playerId) {}
      |               ~~~~~~~~~^~~~~~~~
src/network/RakServerInterface.h: In member function ‘void RakServerInterface::SetAllowedPlayers(int)’:
src/network/RakServerInterface.h:31:32: warning: unused parameter ‘maxPlayers’ [-Wunused-parameter]
   31 |     void SetAllowedPlayers(int maxPlayers) {}
      |                            ~~~~^~~~~~~~~~
src/network/RakServerInterface.h: In member function ‘void* RakServerInterface::GetStatistics(PlayerID)’:
src/network/RakServerInterface.h:35:34: warning: unused parameter ‘playerId’ [-Wunused-parameter]
   35 |     void* GetStatistics(PlayerID playerId) { return 0; }
      |                         ~~~~~~~~~^~~~~~~~
src/network/RakNetworkFactory.h: In static member function ‘static void RakNetworkFactory::DestroyRakNetwork(void*)’:
src/network/RakNetworkFactory.h:15:41: warning: unused parameter ‘network’ [-Wunused-parameter]
   15 |     static void DestroyRakNetwork(void* network) {}
      |                                   ~~~~~~^~~~~~~
src/gsplayer.cpp: In member function ‘void gsPlayer::player_dead()’:
src/gsplayer.cpp:355:22: warning: ISO C++ forbids converting a string constant to ‘char*’ [-Wwrite-strings]
  355 |       errors->log(2, "adding fragmsg (this, killer, weap)", get_name(), killername, get_hitbyweap());
      |                      ^~~~~~~~~~~~~~~~~~~~~~~~~~~~~~~~~~~~~
src/gsplayer.cpp: In member function ‘void gsPlayer::hit(int, int, float, float, int, int, int, int)’:
src/gsplayer.cpp:836:34: warning: suggest parentheses around ‘&&’ within ‘||’ [-Wparentheses]
  836 |            globals->network_game && player[0]->get_sig() == sig) &&
      |            ~~~~~~~~~~~~~~~~~~~~~~^~~~~~~~~~~~~~~~~~~~~~~~~~~~~~
src/gsplayer.cpp:756:41: warning: unused parameter ‘from_enemy’ [-Wunused-parameter]
  756 | void gsPlayer::hit(int from_player, int from_enemy, float hullhit, float shieldhit, int weap, int fx, int fy, int nostat)
      |                                     ~~~~^~~~~~~~~~
src/gsplayer.cpp: In function ‘void get_linepoints(BITMAP*, int, int, int)’:
src/gsplayer.cpp:910:29: warning: unused parameter ‘bmp’ [-Wunused-parameter]
  910 | void get_linepoints(BITMAP *bmp, int x, int y, int d)
      |                     ~~~~~~~~^~~
src/gsplayer.cpp:910:52: warning: unused parameter ‘d’ [-Wunused-parameter]
  910 | void get_linepoints(BITMAP *bmp, int x, int y, int d)
      |                                                ~~~~^
src/gsplayer.cpp: In member function ‘void gsPlayer::display_exhaust_pixels(gsMap*, gsMap*)’:
src/gsplayer.cpp:920:57: warning: unused parameter ‘m2’ [-Wunused-parameter]
  920 | void gsPlayer::display_exhaust_pixels(gsMap *m1, gsMap *m2)
      |                                                  ~~~~~~~^~
src/gsplayer.cpp: In member function ‘void gsPlayer::check_landing()’:
src/gsplayer.cpp:1619:30: warning: ISO C++ forbids converting a string constant to ‘char*’ [-Wwrite-strings]
 1619 |       mybase->set_cargo_name("");
      |                              ^~
src/gsplayer.cpp: In member function ‘int gsPlayer::load_ship_image(char*, int)’:
src/gsplayer.cpp:1930:22: warning: ISO C++ forbids converting a string constant to ‘char*’ [-Wwrite-strings]
 1930 |       errors->log(0, "load ship image", "ERROR: wrong format!");
      |                      ^~~~~~~~~~~~~~~~~
src/gsplayer.cpp:1930:41: warning: ISO C++ forbids converting a string constant to ‘char*’ [-Wwrite-strings]
 1930 |       errors->log(0, "load ship image", "ERROR: wrong format!");
      |                                         ^~~~~~~~~~~~~~~~~~~~~~
src/gsplayer.cpp:1985:29: warning: ISO C++ forbids converting a string constant to ‘char*’ [-Wwrite-strings]
 1985 |         else errors->log(2, "load ship's shield: ", "ERROR: no frames!");
      |                             ^~~~~~~~~~~~~~~~~~~~~~
src/gsplayer.cpp:1985:53: warning: ISO C++ forbids converting a string constant to ‘char*’ [-Wwrite-strings]
 1985 |         else errors->log(2, "load ship's shield: ", "ERROR: no frames!");
      |                                                     ^~~~~~~~~~~~~~~~~~~
src/gsplayer.cpp:2007:20: warning: ISO C++ forbids converting a string constant to ‘char*’ [-Wwrite-strings]
 2007 |     errors->log(0, "load ship image", "ERROR: file not found or no tga/pcx/bmp!");
      |                    ^~~~~~~~~~~~~~~~~
src/gsplayer.cpp:2007:39: warning: ISO C++ forbids converting a string constant to ‘char*’ [-Wwrite-strings]
 2007 |     errors->log(0, "load ship image", "ERROR: file not found or no tga/pcx/bmp!");
      |                                       ^~~~~~~~~~~~~~~~~~~~~~~~~~~~~~~~~~~~~~~~~~
src/gsplayer.cpp: In member function ‘void gsPlayer::set_weapon(int, int, int, int)’:
src/gsplayer.cpp:2081:20: warning: ISO C++ forbids converting a string constant to ‘char*’ [-Wwrite-strings]
 2081 |     errors->log(0, "ADDRESSING ERROR", "player->set_weapon", n);
      |                    ^~~~~~~~~~~~~~~~~~
src/gsplayer.cpp:2081:40: warning: ISO C++ forbids converting a string constant to ‘char*’ [-Wwrite-strings]
 2081 |     errors->log(0, "ADDRESSING ERROR", "player->set_weapon", n);
      |                                        ^~~~~~~~~~~~~~~~~~~~
src/gsplayer.cpp: In member function ‘void gsPlayer::apply_weapon_pack(int, int)’:
src/gsplayer.cpp:2388:9: warning: unused variable ‘myokay’ [-Wunused-variable]
 2388 |     int myokay = 0;
      |         ^~~~~~
src/gsplayer.cpp: In member function ‘void gsPlayer::apply_gravity_to(int, int, float*, float*, int, int)’:
src/gsplayer.cpp:2716:3: warning: this ‘if’ clause does not guard... [-Wmisleading-indentation]
 2716 |   if (st > 100) st = 100; if (st <= 0) st = 1;
      |   ^~
src/gsplayer.cpp:2716:27: note: ...this statement, but the latter is misleadingly indented as if it were guarded by the ‘if’
 2716 |   if (st > 100) st = 100; if (st <= 0) st = 1;
      |                           ^~
src/network/RakServerInterface.h: At global scope:
src/network/RakServerInterface.h:49:17: warning: ‘UNASSIGNED_PLAYER_ID’ defined but not used [-Wunused-variable]
   49 | static PlayerID UNASSIGNED_PLAYER_ID = {0, 0};
      |                 ^~~~~~~~~~~~~~~~~~~~
src/gsplayer.cpp: In member function ‘void gsPlayer::set_name(const char*)’:
src/gsplayer.cpp:2672:10: warning: ‘char* __builtin_strncpy(char*, const char*, long unsigned int)’ specified bound 50 equals destination size [-Wstringop-truncation]
 2672 |   strncpy(stats.pname, a, 50);
      |          ^
Compiling src/gsplcomp.cpp...
g++ -O2 -Wall -Wextra -std=c++11 -fpermissive -DDIRECT_ASSET_LOADING  -I/usr/include/lua5.4 -I./src -c src/gsplcomp.cpp -o obj/gsplcomp.o
In file included from src/gsplcomp.cpp:17:
src/luaclass.h: In member function ‘void Lua::open(int)’:
src/luaclass.h:20:23: warning: unused parameter ‘stacksize’ [-Wunused-parameter]
   20 |         void open(int stacksize = 0)
      |                   ~~~~^~~~~~~~~~~~~
src/luaclass.h: In member function ‘void Lua::setgcthreshold(int)’:
src/luaclass.h:136:33: warning: unused parameter ‘newthreshold’ [-Wunused-parameter]
  136 |         void setgcthreshold(int newthreshold)
      |                             ~~~~^~~~~~~~~~~~
In file included from src/gsplcomp.cpp:22:
src/gsscript.h: At global scope:
src/gsscript.h:43:43: warning: ISO C++ forbids converting a string constant to ‘char*’ [-Wwrite-strings]
   43 |     void  read_level_files(int=0, char *n="");
      |                                           ^~
src/gsplcomp.cpp: In constructor ‘gsCompPlayer::gsCompPlayer(Lua*, int)’:
src/gsplcomp.cpp:43:21: warning: ISO C++ forbids converting a string constant to ‘char*’ [-Wwrite-strings]
   43 |   script->setglobal("comp_player", num, l);
      |                     ^~~~~~~~~~~~~
src/gsplcomp.cpp: In member function ‘void gsCompPlayer::load_script()’:
src/gsplcomp.cpp:59:22: warning: ISO C++ forbids converting a string constant to ‘char*’ [-Wwrite-strings]
   59 |       errors->log(1, "computer player", "couldn't find necessary script files!");
      |                      ^~~~~~~~~~~~~~~~~
src/gsplcomp.cpp:59:41: warning: ISO C++ forbids converting a string constant to ‘char*’ [-Wwrite-strings]
   59 |       errors->log(1, "computer player", "couldn't find necessary script files!");
      |                                         ^~~~~~~~~~~~~~~~~~~~~~~~~~~~~~~~~~~~~~~
src/gsplcomp.cpp: In member function ‘void gsCompPlayer::run_ini()’:
src/gsplcomp.cpp:79:29: warning: ISO C++ forbids converting a string constant to ‘char*’ [-Wwrite-strings]
   79 |     if (err) errors->log(1, "computer player", "error while script initialization", err);
      |                             ^~~~~~~~~~~~~~~~~
src/gsplcomp.cpp:79:48: warning: ISO C++ forbids converting a string constant to ‘char*’ [-Wwrite-strings]
   79 |     if (err) errors->log(1, "computer player", "error while script initialization", err);
      |                                                ^~~~~~~~~~~~~~~~~~~~~~~~~~~~~~~~~~~
src/gsplcomp.cpp:80:20: warning: ISO C++ forbids converting a string constant to ‘char*’ [-Wwrite-strings]
   80 |     errors->log(2, "computer player", "running scripted (Lua) computer player");
      |                    ^~~~~~~~~~~~~~~~~
src/gsplcomp.cpp:80:39: warning: ISO C++ forbids converting a string constant to ‘char*’ [-Wwrite-strings]
   80 |     errors->log(2, "computer player", "running scripted (Lua) computer player");
      |                                       ^~~~~~~~~~~~~~~~~~~~~~~~~~~~~~~~~~~~~~~~
src/gsplcomp.cpp:84:20: warning: ISO C++ forbids converting a string constant to ‘char*’ [-Wwrite-strings]
   84 |     errors->log(2, "computer player", "running compiled computer player");
      |                    ^~~~~~~~~~~~~~~~~
src/gsplcomp.cpp:84:39: warning: ISO C++ forbids converting a string constant to ‘char*’ [-Wwrite-strings]
   84 |     errors->log(2, "computer player", "running compiled computer player");
      |                                       ^~~~~~~~~~~~~~~~~~~~~~~~~~~~~~~~~~
src/gsplcomp.cpp: In member function ‘void gsCompPlayer::run_script()’:
src/gsplcomp.cpp:94:29: warning: ISO C++ forbids converting a string constant to ‘char*’ [-Wwrite-strings]
   94 |     if (err) errors->log(1, "computer player", "error while script execution", err);
      |                             ^~~~~~~~~~~~~~~~~
src/gsplcomp.cpp:94:48: warning: ISO C++ forbids converting a string constant to ‘char*’ [-Wwrite-strings]
   94 |     if (err) errors->log(1, "computer player", "error while script execution", err);
      |                                                ^~~~~~~~~~~~~~~~~~~~~~~~~~~~~~
src/gsplcomp.cpp: In member function ‘void gsCompPlayer::run_compiled_script()’:
src/gsplcomp.cpp:238:9: warning: variable ‘frapela_spobj_nr’ set but not used [-Wunused-but-set-variable]
  238 |   int   frapela_spobj_nr[1000]    = { 0 };
      |         ^~~~~~~~~~~~~~~~
src/gsplcomp.cpp:243:9: warning: variable ‘frapela_gegner_da_zufi’ set but not used [-Wunused-but-set-variable]
  243 |   float frapela_gegner_da_zufi   = 0;
      |         ^~~~~~~~~~~~~~~~~~~~~~
src/gsplcomp.cpp: In member function ‘void gsCompPlayer::load_script()’:
src/gsplcomp.cpp:69:10: warning: ignoring return value of ‘size_t fread(void*, size_t, size_t, FILE*)’ declared with attribute ‘warn_unused_result’ [-Wunused-result]
   69 |     fread(plcomp_script, 1, script_size, tmp);
      |     ~~~~~^~~~~~~~~~~~~~~~~~~~~~~~~~~~~~~~~~~~
src/gsplcomp.cpp: In member function ‘void gsCompPlayer::run_compiled_script()’:
src/gsplcomp.cpp:496:34: warning: ‘frapela_alt_spobj_x’ may be used uninitialized [-Wmaybe-uninitialized]
  496 |           if (frapela_spieler2_x - frapela_alt_spobj_x < 0)
      |               ~~~~~~~~~~~~~~~~~~~^~~~~~~~~~~~~~~~~~~~~
src/gsplcomp.cpp:249:9: note: ‘frapela_alt_spobj_x’ was declared here
  249 |   float frapela_alt_spobj_x, frapela_alt_spobj_y, frapela_alt_spobj_winkel, frapela_multi_spobj;
      |         ^~~~~~~~~~~~~~~~~~~
src/gsplcomp.cpp:494:32: warning: ‘frapela_alt_spobj_y’ may be used uninitialized [-Wmaybe-uninitialized]
  494 |         if (frapela_spieler2_y - frapela_alt_spobj_y < 0)
      |             ~~~~~~~~~~~~~~~~~~~^~~~~~~~~~~~~~~~~~~~~
src/gsplcomp.cpp:249:30: note: ‘frapela_alt_spobj_y’ was declared here
  249 |   float frapela_alt_spobj_x, frapela_alt_spobj_y, frapela_alt_spobj_winkel, frapela_multi_spobj;
      |                              ^~~~~~~~~~~~~~~~~~~
In file included from /usr/lib/gcc/x86_64-pc-linux-gnu/14/include/g++-v14/math.h:36,
                 from src/gsplcomp.cpp:30:
In function ‘constexpr float std::fabs(float)’,
    inlined from ‘void gsCompPlayer::run_compiled_script()’ at src/gsplcomp.cpp:489:17:
/usr/lib/gcc/x86_64-pc-linux-gnu/14/include/g++-v14/cmath:239:31: warning: ‘frapela_alt_spobj_winkel’ may be used uninitialized [-Wmaybe-uninitialized]
  239 |   { return __builtin_fabsf(__x); }
      |                               ^
src/gsplcomp.cpp: In member function ‘void gsCompPlayer::run_compiled_script()’:
src/gsplcomp.cpp:249:51: note: ‘frapela_alt_spobj_winkel’ was declared here
  249 |   float frapela_alt_spobj_x, frapela_alt_spobj_y, frapela_alt_spobj_winkel, frapela_multi_spobj;
      |                                                   ^~~~~~~~~~~~~~~~~~~~~~~~
src/gsplcomp.cpp:583:40: warning: ‘frapela_alt_gegner_x’ may be used uninitialized [-Wmaybe-uninitialized]
  583 |                 if (frapela_spieler2_x - frapela_alt_gegner_x < 0)
      |                     ~~~~~~~~~~~~~~~~~~~^~~~~~~~~~~~~~~~~~~~~~
src/gsplcomp.cpp:252:9: note: ‘frapela_alt_gegner_x’ was declared here
  252 |   float frapela_alt_gegner_x, frapela_alt_gegner_y, frapela_alt_gegner_winkel;
      |         ^~~~~~~~~~~~~~~~~~~~
src/gsplcomp.cpp:581:38: warning: ‘frapela_alt_gegner_y’ may be used uninitialized [-Wmaybe-uninitialized]
  581 |               if (frapela_spieler2_y - frapela_alt_gegner_y < 0)
      |                   ~~~~~~~~~~~~~~~~~~~^~~~~~~~~~~~~~~~~~~~~~
src/gsplcomp.cpp:252:31: note: ‘frapela_alt_gegner_y’ was declared here
  252 |   float frapela_alt_gegner_x, frapela_alt_gegner_y, frapela_alt_gegner_winkel;
      |                               ^~~~~~~~~~~~~~~~~~~~
src/gsplcomp.cpp:597:25: warning: ‘frapela_alt_gegner_winkel’ may be used uninitialized [-Wmaybe-uninitialized]
  597 |                 if (360 - frapela_alt_gegner_winkel + frapela_gegner_schussanpassung <= 360)
      |                     ~~~~^~~~~~~~~~~~~~~~~~~~~~~~~~~
src/gsplcomp.cpp:252:53: note: ‘frapela_alt_gegner_winkel’ was declared here
  252 |   float frapela_alt_gegner_x, frapela_alt_gegner_y, frapela_alt_gegner_winkel;
      |                                                     ^~~~~~~~~~~~~~~~~~~~~~~~~
src/gsplcomp.cpp:593:108: warning: ‘frapela_gegner_xgeschw’ may be used uninitialized [-Wmaybe-uninitialized]
  593 |                   frapela_gegner_schussanpassung = (frapela_gegner_multiplikator * (frapela_gegner_xgeschw + ((-1)*frapela_spieler2_xgeschw))) + (frapela_gegner_multiplikator * (frapela_gegner_ygeschw - frapela_spieler2_ygeschw));
      |                                                                                    ~~~~~~~~~~~~~~~~~~~~~~~~^~~~~~~~~~~~~~~~~~~~~~~~~~~~~~~~~~
src/gsplcomp.cpp:253:9: note: ‘frapela_gegner_xgeschw’ was declared here
  253 |   float frapela_gegner_xgeschw, frapela_gegner_ygeschw;
      |         ^~~~~~~~~~~~~~~~~~~~~~
src/gsplcomp.cpp:595:205: warning: ‘frapela_gegner_ygeschw’ may be used uninitialized [-Wmaybe-uninitialized]
  595 |                   frapela_gegner_schussanpassung = (frapela_gegner_multiplikator * ((-1)*frapela_spieler2_xgeschw + frapela_gegner_xgeschw)) + (frapela_gegner_multiplikator * ((-1)*frapela_gegner_ygeschw + frapela_spieler2_ygeschw));
      |                                                                                                                                                                                ~~~~~~~~~~~~~~~~~~~~~~~~~~~~~^~~~~~~~~~~~~~~~~~~~~~~~~~~
src/gsplcomp.cpp:253:33: note: ‘frapela_gegner_ygeschw’ was declared here
  253 |   float frapela_gegner_xgeschw, frapela_gegner_ygeschw;
      |                                 ^~~~~~~~~~~~~~~~~~~~~~
Compiling src/gsplover.cpp...
g++ -O2 -Wall -Wextra -std=c++11 -fpermissive -DDIRECT_ASSET_LOADING  -I/usr/include/lua5.4 -I./src -c src/gsplover.cpp -o obj/gsplover.o
In file included from src/gsbullet.h:17,
                 from src/gsplayer.h:17,
                 from src/gsplover.cpp:14:
src/luaclass.h: In member function ‘void Lua::open(int)’:
src/luaclass.h:20:23: warning: unused parameter ‘stacksize’ [-Wunused-parameter]
   20 |         void open(int stacksize = 0)
      |                   ~~~~^~~~~~~~~~~~~
src/luaclass.h: In member function ‘void Lua::setgcthreshold(int)’:
src/luaclass.h:136:33: warning: unused parameter ‘newthreshold’ [-Wunused-parameter]
  136 |         void setgcthreshold(int newthreshold)
      |                             ~~~~^~~~~~~~~~~~
src/gsplover.cpp: In member function ‘void gsPlayerOverlay::update_player_name()’:
src/gsplover.cpp:44:10: warning: ‘char* __builtin_strncpy(char*, const char*, long unsigned int)’ output may be truncated copying 10 bytes from a string of length 30 [-Wstringop-truncation]
   44 |   strncpy(pl_name, opl->get_name(), maxlen);
      |          ^
Compiling src/gsradar.cpp...
g++ -O2 -Wall -Wextra -std=c++11 -fpermissive -DDIRECT_ASSET_LOADING  -I/usr/include/lua5.4 -I./src -c src/gsradar.cpp -o obj/gsradar.o
In file included from src/gsbullet.h:17,
                 from src/gsplayer.h:17,
                 from src/gsradar.cpp:15:
src/luaclass.h: In member function ‘void Lua::open(int)’:
src/luaclass.h:20:23: warning: unused parameter ‘stacksize’ [-Wunused-parameter]
   20 |         void open(int stacksize = 0)
      |                   ~~~~^~~~~~~~~~~~~
src/luaclass.h: In member function ‘void Lua::setgcthreshold(int)’:
src/luaclass.h:136:33: warning: unused parameter ‘newthreshold’ [-Wunused-parameter]
  136 |         void setgcthreshold(int newthreshold)
      |                             ~~~~^~~~~~~~~~~~
In file included from src/gsenemy.h:19,
                 from src/gsradar.cpp:18:
src/gsscript.h: At global scope:
src/gsscript.h:43:43: warning: ISO C++ forbids converting a string constant to ‘char*’ [-Wwrite-strings]
   43 |     void  read_level_files(int=0, char *n="");
      |                                           ^~
Compiling src/gsreplay.cpp...
g++ -O2 -Wall -Wextra -std=c++11 -fpermissive -DDIRECT_ASSET_LOADING  -I/usr/include/lua5.4 -I./src -c src/gsreplay.cpp -o obj/gsreplay.o
In file included from src/gsbullet.h:17,
                 from src/gsplayer.h:17,
                 from src/gsglob.h:22,
                 from src/gsreplay.cpp:13:
src/luaclass.h: In member function ‘void Lua::open(int)’:
src/luaclass.h:20:23: warning: unused parameter ‘stacksize’ [-Wunused-parameter]
   20 |         void open(int stacksize = 0)
      |                   ~~~~^~~~~~~~~~~~~
src/luaclass.h: In member function ‘void Lua::setgcthreshold(int)’:
src/luaclass.h:136:33: warning: unused parameter ‘newthreshold’ [-Wunused-parameter]
  136 |         void setgcthreshold(int newthreshold)
      |                             ~~~~^~~~~~~~~~~~
src/gsreplay.cpp: In member function ‘void gsReplay::write_player_action(int, PLAYER_ACTIONS)’:
src/gsreplay.cpp:127:40: warning: unused parameter ‘player’ [-Wunused-parameter]
  127 | void gsReplay::write_player_action(int player, PLAYER_ACTIONS action)
      |                                    ~~~~^~~~~~
src/gsreplay.cpp:127:63: warning: unused parameter ‘action’ [-Wunused-parameter]
  127 | void gsReplay::write_player_action(int player, PLAYER_ACTIONS action)
      |                                                ~~~~~~~~~~~~~~~^~~~~~
src/gsreplay.cpp: In member function ‘void gsReplay::start_recording()’:
src/gsreplay.cpp:79:12: warning: ‘char* __builtin_strncpy(char*, const char*, long unsigned int)’ output may be truncated copying 29 bytes from a string of length 50 [-Wstringop-truncation]
   79 |     strncpy(current_header.playership[n], player[n]->get_shipfile_filename(), 29);
      |            ^
src/gsreplay.cpp:80:12: warning: ‘char* __builtin_strncpy(char*, const char*, long unsigned int)’ output may be truncated copying 29 bytes from a string of length 30 [-Wstringop-truncation]
   80 |     strncpy(current_header.playername[n], player[n]->get_name(), 29);
      |            ^
Compiling src/gsscript.cpp...
g++ -O2 -Wall -Wextra -std=c++11 -fpermissive -DDIRECT_ASSET_LOADING  -I/usr/include/lua5.4 -I./src -c src/gsscript.cpp -o obj/gsscript.o
In file included from src/gsscript.h:16,
                 from src/gsscript.cpp:13:
src/luaclass.h: In member function ‘void Lua::open(int)’:
src/luaclass.h:20:23: warning: unused parameter ‘stacksize’ [-Wunused-parameter]
   20 |         void open(int stacksize = 0)
      |                   ~~~~^~~~~~~~~~~~~
src/luaclass.h: In member function ‘void Lua::setgcthreshold(int)’:
src/luaclass.h:136:33: warning: unused parameter ‘newthreshold’ [-Wunused-parameter]
  136 |         void setgcthreshold(int newthreshold)
      |                             ~~~~^~~~~~~~~~~~
src/gsscript.h: At global scope:
src/gsscript.h:43:43: warning: ISO C++ forbids converting a string constant to ‘char*’ [-Wwrite-strings]
   43 |     void  read_level_files(int=0, char *n="");
      |                                           ^~
src/gsscript.cpp: In function ‘void tolua_myerror(lua_State*, char*, tolua_Error*)’:
src/gsscript.cpp:45:18: warning: ISO C++ forbids converting a string constant to ‘char*’ [-Wwrite-strings]
   45 |   errors->log(0, "SCRIPT ERROR", myerror);
      |                  ^~~~~~~~~~~~~~
src/gsscript.cpp:39:31: warning: unused parameter ‘s’ [-Wunused-parameter]
   39 | void tolua_myerror(lua_State *s, char *msg, tolua_Error* err)
      |                    ~~~~~~~~~~~^
src/gsscript.cpp: In member function ‘void gsScript::set_standard_globals(Lua*)’:
src/gsscript.cpp:147:13: warning: ISO C++ forbids converting a string constant to ‘char*’ [-Wwrite-strings]
  147 |   setglobal("LANGUAGE", globals->language, l);
      |             ^~~~~~~~~~
src/gsscript.cpp:148:13: warning: ISO C++ forbids converting a string constant to ‘char*’ [-Wwrite-strings]
  148 |   setglobal("LANG_DE", LANG_DE, l);
      |             ^~~~~~~~~
src/gsscript.cpp:149:13: warning: ISO C++ forbids converting a string constant to ‘char*’ [-Wwrite-strings]
  149 |   setglobal("LANG_EN", LANG_EN, l);
      |             ^~~~~~~~~
src/gsscript.cpp:150:13: warning: ISO C++ forbids converting a string constant to ‘char*’ [-Wwrite-strings]
  150 |   setglobal("LANG_CR", LANG_CR, l);
      |             ^~~~~~~~~
src/gsscript.cpp:151:13: warning: ISO C++ forbids converting a string constant to ‘char*’ [-Wwrite-strings]
  151 |   setglobal("LANG_IT", LANG_IT, l);
      |             ^~~~~~~~~
src/gsscript.cpp:152:13: warning: ISO C++ forbids converting a string constant to ‘char*’ [-Wwrite-strings]
  152 |   setglobal("LANG_DK", LANG_DK, l);
      |             ^~~~~~~~~
src/gsscript.cpp:154:13: warning: ISO C++ forbids converting a string constant to ‘char*’ [-Wwrite-strings]
  154 |   setglobal("GRASS", MAP_GRASS, l);
      |             ^~~~~~~
src/gsscript.cpp:155:13: warning: ISO C++ forbids converting a string constant to ‘char*’ [-Wwrite-strings]
  155 |   setglobal("STONE", MAP_STONE, l);
      |             ^~~~~~~
src/gsscript.cpp:156:13: warning: ISO C++ forbids converting a string constant to ‘char*’ [-Wwrite-strings]
  156 |   setglobal("VERSION", float(atof(VERSION)+0.001), l);
      |             ^~~~~~~~~
src/gsscript.cpp: In member function ‘void gsScript::load_level_init(char*, level_info*)’:
src/gsscript.cpp:181:20: warning: ISO C++ forbids converting a string constant to ‘char*’ [-Wwrite-strings]
  181 |     errors->log(0, "ERROR", "while loading level file", lvlpath);
      |                    ^~~~~~~
src/gsscript.cpp:181:29: warning: ISO C++ forbids converting a string constant to ‘char*’ [-Wwrite-strings]
  181 |     errors->log(0, "ERROR", "while loading level file", lvlpath);
      |                             ^~~~~~~~~~~~~~~~~~~~~~~~~~
src/gsscript.cpp:191:42: warning: ISO C++ forbids converting a string constant to ‘char*’ [-Wwrite-strings]
  191 |   strncpy(lvl->mapfile, getglobal_string("map", level_lua), 20);
      |                                          ^~~~~
src/gsscript.cpp:195:20: warning: ISO C++ forbids converting a string constant to ‘char*’ [-Wwrite-strings]
  195 |     errors->log(0, "ERROR loading map", "mapname too short!");
      |                    ^~~~~~~~~~~~~~~~~~~
src/gsscript.cpp:195:41: warning: ISO C++ forbids converting a string constant to ‘char*’ [-Wwrite-strings]
  195 |     errors->log(0, "ERROR loading map", "mapname too short!");
      |                                         ^~~~~~~~~~~~~~~~~~~~
src/gsscript.cpp:199:45: warning: ISO C++ forbids converting a string constant to ‘char*’ [-Wwrite-strings]
  199 |   strncpy(lvl->scriptfile, getglobal_string("script", level_lua), 20);
      |                                             ^~~~~~~~
src/gsscript.cpp:203:20: warning: ISO C++ forbids converting a string constant to ‘char*’ [-Wwrite-strings]
  203 |     errors->log(1, "loading script", "scriptname too short!", lvl->scriptfile);
      |                    ^~~~~~~~~~~~~~~~
src/gsscript.cpp:203:38: warning: ISO C++ forbids converting a string constant to ‘char*’ [-Wwrite-strings]
  203 |     errors->log(1, "loading script", "scriptname too short!", lvl->scriptfile);
      |                                      ^~~~~~~~~~~~~~~~~~~~~~~
src/gsscript.cpp:207:49: warning: ISO C++ forbids converting a string constant to ‘char*’ [-Wwrite-strings]
  207 |   strncpy(lvl->initscriptfile, getglobal_string("initscript", level_lua), 20);
      |                                                 ^~~~~~~~~~~~
src/gsscript.cpp:211:20: warning: ISO C++ forbids converting a string constant to ‘char*’ [-Wwrite-strings]
  211 |     errors->log(1, "loading initscript", "scriptname too short!", lvl->initscriptfile);
      |                    ^~~~~~~~~~~~~~~~~~~~
src/gsscript.cpp:211:42: warning: ISO C++ forbids converting a string constant to ‘char*’ [-Wwrite-strings]
  211 |     errors->log(1, "loading initscript", "scriptname too short!", lvl->initscriptfile);
      |                                          ^~~~~~~~~~~~~~~~~~~~~~~
src/gsscript.cpp:216:39: warning: ISO C++ forbids converting a string constant to ‘char*’ [-Wwrite-strings]
  216 |   strncpy(lvl->name, getglobal_string("name", level_lua), 50);
      |                                       ^~~~~~
src/gsscript.cpp:218:39: warning: ISO C++ forbids converting a string constant to ‘char*’ [-Wwrite-strings]
  218 |   strncpy(lvl->desc, getglobal_string("description", level_lua), 200);
      |                                       ^~~~~~~~~~~~~
src/gsscript.cpp:219:46: warning: ISO C++ forbids converting a string constant to ‘char*’ [-Wwrite-strings]
  219 |   strncpy(lvl->missiondesc, getglobal_string("missiondesc", level_lua), 1000);
      |                                              ^~~~~~~~~~~~~
src/gsscript.cpp:223:21: warning: ISO C++ forbids converting a string constant to ‘char*’ [-Wwrite-strings]
  223 |   i = getglobal_int("onescreen_map", level_lua);
      |                     ^~~~~~~~~~~~~~~
src/gsscript.cpp:228:23: warning: ISO C++ forbids converting a string constant to ‘char*’ [-Wwrite-strings]
  228 |     i = getglobal_int("onescreen_map_x", level_lua);
      |                       ^~~~~~~~~~~~~~~~~
src/gsscript.cpp:232:23: warning: ISO C++ forbids converting a string constant to ‘char*’ [-Wwrite-strings]
  232 |     i = getglobal_int("onescreen_map_y", level_lua);
      |                       ^~~~~~~~~~~~~~~~~
src/gsscript.cpp:241:41: warning: ISO C++ forbids converting a string constant to ‘char*’ [-Wwrite-strings]
  241 |   strncpy(lvl->author, getglobal_string("author", level_lua), 49);
      |                                         ^~~~~~~~
src/gsscript.cpp:242:45: warning: ISO C++ forbids converting a string constant to ‘char*’ [-Wwrite-strings]
  242 |   strncpy(lvl->depends_on, getglobal_string("depends_on", level_lua), 99);
      |                                             ^~~~~~~~~~~~
src/gsscript.cpp:243:49: warning: ISO C++ forbids converting a string constant to ‘char*’ [-Wwrite-strings]
  243 |   strncpy(lvl->depends_on_txt, getglobal_string("depends_on_txt", level_lua), 249);
      |                                                 ^~~~~~~~~~~~~~~~
src/gsscript.cpp:245:53: warning: ISO C++ forbids converting a string constant to ‘char*’ [-Wwrite-strings]
  245 |   strncpy(lvl->activate_extra_str, getglobal_string("activate_extra_str", level_lua), 34);
      |                                                     ^~~~~~~~~~~~~~~~~~~~
src/gsscript.cpp:246:57: warning: ISO C++ forbids converting a string constant to ‘char*’ [-Wwrite-strings]
  246 |   strncpy(lvl->activate_extra_bar_str, getglobal_string("activate_extra_bar", level_lua), 34);
      |                                                         ^~~~~~~~~~~~~~~~~~~~
src/gsscript.cpp:248:46: warning: ISO C++ forbids converting a string constant to ‘char*’ [-Wwrite-strings]
  248 |   lvl->activate_singleplayer = getglobal_int("singleplayer", level_lua) > 0 ? 1 : 0;
      |                                              ^~~~~~~~~~~~~~
src/gsscript.cpp:249:42: warning: ISO C++ forbids converting a string constant to ‘char*’ [-Wwrite-strings]
  249 |   lvl->activate_minigame = getglobal_int("minigame", level_lua) > 0 ? 1 : 0;
      |                                          ^~~~~~~~~~
src/gsscript.cpp:250:37: warning: ISO C++ forbids converting a string constant to ‘char*’ [-Wwrite-strings]
  250 |   lvl->activate_ctf = getglobal_int("capture_the_flag", level_lua) > 0 ? 1 : 0;
      |                                     ^~~~~~~~~~~~~~~~~~
src/gsscript.cpp:251:36: warning: ISO C++ forbids converting a string constant to ‘char*’ [-Wwrite-strings]
  251 |   lvl->activate_hh = getglobal_int("hunter_hunted", level_lua) > 0 ? 1 : 0;
      |                                    ^~~~~~~~~~~~~~~
src/gsscript.cpp:252:38: warning: ISO C++ forbids converting a string constant to ‘char*’ [-Wwrite-strings]
  252 |   lvl->activate_race = getglobal_int("race", level_lua) > 0 ? 1 : 0;
      |                                      ^~~~~~
src/gsscript.cpp:253:47: warning: ISO C++ forbids converting a string constant to ‘char*’ [-Wwrite-strings]
  253 |   lvl->activate_global_script = getglobal_int("global_script", level_lua) > 0 ? 1 : 0;
      |                                               ^~~~~~~~~~~~~~~
src/gsscript.cpp:254:36: warning: ISO C++ forbids converting a string constant to ‘char*’ [-Wwrite-strings]
  254 |   lvl->max_players = getglobal_int("max_players", level_lua);
      |                                    ^~~~~~~~~~~~~
src/gsscript.cpp:257:38: warning: ISO C++ forbids converting a string constant to ‘char*’ [-Wwrite-strings]
  257 |   lvl->min_version = getglobal_float("min_version", level_lua);
      |                                      ^~~~~~~~~~~~~
src/gsscript.cpp:261:29: warning: ISO C++ forbids converting a string constant to ‘char*’ [-Wwrite-strings]
  261 |   int myres = getglobal_int("required_resolution", level_lua);
      |                             ^~~~~~~~~~~~~~~~~~~~~
src/gsscript.cpp: In member function ‘void gsScript::do_init_script(Lua*, char*, char*)’:
src/gsscript.cpp:308:15: warning: ISO C++ forbids converting a string constant to ‘char*’ [-Wwrite-strings]
  308 |     setglobal("LEVEL_DIR", path, l);
      |               ^~~~~~~~~~~
src/gsscript.cpp:342:20: warning: ISO C++ forbids converting a string constant to ‘char*’ [-Wwrite-strings]
  342 |     errors->log(0, "ERROR executing script", path, err);
      |                    ^~~~~~~~~~~~~~~~~~~~~~~~
src/gsscript.cpp: In member function ‘void gsScript::init_text(Lua*)’:
src/gsscript.cpp:351:13: warning: ISO C++ forbids converting a string constant to ‘char*’ [-Wwrite-strings]
  351 |   setglobal("MENU_YES",               a, l);
      |             ^~~~~~~~~~
src/gsscript.cpp:352:13: warning: ISO C++ forbids converting a string constant to ‘char*’ [-Wwrite-strings]
  352 |   setglobal("MENU_NO",              ++a, l);
      |             ^~~~~~~~~
src/gsscript.cpp:353:13: warning: ISO C++ forbids converting a string constant to ‘char*’ [-Wwrite-strings]
  353 |   setglobal("MENU_OK",              ++a, l);
      |             ^~~~~~~~~
src/gsscript.cpp:354:13: warning: ISO C++ forbids converting a string constant to ‘char*’ [-Wwrite-strings]
  354 |   setglobal("MENU_SINGLEPLAYER",    ++a, l);
      |             ^~~~~~~~~~~~~~~~~~~
src/gsscript.cpp:355:13: warning: ISO C++ forbids converting a string constant to ‘char*’ [-Wwrite-strings]
  355 |   setglobal("MENU_SPLITSCREEN",     ++a, l);
      |             ^~~~~~~~~~~~~~~~~~
src/gsscript.cpp:356:13: warning: ISO C++ forbids converting a string constant to ‘char*’ [-Wwrite-strings]
  356 |   setglobal("MENU_MINIGAME",        ++a, l);
      |             ^~~~~~~~~~~~~~~
src/gsscript.cpp:357:13: warning: ISO C++ forbids converting a string constant to ‘char*’ [-Wwrite-strings]
  357 |   setglobal("MENU_NETGAME",         ++a, l);
      |             ^~~~~~~~~~~~~~
src/gsscript.cpp:358:13: warning: ISO C++ forbids converting a string constant to ‘char*’ [-Wwrite-strings]
  358 |   setglobal("MENU_OPTIONS",         ++a, l);
      |             ^~~~~~~~~~~~~~
src/gsscript.cpp:359:13: warning: ISO C++ forbids converting a string constant to ‘char*’ [-Wwrite-strings]
  359 |   setglobal("MENU_CREDITS",         ++a, l);
      |             ^~~~~~~~~~~~~~
src/gsscript.cpp:360:13: warning: ISO C++ forbids converting a string constant to ‘char*’ [-Wwrite-strings]
  360 |   setglobal("MENU_SHIPBUILDER",     ++a, l);
      |             ^~~~~~~~~~~~~~~~~~
src/gsscript.cpp:361:13: warning: ISO C++ forbids converting a string constant to ‘char*’ [-Wwrite-strings]
  361 |   setglobal("MENU_BACK",            ++a, l);
      |             ^~~~~~~~~~~
src/gsscript.cpp:362:13: warning: ISO C++ forbids converting a string constant to ‘char*’ [-Wwrite-strings]
  362 |   setglobal("MENU_LANGUAGE",        ++a, l);
      |             ^~~~~~~~~~~~~~~
src/gsscript.cpp:363:13: warning: ISO C++ forbids converting a string constant to ‘char*’ [-Wwrite-strings]
  363 |   setglobal("MENU_LANG_DE",         ++a, l);
      |             ^~~~~~~~~~~~~~
src/gsscript.cpp:364:13: warning: ISO C++ forbids converting a string constant to ‘char*’ [-Wwrite-strings]
  364 |   setglobal("MENU_LANG_EN",         ++a, l);
      |             ^~~~~~~~~~~~~~
src/gsscript.cpp:365:13: warning: ISO C++ forbids converting a string constant to ‘char*’ [-Wwrite-strings]
  365 |   setglobal("MENU_LANG_CR",         ++a, l);
      |             ^~~~~~~~~~~~~~
src/gsscript.cpp:366:13: warning: ISO C++ forbids converting a string constant to ‘char*’ [-Wwrite-strings]
  366 |   setglobal("MENU_LANG_IT",         ++a, l);
      |             ^~~~~~~~~~~~~~
src/gsscript.cpp:367:13: warning: ISO C++ forbids converting a string constant to ‘char*’ [-Wwrite-strings]
  367 |   setglobal("MENU_LANG_DK",         ++a, l);
      |             ^~~~~~~~~~~~~~
src/gsscript.cpp:368:13: warning: ISO C++ forbids converting a string constant to ‘char*’ [-Wwrite-strings]
  368 |   setglobal("MENU_PIXAMOUNT",       ++a, l);
      |             ^~~~~~~~~~~~~~~~
src/gsscript.cpp:369:13: warning: ISO C++ forbids converting a string constant to ‘char*’ [-Wwrite-strings]
  369 |   setglobal("MENU_RESOLUTION",      ++a, l);
      |             ^~~~~~~~~~~~~~~~~
src/gsscript.cpp:370:13: warning: ISO C++ forbids converting a string constant to ‘char*’ [-Wwrite-strings]
  370 |   setglobal("MENU_VOLUME",          ++a, l);
      |             ^~~~~~~~~~~~~
src/gsscript.cpp:371:13: warning: ISO C++ forbids converting a string constant to ‘char*’ [-Wwrite-strings]
  371 |   setglobal("MENU_MVOLUME",         ++a, l);
      |             ^~~~~~~~~~~~~~
src/gsscript.cpp:372:13: warning: ISO C++ forbids converting a string constant to ‘char*’ [-Wwrite-strings]
  372 |   setglobal("MENU_CONTROLS",        ++a, l);
      |             ^~~~~~~~~~~~~~~
src/gsscript.cpp:373:13: warning: ISO C++ forbids converting a string constant to ‘char*’ [-Wwrite-strings]
  373 |   setglobal("MENU_2PCONTROLS",      ++a, l);
      |             ^~~~~~~~~~~~~~~~~
src/gsscript.cpp:374:13: warning: ISO C++ forbids converting a string constant to ‘char*’ [-Wwrite-strings]
  374 |   setglobal("MENU_SPCONTROLS",      ++a, l);
      |             ^~~~~~~~~~~~~~~~~
src/gsscript.cpp:375:13: warning: ISO C++ forbids converting a string constant to ‘char*’ [-Wwrite-strings]
  375 |   setglobal("MENU_QUIT",            ++a, l);
      |             ^~~~~~~~~~~
src/gsscript.cpp:377:13: warning: ISO C++ forbids converting a string constant to ‘char*’ [-Wwrite-strings]
  377 |   setglobal("MENU_CAP_OPTIONS",     ++a, l);
      |             ^~~~~~~~~~~~~~~~~~
src/gsscript.cpp:378:13: warning: ISO C++ forbids converting a string constant to ‘char*’ [-Wwrite-strings]
  378 |   setglobal("MENU_CAP_CONTROLS",    ++a, l);
      |             ^~~~~~~~~~~~~~~~~~~
src/gsscript.cpp:379:13: warning: ISO C++ forbids converting a string constant to ‘char*’ [-Wwrite-strings]
  379 |   setglobal("MENU_CAP_2PCONTROLS",  ++a, l);
      |             ^~~~~~~~~~~~~~~~~~~~~
src/gsscript.cpp:380:13: warning: ISO C++ forbids converting a string constant to ‘char*’ [-Wwrite-strings]
  380 |   setglobal("MENU_CAP_SPCONTROLS",  ++a, l);
      |             ^~~~~~~~~~~~~~~~~~~~~
src/gsscript.cpp:381:13: warning: ISO C++ forbids converting a string constant to ‘char*’ [-Wwrite-strings]
  381 |   setglobal("MENU_CAP_SINGLEPLAYER", ++a, l);
      |             ^~~~~~~~~~~~~~~~~~~~~~~
src/gsscript.cpp:382:13: warning: ISO C++ forbids converting a string constant to ‘char*’ [-Wwrite-strings]
  382 |   setglobal("MENU_CAP_SPLITSCREEN", ++a, l);
      |             ^~~~~~~~~~~~~~~~~~~~~~
src/gsscript.cpp:383:13: warning: ISO C++ forbids converting a string constant to ‘char*’ [-Wwrite-strings]
  383 |   setglobal("MENU_CAP_MINIGAME",    ++a, l);
      |             ^~~~~~~~~~~~~~~~~~~
src/gsscript.cpp:384:13: warning: ISO C++ forbids converting a string constant to ‘char*’ [-Wwrite-strings]
  384 |   setglobal("MENU_CAP_NETGAME",     ++a, l);
      |             ^~~~~~~~~~~~~~~~~~
src/gsscript.cpp:385:13: warning: ISO C++ forbids converting a string constant to ‘char*’ [-Wwrite-strings]
  385 |   setglobal("MENU_CAP_NETGAME_SERVER", ++a, l);
      |             ^~~~~~~~~~~~~~~~~~~~~~~~~
src/gsscript.cpp:386:13: warning: ISO C++ forbids converting a string constant to ‘char*’ [-Wwrite-strings]
  386 |   setglobal("MENU_CAP_NETGAME_CLIENT", ++a, l);
      |             ^~~~~~~~~~~~~~~~~~~~~~~~~
src/gsscript.cpp:387:13: warning: ISO C++ forbids converting a string constant to ‘char*’ [-Wwrite-strings]
  387 |   setglobal("MENU_CAP_SHIPBUILDER", ++a, l);
      |             ^~~~~~~~~~~~~~~~~~~~~~
src/gsscript.cpp:388:13: warning: ISO C++ forbids converting a string constant to ‘char*’ [-Wwrite-strings]
  388 |   setglobal("MENU_CAP_CHOOSESHIP",  ++a, l);
      |             ^~~~~~~~~~~~~~~~~~~~~
src/gsscript.cpp:390:13: warning: ISO C++ forbids converting a string constant to ‘char*’ [-Wwrite-strings]
  390 |   setglobal("MENU_DISP_RACES",       ++a, l);
      |             ^~~~~~~~~~~~~~~~~
src/gsscript.cpp:391:13: warning: ISO C++ forbids converting a string constant to ‘char*’ [-Wwrite-strings]
  391 |   setglobal("MENU_DISP_MISSIONS",    ++a, l);
      |             ^~~~~~~~~~~~~~~~~~~~
src/gsscript.cpp:392:13: warning: ISO C++ forbids converting a string constant to ‘char*’ [-Wwrite-strings]
  392 |   setglobal("MENU_DISP_DOGFIGHTS",   ++a, l);
      |             ^~~~~~~~~~~~~~~~~~~~~
src/gsscript.cpp:393:13: warning: ISO C++ forbids converting a string constant to ‘char*’ [-Wwrite-strings]
  393 |   setglobal("MENU_CAP_AUTHOR",       ++a, l);
      |             ^~~~~~~~~~~~~~~~~
src/gsscript.cpp:395:13: warning: ISO C++ forbids converting a string constant to ‘char*’ [-Wwrite-strings]
  395 |   setglobal("MENU_NEWSHIP",         ++a, l);
      |             ^~~~~~~~~~~~~~
src/gsscript.cpp:396:13: warning: ISO C++ forbids converting a string constant to ‘char*’ [-Wwrite-strings]
  396 |   setglobal("MENU_EDITWEAPONS",     ++a, l);
      |             ^~~~~~~~~~~~~~~~~~
src/gsscript.cpp:397:13: warning: ISO C++ forbids converting a string constant to ‘char*’ [-Wwrite-strings]
  397 |   setglobal("MENU_EDITSHIP",        ++a, l);
      |             ^~~~~~~~~~~~~~~
src/gsscript.cpp:398:13: warning: ISO C++ forbids converting a string constant to ‘char*’ [-Wwrite-strings]
  398 |   setglobal("MENU_MSG_SHIPLOADERROR", ++a, l);
      |             ^~~~~~~~~~~~~~~~~~~~~~~~
src/gsscript.cpp:399:13: warning: ISO C++ forbids converting a string constant to ‘char*’ [-Wwrite-strings]
  399 |   setglobal("MENU_MSG_REALLYDELETE", ++a, l);
      |             ^~~~~~~~~~~~~~~~~~~~~~~
src/gsscript.cpp:400:13: warning: ISO C++ forbids converting a string constant to ‘char*’ [-Wwrite-strings]
  400 |   setglobal("MENU_SAVE",            ++a, l);
      |             ^~~~~~~~~~~
src/gsscript.cpp:401:13: warning: ISO C++ forbids converting a string constant to ‘char*’ [-Wwrite-strings]
  401 |   setglobal("MENU_SAVENEW",         ++a, l);
      |             ^~~~~~~~~~~~~~
src/gsscript.cpp:402:13: warning: ISO C++ forbids converting a string constant to ‘char*’ [-Wwrite-strings]
  402 |   setglobal("MENU_DELETE",          ++a, l);
      |             ^~~~~~~~~~~~~
src/gsscript.cpp:403:13: warning: ISO C++ forbids converting a string constant to ‘char*’ [-Wwrite-strings]
  403 |   setglobal("MENU_SHIP_NAME",       ++a, l);
      |             ^~~~~~~~~~~~~~~~
src/gsscript.cpp:404:13: warning: ISO C++ forbids converting a string constant to ‘char*’ [-Wwrite-strings]
  404 |   setglobal("MENU_SHIP_DESC",       ++a, l);
      |             ^~~~~~~~~~~~~~~~
src/gsscript.cpp:405:13: warning: ISO C++ forbids converting a string constant to ‘char*’ [-Wwrite-strings]
  405 |   setglobal("MENU_SHIP_LOADIMAGE",  ++a, l);
      |             ^~~~~~~~~~~~~~~~~~~~~
src/gsscript.cpp:406:13: warning: ISO C++ forbids converting a string constant to ‘char*’ [-Wwrite-strings]
  406 |   setglobal("MENU_SHIP_LOADIMAGE_FS", ++a, l);
      |             ^~~~~~~~~~~~~~~~~~~~~~~~
src/gsscript.cpp:407:13: warning: ISO C++ forbids converting a string constant to ‘char*’ [-Wwrite-strings]
  407 |   setglobal("MENU_SHIP_REMPOINTS",  ++a, l);
      |             ^~~~~~~~~~~~~~~~~~~~~
src/gsscript.cpp:408:13: warning: ISO C++ forbids converting a string constant to ‘char*’ [-Wwrite-strings]
  408 |   setglobal("MENU_SHIP_HULL",       ++a, l);
      |             ^~~~~~~~~~~~~~~~
src/gsscript.cpp:409:13: warning: ISO C++ forbids converting a string constant to ‘char*’ [-Wwrite-strings]
  409 |   setglobal("MENU_SHIP_SHIELD",     ++a, l);
      |             ^~~~~~~~~~~~~~~~~~
src/gsscript.cpp:410:13: warning: ISO C++ forbids converting a string constant to ‘char*’ [-Wwrite-strings]
  410 |   setglobal("MENU_SHIP_HULL_RE",    ++a, l);
      |             ^~~~~~~~~~~~~~~~~~~
src/gsscript.cpp:411:13: warning: ISO C++ forbids converting a string constant to ‘char*’ [-Wwrite-strings]
  411 |   setglobal("MENU_SHIP_SHIELD_RE",  ++a, l);
      |             ^~~~~~~~~~~~~~~~~~~~~
src/gsscript.cpp:412:13: warning: ISO C++ forbids converting a string constant to ‘char*’ [-Wwrite-strings]
  412 |   setglobal("MENU_SHIP_WEAPON_RE",  ++a, l);
      |             ^~~~~~~~~~~~~~~~~~~~~
src/gsscript.cpp:413:13: warning: ISO C++ forbids converting a string constant to ‘char*’ [-Wwrite-strings]
  413 |   setglobal("MENU_SHIP_WALLSHIELD", ++a, l);
      |             ^~~~~~~~~~~~~~~~~~~~~~
src/gsscript.cpp:414:13: warning: ISO C++ forbids converting a string constant to ‘char*’ [-Wwrite-strings]
  414 |   setglobal("MENU_SHIP_RADAR_ZOOM", ++a, l);
      |             ^~~~~~~~~~~~~~~~~~~~~~
src/gsscript.cpp:415:13: warning: ISO C++ forbids converting a string constant to ‘char*’ [-Wwrite-strings]
  415 |   setglobal("MENU_SHIP_WEAPON_SLOTS", ++a, l);
      |             ^~~~~~~~~~~~~~~~~~~~~~~~
src/gsscript.cpp:416:13: warning: ISO C++ forbids converting a string constant to ‘char*’ [-Wwrite-strings]
  416 |   setglobal("MENU_SHIP_TURN_SPEED", ++a, l);
      |             ^~~~~~~~~~~~~~~~~~~~~~
src/gsscript.cpp:417:13: warning: ISO C++ forbids converting a string constant to ‘char*’ [-Wwrite-strings]
  417 |   setglobal("MENU_SHIP_MAX_SPEED",  ++a, l);
      |             ^~~~~~~~~~~~~~~~~~~~~
src/gsscript.cpp:418:13: warning: ISO C++ forbids converting a string constant to ‘char*’ [-Wwrite-strings]
  418 |   setglobal("MENU_SHIP_ACCELERATION", ++a, l);
      |             ^~~~~~~~~~~~~~~~~~~~~~~~
src/gsscript.cpp:419:13: warning: ISO C++ forbids converting a string constant to ‘char*’ [-Wwrite-strings]
  419 |   setglobal("MENU_SHIP_FUEL_CONSUMPTION", ++a, l);
      |             ^~~~~~~~~~~~~~~~~~~~~~~~~~~~
src/gsscript.cpp:420:13: warning: ISO C++ forbids converting a string constant to ‘char*’ [-Wwrite-strings]
  420 |   setglobal("MENU_SHIP_WEAPON_STORAGE", ++a, l);
      |             ^~~~~~~~~~~~~~~~~~~~~~~~~~
src/gsscript.cpp:421:13: warning: ISO C++ forbids converting a string constant to ‘char*’ [-Wwrite-strings]
  421 |   setglobal("MENU_SHIP_EXTRA",      ++a, l);
      |             ^~~~~~~~~~~~~~~~~
src/gsscript.cpp:422:13: warning: ISO C++ forbids converting a string constant to ‘char*’ [-Wwrite-strings]
  422 |   setglobal("MENU_SHIP_AFTERBURNER",++a, l);
      |             ^~~~~~~~~~~~~~~~~~~~~~~
src/gsscript.cpp:423:13: warning: ISO C++ forbids converting a string constant to ‘char*’ [-Wwrite-strings]
  423 |   setglobal("MENU_SHIP_DEFLECTOR",  ++a, l);
      |             ^~~~~~~~~~~~~~~~~~~~~
src/gsscript.cpp:424:13: warning: ISO C++ forbids converting a string constant to ‘char*’ [-Wwrite-strings]
  424 |   setglobal("MENU_SHIP_CLOAK", ++a, l);
      |             ^~~~~~~~~~~~~~~~~
src/gsscript.cpp:425:13: warning: ISO C++ forbids converting a string constant to ‘char*’ [-Wwrite-strings]
  425 |   setglobal("MENU_SHIP_WEAPONS",    ++a, l);
      |             ^~~~~~~~~~~~~~~~~~~
src/gsscript.cpp:426:13: warning: ISO C++ forbids converting a string constant to ‘char*’ [-Wwrite-strings]
  426 |   setglobal("MENU_SHIP_TEXT_WEAPAVAIL", ++a, l);
      |             ^~~~~~~~~~~~~~~~~~~~~~~~~~
src/gsscript.cpp:427:13: warning: ISO C++ forbids converting a string constant to ‘char*’ [-Wwrite-strings]
  427 |   setglobal("MENU_SHIP_TEXT_WEAPSLOTS", ++a, l);
      |             ^~~~~~~~~~~~~~~~~~~~~~~~~~
src/gsscript.cpp:428:13: warning: ISO C++ forbids converting a string constant to ‘char*’ [-Wwrite-strings]
  428 |   setglobal("MENU_SHIP_TEXT_WEAPDESC", ++a, l);
      |             ^~~~~~~~~~~~~~~~~~~~~~~~~
src/gsscript.cpp:429:13: warning: ISO C++ forbids converting a string constant to ‘char*’ [-Wwrite-strings]
  429 |   setglobal("MENU_SHIP_W_SBLASTER", ++a, l);
      |             ^~~~~~~~~~~~~~~~~~~~~~
src/gsscript.cpp:430:13: warning: ISO C++ forbids converting a string constant to ‘char*’ [-Wwrite-strings]
  430 |   setglobal("MENU_SHIP_W_DBLASTER", ++a, l);
      |             ^~~~~~~~~~~~~~~~~~~~~~
src/gsscript.cpp:431:13: warning: ISO C++ forbids converting a string constant to ‘char*’ [-Wwrite-strings]
  431 |   setglobal("MENU_SHIP_W_BOMB",     ++a, l);
      |             ^~~~~~~~~~~~~~~~~~
src/gsscript.cpp:432:13: warning: ISO C++ forbids converting a string constant to ‘char*’ [-Wwrite-strings]
  432 |   setglobal("MENU_SHIP_W_BIGBOMB",  ++a, l);
      |             ^~~~~~~~~~~~~~~~~~~~~
src/gsscript.cpp:433:13: warning: ISO C++ forbids converting a string constant to ‘char*’ [-Wwrite-strings]
  433 |   setglobal("MENU_SHIP_W_ROCKETS",  ++a, l);
      |             ^~~~~~~~~~~~~~~~~~~~~
src/gsscript.cpp:434:13: warning: ISO C++ forbids converting a string constant to ‘char*’ [-Wwrite-strings]
  434 |   setglobal("MENU_SHIP_W_MINES",    ++a, l);
      |             ^~~~~~~~~~~~~~~~~~~
src/gsscript.cpp:435:13: warning: ISO C++ forbids converting a string constant to ‘char*’ [-Wwrite-strings]
  435 |   setglobal("MENU_SHIP_W_FREEZER",  ++a, l);
      |             ^~~~~~~~~~~~~~~~~~~~~
src/gsscript.cpp:436:13: warning: ISO C++ forbids converting a string constant to ‘char*’ [-Wwrite-strings]
  436 |   setglobal("MENU_SHIP_W_SHRINKER", ++a, l);
      |             ^~~~~~~~~~~~~~~~~~~~~~
src/gsscript.cpp:437:13: warning: ISO C++ forbids converting a string constant to ‘char*’ [-Wwrite-strings]
  437 |   setglobal("MENU_SHIP_W_PROBE",    ++a, l);
      |             ^~~~~~~~~~~~~~~~~~~
src/gsscript.cpp:438:13: warning: ISO C++ forbids converting a string constant to ‘char*’ [-Wwrite-strings]
  438 |   setglobal("MENU_SHIP_W_GAS",      ++a, l);
      |             ^~~~~~~~~~~~~~~~~
src/gsscript.cpp:439:13: warning: ISO C++ forbids converting a string constant to ‘char*’ [-Wwrite-strings]
  439 |   setglobal("MENU_SHIP_W_LASER",    ++a, l);
      |             ^~~~~~~~~~~~~~~~~~~
src/gsscript.cpp:440:13: warning: ISO C++ forbids converting a string constant to ‘char*’ [-Wwrite-strings]
  440 |   setglobal("MENU_SHIP_W_BUMPER",   ++a, l);
      |             ^~~~~~~~~~~~~~~~~~~~
src/gsscript.cpp:441:13: warning: ISO C++ forbids converting a string constant to ‘char*’ [-Wwrite-strings]
  441 |   setglobal("MENU_SHIP_W_SHOTGUN",  ++a, l);
      |             ^~~~~~~~~~~~~~~~~~~~~
src/gsscript.cpp:442:13: warning: ISO C++ forbids converting a string constant to ‘char*’ [-Wwrite-strings]
  442 |   setglobal("MENU_SHIP_W_ACID",     ++a, l);
      |             ^~~~~~~~~~~~~~~~~~
src/gsscript.cpp:443:13: warning: ISO C++ forbids converting a string constant to ‘char*’ [-Wwrite-strings]
  443 |   setglobal("MENU_SHIP_WI_SBLASTER", ++a, l);
      |             ^~~~~~~~~~~~~~~~~~~~~~~
src/gsscript.cpp:444:13: warning: ISO C++ forbids converting a string constant to ‘char*’ [-Wwrite-strings]
  444 |   setglobal("MENU_SHIP_WI_DBLASTER", ++a, l);
      |             ^~~~~~~~~~~~~~~~~~~~~~~
src/gsscript.cpp:445:13: warning: ISO C++ forbids converting a string constant to ‘char*’ [-Wwrite-strings]
  445 |   setglobal("MENU_SHIP_WI_BOMB",     ++a, l);
      |             ^~~~~~~~~~~~~~~~~~~
src/gsscript.cpp:446:13: warning: ISO C++ forbids converting a string constant to ‘char*’ [-Wwrite-strings]
  446 |   setglobal("MENU_SHIP_WI_BIGBOMB",  ++a, l);
      |             ^~~~~~~~~~~~~~~~~~~~~~
src/gsscript.cpp:447:13: warning: ISO C++ forbids converting a string constant to ‘char*’ [-Wwrite-strings]
  447 |   setglobal("MENU_SHIP_WI_ROCKETS",  ++a, l);
      |             ^~~~~~~~~~~~~~~~~~~~~~
src/gsscript.cpp:448:13: warning: ISO C++ forbids converting a string constant to ‘char*’ [-Wwrite-strings]
  448 |   setglobal("MENU_SHIP_WI_MINES",    ++a, l);
      |             ^~~~~~~~~~~~~~~~~~~~
src/gsscript.cpp:449:13: warning: ISO C++ forbids converting a string constant to ‘char*’ [-Wwrite-strings]
  449 |   setglobal("MENU_SHIP_WI_FREEZER",  ++a, l);
      |             ^~~~~~~~~~~~~~~~~~~~~~
src/gsscript.cpp:450:13: warning: ISO C++ forbids converting a string constant to ‘char*’ [-Wwrite-strings]
  450 |   setglobal("MENU_SHIP_WI_SHRINKER", ++a, l);
      |             ^~~~~~~~~~~~~~~~~~~~~~~
src/gsscript.cpp:451:13: warning: ISO C++ forbids converting a string constant to ‘char*’ [-Wwrite-strings]
  451 |   setglobal("MENU_SHIP_WI_PROBE",    ++a, l);
      |             ^~~~~~~~~~~~~~~~~~~~
src/gsscript.cpp:452:13: warning: ISO C++ forbids converting a string constant to ‘char*’ [-Wwrite-strings]
  452 |   setglobal("MENU_SHIP_WI_GAS",      ++a, l);
      |             ^~~~~~~~~~~~~~~~~~
src/gsscript.cpp:453:13: warning: ISO C++ forbids converting a string constant to ‘char*’ [-Wwrite-strings]
  453 |   setglobal("MENU_SHIP_WI_LASER",    ++a, l);
      |             ^~~~~~~~~~~~~~~~~~~~
src/gsscript.cpp:454:13: warning: ISO C++ forbids converting a string constant to ‘char*’ [-Wwrite-strings]
  454 |   setglobal("MENU_SHIP_WI_BUMPER",   ++a, l);
      |             ^~~~~~~~~~~~~~~~~~~~~
src/gsscript.cpp:455:13: warning: ISO C++ forbids converting a string constant to ‘char*’ [-Wwrite-strings]
  455 |   setglobal("MENU_SHIP_WI_SHOTGUN",  ++a, l);
      |             ^~~~~~~~~~~~~~~~~~~~~~
src/gsscript.cpp:456:13: warning: ISO C++ forbids converting a string constant to ‘char*’ [-Wwrite-strings]
  456 |   setglobal("MENU_SHIP_WI_ACID",     ++a, l);
      |             ^~~~~~~~~~~~~~~~~~~
src/gsscript.cpp:457:13: warning: ISO C++ forbids converting a string constant to ‘char*’ [-Wwrite-strings]
  457 |   setglobal("MENU_SHIP_SLOT1",      ++a, l);
      |             ^~~~~~~~~~~~~~~~~
src/gsscript.cpp:458:13: warning: ISO C++ forbids converting a string constant to ‘char*’ [-Wwrite-strings]
  458 |   setglobal("MENU_SHIP_SLOT2",      ++a, l);
      |             ^~~~~~~~~~~~~~~~~
src/gsscript.cpp:459:13: warning: ISO C++ forbids converting a string constant to ‘char*’ [-Wwrite-strings]
  459 |   setglobal("MENU_SHIP_SLOT3",      ++a, l);
      |             ^~~~~~~~~~~~~~~~~
src/gsscript.cpp:460:13: warning: ISO C++ forbids converting a string constant to ‘char*’ [-Wwrite-strings]
  460 |   setglobal("MENU_SHIP_SLOT4",      ++a, l);
      |             ^~~~~~~~~~~~~~~~~
src/gsscript.cpp:461:13: warning: ISO C++ forbids converting a string constant to ‘char*’ [-Wwrite-strings]
  461 |   setglobal("MENU_SHIP_SLOT5",      ++a, l);
      |             ^~~~~~~~~~~~~~~~~
src/gsscript.cpp:462:13: warning: ISO C++ forbids converting a string constant to ‘char*’ [-Wwrite-strings]
  462 |   setglobal("MENU_SHIP_SLOT6",      ++a, l);
      |             ^~~~~~~~~~~~~~~~~
src/gsscript.cpp:463:13: warning: ISO C++ forbids converting a string constant to ‘char*’ [-Wwrite-strings]
  463 |   setglobal("MENU_SHIP_DAMAGE_SP",  ++a, l);
      |             ^~~~~~~~~~~~~~~~~~~~~
src/gsscript.cpp:464:13: warning: ISO C++ forbids converting a string constant to ‘char*’ [-Wwrite-strings]
  464 |   setglobal("MENU_SHIP_DAMAGE_MP",  ++a, l);
      |             ^~~~~~~~~~~~~~~~~~~~~
src/gsscript.cpp:465:13: warning: ISO C++ forbids converting a string constant to ‘char*’ [-Wwrite-strings]
  465 |   setglobal("MENU_PLAY",            ++a, l);
      |             ^~~~~~~~~~~
src/gsscript.cpp:466:13: warning: ISO C++ forbids converting a string constant to ‘char*’ [-Wwrite-strings]
  466 |   setglobal("MENU_PLAY_MINIGAME",   ++a, l);
      |             ^~~~~~~~~~~~~~~~~~~~
src/gsscript.cpp:467:13: warning: ISO C++ forbids converting a string constant to ‘char*’ [-Wwrite-strings]
  467 |   setglobal("MENU_NAME_P1",         ++a, l);
      |             ^~~~~~~~~~~~~~
src/gsscript.cpp:468:13: warning: ISO C++ forbids converting a string constant to ‘char*’ [-Wwrite-strings]
  468 |   setglobal("MENU_NAME_P2",         ++a, l);
      |             ^~~~~~~~~~~~~~
src/gsscript.cpp:469:13: warning: ISO C++ forbids converting a string constant to ‘char*’ [-Wwrite-strings]
  469 |   setglobal("MENU_2P_CHOOSESHIP",   ++a, l);
      |             ^~~~~~~~~~~~~~~~~~~~
src/gsscript.cpp:470:13: warning: ISO C++ forbids converting a string constant to ‘char*’ [-Wwrite-strings]
  470 |   setglobal("MENU_2P_EDITSHIP",     ++a, l);
      |             ^~~~~~~~~~~~~~~~~~
src/gsscript.cpp:471:13: warning: ISO C++ forbids converting a string constant to ‘char*’ [-Wwrite-strings]
  471 |   setglobal("MENU_GRAVITY",         ++a, l);
      |             ^~~~~~~~~~~~~~
src/gsscript.cpp:472:13: warning: ISO C++ forbids converting a string constant to ‘char*’ [-Wwrite-strings]
  472 |   setglobal("MENU_MAXFRAGS",        ++a, l);
      |             ^~~~~~~~~~~~~~~
src/gsscript.cpp:473:13: warning: ISO C++ forbids converting a string constant to ‘char*’ [-Wwrite-strings]
  473 |   setglobal("MENU_MAXTIME",         ++a, l);
      |             ^~~~~~~~~~~~~~
src/gsscript.cpp:474:13: warning: ISO C++ forbids converting a string constant to ‘char*’ [-Wwrite-strings]
  474 |   setglobal("MENU_EXTRAS",          ++a, l);
      |             ^~~~~~~~~~~~~
src/gsscript.cpp:475:13: warning: ISO C++ forbids converting a string constant to ‘char*’ [-Wwrite-strings]
  475 |   setglobal("MENU_ONESCREEN_MAP",   ++a, l);
      |             ^~~~~~~~~~~~~~~~~~~~
src/gsscript.cpp:476:13: warning: ISO C++ forbids converting a string constant to ‘char*’ [-Wwrite-strings]
  476 |   setglobal("MENU_SCRIPTING",       ++a, l);
      |             ^~~~~~~~~~~~~~~~
src/gsscript.cpp:477:13: warning: ISO C++ forbids converting a string constant to ‘char*’ [-Wwrite-strings]
  477 |   setglobal("MENU_LEVELEXTRA",      ++a, l);
      |             ^~~~~~~~~~~~~~~~~
src/gsscript.cpp:478:13: warning: ISO C++ forbids converting a string constant to ‘char*’ [-Wwrite-strings]
  478 |   setglobal("MENU_CAPTURE_THE_FLAG",++a, l);
      |             ^~~~~~~~~~~~~~~~~~~~~~~
src/gsscript.cpp:479:13: warning: ISO C++ forbids converting a string constant to ‘char*’ [-Wwrite-strings]
  479 |   setglobal("MENU_HUNTER_HUNTED",   ++a, l);
      |             ^~~~~~~~~~~~~~~~~~~~
src/gsscript.cpp:480:13: warning: ISO C++ forbids converting a string constant to ‘char*’ [-Wwrite-strings]
  480 |   setglobal("MENU_LAPS",            ++a, l);
      |             ^~~~~~~~~~~
src/gsscript.cpp:481:13: warning: ISO C++ forbids converting a string constant to ‘char*’ [-Wwrite-strings]
  481 |   setglobal("MENU_COMPUTER_PLAYER", ++a, l);
      |             ^~~~~~~~~~~~~~~~~~~~~~
src/gsscript.cpp:482:13: warning: ISO C++ forbids converting a string constant to ‘char*’ [-Wwrite-strings]
  482 |   setglobal("MENU_COMPUTER_PLAYER_STRENGTH", ++a, l);
      |             ^~~~~~~~~~~~~~~~~~~~~~~~~~~~~~~
src/gsscript.cpp:483:13: warning: ISO C++ forbids converting a string constant to ‘char*’ [-Wwrite-strings]
  483 |   setglobal("MENU_NEXTPAGE",        ++a, l);
      |             ^~~~~~~~~~~~~~~
src/gsscript.cpp:484:13: warning: ISO C++ forbids converting a string constant to ‘char*’ [-Wwrite-strings]
  484 |   setglobal("MENU_LASTPAGE",        ++a, l);
      |             ^~~~~~~~~~~~~~~
src/gsscript.cpp:485:13: warning: ISO C++ forbids converting a string constant to ‘char*’ [-Wwrite-strings]
  485 |   setglobal("MENU_2NDPLAYER",       ++a, l);
      |             ^~~~~~~~~~~~~~~~
src/gsscript.cpp:486:13: warning: ISO C++ forbids converting a string constant to ‘char*’ [-Wwrite-strings]
  486 |   setglobal("MENU_LEVELINFO",       ++a, l);
      |             ^~~~~~~~~~~~~~~~
src/gsscript.cpp:487:13: warning: ISO C++ forbids converting a string constant to ‘char*’ [-Wwrite-strings]
  487 |   setglobal("MENU_LEVEL_LOCKED",    ++a, l);
      |             ^~~~~~~~~~~~~~~~~~~
src/gsscript.cpp:488:13: warning: ISO C++ forbids converting a string constant to ‘char*’ [-Wwrite-strings]
  488 |   setglobal("MENU_HANDICAP",        ++a, l);
      |             ^~~~~~~~~~~~~~~
src/gsscript.cpp:490:13: warning: ISO C++ forbids converting a string constant to ‘char*’ [-Wwrite-strings]
  490 |   setglobal("MENU_SERVER",          ++a, l);
      |             ^~~~~~~~~~~~~
src/gsscript.cpp:491:13: warning: ISO C++ forbids converting a string constant to ‘char*’ [-Wwrite-strings]
  491 |   setglobal("MENU_CLIENT",          ++a, l);
      |             ^~~~~~~~~~~~~
src/gsscript.cpp:492:13: warning: ISO C++ forbids converting a string constant to ‘char*’ [-Wwrite-strings]
  492 |   setglobal("MENU_I_AM_READY",      ++a, l);
      |             ^~~~~~~~~~~~~~~~~
src/gsscript.cpp:493:13: warning: ISO C++ forbids converting a string constant to ‘char*’ [-Wwrite-strings]
  493 |   setglobal("MENU_READY",           ++a, l);
      |             ^~~~~~~~~~~~
src/gsscript.cpp:494:13: warning: ISO C++ forbids converting a string constant to ‘char*’ [-Wwrite-strings]
  494 |   setglobal("MENU_LEVEL_NOT_AVAILABLE", ++a, l);
      |             ^~~~~~~~~~~~~~~~~~~~~~~~~~
src/gsscript.cpp:496:13: warning: ISO C++ forbids converting a string constant to ‘char*’ [-Wwrite-strings]
  496 |   setglobal("GAME_EXTRA",           ++a, l);
      |             ^~~~~~~~~~~~
src/gsscript.cpp:497:13: warning: ISO C++ forbids converting a string constant to ‘char*’ [-Wwrite-strings]
  497 |   setglobal("GAME_AMMOPACK",        ++a, l);
      |             ^~~~~~~~~~~~~~~
src/gsscript.cpp:498:13: warning: ISO C++ forbids converting a string constant to ‘char*’ [-Wwrite-strings]
  498 |   setglobal("GAME_TIME",            ++a, l);
      |             ^~~~~~~~~~~
src/gsscript.cpp:499:13: warning: ISO C++ forbids converting a string constant to ‘char*’ [-Wwrite-strings]
  499 |   setglobal("GAME_TIMEREM",         ++a, l);
      |             ^~~~~~~~~~~~~~
src/gsscript.cpp:500:13: warning: ISO C++ forbids converting a string constant to ‘char*’ [-Wwrite-strings]
  500 |   setglobal("GAME_CARGO",           ++a, l);
      |             ^~~~~~~~~~~~
src/gsscript.cpp:501:13: warning: ISO C++ forbids converting a string constant to ‘char*’ [-Wwrite-strings]
  501 |   setglobal("GAME_MAN",             ++a, l);
      |             ^~~~~~~~~~
src/gsscript.cpp:502:13: warning: ISO C++ forbids converting a string constant to ‘char*’ [-Wwrite-strings]
  502 |   setglobal("GAME_SOMETHING",       ++a, l);
      |             ^~~~~~~~~~~~~~~~
src/gsscript.cpp:503:13: warning: ISO C++ forbids converting a string constant to ‘char*’ [-Wwrite-strings]
  503 |   setglobal("GAME_WEIGHT",          ++a, l);
      |             ^~~~~~~~~~~~~
src/gsscript.cpp:504:13: warning: ISO C++ forbids converting a string constant to ‘char*’ [-Wwrite-strings]
  504 |   setglobal("GAME_CARGOREC",        ++a, l);
      |             ^~~~~~~~~~~~~~~
src/gsscript.cpp:505:13: warning: ISO C++ forbids converting a string constant to ‘char*’ [-Wwrite-strings]
  505 |   setglobal("GAME_HOMEBASE",        ++a, l);
      |             ^~~~~~~~~~~~~~~
src/gsscript.cpp:506:13: warning: ISO C++ forbids converting a string constant to ‘char*’ [-Wwrite-strings]
  506 |   setglobal("GAME_PANEL_FUEL",      ++a, l);
      |             ^~~~~~~~~~~~~~~~~
src/gsscript.cpp:507:13: warning: ISO C++ forbids converting a string constant to ‘char*’ [-Wwrite-strings]
  507 |   setglobal("GAME_PANEL_EXTRA",     ++a, l);
      |             ^~~~~~~~~~~~~~~~~~
src/gsscript.cpp:508:13: warning: ISO C++ forbids converting a string constant to ‘char*’ [-Wwrite-strings]
  508 |   setglobal("GAME_PANEL_FRAGS",     ++a, l);
      |             ^~~~~~~~~~~~~~~~~~
src/gsscript.cpp:509:13: warning: ISO C++ forbids converting a string constant to ‘char*’ [-Wwrite-strings]
  509 |   setglobal("GAME_PANEL_SHIPS",     ++a, l);
      |             ^~~~~~~~~~~~~~~~~~
src/gsscript.cpp:510:13: warning: ISO C++ forbids converting a string constant to ‘char*’ [-Wwrite-strings]
  510 |   setglobal("GAME_MISSION_DONE",    ++a, l);
      |             ^~~~~~~~~~~~~~~~~~~
src/gsscript.cpp:511:13: warning: ISO C++ forbids converting a string constant to ‘char*’ [-Wwrite-strings]
  511 |   setglobal("GAME_MISSION_FAILED",  ++a, l);
      |             ^~~~~~~~~~~~~~~~~~~~~
src/gsscript.cpp:512:13: warning: ISO C++ forbids converting a string constant to ‘char*’ [-Wwrite-strings]
  512 |   setglobal("GAME_YOU_ARE_DEAD",    ++a, l);
      |             ^~~~~~~~~~~~~~~~~~~
src/gsscript.cpp:513:13: warning: ISO C++ forbids converting a string constant to ‘char*’ [-Wwrite-strings]
  513 |   setglobal("GAME_EXTRA_UPGRADE",   ++a, l);
      |             ^~~~~~~~~~~~~~~~~~~~
src/gsscript.cpp:514:13: warning: ISO C++ forbids converting a string constant to ‘char*’ [-Wwrite-strings]
  514 |   setglobal("GAME_EXTRA_FUEL",      ++a, l);
      |             ^~~~~~~~~~~~~~~~~
src/gsscript.cpp:515:13: warning: ISO C++ forbids converting a string constant to ‘char*’ [-Wwrite-strings]
  515 |   setglobal("GAME_EXTRA_FULLSHIELD", ++a, l);
      |             ^~~~~~~~~~~~~~~~~~~~~~~
src/gsscript.cpp:516:13: warning: ISO C++ forbids converting a string constant to ‘char*’ [-Wwrite-strings]
  516 |   setglobal("GAME_EXTRA_FULLWSHIELD", ++a, l);
      |             ^~~~~~~~~~~~~~~~~~~~~~~~
src/gsscript.cpp:517:13: warning: ISO C++ forbids converting a string constant to ‘char*’ [-Wwrite-strings]
  517 |   setglobal("GAME_EXTRA_INVULNERABILITY", ++a, l);
      |             ^~~~~~~~~~~~~~~~~~~~~~~~~~~~
src/gsscript.cpp:518:13: warning: ISO C++ forbids converting a string constant to ‘char*’ [-Wwrite-strings]
  518 |   setglobal("GAME_DAMAGE",           ++a, l);
      |             ^~~~~~~~~~~~~
src/gsscript.cpp:519:13: warning: ISO C++ forbids converting a string constant to ‘char*’ [-Wwrite-strings]
  519 |   setglobal("GAME_DAMAGE_THRUSTER",  ++a, l);
      |             ^~~~~~~~~~~~~~~~~~~~~~
src/gsscript.cpp:520:13: warning: ISO C++ forbids converting a string constant to ‘char*’ [-Wwrite-strings]
  520 |   setglobal("GAME_DAMAGE_STEERING",  ++a, l);
      |             ^~~~~~~~~~~~~~~~~~~~~~
src/gsscript.cpp:521:13: warning: ISO C++ forbids converting a string constant to ‘char*’ [-Wwrite-strings]
  521 |   setglobal("GAME_DAMAGE_FUEL",      ++a, l);
      |             ^~~~~~~~~~~~~~~~~~
src/gsscript.cpp:522:13: warning: ISO C++ forbids converting a string constant to ‘char*’ [-Wwrite-strings]
  522 |   setglobal("GAME_DAMAGE_WEAPONS",   ++a, l);
      |             ^~~~~~~~~~~~~~~~~~~~~
src/gsscript.cpp:523:13: warning: ISO C++ forbids converting a string constant to ‘char*’ [-Wwrite-strings]
  523 |   setglobal("GAME_DAMAGE_SHIELD",    ++a, l);
      |             ^~~~~~~~~~~~~~~~~~~~
src/gsscript.cpp:524:13: warning: ISO C++ forbids converting a string constant to ‘char*’ [-Wwrite-strings]
  524 |   setglobal("GAME_DAMAGE_LANDING",   ++a, l);
      |             ^~~~~~~~~~~~~~~~~~~~~
src/gsscript.cpp:525:13: warning: ISO C++ forbids converting a string constant to ‘char*’ [-Wwrite-strings]
  525 |   setglobal("GAME_DAMAGE_RADAR",     ++a, l);
      |             ^~~~~~~~~~~~~~~~~~~
src/gsscript.cpp:526:13: warning: ISO C++ forbids converting a string constant to ‘char*’ [-Wwrite-strings]
  526 |   setglobal("GAME_ESC_EXIT",         ++a, l);
      |             ^~~~~~~~~~~~~~~
src/gsscript.cpp:527:13: warning: ISO C++ forbids converting a string constant to ‘char*’ [-Wwrite-strings]
  527 |   setglobal("GAME_ESC_RESTART",      ++a, l);
      |             ^~~~~~~~~~~~~~~~~~
src/gsscript.cpp:528:13: warning: ISO C++ forbids converting a string constant to ‘char*’ [-Wwrite-strings]
  528 |   setglobal("GAME_ESC_OTHER_KEY",    ++a, l);
      |             ^~~~~~~~~~~~~~~~~~~~
src/gsscript.cpp:529:13: warning: ISO C++ forbids converting a string constant to ‘char*’ [-Wwrite-strings]
  529 |   setglobal("GAME_ESC_CONTINUE",     ++a, l);
      |             ^~~~~~~~~~~~~~~~~~~
src/gsscript.cpp:531:13: warning: ISO C++ forbids converting a string constant to ‘char*’ [-Wwrite-strings]
  531 |   setglobal("STATS_CAP_1PLAYER",    ++a, l);
      |             ^~~~~~~~~~~~~~~~~~~
src/gsscript.cpp:532:13: warning: ISO C++ forbids converting a string constant to ‘char*’ [-Wwrite-strings]
  532 |   setglobal("STATS_CAP_2PLAYER",    ++a, l);
      |             ^~~~~~~~~~~~~~~~~~~
src/gsscript.cpp:533:13: warning: ISO C++ forbids converting a string constant to ‘char*’ [-Wwrite-strings]
  533 |   setglobal("STATS_CAP_NETWORK",    ++a, l);
      |             ^~~~~~~~~~~~~~~~~~~
src/gsscript.cpp:534:13: warning: ISO C++ forbids converting a string constant to ‘char*’ [-Wwrite-strings]
  534 |   setglobal("STATS_MODE",           ++a, l);
      |             ^~~~~~~~~~~~
src/gsscript.cpp:535:13: warning: ISO C++ forbids converting a string constant to ‘char*’ [-Wwrite-strings]
  535 |   setglobal("STATS_MODE_DOGFIGHT",  ++a, l);
      |             ^~~~~~~~~~~~~~~~~~~~~
src/gsscript.cpp:536:13: warning: ISO C++ forbids converting a string constant to ‘char*’ [-Wwrite-strings]
  536 |   setglobal("STATS_MODE_RACE",      ++a, l);
      |             ^~~~~~~~~~~~~~~~~
src/gsscript.cpp:537:13: warning: ISO C++ forbids converting a string constant to ‘char*’ [-Wwrite-strings]
  537 |   setglobal("STATS_PLAYER",         ++a, l);
      |             ^~~~~~~~~~~~~~
src/gsscript.cpp:538:13: warning: ISO C++ forbids converting a string constant to ‘char*’ [-Wwrite-strings]
  538 |   setglobal("STATS_HITPERCENT",     ++a, l);
      |             ^~~~~~~~~~~~~~~~~~
src/gsscript.cpp:539:13: warning: ISO C++ forbids converting a string constant to ‘char*’ [-Wwrite-strings]
  539 |   setglobal("STATS_FRAGS",          ++a, l);
      |             ^~~~~~~~~~~~~
src/gsscript.cpp:540:13: warning: ISO C++ forbids converting a string constant to ‘char*’ [-Wwrite-strings]
  540 |   setglobal("STATS_SUICIDES",       ++a, l);
      |             ^~~~~~~~~~~~~~~~
src/gsscript.cpp:541:13: warning: ISO C++ forbids converting a string constant to ‘char*’ [-Wwrite-strings]
  541 |   setglobal("STATS_EXTRASTAKEN",    ++a, l);
      |             ^~~~~~~~~~~~~~~~~~~
src/gsscript.cpp:542:13: warning: ISO C++ forbids converting a string constant to ‘char*’ [-Wwrite-strings]
  542 |   setglobal("STATS_WINNER",         ++a, l);
      |             ^~~~~~~~~~~~~~
src/gsscript.cpp:543:13: warning: ISO C++ forbids converting a string constant to ‘char*’ [-Wwrite-strings]
  543 |   setglobal("STATS_DRAW",           ++a, l);
      |             ^~~~~~~~~~~~
src/gsscript.cpp:544:13: warning: ISO C++ forbids converting a string constant to ‘char*’ [-Wwrite-strings]
  544 |   setglobal("STATS_PLACE",          ++a, l);
      |             ^~~~~~~~~~~~~
src/gsscript.cpp:545:13: warning: ISO C++ forbids converting a string constant to ‘char*’ [-Wwrite-strings]
  545 |   setglobal("STATS_SCORE",          ++a, l);
      |             ^~~~~~~~~~~~~
src/gsscript.cpp:546:13: warning: ISO C++ forbids converting a string constant to ‘char*’ [-Wwrite-strings]
  546 |   setglobal("STATS_LAP",            ++a, l);
      |             ^~~~~~~~~~~
src/gsscript.cpp:547:13: warning: ISO C++ forbids converting a string constant to ‘char*’ [-Wwrite-strings]
  547 |   setglobal("STATS_TIME",           ++a, l);
      |             ^~~~~~~~~~~~
src/gsscript.cpp:548:13: warning: ISO C++ forbids converting a string constant to ‘char*’ [-Wwrite-strings]
  548 |   setglobal("STATS_OVERALL_TIME",   ++a, l);
      |             ^~~~~~~~~~~~~~~~~~~~
src/gsscript.cpp:549:13: warning: ISO C++ forbids converting a string constant to ‘char*’ [-Wwrite-strings]
  549 |   setglobal("STATS_TIMEPLAYED",     ++a, l);
      |             ^~~~~~~~~~~~~~~~~~
src/gsscript.cpp:550:13: warning: ISO C++ forbids converting a string constant to ‘char*’ [-Wwrite-strings]
  550 |   setglobal("STATS_BONUS",          ++a, l);
      |             ^~~~~~~~~~~~~
src/gsscript.cpp:551:13: warning: ISO C++ forbids converting a string constant to ‘char*’ [-Wwrite-strings]
  551 |   setglobal("STATS_ENEMY_BONUS",    ++a, l);
      |             ^~~~~~~~~~~~~~~~~~~
src/gsscript.cpp:552:13: warning: ISO C++ forbids converting a string constant to ‘char*’ [-Wwrite-strings]
  552 |   setglobal("STATS_LOSTLIFES",      ++a, l);
      |             ^~~~~~~~~~~~~~~~~
src/gsscript.cpp:553:13: warning: ISO C++ forbids converting a string constant to ‘char*’ [-Wwrite-strings]
  553 |   setglobal("STATS_MISSION_STATUS", ++a, l);
      |             ^~~~~~~~~~~~~~~~~~~~~~
src/gsscript.cpp:554:13: warning: ISO C++ forbids converting a string constant to ‘char*’ [-Wwrite-strings]
  554 |   setglobal("STATS_COMPLETED",      ++a, l);
      |             ^~~~~~~~~~~~~~~~~
src/gsscript.cpp:555:13: warning: ISO C++ forbids converting a string constant to ‘char*’ [-Wwrite-strings]
  555 |   setglobal("STATS_FAILED",         ++a, l);
      |             ^~~~~~~~~~~~~~
src/gsscript.cpp:556:13: warning: ISO C++ forbids converting a string constant to ‘char*’ [-Wwrite-strings]
  556 |   setglobal("STATS_HISCORE_NEW",    ++a, l);
      |             ^~~~~~~~~~~~~~~~~~~
src/gsscript.cpp:557:13: warning: ISO C++ forbids converting a string constant to ‘char*’ [-Wwrite-strings]
  557 |   setglobal("STATS_HISCORE_OLD",    ++a, l);
      |             ^~~~~~~~~~~~~~~~~~~
src/gsscript.cpp:558:13: warning: ISO C++ forbids converting a string constant to ‘char*’ [-Wwrite-strings]
  558 |   setglobal("STATS_HISCORE_DISABLED", ++a, l);
      |             ^~~~~~~~~~~~~~~~~~~~~~~~
src/gsscript.cpp:560:13: warning: ISO C++ forbids converting a string constant to ‘char*’ [-Wwrite-strings]
  560 |   setglobal("NET_JOIN_LOBBY",       ++a, l);
      |             ^~~~~~~~~~~~~~~~
src/gsscript.cpp:561:13: warning: ISO C++ forbids converting a string constant to ‘char*’ [-Wwrite-strings]
  561 |   setglobal("NET_LEAVE_LOBBY",      ++a, l);
      |             ^~~~~~~~~~~~~~~~~
src/gsscript.cpp:563:13: warning: ISO C++ forbids converting a string constant to ‘char*’ [-Wwrite-strings]
  563 |   setglobal("NET_FRAGMSG_SINGLE_BLASTER_1", ++a, l);
      |             ^~~~~~~~~~~~~~~~~~~~~~~~~~~~~~
src/gsscript.cpp:564:13: warning: ISO C++ forbids converting a string constant to ‘char*’ [-Wwrite-strings]
  564 |   setglobal("NET_FRAGMSG_SINGLE_BLASTER_2", ++a, l);
      |             ^~~~~~~~~~~~~~~~~~~~~~~~~~~~~~
src/gsscript.cpp:565:13: warning: ISO C++ forbids converting a string constant to ‘char*’ [-Wwrite-strings]
  565 |   setglobal("NET_FRAGMSG_SINGLE_BLASTER_3", ++a, l);
      |             ^~~~~~~~~~~~~~~~~~~~~~~~~~~~~~
src/gsscript.cpp:566:13: warning: ISO C++ forbids converting a string constant to ‘char*’ [-Wwrite-strings]
  566 |   setglobal("NET_FRAGMSG_SINGLE_BLASTER_4", ++a, l);
      |             ^~~~~~~~~~~~~~~~~~~~~~~~~~~~~~
src/gsscript.cpp:567:13: warning: ISO C++ forbids converting a string constant to ‘char*’ [-Wwrite-strings]
  567 |   setglobal("NET_FRAGMSG_SINGLE_BLASTER_5", ++a, l);
      |             ^~~~~~~~~~~~~~~~~~~~~~~~~~~~~~
src/gsscript.cpp:569:13: warning: ISO C++ forbids converting a string constant to ‘char*’ [-Wwrite-strings]
  569 |   setglobal("NET_FRAGMSG_DOUBLE_BLASTER_1", ++a, l);
      |             ^~~~~~~~~~~~~~~~~~~~~~~~~~~~~~
src/gsscript.cpp:570:13: warning: ISO C++ forbids converting a string constant to ‘char*’ [-Wwrite-strings]
  570 |   setglobal("NET_FRAGMSG_DOUBLE_BLASTER_2", ++a, l);
      |             ^~~~~~~~~~~~~~~~~~~~~~~~~~~~~~
src/gsscript.cpp:571:13: warning: ISO C++ forbids converting a string constant to ‘char*’ [-Wwrite-strings]
  571 |   setglobal("NET_FRAGMSG_DOUBLE_BLASTER_3", ++a, l);
      |             ^~~~~~~~~~~~~~~~~~~~~~~~~~~~~~
src/gsscript.cpp:572:13: warning: ISO C++ forbids converting a string constant to ‘char*’ [-Wwrite-strings]
  572 |   setglobal("NET_FRAGMSG_DOUBLE_BLASTER_4", ++a, l);
      |             ^~~~~~~~~~~~~~~~~~~~~~~~~~~~~~
src/gsscript.cpp:573:13: warning: ISO C++ forbids converting a string constant to ‘char*’ [-Wwrite-strings]
  573 |   setglobal("NET_FRAGMSG_DOUBLE_BLASTER_5", ++a, l);
      |             ^~~~~~~~~~~~~~~~~~~~~~~~~~~~~~
src/gsscript.cpp:575:13: warning: ISO C++ forbids converting a string constant to ‘char*’ [-Wwrite-strings]
  575 |   setglobal("NET_FRAGMSG_BOMB_1", ++a, l);
      |             ^~~~~~~~~~~~~~~~~~~~
src/gsscript.cpp:576:13: warning: ISO C++ forbids converting a string constant to ‘char*’ [-Wwrite-strings]
  576 |   setglobal("NET_FRAGMSG_BOMB_2", ++a, l);
      |             ^~~~~~~~~~~~~~~~~~~~
src/gsscript.cpp:577:13: warning: ISO C++ forbids converting a string constant to ‘char*’ [-Wwrite-strings]
  577 |   setglobal("NET_FRAGMSG_BOMB_3", ++a, l);
      |             ^~~~~~~~~~~~~~~~~~~~
src/gsscript.cpp:578:13: warning: ISO C++ forbids converting a string constant to ‘char*’ [-Wwrite-strings]
  578 |   setglobal("NET_FRAGMSG_BOMB_4", ++a, l);
      |             ^~~~~~~~~~~~~~~~~~~~
src/gsscript.cpp:579:13: warning: ISO C++ forbids converting a string constant to ‘char*’ [-Wwrite-strings]
  579 |   setglobal("NET_FRAGMSG_BOMB_5", ++a, l);
      |             ^~~~~~~~~~~~~~~~~~~~
src/gsscript.cpp:581:13: warning: ISO C++ forbids converting a string constant to ‘char*’ [-Wwrite-strings]
  581 |   setglobal("NET_FRAGMSG_BIGBOMB_1", ++a, l);
      |             ^~~~~~~~~~~~~~~~~~~~~~~
src/gsscript.cpp:582:13: warning: ISO C++ forbids converting a string constant to ‘char*’ [-Wwrite-strings]
  582 |   setglobal("NET_FRAGMSG_BIGBOMB_2", ++a, l);
      |             ^~~~~~~~~~~~~~~~~~~~~~~
src/gsscript.cpp:583:13: warning: ISO C++ forbids converting a string constant to ‘char*’ [-Wwrite-strings]
  583 |   setglobal("NET_FRAGMSG_BIGBOMB_3", ++a, l);
      |             ^~~~~~~~~~~~~~~~~~~~~~~
src/gsscript.cpp:584:13: warning: ISO C++ forbids converting a string constant to ‘char*’ [-Wwrite-strings]
  584 |   setglobal("NET_FRAGMSG_BIGBOMB_4", ++a, l);
      |             ^~~~~~~~~~~~~~~~~~~~~~~
src/gsscript.cpp:585:13: warning: ISO C++ forbids converting a string constant to ‘char*’ [-Wwrite-strings]
  585 |   setglobal("NET_FRAGMSG_BIGBOMB_5", ++a, l);
      |             ^~~~~~~~~~~~~~~~~~~~~~~
src/gsscript.cpp:587:13: warning: ISO C++ forbids converting a string constant to ‘char*’ [-Wwrite-strings]
  587 |   setglobal("NET_FRAGMSG_ROCKET_1", ++a, l);
      |             ^~~~~~~~~~~~~~~~~~~~~~
src/gsscript.cpp:588:13: warning: ISO C++ forbids converting a string constant to ‘char*’ [-Wwrite-strings]
  588 |   setglobal("NET_FRAGMSG_ROCKET_2", ++a, l);
      |             ^~~~~~~~~~~~~~~~~~~~~~
src/gsscript.cpp:589:13: warning: ISO C++ forbids converting a string constant to ‘char*’ [-Wwrite-strings]
  589 |   setglobal("NET_FRAGMSG_ROCKET_3", ++a, l);
      |             ^~~~~~~~~~~~~~~~~~~~~~
src/gsscript.cpp:590:13: warning: ISO C++ forbids converting a string constant to ‘char*’ [-Wwrite-strings]
  590 |   setglobal("NET_FRAGMSG_ROCKET_4", ++a, l);
      |             ^~~~~~~~~~~~~~~~~~~~~~
src/gsscript.cpp:591:13: warning: ISO C++ forbids converting a string constant to ‘char*’ [-Wwrite-strings]
  591 |   setglobal("NET_FRAGMSG_ROCKET_5", ++a, l);
      |             ^~~~~~~~~~~~~~~~~~~~~~
src/gsscript.cpp:593:13: warning: ISO C++ forbids converting a string constant to ‘char*’ [-Wwrite-strings]
  593 |   setglobal("NET_FRAGMSG_MINE_1", ++a, l);
      |             ^~~~~~~~~~~~~~~~~~~~
src/gsscript.cpp:594:13: warning: ISO C++ forbids converting a string constant to ‘char*’ [-Wwrite-strings]
  594 |   setglobal("NET_FRAGMSG_MINE_2", ++a, l);
      |             ^~~~~~~~~~~~~~~~~~~~
src/gsscript.cpp:595:13: warning: ISO C++ forbids converting a string constant to ‘char*’ [-Wwrite-strings]
  595 |   setglobal("NET_FRAGMSG_MINE_3", ++a, l);
      |             ^~~~~~~~~~~~~~~~~~~~
src/gsscript.cpp:596:13: warning: ISO C++ forbids converting a string constant to ‘char*’ [-Wwrite-strings]
  596 |   setglobal("NET_FRAGMSG_MINE_4", ++a, l);
      |             ^~~~~~~~~~~~~~~~~~~~
src/gsscript.cpp:597:13: warning: ISO C++ forbids converting a string constant to ‘char*’ [-Wwrite-strings]
  597 |   setglobal("NET_FRAGMSG_MINE_5", ++a, l);
      |             ^~~~~~~~~~~~~~~~~~~~
src/gsscript.cpp:599:13: warning: ISO C++ forbids converting a string constant to ‘char*’ [-Wwrite-strings]
  599 |   setglobal("NET_FRAGMSG_SHRINKER_1", ++a, l);
      |             ^~~~~~~~~~~~~~~~~~~~~~~~
src/gsscript.cpp:600:13: warning: ISO C++ forbids converting a string constant to ‘char*’ [-Wwrite-strings]
  600 |   setglobal("NET_FRAGMSG_SHRINKER_2", ++a, l);
      |             ^~~~~~~~~~~~~~~~~~~~~~~~
src/gsscript.cpp:601:13: warning: ISO C++ forbids converting a string constant to ‘char*’ [-Wwrite-strings]
  601 |   setglobal("NET_FRAGMSG_SHRINKER_3", ++a, l);
      |             ^~~~~~~~~~~~~~~~~~~~~~~~
src/gsscript.cpp:602:13: warning: ISO C++ forbids converting a string constant to ‘char*’ [-Wwrite-strings]
  602 |   setglobal("NET_FRAGMSG_SHRINKER_4", ++a, l);
      |             ^~~~~~~~~~~~~~~~~~~~~~~~
src/gsscript.cpp:603:13: warning: ISO C++ forbids converting a string constant to ‘char*’ [-Wwrite-strings]
  603 |   setglobal("NET_FRAGMSG_SHRINKER_5", ++a, l);
      |             ^~~~~~~~~~~~~~~~~~~~~~~~
src/gsscript.cpp:605:13: warning: ISO C++ forbids converting a string constant to ‘char*’ [-Wwrite-strings]
  605 |   setglobal("NET_FRAGMSG_PROBE_1", ++a, l);
      |             ^~~~~~~~~~~~~~~~~~~~~
src/gsscript.cpp:606:13: warning: ISO C++ forbids converting a string constant to ‘char*’ [-Wwrite-strings]
  606 |   setglobal("NET_FRAGMSG_PROBE_2", ++a, l);
      |             ^~~~~~~~~~~~~~~~~~~~~
src/gsscript.cpp:607:13: warning: ISO C++ forbids converting a string constant to ‘char*’ [-Wwrite-strings]
  607 |   setglobal("NET_FRAGMSG_PROBE_3", ++a, l);
      |             ^~~~~~~~~~~~~~~~~~~~~
src/gsscript.cpp:608:13: warning: ISO C++ forbids converting a string constant to ‘char*’ [-Wwrite-strings]
  608 |   setglobal("NET_FRAGMSG_PROBE_4", ++a, l);
      |             ^~~~~~~~~~~~~~~~~~~~~
src/gsscript.cpp:609:13: warning: ISO C++ forbids converting a string constant to ‘char*’ [-Wwrite-strings]
  609 |   setglobal("NET_FRAGMSG_PROBE_5", ++a, l);
      |             ^~~~~~~~~~~~~~~~~~~~~
src/gsscript.cpp:611:13: warning: ISO C++ forbids converting a string constant to ‘char*’ [-Wwrite-strings]
  611 |   setglobal("NET_FRAGMSG_GAS_1", ++a, l);
      |             ^~~~~~~~~~~~~~~~~~~
src/gsscript.cpp:612:13: warning: ISO C++ forbids converting a string constant to ‘char*’ [-Wwrite-strings]
  612 |   setglobal("NET_FRAGMSG_GAS_2", ++a, l);
      |             ^~~~~~~~~~~~~~~~~~~
src/gsscript.cpp:613:13: warning: ISO C++ forbids converting a string constant to ‘char*’ [-Wwrite-strings]
  613 |   setglobal("NET_FRAGMSG_GAS_3", ++a, l);
      |             ^~~~~~~~~~~~~~~~~~~
src/gsscript.cpp:614:13: warning: ISO C++ forbids converting a string constant to ‘char*’ [-Wwrite-strings]
  614 |   setglobal("NET_FRAGMSG_GAS_4", ++a, l);
      |             ^~~~~~~~~~~~~~~~~~~
src/gsscript.cpp:615:13: warning: ISO C++ forbids converting a string constant to ‘char*’ [-Wwrite-strings]
  615 |   setglobal("NET_FRAGMSG_GAS_5", ++a, l);
      |             ^~~~~~~~~~~~~~~~~~~
src/gsscript.cpp:617:13: warning: ISO C++ forbids converting a string constant to ‘char*’ [-Wwrite-strings]
  617 |   setglobal("NET_FRAGMSG_BUMPER_1", ++a, l);
      |             ^~~~~~~~~~~~~~~~~~~~~~
src/gsscript.cpp:618:13: warning: ISO C++ forbids converting a string constant to ‘char*’ [-Wwrite-strings]
  618 |   setglobal("NET_FRAGMSG_BUMPER_2", ++a, l);
      |             ^~~~~~~~~~~~~~~~~~~~~~
src/gsscript.cpp:619:13: warning: ISO C++ forbids converting a string constant to ‘char*’ [-Wwrite-strings]
  619 |   setglobal("NET_FRAGMSG_BUMPER_3", ++a, l);
      |             ^~~~~~~~~~~~~~~~~~~~~~
src/gsscript.cpp:620:13: warning: ISO C++ forbids converting a string constant to ‘char*’ [-Wwrite-strings]
  620 |   setglobal("NET_FRAGMSG_BUMPER_4", ++a, l);
      |             ^~~~~~~~~~~~~~~~~~~~~~
src/gsscript.cpp:621:13: warning: ISO C++ forbids converting a string constant to ‘char*’ [-Wwrite-strings]
  621 |   setglobal("NET_FRAGMSG_BUMPER_5", ++a, l);
      |             ^~~~~~~~~~~~~~~~~~~~~~
src/gsscript.cpp:623:13: warning: ISO C++ forbids converting a string constant to ‘char*’ [-Wwrite-strings]
  623 |   setglobal("NET_FRAGMSG_SHOTGUN_1", ++a, l);
      |             ^~~~~~~~~~~~~~~~~~~~~~~
src/gsscript.cpp:624:13: warning: ISO C++ forbids converting a string constant to ‘char*’ [-Wwrite-strings]
  624 |   setglobal("NET_FRAGMSG_SHOTGUN_2", ++a, l);
      |             ^~~~~~~~~~~~~~~~~~~~~~~
src/gsscript.cpp:625:13: warning: ISO C++ forbids converting a string constant to ‘char*’ [-Wwrite-strings]
  625 |   setglobal("NET_FRAGMSG_SHOTGUN_3", ++a, l);
      |             ^~~~~~~~~~~~~~~~~~~~~~~
src/gsscript.cpp:626:13: warning: ISO C++ forbids converting a string constant to ‘char*’ [-Wwrite-strings]
  626 |   setglobal("NET_FRAGMSG_SHOTGUN_4", ++a, l);
      |             ^~~~~~~~~~~~~~~~~~~~~~~
src/gsscript.cpp:627:13: warning: ISO C++ forbids converting a string constant to ‘char*’ [-Wwrite-strings]
  627 |   setglobal("NET_FRAGMSG_SHOTGUN_5", ++a, l);
      |             ^~~~~~~~~~~~~~~~~~~~~~~
src/gsscript.cpp:629:13: warning: ISO C++ forbids converting a string constant to ‘char*’ [-Wwrite-strings]
  629 |   setglobal("NET_FRAGMSG_ACID_1", ++a, l);
      |             ^~~~~~~~~~~~~~~~~~~~
src/gsscript.cpp:630:13: warning: ISO C++ forbids converting a string constant to ‘char*’ [-Wwrite-strings]
  630 |   setglobal("NET_FRAGMSG_ACID_2", ++a, l);
      |             ^~~~~~~~~~~~~~~~~~~~
src/gsscript.cpp:631:13: warning: ISO C++ forbids converting a string constant to ‘char*’ [-Wwrite-strings]
  631 |   setglobal("NET_FRAGMSG_ACID_3", ++a, l);
      |             ^~~~~~~~~~~~~~~~~~~~
src/gsscript.cpp:632:13: warning: ISO C++ forbids converting a string constant to ‘char*’ [-Wwrite-strings]
  632 |   setglobal("NET_FRAGMSG_ACID_4", ++a, l);
      |             ^~~~~~~~~~~~~~~~~~~~
src/gsscript.cpp:633:13: warning: ISO C++ forbids converting a string constant to ‘char*’ [-Wwrite-strings]
  633 |   setglobal("NET_FRAGMSG_ACID_5", ++a, l);
      |             ^~~~~~~~~~~~~~~~~~~~
src/gsscript.cpp:635:13: warning: ISO C++ forbids converting a string constant to ‘char*’ [-Wwrite-strings]
  635 |   setglobal("NET_FRAGMSG_SUICIDE_1", ++a, l);
      |             ^~~~~~~~~~~~~~~~~~~~~~~
src/gsscript.cpp:636:13: warning: ISO C++ forbids converting a string constant to ‘char*’ [-Wwrite-strings]
  636 |   setglobal("NET_FRAGMSG_SUICIDE_2", ++a, l);
      |             ^~~~~~~~~~~~~~~~~~~~~~~
src/gsscript.cpp:637:13: warning: ISO C++ forbids converting a string constant to ‘char*’ [-Wwrite-strings]
  637 |   setglobal("NET_FRAGMSG_SUICIDE_3", ++a, l);
      |             ^~~~~~~~~~~~~~~~~~~~~~~
src/gsscript.cpp:638:13: warning: ISO C++ forbids converting a string constant to ‘char*’ [-Wwrite-strings]
  638 |   setglobal("NET_FRAGMSG_SUICIDE_4", ++a, l);
      |             ^~~~~~~~~~~~~~~~~~~~~~~
src/gsscript.cpp:639:13: warning: ISO C++ forbids converting a string constant to ‘char*’ [-Wwrite-strings]
  639 |   setglobal("NET_FRAGMSG_SUICIDE_5", ++a, l);
      |             ^~~~~~~~~~~~~~~~~~~~~~~
src/gsscript.cpp:641:13: warning: ISO C++ forbids converting a string constant to ‘char*’ [-Wwrite-strings]
  641 |   setglobal("NET_FRAGMSG_PLSUICIDE_1", ++a, l);
      |             ^~~~~~~~~~~~~~~~~~~~~~~~~
src/gsscript.cpp:642:13: warning: ISO C++ forbids converting a string constant to ‘char*’ [-Wwrite-strings]
  642 |   setglobal("NET_FRAGMSG_PLSUICIDE_2", ++a, l);
      |             ^~~~~~~~~~~~~~~~~~~~~~~~~
src/gsscript.cpp:643:13: warning: ISO C++ forbids converting a string constant to ‘char*’ [-Wwrite-strings]
  643 |   setglobal("NET_FRAGMSG_PLSUICIDE_3", ++a, l);
      |             ^~~~~~~~~~~~~~~~~~~~~~~~~
src/gsscript.cpp:644:13: warning: ISO C++ forbids converting a string constant to ‘char*’ [-Wwrite-strings]
  644 |   setglobal("NET_FRAGMSG_PLSUICIDE_4", ++a, l);
      |             ^~~~~~~~~~~~~~~~~~~~~~~~~
src/gsscript.cpp:645:13: warning: ISO C++ forbids converting a string constant to ‘char*’ [-Wwrite-strings]
  645 |   setglobal("NET_FRAGMSG_PLSUICIDE_5", ++a, l);
      |             ^~~~~~~~~~~~~~~~~~~~~~~~~
src/gsscript.cpp:647:13: warning: ISO C++ forbids converting a string constant to ‘char*’ [-Wwrite-strings]
  647 |   setglobal("NET_FRAGMSG_JOIN_1", ++a, l);
      |             ^~~~~~~~~~~~~~~~~~~~
src/gsscript.cpp:648:13: warning: ISO C++ forbids converting a string constant to ‘char*’ [-Wwrite-strings]
  648 |   setglobal("NET_FRAGMSG_JOIN_2", ++a, l);
      |             ^~~~~~~~~~~~~~~~~~~~
src/gsscript.cpp:649:13: warning: ISO C++ forbids converting a string constant to ‘char*’ [-Wwrite-strings]
  649 |   setglobal("NET_FRAGMSG_JOIN_3", ++a, l);
      |             ^~~~~~~~~~~~~~~~~~~~
src/gsscript.cpp:650:13: warning: ISO C++ forbids converting a string constant to ‘char*’ [-Wwrite-strings]
  650 |   setglobal("NET_FRAGMSG_JOIN_4", ++a, l);
      |             ^~~~~~~~~~~~~~~~~~~~
src/gsscript.cpp:651:13: warning: ISO C++ forbids converting a string constant to ‘char*’ [-Wwrite-strings]
  651 |   setglobal("NET_FRAGMSG_JOIN_5", ++a, l);
      |             ^~~~~~~~~~~~~~~~~~~~
src/gsscript.cpp:653:13: warning: ISO C++ forbids converting a string constant to ‘char*’ [-Wwrite-strings]
  653 |   setglobal("NET_FRAGMSG_QUIT_1", ++a, l);
      |             ^~~~~~~~~~~~~~~~~~~~
src/gsscript.cpp:654:13: warning: ISO C++ forbids converting a string constant to ‘char*’ [-Wwrite-strings]
  654 |   setglobal("NET_FRAGMSG_QUIT_2", ++a, l);
      |             ^~~~~~~~~~~~~~~~~~~~
src/gsscript.cpp:655:13: warning: ISO C++ forbids converting a string constant to ‘char*’ [-Wwrite-strings]
  655 |   setglobal("NET_FRAGMSG_QUIT_3", ++a, l);
      |             ^~~~~~~~~~~~~~~~~~~~
src/gsscript.cpp:656:13: warning: ISO C++ forbids converting a string constant to ‘char*’ [-Wwrite-strings]
  656 |   setglobal("NET_FRAGMSG_QUIT_4", ++a, l);
      |             ^~~~~~~~~~~~~~~~~~~~
src/gsscript.cpp:657:13: warning: ISO C++ forbids converting a string constant to ‘char*’ [-Wwrite-strings]
  657 |   setglobal("NET_FRAGMSG_QUIT_5", ++a, l);
      |             ^~~~~~~~~~~~~~~~~~~~
src/gsscript.cpp:659:13: warning: ISO C++ forbids converting a string constant to ‘char*’ [-Wwrite-strings]
  659 |   setglobal("MENU_TEXT_PLAYER1",    ++a, l);
      |             ^~~~~~~~~~~~~~~~~~~
src/gsscript.cpp:660:13: warning: ISO C++ forbids converting a string constant to ‘char*’ [-Wwrite-strings]
  660 |   setglobal("MENU_TEXT_PLAYER2",    ++a, l);
      |             ^~~~~~~~~~~~~~~~~~~
src/gsscript.cpp:663:13: warning: ISO C++ forbids converting a string constant to ‘char*’ [-Wwrite-strings]
  663 |   setglobal("CONTROL_LEFT",           a, l);
      |             ^~~~~~~~~~~~~~
src/gsscript.cpp:664:13: warning: ISO C++ forbids converting a string constant to ‘char*’ [-Wwrite-strings]
  664 |   setglobal("CONTROL_RIGHT",        ++a, l);
      |             ^~~~~~~~~~~~~~~
src/gsscript.cpp:665:13: warning: ISO C++ forbids converting a string constant to ‘char*’ [-Wwrite-strings]
  665 |   setglobal("CONTROL_THRUST",       ++a, l);
      |             ^~~~~~~~~~~~~~~~
src/gsscript.cpp:666:13: warning: ISO C++ forbids converting a string constant to ‘char*’ [-Wwrite-strings]
  666 |   setglobal("CONTROL_SHOOT",        ++a, l);
      |             ^~~~~~~~~~~~~~~
src/gsscript.cpp:667:13: warning: ISO C++ forbids converting a string constant to ‘char*’ [-Wwrite-strings]
  667 |   setglobal("CONTROL_NEXTWEAP",     ++a, l);
      |             ^~~~~~~~~~~~~~~~~~
src/gsscript.cpp:668:13: warning: ISO C++ forbids converting a string constant to ‘char*’ [-Wwrite-strings]
  668 |   setglobal("CONTROL_PREVWEAP",     ++a, l);
      |             ^~~~~~~~~~~~~~~~~~
src/gsscript.cpp:669:13: warning: ISO C++ forbids converting a string constant to ‘char*’ [-Wwrite-strings]
  669 |   setglobal("CONTROL_W1",           ++a, l);
      |             ^~~~~~~~~~~~
src/gsscript.cpp:670:13: warning: ISO C++ forbids converting a string constant to ‘char*’ [-Wwrite-strings]
  670 |   setglobal("CONTROL_W2",           ++a, l);
      |             ^~~~~~~~~~~~
src/gsscript.cpp:671:13: warning: ISO C++ forbids converting a string constant to ‘char*’ [-Wwrite-strings]
  671 |   setglobal("CONTROL_W3",           ++a, l);
      |             ^~~~~~~~~~~~
src/gsscript.cpp:672:13: warning: ISO C++ forbids converting a string constant to ‘char*’ [-Wwrite-strings]
  672 |   setglobal("CONTROL_W4",           ++a, l);
      |             ^~~~~~~~~~~~
src/gsscript.cpp:673:13: warning: ISO C++ forbids converting a string constant to ‘char*’ [-Wwrite-strings]
  673 |   setglobal("CONTROL_W5",           ++a, l);
      |             ^~~~~~~~~~~~
src/gsscript.cpp:674:13: warning: ISO C++ forbids converting a string constant to ‘char*’ [-Wwrite-strings]
  674 |   setglobal("CONTROL_W6",           ++a, l);
      |             ^~~~~~~~~~~~
src/gsscript.cpp:675:13: warning: ISO C++ forbids converting a string constant to ‘char*’ [-Wwrite-strings]
  675 |   setglobal("CONTROL_EXTRA_ACTION", ++a, l);
      |             ^~~~~~~~~~~~~~~~~~~~~~
src/gsscript.cpp:676:13: warning: ISO C++ forbids converting a string constant to ‘char*’ [-Wwrite-strings]
  676 |   setglobal("CONTROL_EXTRA2",       ++a, l);
      |             ^~~~~~~~~~~~~~~~
src/gsscript.cpp:677:13: warning: ISO C++ forbids converting a string constant to ‘char*’ [-Wwrite-strings]
  677 |   setglobal("CONTROL_PAUSE",        ++a, l);
      |             ^~~~~~~~~~~~~~~
src/gsscript.cpp:678:13: warning: ISO C++ forbids converting a string constant to ‘char*’ [-Wwrite-strings]
  678 |   setglobal("CONTROL_SCREENSHOT",   ++a, l);
      |             ^~~~~~~~~~~~~~~~~~~~
src/gsscript.cpp:679:13: warning: ISO C++ forbids converting a string constant to ‘char*’ [-Wwrite-strings]
  679 |   setglobal("CONTROL_PANEL",        ++a, l);
      |             ^~~~~~~~~~~~~~~
src/gsscript.cpp:680:13: warning: ISO C++ forbids converting a string constant to ‘char*’ [-Wwrite-strings]
  680 |   setglobal("CONTROL_DEBUG",        ++a, l);
      |             ^~~~~~~~~~~~~~~
src/gsscript.cpp:681:13: warning: ISO C++ forbids converting a string constant to ‘char*’ [-Wwrite-strings]
  681 |   setglobal("CONTROL_CHAT",         ++a, l);
      |             ^~~~~~~~~~~~~~
src/gsscript.cpp:684:13: warning: ISO C++ forbids converting a string constant to ‘char*’ [-Wwrite-strings]
  684 |   setglobal("KEY_0_PAD",              a, l);
      |             ^~~~~~~~~~~
src/gsscript.cpp:685:13: warning: ISO C++ forbids converting a string constant to ‘char*’ [-Wwrite-strings]
  685 |   setglobal("KEY_1_PAD",            ++a, l);
      |             ^~~~~~~~~~~
src/gsscript.cpp:686:13: warning: ISO C++ forbids converting a string constant to ‘char*’ [-Wwrite-strings]
  686 |   setglobal("KEY_2_PAD",            ++a, l);
      |             ^~~~~~~~~~~
src/gsscript.cpp:687:13: warning: ISO C++ forbids converting a string constant to ‘char*’ [-Wwrite-strings]
  687 |   setglobal("KEY_3_PAD",            ++a, l);
      |             ^~~~~~~~~~~
src/gsscript.cpp:688:13: warning: ISO C++ forbids converting a string constant to ‘char*’ [-Wwrite-strings]
  688 |   setglobal("KEY_4_PAD",            ++a, l);
      |             ^~~~~~~~~~~
src/gsscript.cpp:689:13: warning: ISO C++ forbids converting a string constant to ‘char*’ [-Wwrite-strings]
  689 |   setglobal("KEY_5_PAD",            ++a, l);
      |             ^~~~~~~~~~~
src/gsscript.cpp:690:13: warning: ISO C++ forbids converting a string constant to ‘char*’ [-Wwrite-strings]
  690 |   setglobal("KEY_6_PAD",            ++a, l);
      |             ^~~~~~~~~~~
src/gsscript.cpp:691:13: warning: ISO C++ forbids converting a string constant to ‘char*’ [-Wwrite-strings]
  691 |   setglobal("KEY_7_PAD",            ++a, l);
      |             ^~~~~~~~~~~
src/gsscript.cpp:692:13: warning: ISO C++ forbids converting a string constant to ‘char*’ [-Wwrite-strings]
  692 |   setglobal("KEY_8_PAD",            ++a, l);
      |             ^~~~~~~~~~~
src/gsscript.cpp:693:13: warning: ISO C++ forbids converting a string constant to ‘char*’ [-Wwrite-strings]
  693 |   setglobal("KEY_9_PAD",            ++a, l);
      |             ^~~~~~~~~~~
src/gsscript.cpp:694:13: warning: ISO C++ forbids converting a string constant to ‘char*’ [-Wwrite-strings]
  694 |   setglobal("KEY_F1",               ++a, l);
      |             ^~~~~~~~
src/gsscript.cpp:695:13: warning: ISO C++ forbids converting a string constant to ‘char*’ [-Wwrite-strings]
  695 |   setglobal("KEY_F2",               ++a, l);
      |             ^~~~~~~~
src/gsscript.cpp:696:13: warning: ISO C++ forbids converting a string constant to ‘char*’ [-Wwrite-strings]
  696 |   setglobal("KEY_F3",               ++a, l);
      |             ^~~~~~~~
src/gsscript.cpp:697:13: warning: ISO C++ forbids converting a string constant to ‘char*’ [-Wwrite-strings]
  697 |   setglobal("KEY_F4",               ++a, l);
      |             ^~~~~~~~
src/gsscript.cpp:698:13: warning: ISO C++ forbids converting a string constant to ‘char*’ [-Wwrite-strings]
  698 |   setglobal("KEY_F5",               ++a, l);
      |             ^~~~~~~~
src/gsscript.cpp:699:13: warning: ISO C++ forbids converting a string constant to ‘char*’ [-Wwrite-strings]
  699 |   setglobal("KEY_F6",               ++a, l);
      |             ^~~~~~~~
src/gsscript.cpp:700:13: warning: ISO C++ forbids converting a string constant to ‘char*’ [-Wwrite-strings]
  700 |   setglobal("KEY_F7",               ++a, l);
      |             ^~~~~~~~
src/gsscript.cpp:701:13: warning: ISO C++ forbids converting a string constant to ‘char*’ [-Wwrite-strings]
  701 |   setglobal("KEY_F8",               ++a, l);
      |             ^~~~~~~~
src/gsscript.cpp:702:13: warning: ISO C++ forbids converting a string constant to ‘char*’ [-Wwrite-strings]
  702 |   setglobal("KEY_F9",               ++a, l);
      |             ^~~~~~~~
src/gsscript.cpp:703:13: warning: ISO C++ forbids converting a string constant to ‘char*’ [-Wwrite-strings]
  703 |   setglobal("KEY_F10",              ++a, l);
      |             ^~~~~~~~~
src/gsscript.cpp:704:13: warning: ISO C++ forbids converting a string constant to ‘char*’ [-Wwrite-strings]
  704 |   setglobal("KEY_F11",              ++a, l);
      |             ^~~~~~~~~
src/gsscript.cpp:705:13: warning: ISO C++ forbids converting a string constant to ‘char*’ [-Wwrite-strings]
  705 |   setglobal("KEY_F12",              ++a, l);
      |             ^~~~~~~~~
src/gsscript.cpp:706:13: warning: ISO C++ forbids converting a string constant to ‘char*’ [-Wwrite-strings]
  706 |   setglobal("KEY_ESC",              ++a, l);
      |             ^~~~~~~~~
src/gsscript.cpp:707:13: warning: ISO C++ forbids converting a string constant to ‘char*’ [-Wwrite-strings]
  707 |   setglobal("KEY_TILDE",            ++a, l);
      |             ^~~~~~~~~~~
src/gsscript.cpp:708:13: warning: ISO C++ forbids converting a string constant to ‘char*’ [-Wwrite-strings]
  708 |   setglobal("KEY_MINUS",            ++a, l);
      |             ^~~~~~~~~~~
src/gsscript.cpp:709:13: warning: ISO C++ forbids converting a string constant to ‘char*’ [-Wwrite-strings]
  709 |   setglobal("KEY_EQUALS",           ++a, l);
      |             ^~~~~~~~~~~~
src/gsscript.cpp:710:13: warning: ISO C++ forbids converting a string constant to ‘char*’ [-Wwrite-strings]
  710 |   setglobal("KEY_BACKSPACE",        ++a, l);
      |             ^~~~~~~~~~~~~~~
src/gsscript.cpp:711:13: warning: ISO C++ forbids converting a string constant to ‘char*’ [-Wwrite-strings]
  711 |   setglobal("KEY_TAB",              ++a, l);
      |             ^~~~~~~~~
src/gsscript.cpp:712:13: warning: ISO C++ forbids converting a string constant to ‘char*’ [-Wwrite-strings]
  712 |   setglobal("KEY_OPENBRACE",        ++a, l);
      |             ^~~~~~~~~~~~~~~
src/gsscript.cpp:713:13: warning: ISO C++ forbids converting a string constant to ‘char*’ [-Wwrite-strings]
  713 |   setglobal("KEY_CLOSEBRACE",       ++a, l);
      |             ^~~~~~~~~~~~~~~~
src/gsscript.cpp:714:13: warning: ISO C++ forbids converting a string constant to ‘char*’ [-Wwrite-strings]
  714 |   setglobal("KEY_ENTER",            ++a, l);
      |             ^~~~~~~~~~~
src/gsscript.cpp:715:13: warning: ISO C++ forbids converting a string constant to ‘char*’ [-Wwrite-strings]
  715 |   setglobal("KEY_COLON",            ++a, l);
      |             ^~~~~~~~~~~
src/gsscript.cpp:716:13: warning: ISO C++ forbids converting a string constant to ‘char*’ [-Wwrite-strings]
  716 |   setglobal("KEY_QUOTE",            ++a, l);
      |             ^~~~~~~~~~~
src/gsscript.cpp:717:13: warning: ISO C++ forbids converting a string constant to ‘char*’ [-Wwrite-strings]
  717 |   setglobal("KEY_BACKSLASH",        ++a, l);
      |             ^~~~~~~~~~~~~~~
src/gsscript.cpp:718:13: warning: ISO C++ forbids converting a string constant to ‘char*’ [-Wwrite-strings]
  718 |   setglobal("KEY_BACKSLASH2",       ++a, l);
      |             ^~~~~~~~~~~~~~~~
src/gsscript.cpp:719:13: warning: ISO C++ forbids converting a string constant to ‘char*’ [-Wwrite-strings]
  719 |   setglobal("KEY_COMMA",            ++a, l);
      |             ^~~~~~~~~~~
src/gsscript.cpp:720:13: warning: ISO C++ forbids converting a string constant to ‘char*’ [-Wwrite-strings]
  720 |   setglobal("KEY_STOP",             ++a, l);
      |             ^~~~~~~~~~
src/gsscript.cpp:721:13: warning: ISO C++ forbids converting a string constant to ‘char*’ [-Wwrite-strings]
  721 |   setglobal("KEY_SLASH",            ++a, l);
      |             ^~~~~~~~~~~
src/gsscript.cpp:722:13: warning: ISO C++ forbids converting a string constant to ‘char*’ [-Wwrite-strings]
  722 |   setglobal("KEY_SPACE",            ++a, l);
      |             ^~~~~~~~~~~
src/gsscript.cpp:723:13: warning: ISO C++ forbids converting a string constant to ‘char*’ [-Wwrite-strings]
  723 |   setglobal("KEY_INSERT",           ++a, l);
      |             ^~~~~~~~~~~~
src/gsscript.cpp:724:13: warning: ISO C++ forbids converting a string constant to ‘char*’ [-Wwrite-strings]
  724 |   setglobal("KEY_DEL",              ++a, l);
      |             ^~~~~~~~~
src/gsscript.cpp:725:13: warning: ISO C++ forbids converting a string constant to ‘char*’ [-Wwrite-strings]
  725 |   setglobal("KEY_HOME",             ++a, l);
      |             ^~~~~~~~~~
src/gsscript.cpp:726:13: warning: ISO C++ forbids converting a string constant to ‘char*’ [-Wwrite-strings]
  726 |   setglobal("KEY_END",              ++a, l);
      |             ^~~~~~~~~
src/gsscript.cpp:727:13: warning: ISO C++ forbids converting a string constant to ‘char*’ [-Wwrite-strings]
  727 |   setglobal("KEY_PGUP",             ++a, l);
      |             ^~~~~~~~~~
src/gsscript.cpp:728:13: warning: ISO C++ forbids converting a string constant to ‘char*’ [-Wwrite-strings]
  728 |   setglobal("KEY_PGDN",             ++a, l);
      |             ^~~~~~~~~~
src/gsscript.cpp:729:13: warning: ISO C++ forbids converting a string constant to ‘char*’ [-Wwrite-strings]
  729 |   setglobal("KEY_LEFT",             ++a, l);
      |             ^~~~~~~~~~
src/gsscript.cpp:730:13: warning: ISO C++ forbids converting a string constant to ‘char*’ [-Wwrite-strings]
  730 |   setglobal("KEY_RIGHT",            ++a, l);
      |             ^~~~~~~~~~~
src/gsscript.cpp:731:13: warning: ISO C++ forbids converting a string constant to ‘char*’ [-Wwrite-strings]
  731 |   setglobal("KEY_UP",               ++a, l);
      |             ^~~~~~~~
src/gsscript.cpp:732:13: warning: ISO C++ forbids converting a string constant to ‘char*’ [-Wwrite-strings]
  732 |   setglobal("KEY_DOWN",             ++a, l);
      |             ^~~~~~~~~~
src/gsscript.cpp:733:13: warning: ISO C++ forbids converting a string constant to ‘char*’ [-Wwrite-strings]
  733 |   setglobal("KEY_SLASH_PAD",        ++a, l);
      |             ^~~~~~~~~~~~~~~
src/gsscript.cpp:734:13: warning: ISO C++ forbids converting a string constant to ‘char*’ [-Wwrite-strings]
  734 |   setglobal("KEY_ASTERISK",         ++a, l);
      |             ^~~~~~~~~~~~~~
src/gsscript.cpp:735:13: warning: ISO C++ forbids converting a string constant to ‘char*’ [-Wwrite-strings]
  735 |   setglobal("KEY_MINUS_PAD",        ++a, l);
      |             ^~~~~~~~~~~~~~~
src/gsscript.cpp:736:13: warning: ISO C++ forbids converting a string constant to ‘char*’ [-Wwrite-strings]
  736 |   setglobal("KEY_PLUS_PAD",         ++a, l);
      |             ^~~~~~~~~~~~~~
src/gsscript.cpp:737:13: warning: ISO C++ forbids converting a string constant to ‘char*’ [-Wwrite-strings]
  737 |   setglobal("KEY_DEL_PAD",          ++a, l);
      |             ^~~~~~~~~~~~~
src/gsscript.cpp:738:13: warning: ISO C++ forbids converting a string constant to ‘char*’ [-Wwrite-strings]
  738 |   setglobal("KEY_ENTER_PAD",        ++a, l);
      |             ^~~~~~~~~~~~~~~
src/gsscript.cpp:739:13: warning: ISO C++ forbids converting a string constant to ‘char*’ [-Wwrite-strings]
  739 |   setglobal("KEY_PRTSCR",           ++a, l);
      |             ^~~~~~~~~~~~
src/gsscript.cpp:740:13: warning: ISO C++ forbids converting a string constant to ‘char*’ [-Wwrite-strings]
  740 |   setglobal("KEY_PAUSE",            ++a, l);
      |             ^~~~~~~~~~~
src/gsscript.cpp:743:13: warning: ISO C++ forbids converting a string constant to ‘char*’ [-Wwrite-strings]
  743 |   setglobal("KEY_LSHIFT",             a, l);
      |             ^~~~~~~~~~~~
src/gsscript.cpp:744:13: warning: ISO C++ forbids converting a string constant to ‘char*’ [-Wwrite-strings]
  744 |   setglobal("KEY_RSHIFT",           ++a, l);
      |             ^~~~~~~~~~~~
src/gsscript.cpp:745:13: warning: ISO C++ forbids converting a string constant to ‘char*’ [-Wwrite-strings]
  745 |   setglobal("KEY_LCONTROL",         ++a, l);
      |             ^~~~~~~~~~~~~~
src/gsscript.cpp:746:13: warning: ISO C++ forbids converting a string constant to ‘char*’ [-Wwrite-strings]
  746 |   setglobal("KEY_RCONTROL",         ++a, l);
      |             ^~~~~~~~~~~~~~
src/gsscript.cpp:747:13: warning: ISO C++ forbids converting a string constant to ‘char*’ [-Wwrite-strings]
  747 |   setglobal("KEY_ALT",              ++a, l);
      |             ^~~~~~~~~
src/gsscript.cpp:748:13: warning: ISO C++ forbids converting a string constant to ‘char*’ [-Wwrite-strings]
  748 |   setglobal("KEY_ALTGR",            ++a, l);
      |             ^~~~~~~~~~~
src/gsscript.cpp:749:13: warning: ISO C++ forbids converting a string constant to ‘char*’ [-Wwrite-strings]
  749 |   setglobal("KEY_LWIN",             ++a, l);
      |             ^~~~~~~~~~
src/gsscript.cpp:750:13: warning: ISO C++ forbids converting a string constant to ‘char*’ [-Wwrite-strings]
  750 |   setglobal("KEY_RWIN",             ++a, l);
      |             ^~~~~~~~~~
src/gsscript.cpp:751:13: warning: ISO C++ forbids converting a string constant to ‘char*’ [-Wwrite-strings]
  751 |   setglobal("KEY_MENU",             ++a, l);
      |             ^~~~~~~~~~
src/gsscript.cpp:752:13: warning: ISO C++ forbids converting a string constant to ‘char*’ [-Wwrite-strings]
  752 |   setglobal("KEY_SCRLOCK",          ++a, l);
      |             ^~~~~~~~~~~~~
src/gsscript.cpp:753:13: warning: ISO C++ forbids converting a string constant to ‘char*’ [-Wwrite-strings]
  753 |   setglobal("KEY_NUMLOCK",          ++a, l);
      |             ^~~~~~~~~~~~~
src/gsscript.cpp:754:13: warning: ISO C++ forbids converting a string constant to ‘char*’ [-Wwrite-strings]
  754 |   setglobal("KEY_CAPSLOCK",         ++a, l);
      |             ^~~~~~~~~~~~~~
src/gsscript.cpp:756:13: warning: ISO C++ forbids converting a string constant to ‘char*’ [-Wwrite-strings]
  756 |   setglobal("JOY0_UP",              ++a, l);
      |             ^~~~~~~~~
src/gsscript.cpp:757:13: warning: ISO C++ forbids converting a string constant to ‘char*’ [-Wwrite-strings]
  757 |   setglobal("JOY0_DOWN",            ++a, l);
      |             ^~~~~~~~~~~
src/gsscript.cpp:758:13: warning: ISO C++ forbids converting a string constant to ‘char*’ [-Wwrite-strings]
  758 |   setglobal("JOY0_LEFT",            ++a, l);
      |             ^~~~~~~~~~~
src/gsscript.cpp:759:13: warning: ISO C++ forbids converting a string constant to ‘char*’ [-Wwrite-strings]
  759 |   setglobal("JOY0_RIGHT",           ++a, l);
      |             ^~~~~~~~~~~~
src/gsscript.cpp:760:13: warning: ISO C++ forbids converting a string constant to ‘char*’ [-Wwrite-strings]
  760 |   setglobal("JOY0_B1",              ++a, l);
      |             ^~~~~~~~~
src/gsscript.cpp:761:13: warning: ISO C++ forbids converting a string constant to ‘char*’ [-Wwrite-strings]
  761 |   setglobal("JOY0_B2",              ++a, l);
      |             ^~~~~~~~~
src/gsscript.cpp:762:13: warning: ISO C++ forbids converting a string constant to ‘char*’ [-Wwrite-strings]
  762 |   setglobal("JOY0_B3",              ++a, l);
      |             ^~~~~~~~~
src/gsscript.cpp:763:13: warning: ISO C++ forbids converting a string constant to ‘char*’ [-Wwrite-strings]
  763 |   setglobal("JOY0_B4",              ++a, l);
      |             ^~~~~~~~~
src/gsscript.cpp:764:13: warning: ISO C++ forbids converting a string constant to ‘char*’ [-Wwrite-strings]
  764 |   setglobal("JOY0_B5",              ++a, l);
      |             ^~~~~~~~~
src/gsscript.cpp:765:13: warning: ISO C++ forbids converting a string constant to ‘char*’ [-Wwrite-strings]
  765 |   setglobal("JOY0_B6",              ++a, l);
      |             ^~~~~~~~~
src/gsscript.cpp:766:13: warning: ISO C++ forbids converting a string constant to ‘char*’ [-Wwrite-strings]
  766 |   setglobal("JOY1_UP",              ++a, l);
      |             ^~~~~~~~~
src/gsscript.cpp:767:13: warning: ISO C++ forbids converting a string constant to ‘char*’ [-Wwrite-strings]
  767 |   setglobal("JOY1_DOWN",            ++a, l);
      |             ^~~~~~~~~~~
src/gsscript.cpp:768:13: warning: ISO C++ forbids converting a string constant to ‘char*’ [-Wwrite-strings]
  768 |   setglobal("JOY1_LEFT",            ++a, l);
      |             ^~~~~~~~~~~
src/gsscript.cpp:769:13: warning: ISO C++ forbids converting a string constant to ‘char*’ [-Wwrite-strings]
  769 |   setglobal("JOY1_RIGHT",           ++a, l);
      |             ^~~~~~~~~~~~
src/gsscript.cpp:770:13: warning: ISO C++ forbids converting a string constant to ‘char*’ [-Wwrite-strings]
  770 |   setglobal("JOY1_B1",              ++a, l);
      |             ^~~~~~~~~
src/gsscript.cpp:771:13: warning: ISO C++ forbids converting a string constant to ‘char*’ [-Wwrite-strings]
  771 |   setglobal("JOY1_B2",              ++a, l);
      |             ^~~~~~~~~
src/gsscript.cpp:772:13: warning: ISO C++ forbids converting a string constant to ‘char*’ [-Wwrite-strings]
  772 |   setglobal("JOY1_B3",              ++a, l);
      |             ^~~~~~~~~
src/gsscript.cpp:773:13: warning: ISO C++ forbids converting a string constant to ‘char*’ [-Wwrite-strings]
  773 |   setglobal("JOY1_B4",              ++a, l);
      |             ^~~~~~~~~
src/gsscript.cpp:774:13: warning: ISO C++ forbids converting a string constant to ‘char*’ [-Wwrite-strings]
  774 |   setglobal("JOY1_B5",              ++a, l);
      |             ^~~~~~~~~
src/gsscript.cpp:775:13: warning: ISO C++ forbids converting a string constant to ‘char*’ [-Wwrite-strings]
  775 |   setglobal("JOY1_B6",              ++a, l);
      |             ^~~~~~~~~
src/gsscript.cpp: In member function ‘void gsScript::load_text()’:
src/gsscript.cpp:799:20: warning: ISO C++ forbids converting a string constant to ‘char*’ [-Wwrite-strings]
  799 |     errors->log(0, "script", "load text: file not found or invalid", file);
      |                    ^~~~~~~~
src/gsscript.cpp:799:30: warning: ISO C++ forbids converting a string constant to ‘char*’ [-Wwrite-strings]
  799 |     errors->log(0, "script", "load text: file not found or invalid", file);
      |                              ^~~~~~~~~~~~~~~~~~~~~~~~~~~~~~~~~~~~~~
src/gsscript.cpp:803:20: warning: ISO C++ forbids converting a string constant to ‘char*’ [-Wwrite-strings]
  803 |     errors->log(2, "script", "load text: successfully loaded string tables", globals->language);
      |                    ^~~~~~~~
src/gsscript.cpp:803:30: warning: ISO C++ forbids converting a string constant to ‘char*’ [-Wwrite-strings]
  803 |     errors->log(2, "script", "load text: successfully loaded string tables", globals->language);
      |                              ^~~~~~~~~~~~~~~~~~~~~~~~~~~~~~~~~~~~~~~~~~~~~~
src/gsscript.cpp: In function ‘void error_wrong_number(char*, int)’:
src/gsscript.cpp:811:18: warning: ISO C++ forbids converting a string constant to ‘char*’ [-Wwrite-strings]
  811 |   errors->log(0, "script", "load player ship: wrong argument!", n);
      |                  ^~~~~~~~
src/gsscript.cpp:811:28: warning: ISO C++ forbids converting a string constant to ‘char*’ [-Wwrite-strings]
  811 |   errors->log(0, "script", "load player ship: wrong argument!", n);
      |                            ^~~~~~~~~~~~~~~~~~~~~~~~~~~~~~~~~~~
src/gsscript.cpp:809:31: warning: unused parameter ‘t’ [-Wunused-parameter]
  809 | void error_wrong_number(char *t, int n)
      |                         ~~~~~~^
src/gsscript.cpp: In member function ‘int gsScript::load_ship(gsPlayer*, char*)’:
src/gsscript.cpp:855:13: warning: ISO C++ forbids converting a string constant to ‘char*’ [-Wwrite-strings]
  855 |   setglobal("PIRANHA", SHIP_PIRANHA, ship_lua);
      |             ^~~~~~~~~
src/gsscript.cpp:856:13: warning: ISO C++ forbids converting a string constant to ‘char*’ [-Wwrite-strings]
  856 |   setglobal("RAZOR",   SHIP_RAZOR, ship_lua);
      |             ^~~~~~~
src/gsscript.cpp:857:13: warning: ISO C++ forbids converting a string constant to ‘char*’ [-Wwrite-strings]
  857 |   setglobal("BOMBER",  SHIP_BOMBER, ship_lua);
      |             ^~~~~~~~
src/gsscript.cpp:858:13: warning: ISO C++ forbids converting a string constant to ‘char*’ [-Wwrite-strings]
  858 |   setglobal("CUSTOM",  SHIP_CUSTOM, ship_lua);
      |             ^~~~~~~~
src/gsscript.cpp:861:13: warning: ISO C++ forbids converting a string constant to ‘char*’ [-Wwrite-strings]
  861 |   setglobal("W_NONE",      W_NONE, ship_lua);
      |             ^~~~~~~~
src/gsscript.cpp:862:13: warning: ISO C++ forbids converting a string constant to ‘char*’ [-Wwrite-strings]
  862 |   setglobal("W_SINGLE",    W_SINGLE, ship_lua);
      |             ^~~~~~~~~~
src/gsscript.cpp:863:13: warning: ISO C++ forbids converting a string constant to ‘char*’ [-Wwrite-strings]
  863 |   setglobal("W_DOUBLE",    W_DOUBLE, ship_lua);
      |             ^~~~~~~~~~
src/gsscript.cpp:864:13: warning: ISO C++ forbids converting a string constant to ‘char*’ [-Wwrite-strings]
  864 |   setglobal("W_BOMB",      W_BOMB, ship_lua);
      |             ^~~~~~~~
src/gsscript.cpp:865:13: warning: ISO C++ forbids converting a string constant to ‘char*’ [-Wwrite-strings]
  865 |   setglobal("W_BIGBOMB",   W_BIGBOMB, ship_lua);
      |             ^~~~~~~~~~~
src/gsscript.cpp:866:13: warning: ISO C++ forbids converting a string constant to ‘char*’ [-Wwrite-strings]
  866 |   setglobal("W_ROCKET",    W_ROCKET, ship_lua);
      |             ^~~~~~~~~~
src/gsscript.cpp:867:13: warning: ISO C++ forbids converting a string constant to ‘char*’ [-Wwrite-strings]
  867 |   setglobal("W_MINE",      W_MINE, ship_lua);
      |             ^~~~~~~~
src/gsscript.cpp:868:13: warning: ISO C++ forbids converting a string constant to ‘char*’ [-Wwrite-strings]
  868 |   setglobal("W_FREEZER",   W_FREEZER, ship_lua);
      |             ^~~~~~~~~~~
src/gsscript.cpp:869:13: warning: ISO C++ forbids converting a string constant to ‘char*’ [-Wwrite-strings]
  869 |   setglobal("W_SHRINKER",  W_SHRINKER, ship_lua);
      |             ^~~~~~~~~~~~
src/gsscript.cpp:870:13: warning: ISO C++ forbids converting a string constant to ‘char*’ [-Wwrite-strings]
  870 |   setglobal("W_PROBE",     W_PROBE, ship_lua);
      |             ^~~~~~~~~
src/gsscript.cpp:871:13: warning: ISO C++ forbids converting a string constant to ‘char*’ [-Wwrite-strings]
  871 |   setglobal("W_GAS",       W_GAS, ship_lua);
      |             ^~~~~~~
src/gsscript.cpp:872:13: warning: ISO C++ forbids converting a string constant to ‘char*’ [-Wwrite-strings]
  872 |   setglobal("W_LASER",     W_LASER, ship_lua);
      |             ^~~~~~~~~
src/gsscript.cpp:873:13: warning: ISO C++ forbids converting a string constant to ‘char*’ [-Wwrite-strings]
  873 |   setglobal("W_BUMPER",    W_BUMPER, ship_lua);
      |             ^~~~~~~~~~
src/gsscript.cpp:874:13: warning: ISO C++ forbids converting a string constant to ‘char*’ [-Wwrite-strings]
  874 |   setglobal("W_SHOTGUN",   W_SHOTGUN, ship_lua);
      |             ^~~~~~~~~~~
src/gsscript.cpp:875:13: warning: ISO C++ forbids converting a string constant to ‘char*’ [-Wwrite-strings]
  875 |   setglobal("W_ACID",      W_ACID, ship_lua);
      |             ^~~~~~~~
src/gsscript.cpp:878:13: warning: ISO C++ forbids converting a string constant to ‘char*’ [-Wwrite-strings]
  878 |   setglobal("E_NONE",         EXTRA_NONE, ship_lua);
      |             ^~~~~~~~
src/gsscript.cpp:879:13: warning: ISO C++ forbids converting a string constant to ‘char*’ [-Wwrite-strings]
  879 |   setglobal("E_AFTERBURNER",  EXTRA_AFTERBURNER, ship_lua);
      |             ^~~~~~~~~~~~~~~
src/gsscript.cpp:880:13: warning: ISO C++ forbids converting a string constant to ‘char*’ [-Wwrite-strings]
  880 |   setglobal("E_DEFLECTOR",    EXTRA_DEFLECTOR, ship_lua);
      |             ^~~~~~~~~~~~~
src/gsscript.cpp:881:13: warning: ISO C++ forbids converting a string constant to ‘char*’ [-Wwrite-strings]
  881 |   setglobal("E_CLOAK",        EXTRA_CLOAK, ship_lua);
      |             ^~~~~~~~~
src/gsscript.cpp:884:13: warning: ISO C++ forbids converting a string constant to ‘char*’ [-Wwrite-strings]
  884 |   setglobal("LANGUAGE", globals->language, ship_lua);
      |             ^~~~~~~~~~
src/gsscript.cpp:885:13: warning: ISO C++ forbids converting a string constant to ‘char*’ [-Wwrite-strings]
  885 |   setglobal("LANG_DE", LANG_DE, ship_lua);
      |             ^~~~~~~~~
src/gsscript.cpp:886:13: warning: ISO C++ forbids converting a string constant to ‘char*’ [-Wwrite-strings]
  886 |   setglobal("LANG_EN", LANG_EN, ship_lua);
      |             ^~~~~~~~~
src/gsscript.cpp:887:13: warning: ISO C++ forbids converting a string constant to ‘char*’ [-Wwrite-strings]
  887 |   setglobal("LANG_CR", LANG_CR, ship_lua);
      |             ^~~~~~~~~
src/gsscript.cpp:888:13: warning: ISO C++ forbids converting a string constant to ‘char*’ [-Wwrite-strings]
  888 |   setglobal("LANG_IT", LANG_IT, ship_lua);
      |             ^~~~~~~~~
src/gsscript.cpp:889:13: warning: ISO C++ forbids converting a string constant to ‘char*’ [-Wwrite-strings]
  889 |   setglobal("LANG_DK", LANG_DK, ship_lua);
      |             ^~~~~~~~~
src/gsscript.cpp:891:13: warning: ISO C++ forbids converting a string constant to ‘char*’ [-Wwrite-strings]
  891 |   setglobal("VERSION", float(atof(VERSION)+0.001), ship_lua);
      |             ^~~~~~~~~
src/gsscript.cpp:929:22: warning: ISO C++ forbids converting a string constant to ‘char*’ [-Wwrite-strings]
  929 |       errors->log(2, "can't load", mypath);
      |                      ^~~~~~~~~~~~
src/gsscript.cpp:939:20: warning: ISO C++ forbids converting a string constant to ‘char*’ [-Wwrite-strings]
  939 |     errors->log(0, "script", "load player ship: file not found or invalid", file, error);
      |                    ^~~~~~~~
src/gsscript.cpp:939:30: warning: ISO C++ forbids converting a string constant to ‘char*’ [-Wwrite-strings]
  939 |     errors->log(0, "script", "load player ship: file not found or invalid", file, error);
      |                              ^~~~~~~~~~~~~~~~~~~~~~~~~~~~~~~~~~~~~~~~~~~~~
src/gsscript.cpp:949:23: warning: ISO C++ forbids converting a string constant to ‘char*’ [-Wwrite-strings]
  949 |     i = getglobal_int("type", ship_lua);
      |                       ^~~~~~
src/gsscript.cpp:951:57: warning: ISO C++ forbids converting a string constant to ‘char*’ [-Wwrite-strings]
  951 |     if (i < 0 || i > 4) { error = 1; error_wrong_number("type", i); }
      |                                                         ^~~~~~
src/gsscript.cpp:958:25: warning: ISO C++ forbids converting a string constant to ‘char*’ [-Wwrite-strings]
  958 |       i = getglobal_int("color", ship_lua);
      |                         ^~~~~~~
src/gsscript.cpp:962:41: warning: ISO C++ forbids converting a string constant to ‘char*’ [-Wwrite-strings]
  962 |     strncpy(shipimage, getglobal_string("image", ship_lua), 20);
      |                                         ^~~~~~~
src/gsscript.cpp:964:39: warning: ISO C++ forbids converting a string constant to ‘char*’ [-Wwrite-strings]
  964 |     p->set_ship_name(getglobal_string("name", ship_lua));
      |                                       ^~~~~~
src/gsscript.cpp:966:39: warning: ISO C++ forbids converting a string constant to ‘char*’ [-Wwrite-strings]
  966 |     p->set_ship_desc(getglobal_string("description", ship_lua));
      |                                       ^~~~~~~~~~~~~
src/gsscript.cpp:968:23: warning: ISO C++ forbids converting a string constant to ‘char*’ [-Wwrite-strings]
  968 |     i = getglobal_int("radar_zoom", ship_lua);
      |                       ^~~~~~~~~~~~
src/gsscript.cpp:969:58: warning: ISO C++ forbids converting a string constant to ‘char*’ [-Wwrite-strings]
  969 |     if (i < 0 || i > 20) { error = 1; error_wrong_number("radar_zoom", i); }
      |                                                          ^~~~~~~~~~~~
src/gsscript.cpp:973:23: warning: ISO C++ forbids converting a string constant to ‘char*’ [-Wwrite-strings]
  973 |     i = getglobal_int("weapon_slots", ship_lua);
      |                       ^~~~~~~~~~~~~~
src/gsscript.cpp:974:57: warning: ISO C++ forbids converting a string constant to ‘char*’ [-Wwrite-strings]
  974 |     if (i < 0 || i > 6) { error = 1; error_wrong_number("weapon_slots", i); }
      |                                                         ^~~~~~~~~~~~~~
src/gsscript.cpp:978:23: warning: ISO C++ forbids converting a string constant to ‘char*’ [-Wwrite-strings]
  978 |     i = getglobal_int("hull", ship_lua);
      |                       ^~~~~~
src/gsscript.cpp:979:58: warning: ISO C++ forbids converting a string constant to ‘char*’ [-Wwrite-strings]
  979 |     if (i < 0 || i > 20) { error = 1; error_wrong_number("hull", i); }
      |                                                          ^~~~~~
src/gsscript.cpp:983:23: warning: ISO C++ forbids converting a string constant to ‘char*’ [-Wwrite-strings]
  983 |     i = getglobal_int("shield", ship_lua);
      |                       ^~~~~~~~
src/gsscript.cpp:984:58: warning: ISO C++ forbids converting a string constant to ‘char*’ [-Wwrite-strings]
  984 |     if (i < 0 || i > 20) { error = 1; error_wrong_number("shield", i); }
      |                                                          ^~~~~~~~
src/gsscript.cpp:988:23: warning: ISO C++ forbids converting a string constant to ‘char*’ [-Wwrite-strings]
  988 |     i = getglobal_int("shield_recharge", ship_lua);
      |                       ^~~~~~~~~~~~~~~~~
src/gsscript.cpp:989:59: warning: ISO C++ forbids converting a string constant to ‘char*’ [-Wwrite-strings]
  989 |     if (i < 0 || i > 100) { error = 1; error_wrong_number("shield_recharge", i); }
      |                                                           ^~~~~~~~~~~~~~~~~
src/gsscript.cpp:994:23: warning: ISO C++ forbids converting a string constant to ‘char*’ [-Wwrite-strings]
  994 |     i = getglobal_int("wall_shield", ship_lua);
      |                       ^~~~~~~~~~~~~
src/gsscript.cpp:995:59: warning: ISO C++ forbids converting a string constant to ‘char*’ [-Wwrite-strings]
  995 |     if (i < 0 || i > 100) { error = 1; error_wrong_number("wall_shield", i); }
      |                                                           ^~~~~~~~~~~~~
src/gsscript.cpp:1000:23: warning: ISO C++ forbids converting a string constant to ‘char*’ [-Wwrite-strings]
 1000 |     i = getglobal_int("hull_repair", ship_lua);
      |                       ^~~~~~~~~~~~~
src/gsscript.cpp:1001:59: warning: ISO C++ forbids converting a string constant to ‘char*’ [-Wwrite-strings]
 1001 |     if (i < 0 || i > 100) { error = 1; error_wrong_number("hull_repair", i); }
      |                                                           ^~~~~~~~~~~~~
src/gsscript.cpp:1006:23: warning: ISO C++ forbids converting a string constant to ‘char*’ [-Wwrite-strings]
 1006 |     i = getglobal_int("turn_speed", ship_lua);
      |                       ^~~~~~~~~~~~
src/gsscript.cpp:1007:59: warning: ISO C++ forbids converting a string constant to ‘char*’ [-Wwrite-strings]
 1007 |     if (i < 0 || i > 100) { error = 1; error_wrong_number("turn_speed", i); }
      |                                                           ^~~~~~~~~~~~
src/gsscript.cpp:1012:23: warning: ISO C++ forbids converting a string constant to ‘char*’ [-Wwrite-strings]
 1012 |     i = getglobal_int("maximum_speed", ship_lua);
      |                       ^~~~~~~~~~~~~~~
src/gsscript.cpp:1013:59: warning: ISO C++ forbids converting a string constant to ‘char*’ [-Wwrite-strings]
 1013 |     if (i < 0 || i > 100) { error = 1; error_wrong_number("maximum_speed", i); }
      |                                                           ^~~~~~~~~~~~~~~
src/gsscript.cpp:1018:23: warning: ISO C++ forbids converting a string constant to ‘char*’ [-Wwrite-strings]
 1018 |     i = getglobal_int("acceleration", ship_lua);
      |                       ^~~~~~~~~~~~~~
src/gsscript.cpp:1019:59: warning: ISO C++ forbids converting a string constant to ‘char*’ [-Wwrite-strings]
 1019 |     if (i < 0 || i > 100) { error = 1; error_wrong_number("acceleration", i); }
      |                                                           ^~~~~~~~~~~~~~
src/gsscript.cpp:1024:23: warning: ISO C++ forbids converting a string constant to ‘char*’ [-Wwrite-strings]
 1024 |     i = getglobal_int("fuel_consumption", ship_lua);
      |                       ^~~~~~~~~~~~~~~~~~
src/gsscript.cpp:1025:59: warning: ISO C++ forbids converting a string constant to ‘char*’ [-Wwrite-strings]
 1025 |     if (i < 0 || i > 100) { error = 1; error_wrong_number("fuel_consumption", i); }
      |                                                           ^~~~~~~~~~~~~~~~~~
src/gsscript.cpp:1030:23: warning: ISO C++ forbids converting a string constant to ‘char*’ [-Wwrite-strings]
 1030 |     i = getglobal_int("weapon_storage", ship_lua);
      |                       ^~~~~~~~~~~~~~~~
src/gsscript.cpp:1031:59: warning: ISO C++ forbids converting a string constant to ‘char*’ [-Wwrite-strings]
 1031 |     if (i < 0 || i > 100) { error = 1; error_wrong_number("weapon_storage", i); }
      |                                                           ^~~~~~~~~~~~~~~~
src/gsscript.cpp:1035:23: warning: ISO C++ forbids converting a string constant to ‘char*’ [-Wwrite-strings]
 1035 |     i = getglobal_int("weapon_recharge", ship_lua);
      |                       ^~~~~~~~~~~~~~~~~
src/gsscript.cpp:1036:59: warning: ISO C++ forbids converting a string constant to ‘char*’ [-Wwrite-strings]
 1036 |     if (i < 0 || i > 100) { error = 1; error_wrong_number("weapon_recharge", i); }
      |                                                           ^~~~~~~~~~~~~~~~~
src/gsscript.cpp:1040:23: warning: ISO C++ forbids converting a string constant to ‘char*’ [-Wwrite-strings]
 1040 |     i = getglobal_int("extras", ship_lua);
      |                       ^~~~~~~~
src/gsscript.cpp:1049:23: warning: ISO C++ forbids converting a string constant to ‘char*’ [-Wwrite-strings]
 1049 |     i = getglobal_int("weapon_slot_1", ship_lua);
      |                       ^~~~~~~~~~~~~~~
src/gsscript.cpp:1051:23: warning: ISO C++ forbids converting a string constant to ‘char*’ [-Wwrite-strings]
 1051 |     i = getglobal_int("weapon_slot_2", ship_lua);
      |                       ^~~~~~~~~~~~~~~
src/gsscript.cpp:1053:23: warning: ISO C++ forbids converting a string constant to ‘char*’ [-Wwrite-strings]
 1053 |     i = getglobal_int("weapon_slot_3", ship_lua);
      |                       ^~~~~~~~~~~~~~~
src/gsscript.cpp:1055:23: warning: ISO C++ forbids converting a string constant to ‘char*’ [-Wwrite-strings]
 1055 |     i = getglobal_int("weapon_slot_4", ship_lua);
      |                       ^~~~~~~~~~~~~~~
src/gsscript.cpp:1057:23: warning: ISO C++ forbids converting a string constant to ‘char*’ [-Wwrite-strings]
 1057 |     i = getglobal_int("weapon_slot_5", ship_lua);
      |                       ^~~~~~~~~~~~~~~
src/gsscript.cpp:1059:23: warning: ISO C++ forbids converting a string constant to ‘char*’ [-Wwrite-strings]
 1059 |     i = getglobal_int("weapon_slot_6", ship_lua);
      |                       ^~~~~~~~~~~~~~~
src/gsscript.cpp:1067:22: warning: ISO C++ forbids converting a string constant to ‘char*’ [-Wwrite-strings]
 1067 |       errors->log(0, "script", "load player ship: wrong arguments, playship resetted to default values!");
      |                      ^~~~~~~~
src/gsscript.cpp:1067:32: warning: ISO C++ forbids converting a string constant to ‘char*’ [-Wwrite-strings]
 1067 |       errors->log(0, "script", "load player ship: wrong arguments, playship resetted to default values!");
      |                                ^~~~~~~~~~~~~~~~~~~~~~~~~~~~~~~~~~~~~~~~~~~~~~~~~~~~~~~~~~~~~~~~~~~~~~~~~
src/gsscript.cpp:1072:22: warning: ISO C++ forbids converting a string constant to ‘char*’ [-Wwrite-strings]
 1072 |       errors->log(0, "script", "load player ship: sum exceeds limit, playship resetted to default values!", sum);
      |                      ^~~~~~~~
src/gsscript.cpp:1072:32: warning: ISO C++ forbids converting a string constant to ‘char*’ [-Wwrite-strings]
 1072 |       errors->log(0, "script", "load player ship: sum exceeds limit, playship resetted to default values!", sum);
      |                                ^~~~~~~~~~~~~~~~~~~~~~~~~~~~~~~~~~~~~~~~~~~~~~~~~~~~~~~~~~~~~~~~~~~~~~~~~~~
src/gsscript.cpp:1086:26: warning: ISO C++ forbids converting a string constant to ‘char*’ [-Wwrite-strings]
 1086 |           errors->log(0, "loading player ship", "error loading custom ship image");
      |                          ^~~~~~~~~~~~~~~~~~~~~
src/gsscript.cpp:1086:49: warning: ISO C++ forbids converting a string constant to ‘char*’ [-Wwrite-strings]
 1086 |           errors->log(0, "loading player ship", "error loading custom ship image");
      |                                                 ^~~~~~~~~~~~~~~~~~~~~~~~~~~~~~~~~
src/gsscript.cpp:947:11: warning: variable ‘f’ set but not used [-Wunused-but-set-variable]
  947 |     float f;
      |           ^
src/gsscript.cpp: In function ‘int read_level(const char*, int, void*)’:
src/gsscript.cpp:1107:15: warning: cast from ‘void*’ to ‘int’ loses precision [-fpermissive]
 1107 |   int param = (int)mparam;
      |               ^~~~~~~~~~~
src/gsscript.cpp:1105:39: warning: unused parameter ‘attrib’ [-Wunused-parameter]
 1105 | int read_level(const char *fname, int attrib, void *mparam)
      |                                   ~~~~^~~~~~
src/gsscript.cpp: In member function ‘void gsScript::read_level_files(int, char*)’:
src/gsscript.cpp:1177:18: warning: ISO C++ forbids converting a string constant to ‘char*’ [-Wwrite-strings]
 1177 |   errors->log(1, "script", "read_level_files: file scanning not implemented");
      |                  ^~~~~~~~
src/gsscript.cpp:1177:28: warning: ISO C++ forbids converting a string constant to ‘char*’ [-Wwrite-strings]
 1177 |   errors->log(1, "script", "read_level_files: file scanning not implemented");
      |                            ^~~~~~~~~~~~~~~~~~~~~~~~~~~~~~~~~~~~~~~~~~~~~~~~~
src/gsscript.cpp:1163:37: warning: unused parameter ‘loadall’ [-Wunused-parameter]
 1163 | void gsScript::read_level_files(int loadall, char *loadtype)
      |                                 ~~~~^~~~~~~
src/gsscript.cpp: In member function ‘void gsScript::load_game_config()’:
src/gsscript.cpp:1234:23: warning: ISO C++ forbids converting a string constant to ‘char*’ [-Wwrite-strings]
 1234 |     i = getglobal_int("language", config_lua);
      |                       ^~~~~~~~~~
src/gsscript.cpp:1237:23: warning: ISO C++ forbids converting a string constant to ‘char*’ [-Wwrite-strings]
 1237 |     i = getglobal_int("pixels", config_lua);
      |                       ^~~~~~~~
src/gsscript.cpp:1240:23: warning: ISO C++ forbids converting a string constant to ‘char*’ [-Wwrite-strings]
 1240 |     i = getglobal_int("sound_volume", config_lua);
      |                       ^~~~~~~~~~~~~~
src/gsscript.cpp:1243:23: warning: ISO C++ forbids converting a string constant to ‘char*’ [-Wwrite-strings]
 1243 |     i = getglobal_int("music_volume", config_lua);
      |                       ^~~~~~~~~~~~~~
src/gsscript.cpp:1246:23: warning: ISO C++ forbids converting a string constant to ‘char*’ [-Wwrite-strings]
 1246 |     i = getglobal_int("gravity", config_lua);
      |                       ^~~~~~~~~
src/gsscript.cpp:1249:23: warning: ISO C++ forbids converting a string constant to ‘char*’ [-Wwrite-strings]
 1249 |     i = getglobal_int("extras", config_lua);
      |                       ^~~~~~~~
src/gsscript.cpp:1252:23: warning: ISO C++ forbids converting a string constant to ‘char*’ [-Wwrite-strings]
 1252 |     i = getglobal_int("maxfrags", config_lua);
      |                       ^~~~~~~~~~
src/gsscript.cpp:1255:23: warning: ISO C++ forbids converting a string constant to ‘char*’ [-Wwrite-strings]
 1255 |     i = getglobal_int("maxtime", config_lua);
      |                       ^~~~~~~~~
src/gsscript.cpp:1258:23: warning: ISO C++ forbids converting a string constant to ‘char*’ [-Wwrite-strings]
 1258 |     i = getglobal_int("slow_computer", config_lua);
      |                       ^~~~~~~~~~~~~~~
src/gsscript.cpp:1261:23: warning: ISO C++ forbids converting a string constant to ‘char*’ [-Wwrite-strings]
 1261 |     i = getglobal_int("use_script_computer_player", config_lua);
      |                       ^~~~~~~~~~~~~~~~~~~~~~~~~~~~
src/gsscript.cpp:1264:23: warning: ISO C++ forbids converting a string constant to ‘char*’ [-Wwrite-strings]
 1264 |     i = getglobal_int("resolution", config_lua);
      |                       ^~~~~~~~~~~~
src/gsscript.cpp:1267:50: warning: ISO C++ forbids converting a string constant to ‘char*’ [-Wwrite-strings]
 1267 |     strncpy(globals->server_ip, getglobal_string("server_ip", config_lua), 16);
      |                                                  ^~~~~~~~~~~
src/gsscript.cpp:1269:57: warning: ISO C++ forbids converting a string constant to ‘char*’ [-Wwrite-strings]
 1269 |     strncpy(globals->pplayer[0].pname, getglobal_string("player1_name", config_lua), 20);
      |                                                         ^~~~~~~~~~~~~~
src/gsscript.cpp:1271:57: warning: ISO C++ forbids converting a string constant to ‘char*’ [-Wwrite-strings]
 1271 |     strncpy(globals->pplayer[1].pname, getglobal_string("player2_name", config_lua), 20);
      |                                                         ^~~~~~~~~~~~~~
src/gsscript.cpp:1273:57: warning: ISO C++ forbids converting a string constant to ‘char*’ [-Wwrite-strings]
 1273 |     strncpy(globals->pplayer[0].pship, getglobal_string("player1_ship", config_lua), 20);
      |                                                         ^~~~~~~~~~~~~~
src/gsscript.cpp:1274:57: warning: ISO C++ forbids converting a string constant to ‘char*’ [-Wwrite-strings]
 1274 |     strncpy(globals->pplayer[1].pship, getglobal_string("player2_ship", config_lua), 20);
      |                                                         ^~~~~~~~~~~~~~
src/gsscript.cpp:1275:51: warning: ISO C++ forbids converting a string constant to ‘char*’ [-Wwrite-strings]
 1275 |     strncpy(globals->last_level, getglobal_string("default_map", config_lua), 20);
      |                                                   ^~~~~~~~~~~~~
src/gsscript.cpp:1276:53: warning: ISO C++ forbids converting a string constant to ‘char*’ [-Wwrite-strings]
 1276 |     strncpy(globals->last_splevel, getglobal_string("default_spmap", config_lua), 20);
      |                                                     ^~~~~~~~~~~~~~~
src/gsscript.cpp:1277:54: warning: ISO C++ forbids converting a string constant to ‘char*’ [-Wwrite-strings]
 1277 |     strncpy(globals->last_minigame, getglobal_string("default_minigame", config_lua), 20);
      |                                                      ^~~~~~~~~~~~~~~~~~
src/gsscript.cpp: In member function ‘void gsScript::load_ingame_script(char*, char*, char*)’:
src/gsscript.cpp:1322:20: warning: ISO C++ forbids converting a string constant to ‘char*’ [-Wwrite-strings]
 1322 |     errors->log(1, "script", "could not load global script", glob);
      |                    ^~~~~~~~
src/gsscript.cpp:1322:30: warning: ISO C++ forbids converting a string constant to ‘char*’ [-Wwrite-strings]
 1322 |     errors->log(1, "script", "could not load global script", glob);
      |                              ^~~~~~~~~~~~~~~~~~~~~~~~~~~~~~
src/gsscript.cpp:1332:20: warning: ISO C++ forbids converting a string constant to ‘char*’ [-Wwrite-strings]
 1332 |     errors->log(1, "script", "could not load level script", name);
      |                    ^~~~~~~~
src/gsscript.cpp:1332:30: warning: ISO C++ forbids converting a string constant to ‘char*’ [-Wwrite-strings]
 1332 |     errors->log(1, "script", "could not load level script", name);
      |                              ^~~~~~~~~~~~~~~~~~~~~~~~~~~~~
src/gsscript.cpp: In member function ‘int gsScript::do_ingame_script(Lua*)’:
src/gsscript.cpp:1350:9: warning: unused variable ‘err’ [-Wunused-variable]
 1350 |     int err = l->dobuffer(script_buffer, script_buffer_size, "levelscript");
      |         ^~~
src/gsscript.cpp: In member function ‘void gsScript::kill_script_commands(Lua*)’:
src/gsscript.cpp:1395:42: warning: unused parameter ‘l’ [-Wunused-parameter]
 1395 | void gsScript::kill_script_commands(Lua *l)
      |                                     ~~~~~^
src/gsscript.cpp: In member function ‘void gsScript::init_hooks(Lua*)’:
src/gsscript.cpp:1426:22: warning: ISO C++ forbids converting a string constant to ‘char*’ [-Wwrite-strings]
 1426 |       errors->log(2, "script init", "found hook_object_dead", n);
      |                      ^~~~~~~~~~~~~
src/gsscript.cpp:1426:37: warning: ISO C++ forbids converting a string constant to ‘char*’ [-Wwrite-strings]
 1426 |       errors->log(2, "script init", "found hook_object_dead", n);
      |                                     ^~~~~~~~~~~~~~~~~~~~~~~~
src/gsscript.cpp:1438:22: warning: ISO C++ forbids converting a string constant to ‘char*’ [-Wwrite-strings]
 1438 |       errors->log(2, "script init", "found hook_object_update", n);
      |                      ^~~~~~~~~~~~~
src/gsscript.cpp:1438:37: warning: ISO C++ forbids converting a string constant to ‘char*’ [-Wwrite-strings]
 1438 |       errors->log(2, "script init", "found hook_object_update", n);
      |                                     ^~~~~~~~~~~~~~~~~~~~~~~~~~
src/gsscript.cpp:1450:22: warning: ISO C++ forbids converting a string constant to ‘char*’ [-Wwrite-strings]
 1450 |       errors->log(2, "script init", "found hook_object_hit", n);
      |                      ^~~~~~~~~~~~~
src/gsscript.cpp:1450:37: warning: ISO C++ forbids converting a string constant to ‘char*’ [-Wwrite-strings]
 1450 |       errors->log(2, "script init", "found hook_object_hit", n);
      |                                     ^~~~~~~~~~~~~~~~~~~~~~~
src/gsscript.cpp:1462:22: warning: ISO C++ forbids converting a string constant to ‘char*’ [-Wwrite-strings]
 1462 |       errors->log(2, "script init", "found hook_object_with_object", n);
      |                      ^~~~~~~~~~~~~
src/gsscript.cpp:1462:37: warning: ISO C++ forbids converting a string constant to ‘char*’ [-Wwrite-strings]
 1462 |       errors->log(2, "script init", "found hook_object_with_object", n);
      |                                     ^~~~~~~~~~~~~~~~~~~~~~~~~~~~~~~
src/gsscript.cpp:1474:22: warning: ISO C++ forbids converting a string constant to ‘char*’ [-Wwrite-strings]
 1474 |       errors->log(2, "script init", "found hook_player_dead", n);
      |                      ^~~~~~~~~~~~~
src/gsscript.cpp:1474:37: warning: ISO C++ forbids converting a string constant to ‘char*’ [-Wwrite-strings]
 1474 |       errors->log(2, "script init", "found hook_player_dead", n);
      |                                     ^~~~~~~~~~~~~~~~~~~~~~~~
src/gsscript.cpp:1486:22: warning: ISO C++ forbids converting a string constant to ‘char*’ [-Wwrite-strings]
 1486 |       errors->log(2, "script init", "found hook_player_respawn", n);
      |                      ^~~~~~~~~~~~~
src/gsscript.cpp:1486:37: warning: ISO C++ forbids converting a string constant to ‘char*’ [-Wwrite-strings]
 1486 |       errors->log(2, "script init", "found hook_player_respawn", n);
      |                                     ^~~~~~~~~~~~~~~~~~~~~~~~~~~
src/gsscript.cpp:1498:22: warning: ISO C++ forbids converting a string constant to ‘char*’ [-Wwrite-strings]
 1498 |       errors->log(2, "script init", "found hook_player_hit", n);
      |                      ^~~~~~~~~~~~~
src/gsscript.cpp:1498:37: warning: ISO C++ forbids converting a string constant to ‘char*’ [-Wwrite-strings]
 1498 |       errors->log(2, "script init", "found hook_player_hit", n);
      |                                     ^~~~~~~~~~~~~~~~~~~~~~~
src/gsscript.cpp:1510:22: warning: ISO C++ forbids converting a string constant to ‘char*’ [-Wwrite-strings]
 1510 |       errors->log(2, "script init", "found hook_player_with_spobject", n);
      |                      ^~~~~~~~~~~~~
src/gsscript.cpp:1510:37: warning: ISO C++ forbids converting a string constant to ‘char*’ [-Wwrite-strings]
 1510 |       errors->log(2, "script init", "found hook_player_with_spobject", n);
      |                                     ^~~~~~~~~~~~~~~~~~~~~~~~~~~~~~~~~
src/gsscript.cpp:1522:22: warning: ISO C++ forbids converting a string constant to ‘char*’ [-Wwrite-strings]
 1522 |       errors->log(2, "script init", "found hook_player_takes_cargo", n);
      |                      ^~~~~~~~~~~~~
src/gsscript.cpp:1522:37: warning: ISO C++ forbids converting a string constant to ‘char*’ [-Wwrite-strings]
 1522 |       errors->log(2, "script init", "found hook_player_takes_cargo", n);
      |                                     ^~~~~~~~~~~~~~~~~~~~~~~~~~~~~~~
src/gsscript.cpp:1534:22: warning: ISO C++ forbids converting a string constant to ‘char*’ [-Wwrite-strings]
 1534 |       errors->log(2, "script init", "found hook_player_returns_cargo", n);
      |                      ^~~~~~~~~~~~~
src/gsscript.cpp:1534:37: warning: ISO C++ forbids converting a string constant to ‘char*’ [-Wwrite-strings]
 1534 |       errors->log(2, "script init", "found hook_player_returns_cargo", n);
      |                                     ^~~~~~~~~~~~~~~~~~~~~~~~~~~~~~~~~
src/gsscript.cpp:1546:22: warning: ISO C++ forbids converting a string constant to ‘char*’ [-Wwrite-strings]
 1546 |       errors->log(2, "script init", "found hook_player_land", n);
      |                      ^~~~~~~~~~~~~
src/gsscript.cpp:1546:37: warning: ISO C++ forbids converting a string constant to ‘char*’ [-Wwrite-strings]
 1546 |       errors->log(2, "script init", "found hook_player_land", n);
      |                                     ^~~~~~~~~~~~~~~~~~~~~~~~
src/gsscript.cpp:1558:22: warning: ISO C++ forbids converting a string constant to ‘char*’ [-Wwrite-strings]
 1558 |       errors->log(2, "script init", "found hook_init_level", n);
      |                      ^~~~~~~~~~~~~
src/gsscript.cpp:1558:37: warning: ISO C++ forbids converting a string constant to ‘char*’ [-Wwrite-strings]
 1558 |       errors->log(2, "script init", "found hook_init_level", n);
      |                                     ^~~~~~~~~~~~~~~~~~~~~~~
src/gsscript.cpp:1570:22: warning: ISO C++ forbids converting a string constant to ‘char*’ [-Wwrite-strings]
 1570 |       errors->log(2, "script init", "found hook_exit_level", n);
      |                      ^~~~~~~~~~~~~
src/gsscript.cpp:1570:37: warning: ISO C++ forbids converting a string constant to ‘char*’ [-Wwrite-strings]
 1570 |       errors->log(2, "script init", "found hook_exit_level", n);
      |                                     ^~~~~~~~~~~~~~~~~~~~~~~
src/gsscript.cpp:1583:22: warning: ISO C++ forbids converting a string constant to ‘char*’ [-Wwrite-strings]
 1583 |       errors->log(2, "script init", "found hook_enemy_hit", n);
      |                      ^~~~~~~~~~~~~
src/gsscript.cpp:1583:37: warning: ISO C++ forbids converting a string constant to ‘char*’ [-Wwrite-strings]
 1583 |       errors->log(2, "script init", "found hook_enemy_hit", n);
      |                                     ^~~~~~~~~~~~~~~~~~~~~~
src/gsscript.cpp:1595:22: warning: ISO C++ forbids converting a string constant to ‘char*’ [-Wwrite-strings]
 1595 |       errors->log(2, "script init", "found hook_bullet_destroyed", n);
      |                      ^~~~~~~~~~~~~
src/gsscript.cpp:1595:37: warning: ISO C++ forbids converting a string constant to ‘char*’ [-Wwrite-strings]
 1595 |       errors->log(2, "script init", "found hook_bullet_destroyed", n);
      |                                     ^~~~~~~~~~~~~~~~~~~~~~~~~~~~~
src/gsscript.cpp:1607:22: warning: ISO C++ forbids converting a string constant to ‘char*’ [-Wwrite-strings]
 1607 |       errors->log(2, "script init", "found hook_enemy_update", n);
      |                      ^~~~~~~~~~~~~
src/gsscript.cpp:1607:37: warning: ISO C++ forbids converting a string constant to ‘char*’ [-Wwrite-strings]
 1607 |       errors->log(2, "script init", "found hook_enemy_update", n);
      |                                     ^~~~~~~~~~~~~~~~~~~~~~~~~
src/gsscript.cpp:1619:22: warning: ISO C++ forbids converting a string constant to ‘char*’ [-Wwrite-strings]
 1619 |       errors->log(2, "script init", "found hook_enemy_dead", n);
      |                      ^~~~~~~~~~~~~
src/gsscript.cpp:1619:37: warning: ISO C++ forbids converting a string constant to ‘char*’ [-Wwrite-strings]
 1619 |       errors->log(2, "script init", "found hook_enemy_dead", n);
      |                                     ^~~~~~~~~~~~~~~~~~~~~~~
src/gsscript.cpp:1631:22: warning: ISO C++ forbids converting a string constant to ‘char*’ [-Wwrite-strings]
 1631 |       errors->log(2, "script init", "found hook_enemy_shoot", n);
      |                      ^~~~~~~~~~~~~
src/gsscript.cpp:1631:37: warning: ISO C++ forbids converting a string constant to ‘char*’ [-Wwrite-strings]
 1631 |       errors->log(2, "script init", "found hook_enemy_shoot", n);
      |                                     ^~~~~~~~~~~~~~~~~~~~~~~~
src/gsscript.cpp:1643:22: warning: ISO C++ forbids converting a string constant to ‘char*’ [-Wwrite-strings]
 1643 |       errors->log(2, "script init", "found hook_player_with_enemy", n);
      |                      ^~~~~~~~~~~~~
src/gsscript.cpp:1643:37: warning: ISO C++ forbids converting a string constant to ‘char*’ [-Wwrite-strings]
 1643 |       errors->log(2, "script init", "found hook_player_with_enemy", n);
      |                                     ^~~~~~~~~~~~~~~~~~~~~~~~~~~~~~
src/gsscript.cpp:1655:22: warning: ISO C++ forbids converting a string constant to ‘char*’ [-Wwrite-strings]
 1655 |       errors->log(2, "script init", "found hook_enemy_with_enemy", n);
      |                      ^~~~~~~~~~~~~
src/gsscript.cpp:1655:37: warning: ISO C++ forbids converting a string constant to ‘char*’ [-Wwrite-strings]
 1655 |       errors->log(2, "script init", "found hook_enemy_with_enemy", n);
      |                                     ^~~~~~~~~~~~~~~~~~~~~~~~~~~~~
src/gsscript.cpp:1667:22: warning: ISO C++ forbids converting a string constant to ‘char*’ [-Wwrite-strings]
 1667 |       errors->log(2, "script init", "found hook_keyboard_hit", n);
      |                      ^~~~~~~~~~~~~
src/gsscript.cpp:1667:37: warning: ISO C++ forbids converting a string constant to ‘char*’ [-Wwrite-strings]
 1667 |       errors->log(2, "script init", "found hook_keyboard_hit", n);
      |                                     ^~~~~~~~~~~~~~~~~~~~~~~~~
src/gsscript.cpp: In function ‘int script_set_string(lua_State*)’:
src/gsscript.cpp:2152:22: warning: ISO C++ forbids converting a string constant to ‘char*’ [-Wwrite-strings]
 2152 |       errors->log(0, "script",  "set text: argument 1 of wrong type!");
      |                      ^~~~~~~~
src/gsscript.cpp:2152:33: warning: ISO C++ forbids converting a string constant to ‘char*’ [-Wwrite-strings]
 2152 |       errors->log(0, "script",  "set text: argument 1 of wrong type!");
      |                                 ^~~~~~~~~~~~~~~~~~~~~~~~~~~~~~~~~~~~~
src/gsscript.cpp:2157:22: warning: ISO C++ forbids converting a string constant to ‘char*’ [-Wwrite-strings]
 2157 |       errors->log(0, "script", "set text: argument 2 of wrong type!");
      |                      ^~~~~~~~
src/gsscript.cpp:2157:32: warning: ISO C++ forbids converting a string constant to ‘char*’ [-Wwrite-strings]
 2157 |       errors->log(0, "script", "set text: argument 2 of wrong type!");
      |                                ^~~~~~~~~~~~~~~~~~~~~~~~~~~~~~~~~~~~~
src/gsscript.cpp:2171:20: warning: ISO C++ forbids converting a string constant to ‘char*’ [-Wwrite-strings]
 2171 |     errors->log(0, "script", "set string: wrong argument count (not 2)!");
      |                    ^~~~~~~~
src/gsscript.cpp:2171:30: warning: ISO C++ forbids converting a string constant to ‘char*’ [-Wwrite-strings]
 2171 |     errors->log(0, "script", "set string: wrong argument count (not 2)!");
      |                              ^~~~~~~~~~~~~~~~~~~~~~~~~~~~~~~~~~~~~~~~~~~
src/gsscript.cpp: In function ‘int script_mod(lua_State*)’:
src/gsscript.cpp:2194:20: warning: ISO C++ forbids converting a string constant to ‘char*’ [-Wwrite-strings]
 2194 |     errors->log(0, "script", "mod command: wrong argument count (must be 2)!", number);
      |                    ^~~~~~~~
src/gsscript.cpp:2194:30: warning: ISO C++ forbids converting a string constant to ‘char*’ [-Wwrite-strings]
 2194 |     errors->log(0, "script", "mod command: wrong argument count (must be 2)!", number);
      |                              ^~~~~~~~~~~~~~~~~~~~~~~~~~~~~~~~~~~~~~~~~~~~~~~~
src/gsscript.cpp: In function ‘int script_get_key(lua_State*)’:
src/gsscript.cpp:2216:20: warning: ISO C++ forbids converting a string constant to ‘char*’ [-Wwrite-strings]
 2216 |     errors->log(0, "script", "get_key command: wrong argument count (must be 1)!", number);
      |                    ^~~~~~~~
src/gsscript.cpp:2216:30: warning: ISO C++ forbids converting a string constant to ‘char*’ [-Wwrite-strings]
 2216 |     errors->log(0, "script", "get_key command: wrong argument count (must be 1)!", number);
      |                              ^~~~~~~~~~~~~~~~~~~~~~~~~~~~~~~~~~~~~~~~~~~~~~~~~~~~
src/gsscript.cpp: In function ‘int script_set_mouse_xy(lua_State*)’:
src/gsscript.cpp:2235:20: warning: ISO C++ forbids converting a string constant to ‘char*’ [-Wwrite-strings]
 2235 |     errors->log(0, "script", "set_mouse_xy command: wrong argument count (must be 2)!");
      |                    ^~~~~~~~
src/gsscript.cpp:2235:30: warning: ISO C++ forbids converting a string constant to ‘char*’ [-Wwrite-strings]
 2235 |     errors->log(0, "script", "set_mouse_xy command: wrong argument count (must be 2)!");
      |                              ^~~~~~~~~~~~~~~~~~~~~~~~~~~~~~~~~~~~~~~~~~~~~~~~~~~~~~~~~
src/gsscript.cpp: In function ‘int script_get_mouse_xy(lua_State*)’:
src/gsscript.cpp:2253:20: warning: ISO C++ forbids converting a string constant to ‘char*’ [-Wwrite-strings]
 2253 |     errors->log(0, "script", "get_mouse_xy command: wrong argument count (must be 0)!");
      |                    ^~~~~~~~
src/gsscript.cpp:2253:30: warning: ISO C++ forbids converting a string constant to ‘char*’ [-Wwrite-strings]
 2253 |     errors->log(0, "script", "get_mouse_xy command: wrong argument count (must be 0)!");
      |                              ^~~~~~~~~~~~~~~~~~~~~~~~~~~~~~~~~~~~~~~~~~~~~~~~~~~~~~~~~
src/gsscript.cpp: In function ‘int script_get_mouse_buttons(lua_State*)’:
src/gsscript.cpp:2271:20: warning: ISO C++ forbids converting a string constant to ‘char*’ [-Wwrite-strings]
 2271 |     errors->log(0, "script", "get_mouse_buttons command: wrong argument count (must be 0)!");
      |                    ^~~~~~~~
src/gsscript.cpp:2271:30: warning: ISO C++ forbids converting a string constant to ‘char*’ [-Wwrite-strings]
 2271 |     errors->log(0, "script", "get_mouse_buttons command: wrong argument count (must be 0)!");
      |                              ^~~~~~~~~~~~~~~~~~~~~~~~~~~~~~~~~~~~~~~~~~~~~~~~~~~~~~~~~~~~~~
src/gsscript.cpp: In member function ‘void gsScript::load_ingame_script(char*, char*, char*)’:
src/gsscript.cpp:1317:10: warning: ignoring return value of ‘size_t fread(void*, size_t, size_t, FILE*)’ declared with attribute ‘warn_unused_result’ [-Wunused-result]
 1317 |     fread(script_buffer, 1, gl_size, gl_f);
      |     ~~~~~^~~~~~~~~~~~~~~~~~~~~~~~~~~~~~~~~
src/gsscript.cpp:1327:10: warning: ignoring return value of ‘size_t fread(void*, size_t, size_t, FILE*)’ declared with attribute ‘warn_unused_result’ [-Wunused-result]
 1327 |     fread(script_buffer+gl_size, 1, sc_size, sc_f);
      |     ~~~~~^~~~~~~~~~~~~~~~~~~~~~~~~~~~~~~~~~~~~~~~~
src/gsscript.cpp: In member function ‘void gsScript::load_level_init(char*, level_info*)’:
src/gsscript.cpp:216:10: warning: ‘char* __builtin_strncpy(char*, const char*, long unsigned int)’ specified bound 50 equals destination size [-Wstringop-truncation]
  216 |   strncpy(lvl->name, getglobal_string("name", level_lua), 50);
      |          ^
src/gsscript.cpp:219:10: warning: ‘char* __builtin_strncpy(char*, const char*, long unsigned int)’ specified bound 1000 equals destination size [-Wstringop-truncation]
  219 |   strncpy(lvl->missiondesc, getglobal_string("missiondesc", level_lua), 1000);
      |          ^
src/gsscript.cpp:283:12: warning: ‘char* __builtin_strncpy(char*, const char*, long unsigned int)’ specified bound 30 equals destination size [-Wstringop-truncation]
  283 |     strncpy(lvl->map_style, level_lua->tostring(-1), 30);
      |            ^
src/gsscript.cpp: In member function ‘int gsScript::load_ship(gsPlayer*, char*)’:
src/gsscript.cpp:916:27: warning: ‘%s’ directive writing up to 254 bytes into a region of size between 185 and 254 [-Wformat-overflow=]
  916 |     sprintf(mypath, "%s%s#%s", globals->data_dir, globals->shipdata_name, sfilename);
      |                           ^~                                              ~~~~~~~~~
In file included from /usr/include/stdio.h:970,
                 from /usr/lib/gcc/x86_64-pc-linux-gnu/14/include/g++-v14/cstdio:42,
                 from /usr/lib/gcc/x86_64-pc-linux-gnu/14/include/g++-v14/ext/string_conversions.h:45,
                 from /usr/lib/gcc/x86_64-pc-linux-gnu/14/include/g++-v14/bits/basic_string.h:4154,
                 from /usr/lib/gcc/x86_64-pc-linux-gnu/14/include/g++-v14/string:54,
                 from src/luaclass.h:4:
In function ‘int sprintf(char*, const char*, ...)’,
    inlined from ‘int gsScript::load_ship(gsPlayer*, char*)’ at src/gsscript.cpp:916:12:
/usr/include/bits/stdio2.h:30:34: note: ‘__builtin___sprintf_chk’ output between 2 and 325 bytes into a destination of size 255
   30 |   return __builtin___sprintf_chk (__s, __USE_FORTIFY_LEVEL - 1,
      |          ~~~~~~~~~~~~~~~~~~~~~~~~^~~~~~~~~~~~~~~~~~~~~~~~~~~~~~
   31 |                                   __glibc_objsize (__s), __fmt,
      |                                   ~~~~~~~~~~~~~~~~~~~~~~~~~~~~~
   32 |                                   __va_arg_pack ());
      |                                   ~~~~~~~~~~~~~~~~~
In file included from src/gsglob.h:22,
                 from src/gsscript.h:19:
src/gsplayer.h: In member function ‘int gsScript::load_ship(gsPlayer*, char*)’:
src/gsplayer.h:352:61: warning: ‘char* __builtin_strncpy(char*, const char*, long unsigned int)’ specified bound 30 equals destination size [-Wstringop-truncation]
  352 |     void    set_ship_name(const char *a)           { strncpy(ship_name, a, 30); }
      |                                                             ^
src/gsplayer.h:354:61: warning: ‘char* __builtin_strncpy(char*, const char*, long unsigned int)’ specified bound 150 equals destination size [-Wstringop-truncation]
  354 |     void    set_ship_desc(const char *a)           { strncpy(ship_desc, a, 150); }
      |                                                             ^
Compiling src/gssound.cpp...
g++ -O2 -Wall -Wextra -std=c++11 -fpermissive -DDIRECT_ASSET_LOADING  -I/usr/include/lua5.4 -I./src -c src/gssound.cpp -o obj/gssound.o
In file included from src/gsbullet.h:17,
                 from src/gsplayer.h:17,
                 from src/gssound.cpp:13:
src/luaclass.h: In member function ‘void Lua::open(int)’:
src/luaclass.h:20:23: warning: unused parameter ‘stacksize’ [-Wunused-parameter]
   20 |         void open(int stacksize = 0)
      |                   ~~~~^~~~~~~~~~~~~
src/luaclass.h: In member function ‘void Lua::setgcthreshold(int)’:
src/luaclass.h:136:33: warning: unused parameter ‘newthreshold’ [-Wunused-parameter]
  136 |         void setgcthreshold(int newthreshold)
      |                             ~~~~^~~~~~~~~~~~
src/gssound.cpp: In constructor ‘gsSound::gsSound()’:
src/gssound.cpp:53:20: warning: ISO C++ forbids converting a string constant to ‘char*’ [-Wwrite-strings]
   53 |     errors->log(1, "ERROR initializing sound", "al_install_audio failed");
      |                    ^~~~~~~~~~~~~~~~~~~~~~~~~~
src/gssound.cpp:53:48: warning: ISO C++ forbids converting a string constant to ‘char*’ [-Wwrite-strings]
   53 |     errors->log(1, "ERROR initializing sound", "al_install_audio failed");
      |                                                ^~~~~~~~~~~~~~~~~~~~~~~~~
src/gssound.cpp:68:22: warning: ISO C++ forbids converting a string constant to ‘char*’ [-Wwrite-strings]
   68 |       errors->log(1, "ERROR loading sound data", path);
      |                      ^~~~~~~~~~~~~~~~~~~~~~~~~~
src/gssound.cpp:74:22: warning: ISO C++ forbids converting a string constant to ‘char*’ [-Wwrite-strings]
   74 |       errors->log(2, "init", "sound initialization successful");
      |                      ^~~~~~
src/gssound.cpp:74:30: warning: ISO C++ forbids converting a string constant to ‘char*’ [-Wwrite-strings]
   74 |       errors->log(2, "init", "sound initialization successful");
      |                              ^~~~~~~~~~~~~~~~~~~~~~~~~~~~~~~~~
src/gssound.cpp:83:24: warning: ISO C++ forbids converting a string constant to ‘char*’ [-Wwrite-strings]
   83 |         errors->log(2, "init", "FAILED initializing audio system for music files");
      |                        ^~~~~~
src/gssound.cpp:83:32: warning: ISO C++ forbids converting a string constant to ‘char*’ [-Wwrite-strings]
   83 |         errors->log(2, "init", "FAILED initializing audio system for music files");
      |                                ^~~~~~~~~~~~~~~~~~~~~~~~~~~~~~~~~~~~~~~~~~~~~~~~~~
src/gssound.cpp: In destructor ‘gsSound::~gsSound()’:
src/gssound.cpp:93:3: warning: this ‘if’ clause does not guard... [-Wmisleading-indentation]
   93 |   if (globals->sounddat) unload_datafile(globals->sounddat); globals->sounddat = NULL;
      |   ^~
src/gssound.cpp:93:62: note: ...this statement, but the latter is misleadingly indented as if it were guarded by the ‘if’
   93 |   if (globals->sounddat) unload_datafile(globals->sounddat); globals->sounddat = NULL;
      |                                                              ^~~~~~~
src/gssound.cpp: In member function ‘void gsSound::load_music(char*)’:
src/gssound.cpp:172:20: warning: ISO C++ forbids converting a string constant to ‘char*’ [-Wwrite-strings]
  172 |     errors->log(1, "music file does not exist!", f);
      |                    ^~~~~~~~~~~~~~~~~~~~~~~~~~~~
src/gssound.cpp:184:20: warning: ISO C++ forbids converting a string constant to ‘char*’ [-Wwrite-strings]
  184 |     errors->log(1, "FAILED to load music file!", mypath);
      |                    ^~~~~~~~~~~~~~~~~~~~~~~~~~~~
src/gssound.cpp: In member function ‘void gsSound::load_menu_music()’:
src/gssound.cpp:195:20: warning: ISO C++ forbids converting a string constant to ‘char*’ [-Wwrite-strings]
  195 |     errors->log(2, "menu init", "loading menu music done", get_filename(menu_music_path));
      |                    ^~~~~~~~~~~
src/gssound.cpp:195:33: warning: ISO C++ forbids converting a string constant to ‘char*’ [-Wwrite-strings]
  195 |     errors->log(2, "menu init", "loading menu music done", get_filename(menu_music_path));
      |                                 ^~~~~~~~~~~~~~~~~~~~~~~~~
src/gssound.cpp:201:20: warning: ISO C++ forbids converting a string constant to ‘char*’ [-Wwrite-strings]
  201 |     errors->log(1, "menu init", "loading menu music FAILED!", get_filename(menu_music_path));
      |                    ^~~~~~~~~~~
src/gssound.cpp:201:33: warning: ISO C++ forbids converting a string constant to ‘char*’ [-Wwrite-strings]
  201 |     errors->log(1, "menu init", "loading menu music FAILED!", get_filename(menu_music_path));
      |                                 ^~~~~~~~~~~~~~~~~~~~~~~~~~~~
src/gssound.cpp: In member function ‘void gsSound::extra_taken(int, int, int, int)’:
src/gssound.cpp:324:52: warning: unused parameter ‘f’ [-Wunused-parameter]
  324 | void gsSound::extra_taken(int x, int y, int v, int f)
      |                                                ~~~~^
src/gssound.cpp: In member function ‘void gsSound::hull_hit(int, int, int, int)’:
src/gssound.cpp:359:49: warning: unused parameter ‘f’ [-Wunused-parameter]
  359 | void gsSound::hull_hit(int x, int y, int v, int f)
      |                                             ~~~~^
src/gssound.cpp: In member function ‘void gsSound::shoot_empty(int, int, int, int)’:
src/gssound.cpp:364:52: warning: unused parameter ‘f’ [-Wunused-parameter]
  364 | void gsSound::shoot_empty(int x, int y, int v, int f)
      |                                                ~~~~^
src/gssound.cpp: In member function ‘void gsSound::shoot_freezer(int, int, int, int)’:
src/gssound.cpp:394:54: warning: unused parameter ‘f’ [-Wunused-parameter]
  394 | void gsSound::shoot_freezer(int x, int y, int v, int f)
      |                                                  ~~~~^
src/gssound.cpp: In member function ‘void gsSound::shoot_shrinker(int, int, int, int)’:
src/gssound.cpp:399:55: warning: unused parameter ‘f’ [-Wunused-parameter]
  399 | void gsSound::shoot_shrinker(int x, int y, int v, int f)
      |                                                   ~~~~^
src/gssound.cpp: In member function ‘void gsSound::shoot_probe(int, int, int, int)’:
src/gssound.cpp:404:52: warning: unused parameter ‘f’ [-Wunused-parameter]
  404 | void gsSound::shoot_probe(int x, int y, int v, int f)
      |                                                ~~~~^
src/gssound.cpp: In member function ‘void gsSound::shoot_gas(int, int, int, int)’:
src/gssound.cpp:414:50: warning: unused parameter ‘f’ [-Wunused-parameter]
  414 | void gsSound::shoot_gas(int x, int y, int v, int f)
      |                                              ~~~~^
src/gssound.cpp: In member function ‘void gsSound::shoot_laser(int, int, int, int)’:
src/gssound.cpp:419:52: warning: unused parameter ‘f’ [-Wunused-parameter]
  419 | void gsSound::shoot_laser(int x, int y, int v, int f)
      |                                                ~~~~^
src/gssound.cpp: In member function ‘void gsSound::shoot_bumper(int, int, int, int)’:
src/gssound.cpp:424:53: warning: unused parameter ‘f’ [-Wunused-parameter]
  424 | void gsSound::shoot_bumper(int x, int y, int v, int f)
      |                                                 ~~~~^
src/gssound.cpp: In member function ‘void gsSound::shoot_shotgun(int, int, int, int)’:
src/gssound.cpp:429:54: warning: unused parameter ‘f’ [-Wunused-parameter]
  429 | void gsSound::shoot_shotgun(int x, int y, int v, int f)
      |                                                  ~~~~^
src/gssound.cpp: In member function ‘void gsSound::hit_bumper(int, int, int, int)’:
src/gssound.cpp:440:51: warning: unused parameter ‘f’ [-Wunused-parameter]
  440 | void gsSound::hit_bumper(int x, int y, int v, int f)
      |                                               ~~~~^
src/gssound.cpp: In member function ‘void gsSound::hit_freezer(int, int, int, int)’:
src/gssound.cpp:445:52: warning: unused parameter ‘f’ [-Wunused-parameter]
  445 | void gsSound::hit_freezer(int x, int y, int v, int f)
      |                                                ~~~~^
src/gssound.cpp: In member function ‘void gsSound::hit_shrinker(int, int, int, int)’:
src/gssound.cpp:450:53: warning: unused parameter ‘f’ [-Wunused-parameter]
  450 | void gsSound::hit_shrinker(int x, int y, int v, int f)
      |                                                 ~~~~^
src/gssound.cpp: In member function ‘void gsSound::ship_damage(int, int, int, int)’:
src/gssound.cpp:455:52: warning: unused parameter ‘f’ [-Wunused-parameter]
  455 | void gsSound::ship_damage(int x, int y, int v, int f)
      |                                                ~~~~^
src/gssound.cpp: In member function ‘void gsSound::bump_wall(int, int, int, int)’:
src/gssound.cpp:515:50: warning: unused parameter ‘f’ [-Wunused-parameter]
  515 | void gsSound::bump_wall(int x, int y, int v, int f)
      |                                              ~~~~^
src/gssound.cpp: In member function ‘int gsSound::load_sound(char*)’:
src/gssound.cpp:600:20: warning: ISO C++ forbids converting a string constant to ‘char*’ [-Wwrite-strings]
  600 |     errors->log(2, "loading user sound", mypath);
      |                    ^~~~~~~~~~~~~~~~~~~~
src/gssound.cpp:605:20: warning: ISO C++ forbids converting a string constant to ‘char*’ [-Wwrite-strings]
  605 |     errors->log(1, "loading user sound failed", mypath);
      |                    ^~~~~~~~~~~~~~~~~~~~~~~~~~~
Compiling src/gswaypnt.cpp...
g++ -O2 -Wall -Wextra -std=c++11 -fpermissive -DDIRECT_ASSET_LOADING  -I/usr/include/lua5.4 -I./src -c src/gswaypnt.cpp -o obj/gswaypnt.o
Compiling src/headless_screen.cpp...
g++ -O2 -Wall -Wextra -std=c++11 -fpermissive -DDIRECT_ASSET_LOADING  -I/usr/include/lua5.4 -I./src -c src/headless_screen.cpp -o obj/headless_screen.o
Compiling src/main.cpp...
g++ -O2 -Wall -Wextra -std=c++11 -fpermissive -DDIRECT_ASSET_LOADING  -I/usr/include/lua5.4 -I./src -c src/main.cpp -o obj/main.o
In file included from src/gsbullet.h:17,
                 from src/gsplayer.h:17,
                 from src/gsglob.h:22,
                 from src/main.cpp:8:
src/luaclass.h: In member function ‘void Lua::open(int)’:
src/luaclass.h:20:23: warning: unused parameter ‘stacksize’ [-Wunused-parameter]
   20 |         void open(int stacksize = 0)
      |                   ~~~~^~~~~~~~~~~~~
src/luaclass.h: In member function ‘void Lua::setgcthreshold(int)’:
src/luaclass.h:136:33: warning: unused parameter ‘newthreshold’ [-Wunused-parameter]
  136 |         void setgcthreshold(int newthreshold)
      |                             ~~~~^~~~~~~~~~~~
Compiling src/tolua.cpp...
g++ -O2 -Wall -Wextra -std=c++11 -fpermissive -DDIRECT_ASSET_LOADING  -I/usr/include/lua5.4 -I./src -c src/tolua.cpp -o obj/tolua.o
Compiling src/menu/gsmenu.cpp...
g++ -O2 -Wall -Wextra -std=c++11 -fpermissive -DDIRECT_ASSET_LOADING  -I/usr/include/lua5.4 -I./src -c src/menu/gsmenu.cpp -o obj/menu/gsmenu.o
In file included from src/menu/../gsnetw.h:18,
                 from src/menu/gsmenu.cpp:26:
src/menu/../gsnetsrv.h:67:7: warning: extra tokens at end of #endif directive [-Wendif-labels]
   67 | #endif;
      |       ^
In file included from src/menu/../gsbullet.h:17,
                 from src/menu/mbullet.h:17,
                 from src/menu/gsmenu.cpp:18:
src/menu/../luaclass.h: In member function ‘void Lua::open(int)’:
src/menu/../luaclass.h:20:23: warning: unused parameter ‘stacksize’ [-Wunused-parameter]
   20 |         void open(int stacksize = 0)
      |                   ~~~~^~~~~~~~~~~~~
src/menu/../luaclass.h: In member function ‘void Lua::setgcthreshold(int)’:
src/menu/../luaclass.h:136:33: warning: unused parameter ‘newthreshold’ [-Wunused-parameter]
  136 |         void setgcthreshold(int newthreshold)
      |                             ~~~~^~~~~~~~~~~~
In file included from src/menu/../gsnetcli.h:16,
                 from src/menu/../gsnetw.h:17:
src/menu/../network/BitStream.h: In constructor ‘BitStream::BitStream(char*, unsigned int, bool)’:
src/menu/../network/BitStream.h:22:61: warning: unused parameter ‘_copyData’ [-Wunused-parameter]
   22 |     BitStream(char* _data, unsigned int lengthInBytes, bool _copyData) : data(_data), numberOfBitsAllocated(lengthInBytes * 8), numberOfBitsUsed(lengthInBytes * 8), readOffset(0), maxLength(lengthInBytes) {}
      |                                                        ~~~~~^~~~~~~~~
src/menu/../network/BitStream.h: In member function ‘void BitStream::Write(int)’:
src/menu/../network/BitStream.h:25:20: warning: unused parameter ‘data’ [-Wunused-parameter]
   25 |     void Write(int data) {}
      |                ~~~~^~~~
src/menu/../network/BitStream.h: In member function ‘void BitStream::Write(unsigned char)’:
src/menu/../network/BitStream.h:26:30: warning: unused parameter ‘data’ [-Wunused-parameter]
   26 |     void Write(unsigned char data) {}
      |                ~~~~~~~~~~~~~~^~~~
src/menu/../network/BitStream.h: In member function ‘void BitStream::Write(char)’:
src/menu/../network/BitStream.h:27:21: warning: unused parameter ‘data’ [-Wunused-parameter]
   27 |     void Write(char data) {}
      |                ~~~~~^~~~
src/menu/../network/BitStream.h: In member function ‘void BitStream::Write(char*, unsigned int)’:
src/menu/../network/BitStream.h:28:22: warning: unused parameter ‘data’ [-Wunused-parameter]
   28 |     void Write(char* data, const unsigned int length) {}
      |                ~~~~~~^~~~
src/menu/../network/BitStream.h:28:47: warning: unused parameter ‘length’ [-Wunused-parameter]
   28 |     void Write(char* data, const unsigned int length) {}
      |                            ~~~~~~~~~~~~~~~~~~~^~~~~~
src/menu/../network/BitStream.h: In member function ‘void BitStream::Write(long unsigned int)’:
src/menu/../network/BitStream.h:29:30: warning: unused parameter ‘data’ [-Wunused-parameter]
   29 |     void Write(unsigned long data) {}
      |                ~~~~~~~~~~~~~~^~~~
src/menu/../network/BitStream.h: In member function ‘void BitStream::Write(float)’:
src/menu/../network/BitStream.h:30:22: warning: unused parameter ‘data’ [-Wunused-parameter]
   30 |     void Write(float data) {}
      |                ~~~~~~^~~~
src/menu/../network/BitStream.h: In member function ‘void BitStream::Write(bool)’:
src/menu/../network/BitStream.h:31:21: warning: unused parameter ‘data’ [-Wunused-parameter]
   31 |     void Write(bool data) {}
      |                ~~~~~^~~~
src/menu/../network/BitStream.h: In member function ‘void BitStream::Read(char*&, unsigned int)’:
src/menu/../network/BitStream.h:42:22: warning: unused parameter ‘data’ [-Wunused-parameter]
   42 |     void Read(char* &data, const unsigned int length) {}
      |               ~~~~~~~^~~~
src/menu/../network/BitStream.h:42:47: warning: unused parameter ‘length’ [-Wunused-parameter]
   42 |     void Read(char* &data, const unsigned int length) {}
      |                            ~~~~~~~~~~~~~~~~~~~^~~~~~
src/menu/../network/BitStream.h: In member function ‘void BitStream::Read(const char*&, unsigned int)’:
src/menu/../network/BitStream.h:43:28: warning: unused parameter ‘data’ [-Wunused-parameter]
   43 |     void Read(const char* &data, const unsigned int length) {}
      |               ~~~~~~~~~~~~~^~~~
src/menu/../network/BitStream.h:43:53: warning: unused parameter ‘length’ [-Wunused-parameter]
   43 |     void Read(const char* &data, const unsigned int length) {}
      |                                  ~~~~~~~~~~~~~~~~~~~^~~~~~
src/menu/../network/BitStream.h: In member function ‘void BitStream::Read(void*, unsigned int)’:
src/menu/../network/BitStream.h:44:21: warning: unused parameter ‘data’ [-Wunused-parameter]
   44 |     void Read(void* data, const unsigned int length) {}
      |               ~~~~~~^~~~
src/menu/../network/BitStream.h:44:46: warning: unused parameter ‘length’ [-Wunused-parameter]
   44 |     void Read(void* data, const unsigned int length) {}
      |                           ~~~~~~~~~~~~~~~~~~~^~~~~~
src/menu/../network/BitStream.h: In member function ‘void BitStream::SetWriteOffset(unsigned int)’:
src/menu/../network/BitStream.h:47:38: warning: unused parameter ‘offset’ [-Wunused-parameter]
   47 |     void SetWriteOffset(unsigned int offset) {}
      |                         ~~~~~~~~~~~~~^~~~~~
In file included from src/menu/../network/RakNetworkFactory.h:9,
                 from src/menu/../gsnetcli.h:17:
src/menu/../network/RakClientInterface.h: In member function ‘bool RakClientInterface::Connect(const char*, short unsigned int, const char*, short unsigned int)’:
src/menu/../network/RakClientInterface.h:17:30: warning: unused parameter ‘serverIP’ [-Wunused-parameter]
   17 |     bool Connect(const char* serverIP, unsigned short serverPort, const char* clientIP, unsigned short clientPort) { return false; }
      |                  ~~~~~~~~~~~~^~~~~~~~
src/menu/../network/RakClientInterface.h:17:55: warning: unused parameter ‘serverPort’ [-Wunused-parameter]
   17 |     bool Connect(const char* serverIP, unsigned short serverPort, const char* clientIP, unsigned short clientPort) { return false; }
      |                                        ~~~~~~~~~~~~~~~^~~~~~~~~~
src/menu/../network/RakClientInterface.h:17:79: warning: unused parameter ‘clientIP’ [-Wunused-parameter]
   17 |     bool Connect(const char* serverIP, unsigned short serverPort, const char* clientIP, unsigned short clientPort) { return false; }
      |                                                                   ~~~~~~~~~~~~^~~~~~~~
src/menu/../network/RakClientInterface.h:17:104: warning: unused parameter ‘clientPort’ [-Wunused-parameter]
   17 |     bool Connect(const char* serverIP, unsigned short serverPort, const char* clientIP, unsigned short clientPort) { return false; }
      |                                                                                         ~~~~~~~~~~~~~~~^~~~~~~~~~
src/menu/../network/RakClientInterface.h: In member function ‘bool RakClientInterface::Connect(const char*, short unsigned int, short unsigned int, unsigned int, int)’:
src/menu/../network/RakClientInterface.h:18:30: warning: unused parameter ‘host’ [-Wunused-parameter]
   18 |     bool Connect(const char* host, unsigned short serverPort, unsigned short clientPort, unsigned int connectionValidationInteger, int timeoutMS) { return false; }
      |                  ~~~~~~~~~~~~^~~~
src/menu/../network/RakClientInterface.h:18:51: warning: unused parameter ‘serverPort’ [-Wunused-parameter]
   18 |     bool Connect(const char* host, unsigned short serverPort, unsigned short clientPort, unsigned int connectionValidationInteger, int timeoutMS) { return false; }
      |                                    ~~~~~~~~~~~~~~~^~~~~~~~~~
src/menu/../network/RakClientInterface.h:18:78: warning: unused parameter ‘clientPort’ [-Wunused-parameter]
   18 |     bool Connect(const char* host, unsigned short serverPort, unsigned short clientPort, unsigned int connectionValidationInteger, int timeoutMS) { return false; }
      |                                                               ~~~~~~~~~~~~~~~^~~~~~~~~~
src/menu/../network/RakClientInterface.h:18:103: warning: unused parameter ‘connectionValidationInteger’ [-Wunused-parameter]
   18 |     bool Connect(const char* host, unsigned short serverPort, unsigned short clientPort, unsigned int connectionValidationInteger, int timeoutMS) { return false; }
      |                                                                                          ~~~~~~~~~~~~~^~~~~~~~~~~~~~~~~~~~~~~~~~~
src/menu/../network/RakClientInterface.h:18:136: warning: unused parameter ‘timeoutMS’ [-Wunused-parameter]
   18 |     bool Connect(const char* host, unsigned short serverPort, unsigned short clientPort, unsigned int connectionValidationInteger, int timeoutMS) { return false; }
      |                                                                                                                                    ~~~~^~~~~~~~~
src/menu/../network/RakClientInterface.h: In member function ‘void RakClientInterface::Disconnect(unsigned int, unsigned char)’:
src/menu/../network/RakClientInterface.h:19:34: warning: unused parameter ‘blockDuration’ [-Wunused-parameter]
   19 |     void Disconnect(unsigned int blockDuration = 0, unsigned char orderingChannel = 0) {}
      |                     ~~~~~~~~~~~~~^~~~~~~~~~~~~~~~~
src/menu/../network/RakClientInterface.h:19:67: warning: unused parameter ‘orderingChannel’ [-Wunused-parameter]
   19 |     void Disconnect(unsigned int blockDuration = 0, unsigned char orderingChannel = 0) {}
      |                                                     ~~~~~~~~~~~~~~^~~~~~~~~~~~~~~~~~~
src/menu/../network/RakClientInterface.h: In member function ‘void RakClientInterface::PingServer(const char*, short unsigned int, short unsigned int)’:
src/menu/../network/RakClientInterface.h:21:33: warning: unused parameter ‘host’ [-Wunused-parameter]
   21 |     void PingServer(const char* host, unsigned short remotePort, unsigned short sendPort) {}
      |                     ~~~~~~~~~~~~^~~~
src/menu/../network/RakClientInterface.h:21:54: warning: unused parameter ‘remotePort’ [-Wunused-parameter]
   21 |     void PingServer(const char* host, unsigned short remotePort, unsigned short sendPort) {}
      |                                       ~~~~~~~~~~~~~~~^~~~~~~~~~
src/menu/../network/RakClientInterface.h:21:81: warning: unused parameter ‘sendPort’ [-Wunused-parameter]
   21 |     void PingServer(const char* host, unsigned short remotePort, unsigned short sendPort) {}
      |                                                                  ~~~~~~~~~~~~~~~^~~~~~~~
src/menu/../network/RakClientInterface.h: In member function ‘bool RakClientInterface::Send(const char*, int, unsigned char, char, char, PlayerID, bool)’:
src/menu/../network/RakClientInterface.h:25:27: warning: unused parameter ‘data’ [-Wunused-parameter]
   25 |     bool Send(const char* data, int length, unsigned char priority, char reliability, char orderingChannel, PlayerID playerId, bool broadcast) { return true; }
      |               ~~~~~~~~~~~~^~~~
src/menu/../network/RakClientInterface.h:25:37: warning: unused parameter ‘length’ [-Wunused-parameter]
   25 |     bool Send(const char* data, int length, unsigned char priority, char reliability, char orderingChannel, PlayerID playerId, bool broadcast) { return true; }
      |                                 ~~~~^~~~~~
src/menu/../network/RakClientInterface.h:25:59: warning: unused parameter ‘priority’ [-Wunused-parameter]
   25 |     bool Send(const char* data, int length, unsigned char priority, char reliability, char orderingChannel, PlayerID playerId, bool broadcast) { return true; }
      |                                             ~~~~~~~~~~~~~~^~~~~~~~
src/menu/../network/RakClientInterface.h:25:74: warning: unused parameter ‘reliability’ [-Wunused-parameter]
   25 |     bool Send(const char* data, int length, unsigned char priority, char reliability, char orderingChannel, PlayerID playerId, bool broadcast) { return true; }
      |                                                                     ~~~~~^~~~~~~~~~~
src/menu/../network/RakClientInterface.h:25:92: warning: unused parameter ‘orderingChannel’ [-Wunused-parameter]
   25 |     bool Send(const char* data, int length, unsigned char priority, char reliability, char orderingChannel, PlayerID playerId, bool broadcast) { return true; }
      |                                                                                       ~~~~~^~~~~~~~~~~~~~~
src/menu/../network/RakClientInterface.h:25:118: warning: unused parameter ‘playerId’ [-Wunused-parameter]
   25 |     bool Send(const char* data, int length, unsigned char priority, char reliability, char orderingChannel, PlayerID playerId, bool broadcast) { return true; }
      |                                                                                                             ~~~~~~~~~^~~~~~~~
src/menu/../network/RakClientInterface.h:25:133: warning: unused parameter ‘broadcast’ [-Wunused-parameter]
   25 |     bool Send(const char* data, int length, unsigned char priority, char reliability, char orderingChannel, PlayerID playerId, bool broadcast) { return true; }
      |                                                                                                                                ~~~~~^~~~~~~~~
src/menu/../network/RakClientInterface.h: In member function ‘bool RakClientInterface::Send(BitStream*, unsigned char, char, char)’:
src/menu/../network/RakClientInterface.h:26:32: warning: unused parameter ‘bitStream’ [-Wunused-parameter]
   26 |     bool Send(class BitStream *bitStream, unsigned char priority, char reliability, char orderingChannel) { return true; }
      |               ~~~~~~~~~~~~~~~~~^~~~~~~~~
src/menu/../network/RakClientInterface.h:26:57: warning: unused parameter ‘priority’ [-Wunused-parameter]
   26 |     bool Send(class BitStream *bitStream, unsigned char priority, char reliability, char orderingChannel) { return true; }
      |                                           ~~~~~~~~~~~~~~^~~~~~~~
src/menu/../network/RakClientInterface.h:26:72: warning: unused parameter ‘reliability’ [-Wunused-parameter]
   26 |     bool Send(class BitStream *bitStream, unsigned char priority, char reliability, char orderingChannel) { return true; }
      |                                                                   ~~~~~^~~~~~~~~~~
src/menu/../network/RakClientInterface.h:26:90: warning: unused parameter ‘orderingChannel’ [-Wunused-parameter]
   26 |     bool Send(class BitStream *bitStream, unsigned char priority, char reliability, char orderingChannel) { return true; }
      |                                                                                     ~~~~~^~~~~~~~~~~~~~~
src/menu/../network/RakClientInterface.h: In member function ‘void RakClientInterface::PushBackPacket(Packet*, bool)’:
src/menu/../network/RakClientInterface.h:27:33: warning: unused parameter ‘packet’ [-Wunused-parameter]
   27 |     void PushBackPacket(Packet* packet, bool pushAtHead) {}
      |                         ~~~~~~~~^~~~~~
src/menu/../network/RakClientInterface.h:27:46: warning: unused parameter ‘pushAtHead’ [-Wunused-parameter]
   27 |     void PushBackPacket(Packet* packet, bool pushAtHead) {}
      |                                         ~~~~~^~~~~~~~~~
src/menu/../network/RakClientInterface.h: In member function ‘void RakClientInterface::DeallocatePacket(Packet*)’:
src/menu/../network/RakClientInterface.h:35:35: warning: unused parameter ‘packet’ [-Wunused-parameter]
   35 |     void DeallocatePacket(Packet *packet) {}
      |                           ~~~~~~~~^~~~~~
src/menu/../network/RakClientInterface.h: In member function ‘const char* RakClientInterface::PlayerIDToDottedIP(PlayerID)’:
src/menu/../network/RakClientInterface.h:36:45: warning: unused parameter ‘playerId’ [-Wunused-parameter]
   36 |     const char* PlayerIDToDottedIP(PlayerID playerId) { return "0.0.0.0"; }
      |                                    ~~~~~~~~~^~~~~~~~
In file included from src/menu/../network/RakNetworkFactory.h:10:
src/menu/../network/RakServerInterface.h: In member function ‘bool RakServerInterface::Start(int, int, int, int)’:
src/menu/../network/RakServerInterface.h:19:20: warning: unused parameter ‘AllowedPlayers’ [-Wunused-parameter]
   19 |     bool Start(int AllowedPlayers, int connectionValidationInteger, int threadSleepTimer, int port) { return false; }
      |                ~~~~^~~~~~~~~~~~~~
src/menu/../network/RakServerInterface.h:19:40: warning: unused parameter ‘connectionValidationInteger’ [-Wunused-parameter]
   19 |     bool Start(int AllowedPlayers, int connectionValidationInteger, int threadSleepTimer, int port) { return false; }
      |                                    ~~~~^~~~~~~~~~~~~~~~~~~~~~~~~~~
src/menu/../network/RakServerInterface.h:19:73: warning: unused parameter ‘threadSleepTimer’ [-Wunused-parameter]
   19 |     bool Start(int AllowedPlayers, int connectionValidationInteger, int threadSleepTimer, int port) { return false; }
      |                                                                     ~~~~^~~~~~~~~~~~~~~~
src/menu/../network/RakServerInterface.h:19:95: warning: unused parameter ‘port’ [-Wunused-parameter]
   19 |     bool Start(int AllowedPlayers, int connectionValidationInteger, int threadSleepTimer, int port) { return false; }
      |                                                                                           ~~~~^~~~
src/menu/../network/RakServerInterface.h: In member function ‘void RakServerInterface::Disconnect(unsigned int, unsigned char)’:
src/menu/../network/RakServerInterface.h:20:34: warning: unused parameter ‘blockDuration’ [-Wunused-parameter]
   20 |     void Disconnect(unsigned int blockDuration = 0, unsigned char orderingChannel = 0) {}
      |                     ~~~~~~~~~~~~~^~~~~~~~~~~~~~~~~
src/menu/../network/RakServerInterface.h:20:67: warning: unused parameter ‘orderingChannel’ [-Wunused-parameter]
   20 |     void Disconnect(unsigned int blockDuration = 0, unsigned char orderingChannel = 0) {}
      |                                                     ~~~~~~~~~~~~~~^~~~~~~~~~~~~~~~~~~
src/menu/../network/RakServerInterface.h: In member function ‘bool RakServerInterface::Send(const char*, int, unsigned char, char, char, PlayerID, bool)’:
src/menu/../network/RakServerInterface.h:21:27: warning: unused parameter ‘data’ [-Wunused-parameter]
   21 |     bool Send(const char* data, int length, unsigned char priority, char reliability, char orderingChannel, PlayerID playerId, bool broadcast) { return true; }
      |               ~~~~~~~~~~~~^~~~
src/menu/../network/RakServerInterface.h:21:37: warning: unused parameter ‘length’ [-Wunused-parameter]
   21 |     bool Send(const char* data, int length, unsigned char priority, char reliability, char orderingChannel, PlayerID playerId, bool broadcast) { return true; }
      |                                 ~~~~^~~~~~
src/menu/../network/RakServerInterface.h:21:59: warning: unused parameter ‘priority’ [-Wunused-parameter]
   21 |     bool Send(const char* data, int length, unsigned char priority, char reliability, char orderingChannel, PlayerID playerId, bool broadcast) { return true; }
      |                                             ~~~~~~~~~~~~~~^~~~~~~~
src/menu/../network/RakServerInterface.h:21:74: warning: unused parameter ‘reliability’ [-Wunused-parameter]
   21 |     bool Send(const char* data, int length, unsigned char priority, char reliability, char orderingChannel, PlayerID playerId, bool broadcast) { return true; }
      |                                                                     ~~~~~^~~~~~~~~~~
src/menu/../network/RakServerInterface.h:21:92: warning: unused parameter ‘orderingChannel’ [-Wunused-parameter]
   21 |     bool Send(const char* data, int length, unsigned char priority, char reliability, char orderingChannel, PlayerID playerId, bool broadcast) { return true; }
      |                                                                                       ~~~~~^~~~~~~~~~~~~~~
src/menu/../network/RakServerInterface.h:21:118: warning: unused parameter ‘playerId’ [-Wunused-parameter]
   21 |     bool Send(const char* data, int length, unsigned char priority, char reliability, char orderingChannel, PlayerID playerId, bool broadcast) { return true; }
      |                                                                                                             ~~~~~~~~~^~~~~~~~
src/menu/../network/RakServerInterface.h:21:133: warning: unused parameter ‘broadcast’ [-Wunused-parameter]
   21 |     bool Send(const char* data, int length, unsigned char priority, char reliability, char orderingChannel, PlayerID playerId, bool broadcast) { return true; }
      |                                                                                                                                ~~~~~^~~~~~~~~
src/menu/../network/RakServerInterface.h: In member function ‘bool RakServerInterface::Send(BitStream*, unsigned char, char, char, PlayerID, bool)’:
src/menu/../network/RakServerInterface.h:22:32: warning: unused parameter ‘bitStream’ [-Wunused-parameter]
   22 |     bool Send(class BitStream *bitStream, unsigned char priority, char reliability, char orderingChannel, PlayerID playerId, bool broadcast) { return true; }
      |               ~~~~~~~~~~~~~~~~~^~~~~~~~~
src/menu/../network/RakServerInterface.h:22:57: warning: unused parameter ‘priority’ [-Wunused-parameter]
   22 |     bool Send(class BitStream *bitStream, unsigned char priority, char reliability, char orderingChannel, PlayerID playerId, bool broadcast) { return true; }
      |                                           ~~~~~~~~~~~~~~^~~~~~~~
src/menu/../network/RakServerInterface.h:22:72: warning: unused parameter ‘reliability’ [-Wunused-parameter]
   22 |     bool Send(class BitStream *bitStream, unsigned char priority, char reliability, char orderingChannel, PlayerID playerId, bool broadcast) { return true; }
      |                                                                   ~~~~~^~~~~~~~~~~
src/menu/../network/RakServerInterface.h:22:90: warning: unused parameter ‘orderingChannel’ [-Wunused-parameter]
   22 |     bool Send(class BitStream *bitStream, unsigned char priority, char reliability, char orderingChannel, PlayerID playerId, bool broadcast) { return true; }
      |                                                                                     ~~~~~^~~~~~~~~~~~~~~
src/menu/../network/RakServerInterface.h:22:116: warning: unused parameter ‘playerId’ [-Wunused-parameter]
   22 |     bool Send(class BitStream *bitStream, unsigned char priority, char reliability, char orderingChannel, PlayerID playerId, bool broadcast) { return true; }
      |                                                                                                           ~~~~~~~~~^~~~~~~~
src/menu/../network/RakServerInterface.h:22:131: warning: unused parameter ‘broadcast’ [-Wunused-parameter]
   22 |     bool Send(class BitStream *bitStream, unsigned char priority, char reliability, char orderingChannel, PlayerID playerId, bool broadcast) { return true; }
      |                                                                                                                              ~~~~~^~~~~~~~~
src/menu/../network/RakServerInterface.h: In member function ‘void RakServerInterface::PushBackPacket(Packet*, bool)’:
src/menu/../network/RakServerInterface.h:23:33: warning: unused parameter ‘packet’ [-Wunused-parameter]
   23 |     void PushBackPacket(Packet* packet, bool pushAtHead) {}
      |                         ~~~~~~~~^~~~~~
src/menu/../network/RakServerInterface.h:23:46: warning: unused parameter ‘pushAtHead’ [-Wunused-parameter]
   23 |     void PushBackPacket(Packet* packet, bool pushAtHead) {}
      |                                         ~~~~~^~~~~~~~~~
src/menu/../network/RakServerInterface.h: In member function ‘void RakServerInterface::DeallocatePacket(Packet*)’:
src/menu/../network/RakServerInterface.h:24:35: warning: unused parameter ‘packet’ [-Wunused-parameter]
   24 |     void DeallocatePacket(Packet* packet) {}
      |                           ~~~~~~~~^~~~~~
src/menu/../network/RakServerInterface.h: In member function ‘int RakServerInterface::GetAveragePing(PlayerID)’:
src/menu/../network/RakServerInterface.h:25:33: warning: unused parameter ‘playerId’ [-Wunused-parameter]
   25 |     int GetAveragePing(PlayerID playerId) { return 0; }
      |                        ~~~~~~~~~^~~~~~~~
src/menu/../network/RakServerInterface.h: In member function ‘int RakServerInterface::GetLastPing(PlayerID)’:
src/menu/../network/RakServerInterface.h:26:30: warning: unused parameter ‘playerId’ [-Wunused-parameter]
   26 |     int GetLastPing(PlayerID playerId) { return 0; }
      |                     ~~~~~~~~~^~~~~~~~
src/menu/../network/RakServerInterface.h: In member function ‘int RakServerInterface::GetLowestPing(PlayerID)’:
src/menu/../network/RakServerInterface.h:27:32: warning: unused parameter ‘playerId’ [-Wunused-parameter]
   27 |     int GetLowestPing(PlayerID playerId) { return 0; }
      |                       ~~~~~~~~~^~~~~~~~
src/menu/../network/RakServerInterface.h: In member function ‘void RakServerInterface::Kick(PlayerID)’:
src/menu/../network/RakServerInterface.h:28:24: warning: unused parameter ‘playerId’ [-Wunused-parameter]
   28 |     void Kick(PlayerID playerId) {}
      |               ~~~~~~~~~^~~~~~~~
src/menu/../network/RakServerInterface.h: In member function ‘void RakServerInterface::SetAllowedPlayers(int)’:
src/menu/../network/RakServerInterface.h:31:32: warning: unused parameter ‘maxPlayers’ [-Wunused-parameter]
   31 |     void SetAllowedPlayers(int maxPlayers) {}
      |                            ~~~~^~~~~~~~~~
src/menu/../network/RakServerInterface.h: In member function ‘void* RakServerInterface::GetStatistics(PlayerID)’:
src/menu/../network/RakServerInterface.h:35:34: warning: unused parameter ‘playerId’ [-Wunused-parameter]
   35 |     void* GetStatistics(PlayerID playerId) { return 0; }
      |                         ~~~~~~~~~^~~~~~~~
src/menu/../network/RakNetworkFactory.h: In static member function ‘static void RakNetworkFactory::DestroyRakNetwork(void*)’:
src/menu/../network/RakNetworkFactory.h:15:41: warning: unused parameter ‘network’ [-Wunused-parameter]
   15 |     static void DestroyRakNetwork(void* network) {}
      |                                   ~~~~~~^~~~~~~
src/menu/gsmenu.cpp: In member function ‘int gsMenu::init(int)’:
src/menu/gsmenu.cpp:87:18: warning: ISO C++ forbids converting a string constant to ‘char*’ [-Wwrite-strings]
   87 |   errors->log(2, "menu init", "keyboard config");
      |                  ^~~~~~~~~~~
src/menu/gsmenu.cpp:87:31: warning: ISO C++ forbids converting a string constant to ‘char*’ [-Wwrite-strings]
   87 |   errors->log(2, "menu init", "keyboard config");
      |                               ^~~~~~~~~~~~~~~~~
src/menu/gsmenu.cpp:92:18: warning: ISO C++ forbids converting a string constant to ‘char*’ [-Wwrite-strings]
   92 |   errors->log(2, "menu init", "player colors / sprites");
      |                  ^~~~~~~~~~~
src/menu/gsmenu.cpp:92:31: warning: ISO C++ forbids converting a string constant to ‘char*’ [-Wwrite-strings]
   92 |   errors->log(2, "menu init", "player colors / sprites");
      |                               ^~~~~~~~~~~~~~~~~~~~~~~~~
src/menu/gsmenu.cpp:119:18: warning: ISO C++ forbids converting a string constant to ‘char*’ [-Wwrite-strings]
  119 |   errors->log(2, "menu init", "vscreen");
      |                  ^~~~~~~~~~~
src/menu/gsmenu.cpp:119:31: warning: ISO C++ forbids converting a string constant to ‘char*’ [-Wwrite-strings]
  119 |   errors->log(2, "menu init", "vscreen");
      |                               ^~~~~~~~~
src/menu/gsmenu.cpp:132:18: warning: ISO C++ forbids converting a string constant to ‘char*’ [-Wwrite-strings]
  132 |   errors->log(2, "menu init", "antialiased text");
      |                  ^~~~~~~~~~~
src/menu/gsmenu.cpp:132:31: warning: ISO C++ forbids converting a string constant to ‘char*’ [-Wwrite-strings]
  132 |   errors->log(2, "menu init", "antialiased text");
      |                               ^~~~~~~~~~~~~~~~~~
src/menu/gsmenu.cpp:135:18: warning: ISO C++ forbids converting a string constant to ‘char*’ [-Wwrite-strings]
  135 |   errors->log(2, "menu init", "pixel effects");
      |                  ^~~~~~~~~~~
src/menu/gsmenu.cpp:135:31: warning: ISO C++ forbids converting a string constant to ‘char*’ [-Wwrite-strings]
  135 |   errors->log(2, "menu init", "pixel effects");
      |                               ^~~~~~~~~~~~~~~
src/menu/gsmenu.cpp:138:18: warning: ISO C++ forbids converting a string constant to ‘char*’ [-Wwrite-strings]
  138 |   errors->log(2, "menu init", "bullet effects");
      |                  ^~~~~~~~~~~
src/menu/gsmenu.cpp:138:31: warning: ISO C++ forbids converting a string constant to ‘char*’ [-Wwrite-strings]
  138 |   errors->log(2, "menu init", "bullet effects");
      |                               ^~~~~~~~~~~~~~~~
src/menu/gsmenu.cpp:141:18: warning: ISO C++ forbids converting a string constant to ‘char*’ [-Wwrite-strings]
  141 |   errors->log(2, "menu init", "100 background stars");
      |                  ^~~~~~~~~~~
src/menu/gsmenu.cpp:141:31: warning: ISO C++ forbids converting a string constant to ‘char*’ [-Wwrite-strings]
  141 |   errors->log(2, "menu init", "100 background stars");
      |                               ^~~~~~~~~~~~~~~~~~~~~~
src/menu/gsmenu.cpp:145:18: warning: ISO C++ forbids converting a string constant to ‘char*’ [-Wwrite-strings]
  145 |   errors->log(2, "menu init", "2 menu players");
      |                  ^~~~~~~~~~~
src/menu/gsmenu.cpp:145:31: warning: ISO C++ forbids converting a string constant to ‘char*’ [-Wwrite-strings]
  145 |   errors->log(2, "menu init", "2 menu players");
      |                               ^~~~~~~~~~~~~~~~
src/menu/gsmenu.cpp:151:20: warning: ISO C++ forbids converting a string constant to ‘char*’ [-Wwrite-strings]
  151 |     errors->log(2, "menu init", "starting music...");
      |                    ^~~~~~~~~~~
src/menu/gsmenu.cpp:151:33: warning: ISO C++ forbids converting a string constant to ‘char*’ [-Wwrite-strings]
  151 |     errors->log(2, "menu init", "starting music...");
      |                                 ^~~~~~~~~~~~~~~~~~~
src/menu/gsmenu.cpp:157:18: warning: ISO C++ forbids converting a string constant to ‘char*’ [-Wwrite-strings]
  157 |   errors->log(2, "menu init", "menus");
      |                  ^~~~~~~~~~~
src/menu/gsmenu.cpp:157:31: warning: ISO C++ forbids converting a string constant to ‘char*’ [-Wwrite-strings]
  157 |   errors->log(2, "menu init", "menus");
      |                               ^~~~~~~
src/menu/gsmenu.cpp:223:18: warning: ISO C++ forbids converting a string constant to ‘char*’ [-Wwrite-strings]
  223 |   errors->log(2, "menu init", "fading");
      |                  ^~~~~~~~~~~
src/menu/gsmenu.cpp:223:31: warning: ISO C++ forbids converting a string constant to ‘char*’ [-Wwrite-strings]
  223 |   errors->log(2, "menu init", "fading");
      |                               ^~~~~~~~
src/menu/gsmenu.cpp: In member function ‘void gsMenu::exit_menu()’:
src/menu/gsmenu.cpp:234:16: warning: ISO C++ forbids converting a string constant to ‘char*’ [-Wwrite-strings]
  234 | errors->log(2, "menu", "saving key config");
      |                ^~~~~~
src/menu/gsmenu.cpp:234:24: warning: ISO C++ forbids converting a string constant to ‘char*’ [-Wwrite-strings]
  234 | errors->log(2, "menu", "saving key config");
      |                        ^~~~~~~~~~~~~~~~~~~
src/menu/gsmenu.cpp:236:16: warning: ISO C++ forbids converting a string constant to ‘char*’ [-Wwrite-strings]
  236 | errors->log(2, "menu", "saving config file");
      |                ^~~~~~
src/menu/gsmenu.cpp:236:24: warning: ISO C++ forbids converting a string constant to ‘char*’ [-Wwrite-strings]
  236 | errors->log(2, "menu", "saving config file");
      |                        ^~~~~~~~~~~~~~~~~~~~
src/menu/gsmenu.cpp:240:16: warning: ISO C++ forbids converting a string constant to ‘char*’ [-Wwrite-strings]
  240 | errors->log(2, "menu", "destroying music");
      |                ^~~~~~
src/menu/gsmenu.cpp:240:24: warning: ISO C++ forbids converting a string constant to ‘char*’ [-Wwrite-strings]
  240 | errors->log(2, "menu", "destroying music");
      |                        ^~~~~~~~~~~~~~~~~~
src/menu/gsmenu.cpp:244:16: warning: ISO C++ forbids converting a string constant to ‘char*’ [-Wwrite-strings]
  244 | errors->log(2, "menu", "destroying bitmaps");
      |                ^~~~~~
src/menu/gsmenu.cpp:244:24: warning: ISO C++ forbids converting a string constant to ‘char*’ [-Wwrite-strings]
  244 | errors->log(2, "menu", "destroying bitmaps");
      |                        ^~~~~~~~~~~~~~~~~~~~
src/menu/gsmenu.cpp:245:3: warning: this ‘if’ clause does not guard... [-Wmisleading-indentation]
  245 |   if (globals->vscreen) destroy_bitmap(globals->vscreen); globals->vscreen = NULL;
      |   ^~
src/menu/gsmenu.cpp:245:59: note: ...this statement, but the latter is misleadingly indented as if it were guarded by the ‘if’
  245 |   if (globals->vscreen) destroy_bitmap(globals->vscreen); globals->vscreen = NULL;
      |                                                           ^~~~~~~
src/menu/gsmenu.cpp:247:16: warning: ISO C++ forbids converting a string constant to ‘char*’ [-Wwrite-strings]
  247 | errors->log(2, "menu", "destroying menus");
      |                ^~~~~~
src/menu/gsmenu.cpp:247:24: warning: ISO C++ forbids converting a string constant to ‘char*’ [-Wwrite-strings]
  247 | errors->log(2, "menu", "destroying menus");
      |                        ^~~~~~~~~~~~~~~~~~
src/menu/gsmenu.cpp:248:3: warning: this ‘if’ clause does not guard... [-Wmisleading-indentation]
  248 |   if (mpixels)          delete(mpixels);      mpixels = NULL;
      |   ^~
src/menu/gsmenu.cpp:248:47: note: ...this statement, but the latter is misleadingly indented as if it were guarded by the ‘if’
  248 |   if (mpixels)          delete(mpixels);      mpixels = NULL;
      |                                               ^~~~~~~
src/menu/gsmenu.cpp:249:3: warning: this ‘if’ clause does not guard... [-Wmisleading-indentation]
  249 |   if (stars)            delete(stars);        stars = NULL;
      |   ^~
src/menu/gsmenu.cpp:249:47: note: ...this statement, but the latter is misleadingly indented as if it were guarded by the ‘if’
  249 |   if (stars)            delete(stars);        stars = NULL;
      |                                               ^~~~~
src/menu/gsmenu.cpp:250:3: warning: this ‘if’ clause does not guard... [-Wmisleading-indentation]
  250 |   if (controls)         delete(controls);     controls = NULL;
      |   ^~
src/menu/gsmenu.cpp:250:47: note: ...this statement, but the latter is misleadingly indented as if it were guarded by the ‘if’
  250 |   if (controls)         delete(controls);     controls = NULL;
      |                                               ^~~~~~~~
src/menu/gsmenu.cpp:251:3: warning: this ‘if’ clause does not guard... [-Wmisleading-indentation]
  251 |   if (mplayer[0])       delete(mplayer[0]);   mplayer[0] = NULL;
      |   ^~
src/menu/gsmenu.cpp:251:47: note: ...this statement, but the latter is misleadingly indented as if it were guarded by the ‘if’
  251 |   if (mplayer[0])       delete(mplayer[0]);   mplayer[0] = NULL;
      |                                               ^~~~~~~
src/menu/gsmenu.cpp:252:3: warning: this ‘if’ clause does not guard... [-Wmisleading-indentation]
  252 |   if (mplayer[1])       delete(mplayer[1]);   mplayer[1] = NULL;
      |   ^~
src/menu/gsmenu.cpp:252:47: note: ...this statement, but the latter is misleadingly indented as if it were guarded by the ‘if’
  252 |   if (mplayer[1])       delete(mplayer[1]);   mplayer[1] = NULL;
      |                                               ^~~~~~~
src/menu/gsmenu.cpp:253:3: warning: this ‘if’ clause does not guard... [-Wmisleading-indentation]
  253 |   if (fade)             delete(fade);         fade = NULL;
      |   ^~
src/menu/gsmenu.cpp:253:47: note: ...this statement, but the latter is misleadingly indented as if it were guarded by the ‘if’
  253 |   if (fade)             delete(fade);         fade = NULL;
      |                                               ^~~~
src/menu/gsmenu.cpp:254:3: warning: this ‘if’ clause does not guard... [-Wmisleading-indentation]
  254 |   if (mbullets)         delete(mbullets);     mbullets = NULL;
      |   ^~
src/menu/gsmenu.cpp:254:47: note: ...this statement, but the latter is misleadingly indented as if it were guarded by the ‘if’
  254 |   if (mbullets)         delete(mbullets);     mbullets = NULL;
      |                                               ^~~~~~~~
src/menu/gsmenu.cpp:255:3: warning: this ‘if’ clause does not guard... [-Wmisleading-indentation]
  255 |   if (menu_main)        delete(menu_main);    menu_main = NULL;
      |   ^~
src/menu/gsmenu.cpp:255:47: note: ...this statement, but the latter is misleadingly indented as if it were guarded by the ‘if’
  255 |   if (menu_main)        delete(menu_main);    menu_main = NULL;
      |                                               ^~~~~~~~~
src/menu/gsmenu.cpp:256:3: warning: this ‘if’ clause does not guard... [-Wmisleading-indentation]
  256 |   if (menu_options)     delete(menu_options); menu_options = NULL;
      |   ^~
src/menu/gsmenu.cpp:256:47: note: ...this statement, but the latter is misleadingly indented as if it were guarded by the ‘if’
  256 |   if (menu_options)     delete(menu_options); menu_options = NULL;
      |                                               ^~~~~~~~~~~~
src/menu/gsmenu.cpp:257:3: warning: this ‘if’ clause does not guard... [-Wmisleading-indentation]
  257 |   if (menu_controls)    delete(menu_controls); menu_controls = NULL;
      |   ^~
src/menu/gsmenu.cpp:257:48: note: ...this statement, but the latter is misleadingly indented as if it were guarded by the ‘if’
  257 |   if (menu_controls)    delete(menu_controls); menu_controls = NULL;
      |                                                ^~~~~~~~~~~~~
src/menu/gsmenu.cpp:258:3: warning: this ‘if’ clause does not guard... [-Wmisleading-indentation]
  258 |   if (menu_2pcontrols)  delete(menu_2pcontrols); menu_2pcontrols = NULL;
      |   ^~
src/menu/gsmenu.cpp:258:50: note: ...this statement, but the latter is misleadingly indented as if it were guarded by the ‘if’
  258 |   if (menu_2pcontrols)  delete(menu_2pcontrols); menu_2pcontrols = NULL;
      |                                                  ^~~~~~~~~~~~~~~
src/menu/gsmenu.cpp:259:3: warning: this ‘if’ clause does not guard... [-Wmisleading-indentation]
  259 |   if (menu_spcontrols)  delete(menu_spcontrols); menu_spcontrols = NULL;
      |   ^~
src/menu/gsmenu.cpp:259:50: note: ...this statement, but the latter is misleadingly indented as if it were guarded by the ‘if’
  259 |   if (menu_spcontrols)  delete(menu_spcontrols); menu_spcontrols = NULL;
      |                                                  ^~~~~~~~~~~~~~~
src/menu/gsmenu.cpp:260:3: warning: this ‘if’ clause does not guard... [-Wmisleading-indentation]
  260 |   if (menu_chooseship)  delete(menu_chooseship); menu_chooseship = NULL;
      |   ^~
src/menu/gsmenu.cpp:260:50: note: ...this statement, but the latter is misleadingly indented as if it were guarded by the ‘if’
  260 |   if (menu_chooseship)  delete(menu_chooseship); menu_chooseship = NULL;
      |                                                  ^~~~~~~~~~~~~~~
src/menu/gsmenu.cpp:261:3: warning: this ‘if’ clause does not guard... [-Wmisleading-indentation]
  261 |   if (menu_shipbuilder) delete(menu_shipbuilder); menu_shipbuilder = NULL;
      |   ^~
src/menu/gsmenu.cpp:261:51: note: ...this statement, but the latter is misleadingly indented as if it were guarded by the ‘if’
  261 |   if (menu_shipbuilder) delete(menu_shipbuilder); menu_shipbuilder = NULL;
      |                                                   ^~~~~~~~~~~~~~~~
src/menu/gsmenu.cpp:262:3: warning: this ‘if’ clause does not guard... [-Wmisleading-indentation]
  262 |   if (menu_oneplayer)   delete(menu_oneplayer); menu_oneplayer = NULL;
      |   ^~
src/menu/gsmenu.cpp:262:49: note: ...this statement, but the latter is misleadingly indented as if it were guarded by the ‘if’
  262 |   if (menu_oneplayer)   delete(menu_oneplayer); menu_oneplayer = NULL;
      |                                                 ^~~~~~~~~~~~~~
src/menu/gsmenu.cpp:263:3: warning: this ‘if’ clause does not guard... [-Wmisleading-indentation]
  263 |   if (menu_twoplayer)   delete(menu_twoplayer); menu_twoplayer = NULL;
      |   ^~
src/menu/gsmenu.cpp:263:49: note: ...this statement, but the latter is misleadingly indented as if it were guarded by the ‘if’
  263 |   if (menu_twoplayer)   delete(menu_twoplayer); menu_twoplayer = NULL;
      |                                                 ^~~~~~~~~~~~~~
src/menu/gsmenu.cpp:264:3: warning: this ‘if’ clause does not guard... [-Wmisleading-indentation]
  264 |   if (menu_minigame)    delete(menu_minigame); menu_minigame = NULL;
      |   ^~
src/menu/gsmenu.cpp:264:48: note: ...this statement, but the latter is misleadingly indented as if it were guarded by the ‘if’
  264 |   if (menu_minigame)    delete(menu_minigame); menu_minigame = NULL;
      |                                                ^~~~~~~~~~~~~
src/menu/gsmenu.cpp:265:3: warning: this ‘if’ clause does not guard... [-Wmisleading-indentation]
  265 |   if (menu_netgameini)  delete(menu_netgameini); menu_netgameini = NULL;
      |   ^~
src/menu/gsmenu.cpp:265:50: note: ...this statement, but the latter is misleadingly indented as if it were guarded by the ‘if’
  265 |   if (menu_netgameini)  delete(menu_netgameini); menu_netgameini = NULL;
      |                                                  ^~~~~~~~~~~~~~~
src/menu/gsmenu.cpp:266:3: warning: this ‘if’ clause does not guard... [-Wmisleading-indentation]
  266 |   if (menu_netgame)     delete(menu_netgame); menu_netgame = NULL;
      |   ^~
src/menu/gsmenu.cpp:266:47: note: ...this statement, but the latter is misleadingly indented as if it were guarded by the ‘if’
  266 |   if (menu_netgame)     delete(menu_netgame); menu_netgame = NULL;
      |                                               ^~~~~~~~~~~~
src/menu/gsmenu.cpp:267:3: warning: this ‘if’ clause does not guard... [-Wmisleading-indentation]
  267 |   if (menu_1pstats)     delete(menu_1pstats); menu_1pstats = NULL;
      |   ^~
src/menu/gsmenu.cpp:267:47: note: ...this statement, but the latter is misleadingly indented as if it were guarded by the ‘if’
  267 |   if (menu_1pstats)     delete(menu_1pstats); menu_1pstats = NULL;
      |                                               ^~~~~~~~~~~~
src/menu/gsmenu.cpp:268:3: warning: this ‘if’ clause does not guard... [-Wmisleading-indentation]
  268 |   if (menu_2pstats)     delete(menu_2pstats); menu_2pstats = NULL;
      |   ^~
src/menu/gsmenu.cpp:268:47: note: ...this statement, but the latter is misleadingly indented as if it were guarded by the ‘if’
  268 |   if (menu_2pstats)     delete(menu_2pstats); menu_2pstats = NULL;
      |                                               ^~~~~~~~~~~~
src/menu/gsmenu.cpp:269:3: warning: this ‘if’ clause does not guard... [-Wmisleading-indentation]
  269 |   if (menu_netstats)    delete(menu_netstats); menu_netstats = NULL;
      |   ^~
src/menu/gsmenu.cpp:269:48: note: ...this statement, but the latter is misleadingly indented as if it were guarded by the ‘if’
  269 |   if (menu_netstats)    delete(menu_netstats); menu_netstats = NULL;
      |                                                ^~~~~~~~~~~~~
src/menu/gsmenu.cpp:271:16: warning: ISO C++ forbids converting a string constant to ‘char*’ [-Wwrite-strings]
  271 | errors->log(2, "menu", "clearing clear list");
      |                ^~~~~~
src/menu/gsmenu.cpp:271:24: warning: ISO C++ forbids converting a string constant to ‘char*’ [-Wwrite-strings]
  271 | errors->log(2, "menu", "clearing clear list");
      |                        ^~~~~~~~~~~~~~~~~~~~~
src/menu/../network/RakServerInterface.h: At global scope:
src/menu/../network/RakServerInterface.h:49:17: warning: ‘UNASSIGNED_PLAYER_ID’ defined but not used [-Wunused-variable]
   49 | static PlayerID UNASSIGNED_PLAYER_ID = {0, 0};
      |                 ^~~~~~~~~~~~~~~~~~~~
src/menu/gsmenu.cpp: In member function ‘void gsMenu::do_logic(int)’:
src/menu/gsmenu.cpp:490:24: warning: ‘char* __builtin_strncpy(char*, const char*, long unsigned int)’ specified bound 20 equals destination size [-Wstringop-truncation]
  490 |                 strncpy(tmp, globals->pplayer[globals->ship_num].pship, 20);
      |                        ^
src/menu/gsmenu.cpp:408:24: warning: ‘char* __builtin_strncpy(char*, const char*, long unsigned int)’ specified bound 20 equals destination size [-Wstringop-truncation]
  408 |                 strncpy(tmp, globals->pplayer[globals->ship_num].pship, 20);
      |                        ^
src/menu/gsmenu.cpp:438:24: warning: ‘char* __builtin_strncpy(char*, const char*, long unsigned int)’ specified bound 20 equals destination size [-Wstringop-truncation]
  438 |                 strncpy(tmp, globals->pplayer[globals->ship_num].pship, 20);
      |                        ^
src/menu/gsmenu.cpp:378:24: warning: ‘char* __builtin_strncpy(char*, const char*, long unsigned int)’ specified bound 20 equals destination size [-Wstringop-truncation]
  378 |                 strncpy(tmp, globals->pplayer[globals->ship_num].pship, 20);
      |                        ^
Compiling src/menu/m1pstats.cpp...
g++ -O2 -Wall -Wextra -std=c++11 -fpermissive -DDIRECT_ASSET_LOADING  -I/usr/include/lua5.4 -I./src -c src/menu/m1pstats.cpp -o obj/menu/m1pstats.o
In file included from src/menu/../gsbullet.h:17,
                 from src/menu/../gsplayer.h:17,
                 from src/menu/../gsglob.h:22,
                 from src/menu/m1pstats.cpp:14:
src/menu/../luaclass.h: In member function ‘void Lua::open(int)’:
src/menu/../luaclass.h:20:23: warning: unused parameter ‘stacksize’ [-Wunused-parameter]
   20 |         void open(int stacksize = 0)
      |                   ~~~~^~~~~~~~~~~~~
src/menu/../luaclass.h: In member function ‘void Lua::setgcthreshold(int)’:
src/menu/../luaclass.h:136:33: warning: unused parameter ‘newthreshold’ [-Wunused-parameter]
  136 |         void setgcthreshold(int newthreshold)
      |                             ~~~~^~~~~~~~~~~~
src/menu/m1pstats.cpp: In member function ‘void m1PStats::init_normal(int)’:
src/menu/m1pstats.cpp:188:21: warning: ‘ (’ directive writing 2 bytes into a region of size between 1 and 50 [-Wformat-overflow=]
  188 |     sprintf(tmp, "%s (%s)", tmp, language->get_string(T_STATS_FAILED));
      |                     ^~
In file included from /usr/include/stdio.h:970,
                 from /usr/include/lua5.4/lauxlib.h:13,
                 from /usr/include/lua5.4/lua.hpp:8,
                 from ./src/allegro5_wrapper.h:10,
                 from src/menu/m1pstats.h:12,
                 from src/menu/m1pstats.cpp:12:
In function ‘int sprintf(char*, const char*, ...)’,
    inlined from ‘void m1PStats::init_normal(int)’ at src/menu/m1pstats.cpp:188:12:
/usr/include/bits/stdio2.h:30:34: note: ‘__builtin___sprintf_chk’ output 4 or more bytes (assuming 53) into a destination of size 50
   30 |   return __builtin___sprintf_chk (__s, __USE_FORTIFY_LEVEL - 1,
      |          ~~~~~~~~~~~~~~~~~~~~~~~~^~~~~~~~~~~~~~~~~~~~~~~~~~~~~~
   31 |                                   __glibc_objsize (__s), __fmt,
      |                                   ~~~~~~~~~~~~~~~~~~~~~~~~~~~~~
   32 |                                   __va_arg_pack ());
      |                                   ~~~~~~~~~~~~~~~~~
/usr/include/bits/stdio2.h:30:34: warning: ‘__builtin___sprintf_chk’ argument 5 overlaps destination object ‘tmp’ [-Wrestrict]
src/menu/m1pstats.cpp: In member function ‘void m1PStats::init_normal(int)’:
src/menu/m1pstats.cpp:121:8: note: destination object referenced by ‘restrict’-qualified argument 1 was declared here
  121 |   char tmp[50];
      |        ^~~
src/menu/m1pstats.cpp:186:21: warning: ‘ (’ directive writing 2 bytes into a region of size between 1 and 50 [-Wformat-overflow=]
  186 |     sprintf(tmp, "%s (%s)", tmp, language->get_string(T_STATS_COMPLETED));
      |                     ^~
In function ‘int sprintf(char*, const char*, ...)’,
    inlined from ‘void m1PStats::init_normal(int)’ at src/menu/m1pstats.cpp:186:12:
/usr/include/bits/stdio2.h:30:34: note: ‘__builtin___sprintf_chk’ output 4 or more bytes (assuming 53) into a destination of size 50
   30 |   return __builtin___sprintf_chk (__s, __USE_FORTIFY_LEVEL - 1,
      |          ~~~~~~~~~~~~~~~~~~~~~~~~^~~~~~~~~~~~~~~~~~~~~~~~~~~~~~
   31 |                                   __glibc_objsize (__s), __fmt,
      |                                   ~~~~~~~~~~~~~~~~~~~~~~~~~~~~~
   32 |                                   __va_arg_pack ());
      |                                   ~~~~~~~~~~~~~~~~~
/usr/include/bits/stdio2.h:30:34: warning: ‘__builtin___sprintf_chk’ argument 5 overlaps destination object ‘tmp’ [-Wrestrict]
src/menu/m1pstats.cpp: In member function ‘void m1PStats::init_normal(int)’:
src/menu/m1pstats.cpp:121:8: note: destination object referenced by ‘restrict’-qualified argument 1 was declared here
  121 |   char tmp[50];
      |        ^~~
src/menu/m1pstats.cpp:255:19: warning: ‘ (x’ directive writing 3 bytes into a region of size between 1 and 50 [-Wformat-overflow=]
  255 |   sprintf(tmp, "%s (x%d)", tmp, globals->score_per_second);
      |                   ^~~
In function ‘int sprintf(char*, const char*, ...)’,
    inlined from ‘void m1PStats::init_normal(int)’ at src/menu/m1pstats.cpp:255:10:
/usr/include/bits/stdio2.h:30:34: note: ‘__builtin___sprintf_chk’ output between 6 and 65 bytes into a destination of size 50
   30 |   return __builtin___sprintf_chk (__s, __USE_FORTIFY_LEVEL - 1,
      |          ~~~~~~~~~~~~~~~~~~~~~~~~^~~~~~~~~~~~~~~~~~~~~~~~~~~~~~
   31 |                                   __glibc_objsize (__s), __fmt,
      |                                   ~~~~~~~~~~~~~~~~~~~~~~~~~~~~~
   32 |                                   __va_arg_pack ());
      |                                   ~~~~~~~~~~~~~~~~~
/usr/include/bits/stdio2.h:30:34: warning: ‘__builtin___sprintf_chk’ argument 5 overlaps destination object ‘tmp’ [-Wrestrict]
src/menu/m1pstats.cpp: In member function ‘void m1PStats::init_normal(int)’:
src/menu/m1pstats.cpp:121:8: note: destination object referenced by ‘restrict’-qualified argument 1 was declared here
  121 |   char tmp[50];
      |        ^~~
Compiling src/menu/m2pstats.cpp...
g++ -O2 -Wall -Wextra -std=c++11 -fpermissive -DDIRECT_ASSET_LOADING  -I/usr/include/lua5.4 -I./src -c src/menu/m2pstats.cpp -o obj/menu/m2pstats.o
In file included from src/menu/../gsbullet.h:17,
                 from src/menu/../gsplayer.h:17,
                 from src/menu/../gsglob.h:22,
                 from src/menu/m2pstats.cpp:14:
src/menu/../luaclass.h: In member function ‘void Lua::open(int)’:
src/menu/../luaclass.h:20:23: warning: unused parameter ‘stacksize’ [-Wunused-parameter]
   20 |         void open(int stacksize = 0)
      |                   ~~~~^~~~~~~~~~~~~
src/menu/../luaclass.h: In member function ‘void Lua::setgcthreshold(int)’:
src/menu/../luaclass.h:136:33: warning: unused parameter ‘newthreshold’ [-Wunused-parameter]
  136 |         void setgcthreshold(int newthreshold)
      |                             ~~~~^~~~~~~~~~~~
Compiling src/menu/mbullet.cpp...
g++ -O2 -Wall -Wextra -std=c++11 -fpermissive -DDIRECT_ASSET_LOADING  -I/usr/include/lua5.4 -I./src -c src/menu/mbullet.cpp -o obj/menu/mbullet.o
In file included from src/menu/../gsbullet.h:17,
                 from src/menu/mbullet.h:17,
                 from src/menu/mbullet.cpp:13:
src/menu/../luaclass.h: In member function ‘void Lua::open(int)’:
src/menu/../luaclass.h:20:23: warning: unused parameter ‘stacksize’ [-Wunused-parameter]
   20 |         void open(int stacksize = 0)
      |                   ~~~~^~~~~~~~~~~~~
src/menu/../luaclass.h: In member function ‘void Lua::setgcthreshold(int)’:
src/menu/../luaclass.h:136:33: warning: unused parameter ‘newthreshold’ [-Wunused-parameter]
  136 |         void setgcthreshold(int newthreshold)
      |                             ~~~~^~~~~~~~~~~~
Compiling src/menu/mchship.cpp...
g++ -O2 -Wall -Wextra -std=c++11 -fpermissive -DDIRECT_ASSET_LOADING  -I/usr/include/lua5.4 -I./src -c src/menu/mchship.cpp -o obj/menu/mchship.o
In file included from src/menu/../gsnetw.h:18,
                 from src/menu/mchship.cpp:20:
src/menu/../gsnetsrv.h:67:7: warning: extra tokens at end of #endif directive [-Wendif-labels]
   67 | #endif;
      |       ^
In file included from src/menu/../gsbullet.h:17,
                 from src/menu/../gsplayer.h:17,
                 from src/menu/../gsglob.h:22,
                 from src/menu/mchship.cpp:14:
src/menu/../luaclass.h: In member function ‘void Lua::open(int)’:
src/menu/../luaclass.h:20:23: warning: unused parameter ‘stacksize’ [-Wunused-parameter]
   20 |         void open(int stacksize = 0)
      |                   ~~~~^~~~~~~~~~~~~
src/menu/../luaclass.h: In member function ‘void Lua::setgcthreshold(int)’:
src/menu/../luaclass.h:136:33: warning: unused parameter ‘newthreshold’ [-Wunused-parameter]
  136 |         void setgcthreshold(int newthreshold)
      |                             ~~~~^~~~~~~~~~~~
In file included from src/menu/../gsnetcli.h:16,
                 from src/menu/../gsnetw.h:17:
src/menu/../network/BitStream.h: In constructor ‘BitStream::BitStream(char*, unsigned int, bool)’:
src/menu/../network/BitStream.h:22:61: warning: unused parameter ‘_copyData’ [-Wunused-parameter]
   22 |     BitStream(char* _data, unsigned int lengthInBytes, bool _copyData) : data(_data), numberOfBitsAllocated(lengthInBytes * 8), numberOfBitsUsed(lengthInBytes * 8), readOffset(0), maxLength(lengthInBytes) {}
      |                                                        ~~~~~^~~~~~~~~
src/menu/../network/BitStream.h: In member function ‘void BitStream::Write(int)’:
src/menu/../network/BitStream.h:25:20: warning: unused parameter ‘data’ [-Wunused-parameter]
   25 |     void Write(int data) {}
      |                ~~~~^~~~
src/menu/../network/BitStream.h: In member function ‘void BitStream::Write(unsigned char)’:
src/menu/../network/BitStream.h:26:30: warning: unused parameter ‘data’ [-Wunused-parameter]
   26 |     void Write(unsigned char data) {}
      |                ~~~~~~~~~~~~~~^~~~
src/menu/../network/BitStream.h: In member function ‘void BitStream::Write(char)’:
src/menu/../network/BitStream.h:27:21: warning: unused parameter ‘data’ [-Wunused-parameter]
   27 |     void Write(char data) {}
      |                ~~~~~^~~~
src/menu/../network/BitStream.h: In member function ‘void BitStream::Write(char*, unsigned int)’:
src/menu/../network/BitStream.h:28:22: warning: unused parameter ‘data’ [-Wunused-parameter]
   28 |     void Write(char* data, const unsigned int length) {}
      |                ~~~~~~^~~~
src/menu/../network/BitStream.h:28:47: warning: unused parameter ‘length’ [-Wunused-parameter]
   28 |     void Write(char* data, const unsigned int length) {}
      |                            ~~~~~~~~~~~~~~~~~~~^~~~~~
src/menu/../network/BitStream.h: In member function ‘void BitStream::Write(long unsigned int)’:
src/menu/../network/BitStream.h:29:30: warning: unused parameter ‘data’ [-Wunused-parameter]
   29 |     void Write(unsigned long data) {}
      |                ~~~~~~~~~~~~~~^~~~
src/menu/../network/BitStream.h: In member function ‘void BitStream::Write(float)’:
src/menu/../network/BitStream.h:30:22: warning: unused parameter ‘data’ [-Wunused-parameter]
   30 |     void Write(float data) {}
      |                ~~~~~~^~~~
src/menu/../network/BitStream.h: In member function ‘void BitStream::Write(bool)’:
src/menu/../network/BitStream.h:31:21: warning: unused parameter ‘data’ [-Wunused-parameter]
   31 |     void Write(bool data) {}
      |                ~~~~~^~~~
src/menu/../network/BitStream.h: In member function ‘void BitStream::Read(char*&, unsigned int)’:
src/menu/../network/BitStream.h:42:22: warning: unused parameter ‘data’ [-Wunused-parameter]
   42 |     void Read(char* &data, const unsigned int length) {}
      |               ~~~~~~~^~~~
src/menu/../network/BitStream.h:42:47: warning: unused parameter ‘length’ [-Wunused-parameter]
   42 |     void Read(char* &data, const unsigned int length) {}
      |                            ~~~~~~~~~~~~~~~~~~~^~~~~~
src/menu/../network/BitStream.h: In member function ‘void BitStream::Read(const char*&, unsigned int)’:
src/menu/../network/BitStream.h:43:28: warning: unused parameter ‘data’ [-Wunused-parameter]
   43 |     void Read(const char* &data, const unsigned int length) {}
      |               ~~~~~~~~~~~~~^~~~
src/menu/../network/BitStream.h:43:53: warning: unused parameter ‘length’ [-Wunused-parameter]
   43 |     void Read(const char* &data, const unsigned int length) {}
      |                                  ~~~~~~~~~~~~~~~~~~~^~~~~~
src/menu/../network/BitStream.h: In member function ‘void BitStream::Read(void*, unsigned int)’:
src/menu/../network/BitStream.h:44:21: warning: unused parameter ‘data’ [-Wunused-parameter]
   44 |     void Read(void* data, const unsigned int length) {}
      |               ~~~~~~^~~~
src/menu/../network/BitStream.h:44:46: warning: unused parameter ‘length’ [-Wunused-parameter]
   44 |     void Read(void* data, const unsigned int length) {}
      |                           ~~~~~~~~~~~~~~~~~~~^~~~~~
src/menu/../network/BitStream.h: In member function ‘void BitStream::SetWriteOffset(unsigned int)’:
src/menu/../network/BitStream.h:47:38: warning: unused parameter ‘offset’ [-Wunused-parameter]
   47 |     void SetWriteOffset(unsigned int offset) {}
      |                         ~~~~~~~~~~~~~^~~~~~
In file included from src/menu/../network/RakNetworkFactory.h:9,
                 from src/menu/../gsnetcli.h:17:
src/menu/../network/RakClientInterface.h: In member function ‘bool RakClientInterface::Connect(const char*, short unsigned int, const char*, short unsigned int)’:
src/menu/../network/RakClientInterface.h:17:30: warning: unused parameter ‘serverIP’ [-Wunused-parameter]
   17 |     bool Connect(const char* serverIP, unsigned short serverPort, const char* clientIP, unsigned short clientPort) { return false; }
      |                  ~~~~~~~~~~~~^~~~~~~~
src/menu/../network/RakClientInterface.h:17:55: warning: unused parameter ‘serverPort’ [-Wunused-parameter]
   17 |     bool Connect(const char* serverIP, unsigned short serverPort, const char* clientIP, unsigned short clientPort) { return false; }
      |                                        ~~~~~~~~~~~~~~~^~~~~~~~~~
src/menu/../network/RakClientInterface.h:17:79: warning: unused parameter ‘clientIP’ [-Wunused-parameter]
   17 |     bool Connect(const char* serverIP, unsigned short serverPort, const char* clientIP, unsigned short clientPort) { return false; }
      |                                                                   ~~~~~~~~~~~~^~~~~~~~
src/menu/../network/RakClientInterface.h:17:104: warning: unused parameter ‘clientPort’ [-Wunused-parameter]
   17 |     bool Connect(const char* serverIP, unsigned short serverPort, const char* clientIP, unsigned short clientPort) { return false; }
      |                                                                                         ~~~~~~~~~~~~~~~^~~~~~~~~~
src/menu/../network/RakClientInterface.h: In member function ‘bool RakClientInterface::Connect(const char*, short unsigned int, short unsigned int, unsigned int, int)’:
src/menu/../network/RakClientInterface.h:18:30: warning: unused parameter ‘host’ [-Wunused-parameter]
   18 |     bool Connect(const char* host, unsigned short serverPort, unsigned short clientPort, unsigned int connectionValidationInteger, int timeoutMS) { return false; }
      |                  ~~~~~~~~~~~~^~~~
src/menu/../network/RakClientInterface.h:18:51: warning: unused parameter ‘serverPort’ [-Wunused-parameter]
   18 |     bool Connect(const char* host, unsigned short serverPort, unsigned short clientPort, unsigned int connectionValidationInteger, int timeoutMS) { return false; }
      |                                    ~~~~~~~~~~~~~~~^~~~~~~~~~
src/menu/../network/RakClientInterface.h:18:78: warning: unused parameter ‘clientPort’ [-Wunused-parameter]
   18 |     bool Connect(const char* host, unsigned short serverPort, unsigned short clientPort, unsigned int connectionValidationInteger, int timeoutMS) { return false; }
      |                                                               ~~~~~~~~~~~~~~~^~~~~~~~~~
src/menu/../network/RakClientInterface.h:18:103: warning: unused parameter ‘connectionValidationInteger’ [-Wunused-parameter]
   18 |     bool Connect(const char* host, unsigned short serverPort, unsigned short clientPort, unsigned int connectionValidationInteger, int timeoutMS) { return false; }
      |                                                                                          ~~~~~~~~~~~~~^~~~~~~~~~~~~~~~~~~~~~~~~~~
src/menu/../network/RakClientInterface.h:18:136: warning: unused parameter ‘timeoutMS’ [-Wunused-parameter]
   18 |     bool Connect(const char* host, unsigned short serverPort, unsigned short clientPort, unsigned int connectionValidationInteger, int timeoutMS) { return false; }
      |                                                                                                                                    ~~~~^~~~~~~~~
src/menu/../network/RakClientInterface.h: In member function ‘void RakClientInterface::Disconnect(unsigned int, unsigned char)’:
src/menu/../network/RakClientInterface.h:19:34: warning: unused parameter ‘blockDuration’ [-Wunused-parameter]
   19 |     void Disconnect(unsigned int blockDuration = 0, unsigned char orderingChannel = 0) {}
      |                     ~~~~~~~~~~~~~^~~~~~~~~~~~~~~~~
src/menu/../network/RakClientInterface.h:19:67: warning: unused parameter ‘orderingChannel’ [-Wunused-parameter]
   19 |     void Disconnect(unsigned int blockDuration = 0, unsigned char orderingChannel = 0) {}
      |                                                     ~~~~~~~~~~~~~~^~~~~~~~~~~~~~~~~~~
src/menu/../network/RakClientInterface.h: In member function ‘void RakClientInterface::PingServer(const char*, short unsigned int, short unsigned int)’:
src/menu/../network/RakClientInterface.h:21:33: warning: unused parameter ‘host’ [-Wunused-parameter]
   21 |     void PingServer(const char* host, unsigned short remotePort, unsigned short sendPort) {}
      |                     ~~~~~~~~~~~~^~~~
src/menu/../network/RakClientInterface.h:21:54: warning: unused parameter ‘remotePort’ [-Wunused-parameter]
   21 |     void PingServer(const char* host, unsigned short remotePort, unsigned short sendPort) {}
      |                                       ~~~~~~~~~~~~~~~^~~~~~~~~~
src/menu/../network/RakClientInterface.h:21:81: warning: unused parameter ‘sendPort’ [-Wunused-parameter]
   21 |     void PingServer(const char* host, unsigned short remotePort, unsigned short sendPort) {}
      |                                                                  ~~~~~~~~~~~~~~~^~~~~~~~
src/menu/../network/RakClientInterface.h: In member function ‘bool RakClientInterface::Send(const char*, int, unsigned char, char, char, PlayerID, bool)’:
src/menu/../network/RakClientInterface.h:25:27: warning: unused parameter ‘data’ [-Wunused-parameter]
   25 |     bool Send(const char* data, int length, unsigned char priority, char reliability, char orderingChannel, PlayerID playerId, bool broadcast) { return true; }
      |               ~~~~~~~~~~~~^~~~
src/menu/../network/RakClientInterface.h:25:37: warning: unused parameter ‘length’ [-Wunused-parameter]
   25 |     bool Send(const char* data, int length, unsigned char priority, char reliability, char orderingChannel, PlayerID playerId, bool broadcast) { return true; }
      |                                 ~~~~^~~~~~
src/menu/../network/RakClientInterface.h:25:59: warning: unused parameter ‘priority’ [-Wunused-parameter]
   25 |     bool Send(const char* data, int length, unsigned char priority, char reliability, char orderingChannel, PlayerID playerId, bool broadcast) { return true; }
      |                                             ~~~~~~~~~~~~~~^~~~~~~~
src/menu/../network/RakClientInterface.h:25:74: warning: unused parameter ‘reliability’ [-Wunused-parameter]
   25 |     bool Send(const char* data, int length, unsigned char priority, char reliability, char orderingChannel, PlayerID playerId, bool broadcast) { return true; }
      |                                                                     ~~~~~^~~~~~~~~~~
src/menu/../network/RakClientInterface.h:25:92: warning: unused parameter ‘orderingChannel’ [-Wunused-parameter]
   25 |     bool Send(const char* data, int length, unsigned char priority, char reliability, char orderingChannel, PlayerID playerId, bool broadcast) { return true; }
      |                                                                                       ~~~~~^~~~~~~~~~~~~~~
src/menu/../network/RakClientInterface.h:25:118: warning: unused parameter ‘playerId’ [-Wunused-parameter]
   25 |     bool Send(const char* data, int length, unsigned char priority, char reliability, char orderingChannel, PlayerID playerId, bool broadcast) { return true; }
      |                                                                                                             ~~~~~~~~~^~~~~~~~
src/menu/../network/RakClientInterface.h:25:133: warning: unused parameter ‘broadcast’ [-Wunused-parameter]
   25 |     bool Send(const char* data, int length, unsigned char priority, char reliability, char orderingChannel, PlayerID playerId, bool broadcast) { return true; }
      |                                                                                                                                ~~~~~^~~~~~~~~
src/menu/../network/RakClientInterface.h: In member function ‘bool RakClientInterface::Send(BitStream*, unsigned char, char, char)’:
src/menu/../network/RakClientInterface.h:26:32: warning: unused parameter ‘bitStream’ [-Wunused-parameter]
   26 |     bool Send(class BitStream *bitStream, unsigned char priority, char reliability, char orderingChannel) { return true; }
      |               ~~~~~~~~~~~~~~~~~^~~~~~~~~
src/menu/../network/RakClientInterface.h:26:57: warning: unused parameter ‘priority’ [-Wunused-parameter]
   26 |     bool Send(class BitStream *bitStream, unsigned char priority, char reliability, char orderingChannel) { return true; }
      |                                           ~~~~~~~~~~~~~~^~~~~~~~
src/menu/../network/RakClientInterface.h:26:72: warning: unused parameter ‘reliability’ [-Wunused-parameter]
   26 |     bool Send(class BitStream *bitStream, unsigned char priority, char reliability, char orderingChannel) { return true; }
      |                                                                   ~~~~~^~~~~~~~~~~
src/menu/../network/RakClientInterface.h:26:90: warning: unused parameter ‘orderingChannel’ [-Wunused-parameter]
   26 |     bool Send(class BitStream *bitStream, unsigned char priority, char reliability, char orderingChannel) { return true; }
      |                                                                                     ~~~~~^~~~~~~~~~~~~~~
src/menu/../network/RakClientInterface.h: In member function ‘void RakClientInterface::PushBackPacket(Packet*, bool)’:
src/menu/../network/RakClientInterface.h:27:33: warning: unused parameter ‘packet’ [-Wunused-parameter]
   27 |     void PushBackPacket(Packet* packet, bool pushAtHead) {}
      |                         ~~~~~~~~^~~~~~
src/menu/../network/RakClientInterface.h:27:46: warning: unused parameter ‘pushAtHead’ [-Wunused-parameter]
   27 |     void PushBackPacket(Packet* packet, bool pushAtHead) {}
      |                                         ~~~~~^~~~~~~~~~
src/menu/../network/RakClientInterface.h: In member function ‘void RakClientInterface::DeallocatePacket(Packet*)’:
src/menu/../network/RakClientInterface.h:35:35: warning: unused parameter ‘packet’ [-Wunused-parameter]
   35 |     void DeallocatePacket(Packet *packet) {}
      |                           ~~~~~~~~^~~~~~
src/menu/../network/RakClientInterface.h: In member function ‘const char* RakClientInterface::PlayerIDToDottedIP(PlayerID)’:
src/menu/../network/RakClientInterface.h:36:45: warning: unused parameter ‘playerId’ [-Wunused-parameter]
   36 |     const char* PlayerIDToDottedIP(PlayerID playerId) { return "0.0.0.0"; }
      |                                    ~~~~~~~~~^~~~~~~~
In file included from src/menu/../network/RakNetworkFactory.h:10:
src/menu/../network/RakServerInterface.h: In member function ‘bool RakServerInterface::Start(int, int, int, int)’:
src/menu/../network/RakServerInterface.h:19:20: warning: unused parameter ‘AllowedPlayers’ [-Wunused-parameter]
   19 |     bool Start(int AllowedPlayers, int connectionValidationInteger, int threadSleepTimer, int port) { return false; }
      |                ~~~~^~~~~~~~~~~~~~
src/menu/../network/RakServerInterface.h:19:40: warning: unused parameter ‘connectionValidationInteger’ [-Wunused-parameter]
   19 |     bool Start(int AllowedPlayers, int connectionValidationInteger, int threadSleepTimer, int port) { return false; }
      |                                    ~~~~^~~~~~~~~~~~~~~~~~~~~~~~~~~
src/menu/../network/RakServerInterface.h:19:73: warning: unused parameter ‘threadSleepTimer’ [-Wunused-parameter]
   19 |     bool Start(int AllowedPlayers, int connectionValidationInteger, int threadSleepTimer, int port) { return false; }
      |                                                                     ~~~~^~~~~~~~~~~~~~~~
src/menu/../network/RakServerInterface.h:19:95: warning: unused parameter ‘port’ [-Wunused-parameter]
   19 |     bool Start(int AllowedPlayers, int connectionValidationInteger, int threadSleepTimer, int port) { return false; }
      |                                                                                           ~~~~^~~~
src/menu/../network/RakServerInterface.h: In member function ‘void RakServerInterface::Disconnect(unsigned int, unsigned char)’:
src/menu/../network/RakServerInterface.h:20:34: warning: unused parameter ‘blockDuration’ [-Wunused-parameter]
   20 |     void Disconnect(unsigned int blockDuration = 0, unsigned char orderingChannel = 0) {}
      |                     ~~~~~~~~~~~~~^~~~~~~~~~~~~~~~~
src/menu/../network/RakServerInterface.h:20:67: warning: unused parameter ‘orderingChannel’ [-Wunused-parameter]
   20 |     void Disconnect(unsigned int blockDuration = 0, unsigned char orderingChannel = 0) {}
      |                                                     ~~~~~~~~~~~~~~^~~~~~~~~~~~~~~~~~~
src/menu/../network/RakServerInterface.h: In member function ‘bool RakServerInterface::Send(const char*, int, unsigned char, char, char, PlayerID, bool)’:
src/menu/../network/RakServerInterface.h:21:27: warning: unused parameter ‘data’ [-Wunused-parameter]
   21 |     bool Send(const char* data, int length, unsigned char priority, char reliability, char orderingChannel, PlayerID playerId, bool broadcast) { return true; }
      |               ~~~~~~~~~~~~^~~~
src/menu/../network/RakServerInterface.h:21:37: warning: unused parameter ‘length’ [-Wunused-parameter]
   21 |     bool Send(const char* data, int length, unsigned char priority, char reliability, char orderingChannel, PlayerID playerId, bool broadcast) { return true; }
      |                                 ~~~~^~~~~~
src/menu/../network/RakServerInterface.h:21:59: warning: unused parameter ‘priority’ [-Wunused-parameter]
   21 |     bool Send(const char* data, int length, unsigned char priority, char reliability, char orderingChannel, PlayerID playerId, bool broadcast) { return true; }
      |                                             ~~~~~~~~~~~~~~^~~~~~~~
src/menu/../network/RakServerInterface.h:21:74: warning: unused parameter ‘reliability’ [-Wunused-parameter]
   21 |     bool Send(const char* data, int length, unsigned char priority, char reliability, char orderingChannel, PlayerID playerId, bool broadcast) { return true; }
      |                                                                     ~~~~~^~~~~~~~~~~
src/menu/../network/RakServerInterface.h:21:92: warning: unused parameter ‘orderingChannel’ [-Wunused-parameter]
   21 |     bool Send(const char* data, int length, unsigned char priority, char reliability, char orderingChannel, PlayerID playerId, bool broadcast) { return true; }
      |                                                                                       ~~~~~^~~~~~~~~~~~~~~
src/menu/../network/RakServerInterface.h:21:118: warning: unused parameter ‘playerId’ [-Wunused-parameter]
   21 |     bool Send(const char* data, int length, unsigned char priority, char reliability, char orderingChannel, PlayerID playerId, bool broadcast) { return true; }
      |                                                                                                             ~~~~~~~~~^~~~~~~~
src/menu/../network/RakServerInterface.h:21:133: warning: unused parameter ‘broadcast’ [-Wunused-parameter]
   21 |     bool Send(const char* data, int length, unsigned char priority, char reliability, char orderingChannel, PlayerID playerId, bool broadcast) { return true; }
      |                                                                                                                                ~~~~~^~~~~~~~~
src/menu/../network/RakServerInterface.h: In member function ‘bool RakServerInterface::Send(BitStream*, unsigned char, char, char, PlayerID, bool)’:
src/menu/../network/RakServerInterface.h:22:32: warning: unused parameter ‘bitStream’ [-Wunused-parameter]
   22 |     bool Send(class BitStream *bitStream, unsigned char priority, char reliability, char orderingChannel, PlayerID playerId, bool broadcast) { return true; }
      |               ~~~~~~~~~~~~~~~~~^~~~~~~~~
src/menu/../network/RakServerInterface.h:22:57: warning: unused parameter ‘priority’ [-Wunused-parameter]
   22 |     bool Send(class BitStream *bitStream, unsigned char priority, char reliability, char orderingChannel, PlayerID playerId, bool broadcast) { return true; }
      |                                           ~~~~~~~~~~~~~~^~~~~~~~
src/menu/../network/RakServerInterface.h:22:72: warning: unused parameter ‘reliability’ [-Wunused-parameter]
   22 |     bool Send(class BitStream *bitStream, unsigned char priority, char reliability, char orderingChannel, PlayerID playerId, bool broadcast) { return true; }
      |                                                                   ~~~~~^~~~~~~~~~~
src/menu/../network/RakServerInterface.h:22:90: warning: unused parameter ‘orderingChannel’ [-Wunused-parameter]
   22 |     bool Send(class BitStream *bitStream, unsigned char priority, char reliability, char orderingChannel, PlayerID playerId, bool broadcast) { return true; }
      |                                                                                     ~~~~~^~~~~~~~~~~~~~~
src/menu/../network/RakServerInterface.h:22:116: warning: unused parameter ‘playerId’ [-Wunused-parameter]
   22 |     bool Send(class BitStream *bitStream, unsigned char priority, char reliability, char orderingChannel, PlayerID playerId, bool broadcast) { return true; }
      |                                                                                                           ~~~~~~~~~^~~~~~~~
src/menu/../network/RakServerInterface.h:22:131: warning: unused parameter ‘broadcast’ [-Wunused-parameter]
   22 |     bool Send(class BitStream *bitStream, unsigned char priority, char reliability, char orderingChannel, PlayerID playerId, bool broadcast) { return true; }
      |                                                                                                                              ~~~~~^~~~~~~~~
src/menu/../network/RakServerInterface.h: In member function ‘void RakServerInterface::PushBackPacket(Packet*, bool)’:
src/menu/../network/RakServerInterface.h:23:33: warning: unused parameter ‘packet’ [-Wunused-parameter]
   23 |     void PushBackPacket(Packet* packet, bool pushAtHead) {}
      |                         ~~~~~~~~^~~~~~
src/menu/../network/RakServerInterface.h:23:46: warning: unused parameter ‘pushAtHead’ [-Wunused-parameter]
   23 |     void PushBackPacket(Packet* packet, bool pushAtHead) {}
      |                                         ~~~~~^~~~~~~~~~
src/menu/../network/RakServerInterface.h: In member function ‘void RakServerInterface::DeallocatePacket(Packet*)’:
src/menu/../network/RakServerInterface.h:24:35: warning: unused parameter ‘packet’ [-Wunused-parameter]
   24 |     void DeallocatePacket(Packet* packet) {}
      |                           ~~~~~~~~^~~~~~
src/menu/../network/RakServerInterface.h: In member function ‘int RakServerInterface::GetAveragePing(PlayerID)’:
src/menu/../network/RakServerInterface.h:25:33: warning: unused parameter ‘playerId’ [-Wunused-parameter]
   25 |     int GetAveragePing(PlayerID playerId) { return 0; }
      |                        ~~~~~~~~~^~~~~~~~
src/menu/../network/RakServerInterface.h: In member function ‘int RakServerInterface::GetLastPing(PlayerID)’:
src/menu/../network/RakServerInterface.h:26:30: warning: unused parameter ‘playerId’ [-Wunused-parameter]
   26 |     int GetLastPing(PlayerID playerId) { return 0; }
      |                     ~~~~~~~~~^~~~~~~~
src/menu/../network/RakServerInterface.h: In member function ‘int RakServerInterface::GetLowestPing(PlayerID)’:
src/menu/../network/RakServerInterface.h:27:32: warning: unused parameter ‘playerId’ [-Wunused-parameter]
   27 |     int GetLowestPing(PlayerID playerId) { return 0; }
      |                       ~~~~~~~~~^~~~~~~~
src/menu/../network/RakServerInterface.h: In member function ‘void RakServerInterface::Kick(PlayerID)’:
src/menu/../network/RakServerInterface.h:28:24: warning: unused parameter ‘playerId’ [-Wunused-parameter]
   28 |     void Kick(PlayerID playerId) {}
      |               ~~~~~~~~~^~~~~~~~
src/menu/../network/RakServerInterface.h: In member function ‘void RakServerInterface::SetAllowedPlayers(int)’:
src/menu/../network/RakServerInterface.h:31:32: warning: unused parameter ‘maxPlayers’ [-Wunused-parameter]
   31 |     void SetAllowedPlayers(int maxPlayers) {}
      |                            ~~~~^~~~~~~~~~
src/menu/../network/RakServerInterface.h: In member function ‘void* RakServerInterface::GetStatistics(PlayerID)’:
src/menu/../network/RakServerInterface.h:35:34: warning: unused parameter ‘playerId’ [-Wunused-parameter]
   35 |     void* GetStatistics(PlayerID playerId) { return 0; }
      |                         ~~~~~~~~~^~~~~~~~
src/menu/../network/RakNetworkFactory.h: In static member function ‘static void RakNetworkFactory::DestroyRakNetwork(void*)’:
src/menu/../network/RakNetworkFactory.h:15:41: warning: unused parameter ‘network’ [-Wunused-parameter]
   15 |     static void DestroyRakNetwork(void* network) {}
      |                                   ~~~~~~^~~~~~~
src/menu/mchship.cpp: In function ‘void check_shipfile(const char*, int, int)’:
src/menu/mchship.cpp:95:44: warning: ISO C++ forbids converting a string constant to ‘char*’ [-Wwrite-strings]
   95 |       thismenu->button[temp_num]->set_text("createnewship");
      |                                            ^~~~~~~~~~~~~~~
src/menu/mchship.cpp:65:44: warning: unused parameter ‘attrib’ [-Wunused-parameter]
   65 | void check_shipfile(const char *fname, int attrib, int param)
      |                                        ~~~~^~~~~~
src/menu/mchship.cpp: In function ‘void read_ship(const char*, int, int)’:
src/menu/mchship.cpp:110:39: warning: unused parameter ‘attrib’ [-Wunused-parameter]
  110 | void read_ship(const char *fname, int attrib, int param)
      |                                   ~~~~^~~~~~
src/menu/mchship.cpp:110:51: warning: unused parameter ‘param’ [-Wunused-parameter]
  110 | void read_ship(const char *fname, int attrib, int param)
      |                                               ~~~~^~~~~
src/menu/mchship.cpp: In member function ‘int mChooseShip::read_ships_and_sort_them(char*)’:
src/menu/mchship.cpp:123:18: warning: ISO C++ forbids converting a string constant to ‘char*’ [-Wwrite-strings]
  123 |   errors->log(1, "menu", "read_ships_and_sort_them: file scanning not implemented");
      |                  ^~~~~~
src/menu/mchship.cpp:123:26: warning: ISO C++ forbids converting a string constant to ‘char*’ [-Wwrite-strings]
  123 |   errors->log(1, "menu", "read_ships_and_sort_them: file scanning not implemented");
      |                          ^~~~~~~~~~~~~~~~~~~~~~~~~~~~~~~~~~~~~~~~~~~~~~~~~~~~~~~~~
src/menu/mchship.cpp:116:49: warning: unused parameter ‘path’ [-Wunused-parameter]
  116 | int mChooseShip::read_ships_and_sort_them(char *path)
      |                                           ~~~~~~^~~~
src/menu/../network/RakServerInterface.h: At global scope:
src/menu/../network/RakServerInterface.h:49:17: warning: ‘UNASSIGNED_PLAYER_ID’ defined but not used [-Wunused-variable]
   49 | static PlayerID UNASSIGNED_PLAYER_ID = {0, 0};
      |                 ^~~~~~~~~~~~~~~~~~~~
src/menu/mchship.cpp: In function ‘void check_shipfile(const char*, int, int)’:
src/menu/mchship.cpp:83:10: warning: ‘char* __builtin_strncpy(char*, const char*, long unsigned int)’ specified bound 50 equals destination size [-Wstringop-truncation]
   83 |   strncpy(f, get_filename(fname), 50);
      |          ^
src/menu/mchship.cpp: In member function ‘int mChooseShip::handle_controls()’:
src/menu/mchship.cpp:359:14: warning: ‘char* __builtin_strncpy(char*, const char*, long unsigned int)’ specified bound 30 equals destination size [-Wstringop-truncation]
  359 |       strncpy(chosen_ship_filename, button[n]->get_text(), 30);
      |              ^
Compiling src/menu/mctrl2.cpp...
g++ -O2 -Wall -Wextra -std=c++11 -fpermissive -DDIRECT_ASSET_LOADING  -I/usr/include/lua5.4 -I./src -c src/menu/mctrl2.cpp -o obj/menu/mctrl2.o
In file included from src/menu/../gsbullet.h:17,
                 from src/menu/../gsplayer.h:17,
                 from src/menu/../gsglob.h:22,
                 from src/menu/mctrl2.cpp:14:
src/menu/../luaclass.h: In member function ‘void Lua::open(int)’:
src/menu/../luaclass.h:20:23: warning: unused parameter ‘stacksize’ [-Wunused-parameter]
   20 |         void open(int stacksize = 0)
      |                   ~~~~^~~~~~~~~~~~~
src/menu/../luaclass.h: In member function ‘void Lua::setgcthreshold(int)’:
src/menu/../luaclass.h:136:33: warning: unused parameter ‘newthreshold’ [-Wunused-parameter]
  136 |         void setgcthreshold(int newthreshold)
      |                             ~~~~^~~~~~~~~~~~
Compiling src/menu/mctrl.cpp...
g++ -O2 -Wall -Wextra -std=c++11 -fpermissive -DDIRECT_ASSET_LOADING  -I/usr/include/lua5.4 -I./src -c src/menu/mctrl.cpp -o obj/menu/mctrl.o
In file included from src/menu/../gsbullet.h:17,
                 from src/menu/../gsplayer.h:17,
                 from src/menu/../gsglob.h:22,
                 from src/menu/mctrl.cpp:14:
src/menu/../luaclass.h: In member function ‘void Lua::open(int)’:
src/menu/../luaclass.h:20:23: warning: unused parameter ‘stacksize’ [-Wunused-parameter]
   20 |         void open(int stacksize = 0)
      |                   ~~~~^~~~~~~~~~~~~
src/menu/../luaclass.h: In member function ‘void Lua::setgcthreshold(int)’:
src/menu/../luaclass.h:136:33: warning: unused parameter ‘newthreshold’ [-Wunused-parameter]
  136 |         void setgcthreshold(int newthreshold)
      |                             ~~~~^~~~~~~~~~~~
Compiling src/menu/mctrlsp.cpp...
g++ -O2 -Wall -Wextra -std=c++11 -fpermissive -DDIRECT_ASSET_LOADING  -I/usr/include/lua5.4 -I./src -c src/menu/mctrlsp.cpp -o obj/menu/mctrlsp.o
In file included from src/menu/../gsbullet.h:17,
                 from src/menu/../gsplayer.h:17,
                 from src/menu/../gsglob.h:22,
                 from src/menu/mctrlsp.cpp:14:
src/menu/../luaclass.h: In member function ‘void Lua::open(int)’:
src/menu/../luaclass.h:20:23: warning: unused parameter ‘stacksize’ [-Wunused-parameter]
   20 |         void open(int stacksize = 0)
      |                   ~~~~^~~~~~~~~~~~~
src/menu/../luaclass.h: In member function ‘void Lua::setgcthreshold(int)’:
src/menu/../luaclass.h:136:33: warning: unused parameter ‘newthreshold’ [-Wunused-parameter]
  136 |         void setgcthreshold(int newthreshold)
      |                             ~~~~^~~~~~~~~~~~
Compiling src/menu/mmain.cpp...
g++ -O2 -Wall -Wextra -std=c++11 -fpermissive -DDIRECT_ASSET_LOADING  -I/usr/include/lua5.4 -I./src -c src/menu/mmain.cpp -o obj/menu/mmain.o
In file included from src/menu/../gsnetw.h:18,
                 from src/menu/mmain.cpp:18:
src/menu/../gsnetsrv.h:67:7: warning: extra tokens at end of #endif directive [-Wendif-labels]
   67 | #endif;
      |       ^
In file included from src/menu/../gsbullet.h:17,
                 from src/menu/../gsplayer.h:17,
                 from src/menu/../gsglob.h:22,
                 from src/menu/mmain.cpp:14:
src/menu/../luaclass.h: In member function ‘void Lua::open(int)’:
src/menu/../luaclass.h:20:23: warning: unused parameter ‘stacksize’ [-Wunused-parameter]
   20 |         void open(int stacksize = 0)
      |                   ~~~~^~~~~~~~~~~~~
src/menu/../luaclass.h: In member function ‘void Lua::setgcthreshold(int)’:
src/menu/../luaclass.h:136:33: warning: unused parameter ‘newthreshold’ [-Wunused-parameter]
  136 |         void setgcthreshold(int newthreshold)
      |                             ~~~~^~~~~~~~~~~~
In file included from src/menu/../gsnetcli.h:16,
                 from src/menu/../gsnetw.h:17:
src/menu/../network/BitStream.h: In constructor ‘BitStream::BitStream(char*, unsigned int, bool)’:
src/menu/../network/BitStream.h:22:61: warning: unused parameter ‘_copyData’ [-Wunused-parameter]
   22 |     BitStream(char* _data, unsigned int lengthInBytes, bool _copyData) : data(_data), numberOfBitsAllocated(lengthInBytes * 8), numberOfBitsUsed(lengthInBytes * 8), readOffset(0), maxLength(lengthInBytes) {}
      |                                                        ~~~~~^~~~~~~~~
src/menu/../network/BitStream.h: In member function ‘void BitStream::Write(int)’:
src/menu/../network/BitStream.h:25:20: warning: unused parameter ‘data’ [-Wunused-parameter]
   25 |     void Write(int data) {}
      |                ~~~~^~~~
src/menu/../network/BitStream.h: In member function ‘void BitStream::Write(unsigned char)’:
src/menu/../network/BitStream.h:26:30: warning: unused parameter ‘data’ [-Wunused-parameter]
   26 |     void Write(unsigned char data) {}
      |                ~~~~~~~~~~~~~~^~~~
src/menu/../network/BitStream.h: In member function ‘void BitStream::Write(char)’:
src/menu/../network/BitStream.h:27:21: warning: unused parameter ‘data’ [-Wunused-parameter]
   27 |     void Write(char data) {}
      |                ~~~~~^~~~
src/menu/../network/BitStream.h: In member function ‘void BitStream::Write(char*, unsigned int)’:
src/menu/../network/BitStream.h:28:22: warning: unused parameter ‘data’ [-Wunused-parameter]
   28 |     void Write(char* data, const unsigned int length) {}
      |                ~~~~~~^~~~
src/menu/../network/BitStream.h:28:47: warning: unused parameter ‘length’ [-Wunused-parameter]
   28 |     void Write(char* data, const unsigned int length) {}
      |                            ~~~~~~~~~~~~~~~~~~~^~~~~~
src/menu/../network/BitStream.h: In member function ‘void BitStream::Write(long unsigned int)’:
src/menu/../network/BitStream.h:29:30: warning: unused parameter ‘data’ [-Wunused-parameter]
   29 |     void Write(unsigned long data) {}
      |                ~~~~~~~~~~~~~~^~~~
src/menu/../network/BitStream.h: In member function ‘void BitStream::Write(float)’:
src/menu/../network/BitStream.h:30:22: warning: unused parameter ‘data’ [-Wunused-parameter]
   30 |     void Write(float data) {}
      |                ~~~~~~^~~~
src/menu/../network/BitStream.h: In member function ‘void BitStream::Write(bool)’:
src/menu/../network/BitStream.h:31:21: warning: unused parameter ‘data’ [-Wunused-parameter]
   31 |     void Write(bool data) {}
      |                ~~~~~^~~~
src/menu/../network/BitStream.h: In member function ‘void BitStream::Read(char*&, unsigned int)’:
src/menu/../network/BitStream.h:42:22: warning: unused parameter ‘data’ [-Wunused-parameter]
   42 |     void Read(char* &data, const unsigned int length) {}
      |               ~~~~~~~^~~~
src/menu/../network/BitStream.h:42:47: warning: unused parameter ‘length’ [-Wunused-parameter]
   42 |     void Read(char* &data, const unsigned int length) {}
      |                            ~~~~~~~~~~~~~~~~~~~^~~~~~
src/menu/../network/BitStream.h: In member function ‘void BitStream::Read(const char*&, unsigned int)’:
src/menu/../network/BitStream.h:43:28: warning: unused parameter ‘data’ [-Wunused-parameter]
   43 |     void Read(const char* &data, const unsigned int length) {}
      |               ~~~~~~~~~~~~~^~~~
src/menu/../network/BitStream.h:43:53: warning: unused parameter ‘length’ [-Wunused-parameter]
   43 |     void Read(const char* &data, const unsigned int length) {}
      |                                  ~~~~~~~~~~~~~~~~~~~^~~~~~
src/menu/../network/BitStream.h: In member function ‘void BitStream::Read(void*, unsigned int)’:
src/menu/../network/BitStream.h:44:21: warning: unused parameter ‘data’ [-Wunused-parameter]
   44 |     void Read(void* data, const unsigned int length) {}
      |               ~~~~~~^~~~
src/menu/../network/BitStream.h:44:46: warning: unused parameter ‘length’ [-Wunused-parameter]
   44 |     void Read(void* data, const unsigned int length) {}
      |                           ~~~~~~~~~~~~~~~~~~~^~~~~~
src/menu/../network/BitStream.h: In member function ‘void BitStream::SetWriteOffset(unsigned int)’:
src/menu/../network/BitStream.h:47:38: warning: unused parameter ‘offset’ [-Wunused-parameter]
   47 |     void SetWriteOffset(unsigned int offset) {}
      |                         ~~~~~~~~~~~~~^~~~~~
In file included from src/menu/../network/RakNetworkFactory.h:9,
                 from src/menu/../gsnetcli.h:17:
src/menu/../network/RakClientInterface.h: In member function ‘bool RakClientInterface::Connect(const char*, short unsigned int, const char*, short unsigned int)’:
src/menu/../network/RakClientInterface.h:17:30: warning: unused parameter ‘serverIP’ [-Wunused-parameter]
   17 |     bool Connect(const char* serverIP, unsigned short serverPort, const char* clientIP, unsigned short clientPort) { return false; }
      |                  ~~~~~~~~~~~~^~~~~~~~
src/menu/../network/RakClientInterface.h:17:55: warning: unused parameter ‘serverPort’ [-Wunused-parameter]
   17 |     bool Connect(const char* serverIP, unsigned short serverPort, const char* clientIP, unsigned short clientPort) { return false; }
      |                                        ~~~~~~~~~~~~~~~^~~~~~~~~~
src/menu/../network/RakClientInterface.h:17:79: warning: unused parameter ‘clientIP’ [-Wunused-parameter]
   17 |     bool Connect(const char* serverIP, unsigned short serverPort, const char* clientIP, unsigned short clientPort) { return false; }
      |                                                                   ~~~~~~~~~~~~^~~~~~~~
src/menu/../network/RakClientInterface.h:17:104: warning: unused parameter ‘clientPort’ [-Wunused-parameter]
   17 |     bool Connect(const char* serverIP, unsigned short serverPort, const char* clientIP, unsigned short clientPort) { return false; }
      |                                                                                         ~~~~~~~~~~~~~~~^~~~~~~~~~
src/menu/../network/RakClientInterface.h: In member function ‘bool RakClientInterface::Connect(const char*, short unsigned int, short unsigned int, unsigned int, int)’:
src/menu/../network/RakClientInterface.h:18:30: warning: unused parameter ‘host’ [-Wunused-parameter]
   18 |     bool Connect(const char* host, unsigned short serverPort, unsigned short clientPort, unsigned int connectionValidationInteger, int timeoutMS) { return false; }
      |                  ~~~~~~~~~~~~^~~~
src/menu/../network/RakClientInterface.h:18:51: warning: unused parameter ‘serverPort’ [-Wunused-parameter]
   18 |     bool Connect(const char* host, unsigned short serverPort, unsigned short clientPort, unsigned int connectionValidationInteger, int timeoutMS) { return false; }
      |                                    ~~~~~~~~~~~~~~~^~~~~~~~~~
src/menu/../network/RakClientInterface.h:18:78: warning: unused parameter ‘clientPort’ [-Wunused-parameter]
   18 |     bool Connect(const char* host, unsigned short serverPort, unsigned short clientPort, unsigned int connectionValidationInteger, int timeoutMS) { return false; }
      |                                                               ~~~~~~~~~~~~~~~^~~~~~~~~~
src/menu/../network/RakClientInterface.h:18:103: warning: unused parameter ‘connectionValidationInteger’ [-Wunused-parameter]
   18 |     bool Connect(const char* host, unsigned short serverPort, unsigned short clientPort, unsigned int connectionValidationInteger, int timeoutMS) { return false; }
      |                                                                                          ~~~~~~~~~~~~~^~~~~~~~~~~~~~~~~~~~~~~~~~~
src/menu/../network/RakClientInterface.h:18:136: warning: unused parameter ‘timeoutMS’ [-Wunused-parameter]
   18 |     bool Connect(const char* host, unsigned short serverPort, unsigned short clientPort, unsigned int connectionValidationInteger, int timeoutMS) { return false; }
      |                                                                                                                                    ~~~~^~~~~~~~~
src/menu/../network/RakClientInterface.h: In member function ‘void RakClientInterface::Disconnect(unsigned int, unsigned char)’:
src/menu/../network/RakClientInterface.h:19:34: warning: unused parameter ‘blockDuration’ [-Wunused-parameter]
   19 |     void Disconnect(unsigned int blockDuration = 0, unsigned char orderingChannel = 0) {}
      |                     ~~~~~~~~~~~~~^~~~~~~~~~~~~~~~~
src/menu/../network/RakClientInterface.h:19:67: warning: unused parameter ‘orderingChannel’ [-Wunused-parameter]
   19 |     void Disconnect(unsigned int blockDuration = 0, unsigned char orderingChannel = 0) {}
      |                                                     ~~~~~~~~~~~~~~^~~~~~~~~~~~~~~~~~~
src/menu/../network/RakClientInterface.h: In member function ‘void RakClientInterface::PingServer(const char*, short unsigned int, short unsigned int)’:
src/menu/../network/RakClientInterface.h:21:33: warning: unused parameter ‘host’ [-Wunused-parameter]
   21 |     void PingServer(const char* host, unsigned short remotePort, unsigned short sendPort) {}
      |                     ~~~~~~~~~~~~^~~~
src/menu/../network/RakClientInterface.h:21:54: warning: unused parameter ‘remotePort’ [-Wunused-parameter]
   21 |     void PingServer(const char* host, unsigned short remotePort, unsigned short sendPort) {}
      |                                       ~~~~~~~~~~~~~~~^~~~~~~~~~
src/menu/../network/RakClientInterface.h:21:81: warning: unused parameter ‘sendPort’ [-Wunused-parameter]
   21 |     void PingServer(const char* host, unsigned short remotePort, unsigned short sendPort) {}
      |                                                                  ~~~~~~~~~~~~~~~^~~~~~~~
src/menu/../network/RakClientInterface.h: In member function ‘bool RakClientInterface::Send(const char*, int, unsigned char, char, char, PlayerID, bool)’:
src/menu/../network/RakClientInterface.h:25:27: warning: unused parameter ‘data’ [-Wunused-parameter]
   25 |     bool Send(const char* data, int length, unsigned char priority, char reliability, char orderingChannel, PlayerID playerId, bool broadcast) { return true; }
      |               ~~~~~~~~~~~~^~~~
src/menu/../network/RakClientInterface.h:25:37: warning: unused parameter ‘length’ [-Wunused-parameter]
   25 |     bool Send(const char* data, int length, unsigned char priority, char reliability, char orderingChannel, PlayerID playerId, bool broadcast) { return true; }
      |                                 ~~~~^~~~~~
src/menu/../network/RakClientInterface.h:25:59: warning: unused parameter ‘priority’ [-Wunused-parameter]
   25 |     bool Send(const char* data, int length, unsigned char priority, char reliability, char orderingChannel, PlayerID playerId, bool broadcast) { return true; }
      |                                             ~~~~~~~~~~~~~~^~~~~~~~
src/menu/../network/RakClientInterface.h:25:74: warning: unused parameter ‘reliability’ [-Wunused-parameter]
   25 |     bool Send(const char* data, int length, unsigned char priority, char reliability, char orderingChannel, PlayerID playerId, bool broadcast) { return true; }
      |                                                                     ~~~~~^~~~~~~~~~~
src/menu/../network/RakClientInterface.h:25:92: warning: unused parameter ‘orderingChannel’ [-Wunused-parameter]
   25 |     bool Send(const char* data, int length, unsigned char priority, char reliability, char orderingChannel, PlayerID playerId, bool broadcast) { return true; }
      |                                                                                       ~~~~~^~~~~~~~~~~~~~~
src/menu/../network/RakClientInterface.h:25:118: warning: unused parameter ‘playerId’ [-Wunused-parameter]
   25 |     bool Send(const char* data, int length, unsigned char priority, char reliability, char orderingChannel, PlayerID playerId, bool broadcast) { return true; }
      |                                                                                                             ~~~~~~~~~^~~~~~~~
src/menu/../network/RakClientInterface.h:25:133: warning: unused parameter ‘broadcast’ [-Wunused-parameter]
   25 |     bool Send(const char* data, int length, unsigned char priority, char reliability, char orderingChannel, PlayerID playerId, bool broadcast) { return true; }
      |                                                                                                                                ~~~~~^~~~~~~~~
src/menu/../network/RakClientInterface.h: In member function ‘bool RakClientInterface::Send(BitStream*, unsigned char, char, char)’:
src/menu/../network/RakClientInterface.h:26:32: warning: unused parameter ‘bitStream’ [-Wunused-parameter]
   26 |     bool Send(class BitStream *bitStream, unsigned char priority, char reliability, char orderingChannel) { return true; }
      |               ~~~~~~~~~~~~~~~~~^~~~~~~~~
src/menu/../network/RakClientInterface.h:26:57: warning: unused parameter ‘priority’ [-Wunused-parameter]
   26 |     bool Send(class BitStream *bitStream, unsigned char priority, char reliability, char orderingChannel) { return true; }
      |                                           ~~~~~~~~~~~~~~^~~~~~~~
src/menu/../network/RakClientInterface.h:26:72: warning: unused parameter ‘reliability’ [-Wunused-parameter]
   26 |     bool Send(class BitStream *bitStream, unsigned char priority, char reliability, char orderingChannel) { return true; }
      |                                                                   ~~~~~^~~~~~~~~~~
src/menu/../network/RakClientInterface.h:26:90: warning: unused parameter ‘orderingChannel’ [-Wunused-parameter]
   26 |     bool Send(class BitStream *bitStream, unsigned char priority, char reliability, char orderingChannel) { return true; }
      |                                                                                     ~~~~~^~~~~~~~~~~~~~~
src/menu/../network/RakClientInterface.h: In member function ‘void RakClientInterface::PushBackPacket(Packet*, bool)’:
src/menu/../network/RakClientInterface.h:27:33: warning: unused parameter ‘packet’ [-Wunused-parameter]
   27 |     void PushBackPacket(Packet* packet, bool pushAtHead) {}
      |                         ~~~~~~~~^~~~~~
src/menu/../network/RakClientInterface.h:27:46: warning: unused parameter ‘pushAtHead’ [-Wunused-parameter]
   27 |     void PushBackPacket(Packet* packet, bool pushAtHead) {}
      |                                         ~~~~~^~~~~~~~~~
src/menu/../network/RakClientInterface.h: In member function ‘void RakClientInterface::DeallocatePacket(Packet*)’:
src/menu/../network/RakClientInterface.h:35:35: warning: unused parameter ‘packet’ [-Wunused-parameter]
   35 |     void DeallocatePacket(Packet *packet) {}
      |                           ~~~~~~~~^~~~~~
src/menu/../network/RakClientInterface.h: In member function ‘const char* RakClientInterface::PlayerIDToDottedIP(PlayerID)’:
src/menu/../network/RakClientInterface.h:36:45: warning: unused parameter ‘playerId’ [-Wunused-parameter]
   36 |     const char* PlayerIDToDottedIP(PlayerID playerId) { return "0.0.0.0"; }
      |                                    ~~~~~~~~~^~~~~~~~
In file included from src/menu/../network/RakNetworkFactory.h:10:
src/menu/../network/RakServerInterface.h: In member function ‘bool RakServerInterface::Start(int, int, int, int)’:
src/menu/../network/RakServerInterface.h:19:20: warning: unused parameter ‘AllowedPlayers’ [-Wunused-parameter]
   19 |     bool Start(int AllowedPlayers, int connectionValidationInteger, int threadSleepTimer, int port) { return false; }
      |                ~~~~^~~~~~~~~~~~~~
src/menu/../network/RakServerInterface.h:19:40: warning: unused parameter ‘connectionValidationInteger’ [-Wunused-parameter]
   19 |     bool Start(int AllowedPlayers, int connectionValidationInteger, int threadSleepTimer, int port) { return false; }
      |                                    ~~~~^~~~~~~~~~~~~~~~~~~~~~~~~~~
src/menu/../network/RakServerInterface.h:19:73: warning: unused parameter ‘threadSleepTimer’ [-Wunused-parameter]
   19 |     bool Start(int AllowedPlayers, int connectionValidationInteger, int threadSleepTimer, int port) { return false; }
      |                                                                     ~~~~^~~~~~~~~~~~~~~~
src/menu/../network/RakServerInterface.h:19:95: warning: unused parameter ‘port’ [-Wunused-parameter]
   19 |     bool Start(int AllowedPlayers, int connectionValidationInteger, int threadSleepTimer, int port) { return false; }
      |                                                                                           ~~~~^~~~
src/menu/../network/RakServerInterface.h: In member function ‘void RakServerInterface::Disconnect(unsigned int, unsigned char)’:
src/menu/../network/RakServerInterface.h:20:34: warning: unused parameter ‘blockDuration’ [-Wunused-parameter]
   20 |     void Disconnect(unsigned int blockDuration = 0, unsigned char orderingChannel = 0) {}
      |                     ~~~~~~~~~~~~~^~~~~~~~~~~~~~~~~
src/menu/../network/RakServerInterface.h:20:67: warning: unused parameter ‘orderingChannel’ [-Wunused-parameter]
   20 |     void Disconnect(unsigned int blockDuration = 0, unsigned char orderingChannel = 0) {}
      |                                                     ~~~~~~~~~~~~~~^~~~~~~~~~~~~~~~~~~
src/menu/../network/RakServerInterface.h: In member function ‘bool RakServerInterface::Send(const char*, int, unsigned char, char, char, PlayerID, bool)’:
src/menu/../network/RakServerInterface.h:21:27: warning: unused parameter ‘data’ [-Wunused-parameter]
   21 |     bool Send(const char* data, int length, unsigned char priority, char reliability, char orderingChannel, PlayerID playerId, bool broadcast) { return true; }
      |               ~~~~~~~~~~~~^~~~
src/menu/../network/RakServerInterface.h:21:37: warning: unused parameter ‘length’ [-Wunused-parameter]
   21 |     bool Send(const char* data, int length, unsigned char priority, char reliability, char orderingChannel, PlayerID playerId, bool broadcast) { return true; }
      |                                 ~~~~^~~~~~
src/menu/../network/RakServerInterface.h:21:59: warning: unused parameter ‘priority’ [-Wunused-parameter]
   21 |     bool Send(const char* data, int length, unsigned char priority, char reliability, char orderingChannel, PlayerID playerId, bool broadcast) { return true; }
      |                                             ~~~~~~~~~~~~~~^~~~~~~~
src/menu/../network/RakServerInterface.h:21:74: warning: unused parameter ‘reliability’ [-Wunused-parameter]
   21 |     bool Send(const char* data, int length, unsigned char priority, char reliability, char orderingChannel, PlayerID playerId, bool broadcast) { return true; }
      |                                                                     ~~~~~^~~~~~~~~~~
src/menu/../network/RakServerInterface.h:21:92: warning: unused parameter ‘orderingChannel’ [-Wunused-parameter]
   21 |     bool Send(const char* data, int length, unsigned char priority, char reliability, char orderingChannel, PlayerID playerId, bool broadcast) { return true; }
      |                                                                                       ~~~~~^~~~~~~~~~~~~~~
src/menu/../network/RakServerInterface.h:21:118: warning: unused parameter ‘playerId’ [-Wunused-parameter]
   21 |     bool Send(const char* data, int length, unsigned char priority, char reliability, char orderingChannel, PlayerID playerId, bool broadcast) { return true; }
      |                                                                                                             ~~~~~~~~~^~~~~~~~
src/menu/../network/RakServerInterface.h:21:133: warning: unused parameter ‘broadcast’ [-Wunused-parameter]
   21 |     bool Send(const char* data, int length, unsigned char priority, char reliability, char orderingChannel, PlayerID playerId, bool broadcast) { return true; }
      |                                                                                                                                ~~~~~^~~~~~~~~
src/menu/../network/RakServerInterface.h: In member function ‘bool RakServerInterface::Send(BitStream*, unsigned char, char, char, PlayerID, bool)’:
src/menu/../network/RakServerInterface.h:22:32: warning: unused parameter ‘bitStream’ [-Wunused-parameter]
   22 |     bool Send(class BitStream *bitStream, unsigned char priority, char reliability, char orderingChannel, PlayerID playerId, bool broadcast) { return true; }
      |               ~~~~~~~~~~~~~~~~~^~~~~~~~~
src/menu/../network/RakServerInterface.h:22:57: warning: unused parameter ‘priority’ [-Wunused-parameter]
   22 |     bool Send(class BitStream *bitStream, unsigned char priority, char reliability, char orderingChannel, PlayerID playerId, bool broadcast) { return true; }
      |                                           ~~~~~~~~~~~~~~^~~~~~~~
src/menu/../network/RakServerInterface.h:22:72: warning: unused parameter ‘reliability’ [-Wunused-parameter]
   22 |     bool Send(class BitStream *bitStream, unsigned char priority, char reliability, char orderingChannel, PlayerID playerId, bool broadcast) { return true; }
      |                                                                   ~~~~~^~~~~~~~~~~
src/menu/../network/RakServerInterface.h:22:90: warning: unused parameter ‘orderingChannel’ [-Wunused-parameter]
   22 |     bool Send(class BitStream *bitStream, unsigned char priority, char reliability, char orderingChannel, PlayerID playerId, bool broadcast) { return true; }
      |                                                                                     ~~~~~^~~~~~~~~~~~~~~
src/menu/../network/RakServerInterface.h:22:116: warning: unused parameter ‘playerId’ [-Wunused-parameter]
   22 |     bool Send(class BitStream *bitStream, unsigned char priority, char reliability, char orderingChannel, PlayerID playerId, bool broadcast) { return true; }
      |                                                                                                           ~~~~~~~~~^~~~~~~~
src/menu/../network/RakServerInterface.h:22:131: warning: unused parameter ‘broadcast’ [-Wunused-parameter]
   22 |     bool Send(class BitStream *bitStream, unsigned char priority, char reliability, char orderingChannel, PlayerID playerId, bool broadcast) { return true; }
      |                                                                                                                              ~~~~~^~~~~~~~~
src/menu/../network/RakServerInterface.h: In member function ‘void RakServerInterface::PushBackPacket(Packet*, bool)’:
src/menu/../network/RakServerInterface.h:23:33: warning: unused parameter ‘packet’ [-Wunused-parameter]
   23 |     void PushBackPacket(Packet* packet, bool pushAtHead) {}
      |                         ~~~~~~~~^~~~~~
src/menu/../network/RakServerInterface.h:23:46: warning: unused parameter ‘pushAtHead’ [-Wunused-parameter]
   23 |     void PushBackPacket(Packet* packet, bool pushAtHead) {}
      |                                         ~~~~~^~~~~~~~~~
src/menu/../network/RakServerInterface.h: In member function ‘void RakServerInterface::DeallocatePacket(Packet*)’:
src/menu/../network/RakServerInterface.h:24:35: warning: unused parameter ‘packet’ [-Wunused-parameter]
   24 |     void DeallocatePacket(Packet* packet) {}
      |                           ~~~~~~~~^~~~~~
src/menu/../network/RakServerInterface.h: In member function ‘int RakServerInterface::GetAveragePing(PlayerID)’:
src/menu/../network/RakServerInterface.h:25:33: warning: unused parameter ‘playerId’ [-Wunused-parameter]
   25 |     int GetAveragePing(PlayerID playerId) { return 0; }
      |                        ~~~~~~~~~^~~~~~~~
src/menu/../network/RakServerInterface.h: In member function ‘int RakServerInterface::GetLastPing(PlayerID)’:
src/menu/../network/RakServerInterface.h:26:30: warning: unused parameter ‘playerId’ [-Wunused-parameter]
   26 |     int GetLastPing(PlayerID playerId) { return 0; }
      |                     ~~~~~~~~~^~~~~~~~
src/menu/../network/RakServerInterface.h: In member function ‘int RakServerInterface::GetLowestPing(PlayerID)’:
src/menu/../network/RakServerInterface.h:27:32: warning: unused parameter ‘playerId’ [-Wunused-parameter]
   27 |     int GetLowestPing(PlayerID playerId) { return 0; }
      |                       ~~~~~~~~~^~~~~~~~
src/menu/../network/RakServerInterface.h: In member function ‘void RakServerInterface::Kick(PlayerID)’:
src/menu/../network/RakServerInterface.h:28:24: warning: unused parameter ‘playerId’ [-Wunused-parameter]
   28 |     void Kick(PlayerID playerId) {}
      |               ~~~~~~~~~^~~~~~~~
src/menu/../network/RakServerInterface.h: In member function ‘void RakServerInterface::SetAllowedPlayers(int)’:
src/menu/../network/RakServerInterface.h:31:32: warning: unused parameter ‘maxPlayers’ [-Wunused-parameter]
   31 |     void SetAllowedPlayers(int maxPlayers) {}
      |                            ~~~~^~~~~~~~~~
src/menu/../network/RakServerInterface.h: In member function ‘void* RakServerInterface::GetStatistics(PlayerID)’:
src/menu/../network/RakServerInterface.h:35:34: warning: unused parameter ‘playerId’ [-Wunused-parameter]
   35 |     void* GetStatistics(PlayerID playerId) { return 0; }
      |                         ~~~~~~~~~^~~~~~~~
src/menu/../network/RakNetworkFactory.h: In static member function ‘static void RakNetworkFactory::DestroyRakNetwork(void*)’:
src/menu/../network/RakNetworkFactory.h:15:41: warning: unused parameter ‘network’ [-Wunused-parameter]
   15 |     static void DestroyRakNetwork(void* network) {}
      |                                   ~~~~~~^~~~~~~
src/menu/../network/RakServerInterface.h: At global scope:
src/menu/../network/RakServerInterface.h:49:17: warning: ‘UNASSIGNED_PLAYER_ID’ defined but not used [-Wunused-variable]
   49 | static PlayerID UNASSIGNED_PLAYER_ID = {0, 0};
      |                 ^~~~~~~~~~~~~~~~~~~~
Compiling src/menu/mminig.cpp...
g++ -O2 -Wall -Wextra -std=c++11 -fpermissive -DDIRECT_ASSET_LOADING  -I/usr/include/lua5.4 -I./src -c src/menu/mminig.cpp -o obj/menu/mminig.o
In file included from src/menu/../gsbullet.h:17,
                 from src/menu/../gsplayer.h:17,
                 from src/menu/mminig.cpp:19:
src/menu/../luaclass.h: In member function ‘void Lua::open(int)’:
src/menu/../luaclass.h:20:23: warning: unused parameter ‘stacksize’ [-Wunused-parameter]
   20 |         void open(int stacksize = 0)
      |                   ~~~~^~~~~~~~~~~~~
src/menu/../luaclass.h: In member function ‘void Lua::setgcthreshold(int)’:
src/menu/../luaclass.h:136:33: warning: unused parameter ‘newthreshold’ [-Wunused-parameter]
  136 |         void setgcthreshold(int newthreshold)
      |                             ~~~~^~~~~~~~~~~~
In file included from src/menu/mminig.cpp:22:
src/menu/../gsscript.h: At global scope:
src/menu/../gsscript.h:43:43: warning: ISO C++ forbids converting a string constant to ‘char*’ [-Wwrite-strings]
   43 |     void  read_level_files(int=0, char *n="");
      |                                           ^~
src/menu/../gsscript.h: In constructor ‘mMiniGame::mMiniGame()’:
src/menu/../gsscript.h:43:43: warning: ISO C++ forbids converting a string constant to ‘char*’ [-Wwrite-strings]
src/menu/mminig.cpp: In member function ‘void mMiniGame::init(int)’:
src/menu/mminig.cpp:177:47: warning: ISO C++ forbids converting a string constant to ‘char*’ [-Wwrite-strings]
  177 |   button[M_MINIGAME_OPT_EXTRAS_TXT]->set_text("n/a");
      |                                               ^~~~~
src/menu/mminig.cpp: In member function ‘int mMiniGame::handle_controls()’:
src/menu/mminig.cpp:345:5: warning: this ‘if’ clause does not guard... [-Wmisleading-indentation]
  345 |     if (minimap) destroy_bitmap(minimap); minimap = NULL;
      |     ^~
src/menu/mminig.cpp:345:43: note: ...this statement, but the latter is misleadingly indented as if it were guarded by the ‘if’
  345 |     if (minimap) destroy_bitmap(minimap); minimap = NULL;
      |                                           ^~~~~~~
src/menu/mminig.cpp:382:49: warning: ISO C++ forbids converting a string constant to ‘char*’ [-Wwrite-strings]
  382 |       button[M_MINIGAME_LEVELINFOBOX]->set_text("");
      |                                                 ^~
src/menu/mminig.cpp: In member function ‘void mMiniGame::init(int)’:
src/menu/mminig.cpp:120:10: warning: ‘char* __builtin_strncpy(char*, const char*, long unsigned int)’ output may be truncated copying 20 bytes from a string of length 20 [-Wstringop-truncation]
  120 |   strncpy(filename, globals->pplayer[0].pship, 20); strupr(filename);
      |          ^
src/menu/mminig.cpp:142:10: warning: ‘char* __builtin_strncpy(char*, const char*, long unsigned int)’ output may be truncated copying 20 bytes from a string of length 20 [-Wstringop-truncation]
  142 |   strncpy(filename, globals->pplayer[1].pship, 20); strupr(filename);
      |          ^
Compiling src/menu/mnetgame.cpp...
g++ -O2 -Wall -Wextra -std=c++11 -fpermissive -DDIRECT_ASSET_LOADING  -I/usr/include/lua5.4 -I./src -c src/menu/mnetgame.cpp -o obj/menu/mnetgame.o
In file included from src/menu/../gsnetw.h:18,
                 from src/menu/mnetgame.cpp:22:
src/menu/../gsnetsrv.h:67:7: warning: extra tokens at end of #endif directive [-Wendif-labels]
   67 | #endif;
      |       ^
In file included from src/menu/../gsbullet.h:17,
                 from src/menu/../gsplayer.h:17,
                 from src/menu/mnetgame.cpp:17:
src/menu/../luaclass.h: In member function ‘void Lua::open(int)’:
src/menu/../luaclass.h:20:23: warning: unused parameter ‘stacksize’ [-Wunused-parameter]
   20 |         void open(int stacksize = 0)
      |                   ~~~~^~~~~~~~~~~~~
src/menu/../luaclass.h: In member function ‘void Lua::setgcthreshold(int)’:
src/menu/../luaclass.h:136:33: warning: unused parameter ‘newthreshold’ [-Wunused-parameter]
  136 |         void setgcthreshold(int newthreshold)
      |                             ~~~~^~~~~~~~~~~~
In file included from src/menu/mnetgame.cpp:21:
src/menu/../gsscript.h: At global scope:
src/menu/../gsscript.h:43:43: warning: ISO C++ forbids converting a string constant to ‘char*’ [-Wwrite-strings]
   43 |     void  read_level_files(int=0, char *n="");
      |                                           ^~
In file included from src/menu/../gsnetcli.h:16,
                 from src/menu/../gsnetw.h:17:
src/menu/../network/BitStream.h: In constructor ‘BitStream::BitStream(char*, unsigned int, bool)’:
src/menu/../network/BitStream.h:22:61: warning: unused parameter ‘_copyData’ [-Wunused-parameter]
   22 |     BitStream(char* _data, unsigned int lengthInBytes, bool _copyData) : data(_data), numberOfBitsAllocated(lengthInBytes * 8), numberOfBitsUsed(lengthInBytes * 8), readOffset(0), maxLength(lengthInBytes) {}
      |                                                        ~~~~~^~~~~~~~~
src/menu/../network/BitStream.h: In member function ‘void BitStream::Write(int)’:
src/menu/../network/BitStream.h:25:20: warning: unused parameter ‘data’ [-Wunused-parameter]
   25 |     void Write(int data) {}
      |                ~~~~^~~~
src/menu/../network/BitStream.h: In member function ‘void BitStream::Write(unsigned char)’:
src/menu/../network/BitStream.h:26:30: warning: unused parameter ‘data’ [-Wunused-parameter]
   26 |     void Write(unsigned char data) {}
      |                ~~~~~~~~~~~~~~^~~~
src/menu/../network/BitStream.h: In member function ‘void BitStream::Write(char)’:
src/menu/../network/BitStream.h:27:21: warning: unused parameter ‘data’ [-Wunused-parameter]
   27 |     void Write(char data) {}
      |                ~~~~~^~~~
src/menu/../network/BitStream.h: In member function ‘void BitStream::Write(char*, unsigned int)’:
src/menu/../network/BitStream.h:28:22: warning: unused parameter ‘data’ [-Wunused-parameter]
   28 |     void Write(char* data, const unsigned int length) {}
      |                ~~~~~~^~~~
src/menu/../network/BitStream.h:28:47: warning: unused parameter ‘length’ [-Wunused-parameter]
   28 |     void Write(char* data, const unsigned int length) {}
      |                            ~~~~~~~~~~~~~~~~~~~^~~~~~
src/menu/../network/BitStream.h: In member function ‘void BitStream::Write(long unsigned int)’:
src/menu/../network/BitStream.h:29:30: warning: unused parameter ‘data’ [-Wunused-parameter]
   29 |     void Write(unsigned long data) {}
      |                ~~~~~~~~~~~~~~^~~~
src/menu/../network/BitStream.h: In member function ‘void BitStream::Write(float)’:
src/menu/../network/BitStream.h:30:22: warning: unused parameter ‘data’ [-Wunused-parameter]
   30 |     void Write(float data) {}
      |                ~~~~~~^~~~
src/menu/../network/BitStream.h: In member function ‘void BitStream::Write(bool)’:
src/menu/../network/BitStream.h:31:21: warning: unused parameter ‘data’ [-Wunused-parameter]
   31 |     void Write(bool data) {}
      |                ~~~~~^~~~
src/menu/../network/BitStream.h: In member function ‘void BitStream::Read(char*&, unsigned int)’:
src/menu/../network/BitStream.h:42:22: warning: unused parameter ‘data’ [-Wunused-parameter]
   42 |     void Read(char* &data, const unsigned int length) {}
      |               ~~~~~~~^~~~
src/menu/../network/BitStream.h:42:47: warning: unused parameter ‘length’ [-Wunused-parameter]
   42 |     void Read(char* &data, const unsigned int length) {}
      |                            ~~~~~~~~~~~~~~~~~~~^~~~~~
src/menu/../network/BitStream.h: In member function ‘void BitStream::Read(const char*&, unsigned int)’:
src/menu/../network/BitStream.h:43:28: warning: unused parameter ‘data’ [-Wunused-parameter]
   43 |     void Read(const char* &data, const unsigned int length) {}
      |               ~~~~~~~~~~~~~^~~~
src/menu/../network/BitStream.h:43:53: warning: unused parameter ‘length’ [-Wunused-parameter]
   43 |     void Read(const char* &data, const unsigned int length) {}
      |                                  ~~~~~~~~~~~~~~~~~~~^~~~~~
src/menu/../network/BitStream.h: In member function ‘void BitStream::Read(void*, unsigned int)’:
src/menu/../network/BitStream.h:44:21: warning: unused parameter ‘data’ [-Wunused-parameter]
   44 |     void Read(void* data, const unsigned int length) {}
      |               ~~~~~~^~~~
src/menu/../network/BitStream.h:44:46: warning: unused parameter ‘length’ [-Wunused-parameter]
   44 |     void Read(void* data, const unsigned int length) {}
      |                           ~~~~~~~~~~~~~~~~~~~^~~~~~
src/menu/../network/BitStream.h: In member function ‘void BitStream::SetWriteOffset(unsigned int)’:
src/menu/../network/BitStream.h:47:38: warning: unused parameter ‘offset’ [-Wunused-parameter]
   47 |     void SetWriteOffset(unsigned int offset) {}
      |                         ~~~~~~~~~~~~~^~~~~~
In file included from src/menu/../network/RakNetworkFactory.h:9,
                 from src/menu/../gsnetcli.h:17:
src/menu/../network/RakClientInterface.h: In member function ‘bool RakClientInterface::Connect(const char*, short unsigned int, const char*, short unsigned int)’:
src/menu/../network/RakClientInterface.h:17:30: warning: unused parameter ‘serverIP’ [-Wunused-parameter]
   17 |     bool Connect(const char* serverIP, unsigned short serverPort, const char* clientIP, unsigned short clientPort) { return false; }
      |                  ~~~~~~~~~~~~^~~~~~~~
src/menu/../network/RakClientInterface.h:17:55: warning: unused parameter ‘serverPort’ [-Wunused-parameter]
   17 |     bool Connect(const char* serverIP, unsigned short serverPort, const char* clientIP, unsigned short clientPort) { return false; }
      |                                        ~~~~~~~~~~~~~~~^~~~~~~~~~
src/menu/../network/RakClientInterface.h:17:79: warning: unused parameter ‘clientIP’ [-Wunused-parameter]
   17 |     bool Connect(const char* serverIP, unsigned short serverPort, const char* clientIP, unsigned short clientPort) { return false; }
      |                                                                   ~~~~~~~~~~~~^~~~~~~~
src/menu/../network/RakClientInterface.h:17:104: warning: unused parameter ‘clientPort’ [-Wunused-parameter]
   17 |     bool Connect(const char* serverIP, unsigned short serverPort, const char* clientIP, unsigned short clientPort) { return false; }
      |                                                                                         ~~~~~~~~~~~~~~~^~~~~~~~~~
src/menu/../network/RakClientInterface.h: In member function ‘bool RakClientInterface::Connect(const char*, short unsigned int, short unsigned int, unsigned int, int)’:
src/menu/../network/RakClientInterface.h:18:30: warning: unused parameter ‘host’ [-Wunused-parameter]
   18 |     bool Connect(const char* host, unsigned short serverPort, unsigned short clientPort, unsigned int connectionValidationInteger, int timeoutMS) { return false; }
      |                  ~~~~~~~~~~~~^~~~
src/menu/../network/RakClientInterface.h:18:51: warning: unused parameter ‘serverPort’ [-Wunused-parameter]
   18 |     bool Connect(const char* host, unsigned short serverPort, unsigned short clientPort, unsigned int connectionValidationInteger, int timeoutMS) { return false; }
      |                                    ~~~~~~~~~~~~~~~^~~~~~~~~~
src/menu/../network/RakClientInterface.h:18:78: warning: unused parameter ‘clientPort’ [-Wunused-parameter]
   18 |     bool Connect(const char* host, unsigned short serverPort, unsigned short clientPort, unsigned int connectionValidationInteger, int timeoutMS) { return false; }
      |                                                               ~~~~~~~~~~~~~~~^~~~~~~~~~
src/menu/../network/RakClientInterface.h:18:103: warning: unused parameter ‘connectionValidationInteger’ [-Wunused-parameter]
   18 |     bool Connect(const char* host, unsigned short serverPort, unsigned short clientPort, unsigned int connectionValidationInteger, int timeoutMS) { return false; }
      |                                                                                          ~~~~~~~~~~~~~^~~~~~~~~~~~~~~~~~~~~~~~~~~
src/menu/../network/RakClientInterface.h:18:136: warning: unused parameter ‘timeoutMS’ [-Wunused-parameter]
   18 |     bool Connect(const char* host, unsigned short serverPort, unsigned short clientPort, unsigned int connectionValidationInteger, int timeoutMS) { return false; }
      |                                                                                                                                    ~~~~^~~~~~~~~
src/menu/../network/RakClientInterface.h: In member function ‘void RakClientInterface::Disconnect(unsigned int, unsigned char)’:
src/menu/../network/RakClientInterface.h:19:34: warning: unused parameter ‘blockDuration’ [-Wunused-parameter]
   19 |     void Disconnect(unsigned int blockDuration = 0, unsigned char orderingChannel = 0) {}
      |                     ~~~~~~~~~~~~~^~~~~~~~~~~~~~~~~
src/menu/../network/RakClientInterface.h:19:67: warning: unused parameter ‘orderingChannel’ [-Wunused-parameter]
   19 |     void Disconnect(unsigned int blockDuration = 0, unsigned char orderingChannel = 0) {}
      |                                                     ~~~~~~~~~~~~~~^~~~~~~~~~~~~~~~~~~
src/menu/../network/RakClientInterface.h: In member function ‘void RakClientInterface::PingServer(const char*, short unsigned int, short unsigned int)’:
src/menu/../network/RakClientInterface.h:21:33: warning: unused parameter ‘host’ [-Wunused-parameter]
   21 |     void PingServer(const char* host, unsigned short remotePort, unsigned short sendPort) {}
      |                     ~~~~~~~~~~~~^~~~
src/menu/../network/RakClientInterface.h:21:54: warning: unused parameter ‘remotePort’ [-Wunused-parameter]
   21 |     void PingServer(const char* host, unsigned short remotePort, unsigned short sendPort) {}
      |                                       ~~~~~~~~~~~~~~~^~~~~~~~~~
src/menu/../network/RakClientInterface.h:21:81: warning: unused parameter ‘sendPort’ [-Wunused-parameter]
   21 |     void PingServer(const char* host, unsigned short remotePort, unsigned short sendPort) {}
      |                                                                  ~~~~~~~~~~~~~~~^~~~~~~~
src/menu/../network/RakClientInterface.h: In member function ‘bool RakClientInterface::Send(const char*, int, unsigned char, char, char, PlayerID, bool)’:
src/menu/../network/RakClientInterface.h:25:27: warning: unused parameter ‘data’ [-Wunused-parameter]
   25 |     bool Send(const char* data, int length, unsigned char priority, char reliability, char orderingChannel, PlayerID playerId, bool broadcast) { return true; }
      |               ~~~~~~~~~~~~^~~~
src/menu/../network/RakClientInterface.h:25:37: warning: unused parameter ‘length’ [-Wunused-parameter]
   25 |     bool Send(const char* data, int length, unsigned char priority, char reliability, char orderingChannel, PlayerID playerId, bool broadcast) { return true; }
      |                                 ~~~~^~~~~~
src/menu/../network/RakClientInterface.h:25:59: warning: unused parameter ‘priority’ [-Wunused-parameter]
   25 |     bool Send(const char* data, int length, unsigned char priority, char reliability, char orderingChannel, PlayerID playerId, bool broadcast) { return true; }
      |                                             ~~~~~~~~~~~~~~^~~~~~~~
src/menu/../network/RakClientInterface.h:25:74: warning: unused parameter ‘reliability’ [-Wunused-parameter]
   25 |     bool Send(const char* data, int length, unsigned char priority, char reliability, char orderingChannel, PlayerID playerId, bool broadcast) { return true; }
      |                                                                     ~~~~~^~~~~~~~~~~
src/menu/../network/RakClientInterface.h:25:92: warning: unused parameter ‘orderingChannel’ [-Wunused-parameter]
   25 |     bool Send(const char* data, int length, unsigned char priority, char reliability, char orderingChannel, PlayerID playerId, bool broadcast) { return true; }
      |                                                                                       ~~~~~^~~~~~~~~~~~~~~
src/menu/../network/RakClientInterface.h:25:118: warning: unused parameter ‘playerId’ [-Wunused-parameter]
   25 |     bool Send(const char* data, int length, unsigned char priority, char reliability, char orderingChannel, PlayerID playerId, bool broadcast) { return true; }
      |                                                                                                             ~~~~~~~~~^~~~~~~~
src/menu/../network/RakClientInterface.h:25:133: warning: unused parameter ‘broadcast’ [-Wunused-parameter]
   25 |     bool Send(const char* data, int length, unsigned char priority, char reliability, char orderingChannel, PlayerID playerId, bool broadcast) { return true; }
      |                                                                                                                                ~~~~~^~~~~~~~~
src/menu/../network/RakClientInterface.h: In member function ‘bool RakClientInterface::Send(BitStream*, unsigned char, char, char)’:
src/menu/../network/RakClientInterface.h:26:32: warning: unused parameter ‘bitStream’ [-Wunused-parameter]
   26 |     bool Send(class BitStream *bitStream, unsigned char priority, char reliability, char orderingChannel) { return true; }
      |               ~~~~~~~~~~~~~~~~~^~~~~~~~~
src/menu/../network/RakClientInterface.h:26:57: warning: unused parameter ‘priority’ [-Wunused-parameter]
   26 |     bool Send(class BitStream *bitStream, unsigned char priority, char reliability, char orderingChannel) { return true; }
      |                                           ~~~~~~~~~~~~~~^~~~~~~~
src/menu/../network/RakClientInterface.h:26:72: warning: unused parameter ‘reliability’ [-Wunused-parameter]
   26 |     bool Send(class BitStream *bitStream, unsigned char priority, char reliability, char orderingChannel) { return true; }
      |                                                                   ~~~~~^~~~~~~~~~~
src/menu/../network/RakClientInterface.h:26:90: warning: unused parameter ‘orderingChannel’ [-Wunused-parameter]
   26 |     bool Send(class BitStream *bitStream, unsigned char priority, char reliability, char orderingChannel) { return true; }
      |                                                                                     ~~~~~^~~~~~~~~~~~~~~
src/menu/../network/RakClientInterface.h: In member function ‘void RakClientInterface::PushBackPacket(Packet*, bool)’:
src/menu/../network/RakClientInterface.h:27:33: warning: unused parameter ‘packet’ [-Wunused-parameter]
   27 |     void PushBackPacket(Packet* packet, bool pushAtHead) {}
      |                         ~~~~~~~~^~~~~~
src/menu/../network/RakClientInterface.h:27:46: warning: unused parameter ‘pushAtHead’ [-Wunused-parameter]
   27 |     void PushBackPacket(Packet* packet, bool pushAtHead) {}
      |                                         ~~~~~^~~~~~~~~~
src/menu/../network/RakClientInterface.h: In member function ‘void RakClientInterface::DeallocatePacket(Packet*)’:
src/menu/../network/RakClientInterface.h:35:35: warning: unused parameter ‘packet’ [-Wunused-parameter]
   35 |     void DeallocatePacket(Packet *packet) {}
      |                           ~~~~~~~~^~~~~~
src/menu/../network/RakClientInterface.h: In member function ‘const char* RakClientInterface::PlayerIDToDottedIP(PlayerID)’:
src/menu/../network/RakClientInterface.h:36:45: warning: unused parameter ‘playerId’ [-Wunused-parameter]
   36 |     const char* PlayerIDToDottedIP(PlayerID playerId) { return "0.0.0.0"; }
      |                                    ~~~~~~~~~^~~~~~~~
In file included from src/menu/../network/RakNetworkFactory.h:10:
src/menu/../network/RakServerInterface.h: In member function ‘bool RakServerInterface::Start(int, int, int, int)’:
src/menu/../network/RakServerInterface.h:19:20: warning: unused parameter ‘AllowedPlayers’ [-Wunused-parameter]
   19 |     bool Start(int AllowedPlayers, int connectionValidationInteger, int threadSleepTimer, int port) { return false; }
      |                ~~~~^~~~~~~~~~~~~~
src/menu/../network/RakServerInterface.h:19:40: warning: unused parameter ‘connectionValidationInteger’ [-Wunused-parameter]
   19 |     bool Start(int AllowedPlayers, int connectionValidationInteger, int threadSleepTimer, int port) { return false; }
      |                                    ~~~~^~~~~~~~~~~~~~~~~~~~~~~~~~~
src/menu/../network/RakServerInterface.h:19:73: warning: unused parameter ‘threadSleepTimer’ [-Wunused-parameter]
   19 |     bool Start(int AllowedPlayers, int connectionValidationInteger, int threadSleepTimer, int port) { return false; }
      |                                                                     ~~~~^~~~~~~~~~~~~~~~
src/menu/../network/RakServerInterface.h:19:95: warning: unused parameter ‘port’ [-Wunused-parameter]
   19 |     bool Start(int AllowedPlayers, int connectionValidationInteger, int threadSleepTimer, int port) { return false; }
      |                                                                                           ~~~~^~~~
src/menu/../network/RakServerInterface.h: In member function ‘void RakServerInterface::Disconnect(unsigned int, unsigned char)’:
src/menu/../network/RakServerInterface.h:20:34: warning: unused parameter ‘blockDuration’ [-Wunused-parameter]
   20 |     void Disconnect(unsigned int blockDuration = 0, unsigned char orderingChannel = 0) {}
      |                     ~~~~~~~~~~~~~^~~~~~~~~~~~~~~~~
src/menu/../network/RakServerInterface.h:20:67: warning: unused parameter ‘orderingChannel’ [-Wunused-parameter]
   20 |     void Disconnect(unsigned int blockDuration = 0, unsigned char orderingChannel = 0) {}
      |                                                     ~~~~~~~~~~~~~~^~~~~~~~~~~~~~~~~~~
src/menu/../network/RakServerInterface.h: In member function ‘bool RakServerInterface::Send(const char*, int, unsigned char, char, char, PlayerID, bool)’:
src/menu/../network/RakServerInterface.h:21:27: warning: unused parameter ‘data’ [-Wunused-parameter]
   21 |     bool Send(const char* data, int length, unsigned char priority, char reliability, char orderingChannel, PlayerID playerId, bool broadcast) { return true; }
      |               ~~~~~~~~~~~~^~~~
src/menu/../network/RakServerInterface.h:21:37: warning: unused parameter ‘length’ [-Wunused-parameter]
   21 |     bool Send(const char* data, int length, unsigned char priority, char reliability, char orderingChannel, PlayerID playerId, bool broadcast) { return true; }
      |                                 ~~~~^~~~~~
src/menu/../network/RakServerInterface.h:21:59: warning: unused parameter ‘priority’ [-Wunused-parameter]
   21 |     bool Send(const char* data, int length, unsigned char priority, char reliability, char orderingChannel, PlayerID playerId, bool broadcast) { return true; }
      |                                             ~~~~~~~~~~~~~~^~~~~~~~
src/menu/../network/RakServerInterface.h:21:74: warning: unused parameter ‘reliability’ [-Wunused-parameter]
   21 |     bool Send(const char* data, int length, unsigned char priority, char reliability, char orderingChannel, PlayerID playerId, bool broadcast) { return true; }
      |                                                                     ~~~~~^~~~~~~~~~~
src/menu/../network/RakServerInterface.h:21:92: warning: unused parameter ‘orderingChannel’ [-Wunused-parameter]
   21 |     bool Send(const char* data, int length, unsigned char priority, char reliability, char orderingChannel, PlayerID playerId, bool broadcast) { return true; }
      |                                                                                       ~~~~~^~~~~~~~~~~~~~~
src/menu/../network/RakServerInterface.h:21:118: warning: unused parameter ‘playerId’ [-Wunused-parameter]
   21 |     bool Send(const char* data, int length, unsigned char priority, char reliability, char orderingChannel, PlayerID playerId, bool broadcast) { return true; }
      |                                                                                                             ~~~~~~~~~^~~~~~~~
src/menu/../network/RakServerInterface.h:21:133: warning: unused parameter ‘broadcast’ [-Wunused-parameter]
   21 |     bool Send(const char* data, int length, unsigned char priority, char reliability, char orderingChannel, PlayerID playerId, bool broadcast) { return true; }
      |                                                                                                                                ~~~~~^~~~~~~~~
src/menu/../network/RakServerInterface.h: In member function ‘bool RakServerInterface::Send(BitStream*, unsigned char, char, char, PlayerID, bool)’:
src/menu/../network/RakServerInterface.h:22:32: warning: unused parameter ‘bitStream’ [-Wunused-parameter]
   22 |     bool Send(class BitStream *bitStream, unsigned char priority, char reliability, char orderingChannel, PlayerID playerId, bool broadcast) { return true; }
      |               ~~~~~~~~~~~~~~~~~^~~~~~~~~
src/menu/../network/RakServerInterface.h:22:57: warning: unused parameter ‘priority’ [-Wunused-parameter]
   22 |     bool Send(class BitStream *bitStream, unsigned char priority, char reliability, char orderingChannel, PlayerID playerId, bool broadcast) { return true; }
      |                                           ~~~~~~~~~~~~~~^~~~~~~~
src/menu/../network/RakServerInterface.h:22:72: warning: unused parameter ‘reliability’ [-Wunused-parameter]
   22 |     bool Send(class BitStream *bitStream, unsigned char priority, char reliability, char orderingChannel, PlayerID playerId, bool broadcast) { return true; }
      |                                                                   ~~~~~^~~~~~~~~~~
src/menu/../network/RakServerInterface.h:22:90: warning: unused parameter ‘orderingChannel’ [-Wunused-parameter]
   22 |     bool Send(class BitStream *bitStream, unsigned char priority, char reliability, char orderingChannel, PlayerID playerId, bool broadcast) { return true; }
      |                                                                                     ~~~~~^~~~~~~~~~~~~~~
src/menu/../network/RakServerInterface.h:22:116: warning: unused parameter ‘playerId’ [-Wunused-parameter]
   22 |     bool Send(class BitStream *bitStream, unsigned char priority, char reliability, char orderingChannel, PlayerID playerId, bool broadcast) { return true; }
      |                                                                                                           ~~~~~~~~~^~~~~~~~
src/menu/../network/RakServerInterface.h:22:131: warning: unused parameter ‘broadcast’ [-Wunused-parameter]
   22 |     bool Send(class BitStream *bitStream, unsigned char priority, char reliability, char orderingChannel, PlayerID playerId, bool broadcast) { return true; }
      |                                                                                                                              ~~~~~^~~~~~~~~
src/menu/../network/RakServerInterface.h: In member function ‘void RakServerInterface::PushBackPacket(Packet*, bool)’:
src/menu/../network/RakServerInterface.h:23:33: warning: unused parameter ‘packet’ [-Wunused-parameter]
   23 |     void PushBackPacket(Packet* packet, bool pushAtHead) {}
      |                         ~~~~~~~~^~~~~~
src/menu/../network/RakServerInterface.h:23:46: warning: unused parameter ‘pushAtHead’ [-Wunused-parameter]
   23 |     void PushBackPacket(Packet* packet, bool pushAtHead) {}
      |                                         ~~~~~^~~~~~~~~~
src/menu/../network/RakServerInterface.h: In member function ‘void RakServerInterface::DeallocatePacket(Packet*)’:
src/menu/../network/RakServerInterface.h:24:35: warning: unused parameter ‘packet’ [-Wunused-parameter]
   24 |     void DeallocatePacket(Packet* packet) {}
      |                           ~~~~~~~~^~~~~~
src/menu/../network/RakServerInterface.h: In member function ‘int RakServerInterface::GetAveragePing(PlayerID)’:
src/menu/../network/RakServerInterface.h:25:33: warning: unused parameter ‘playerId’ [-Wunused-parameter]
   25 |     int GetAveragePing(PlayerID playerId) { return 0; }
      |                        ~~~~~~~~~^~~~~~~~
src/menu/../network/RakServerInterface.h: In member function ‘int RakServerInterface::GetLastPing(PlayerID)’:
src/menu/../network/RakServerInterface.h:26:30: warning: unused parameter ‘playerId’ [-Wunused-parameter]
   26 |     int GetLastPing(PlayerID playerId) { return 0; }
      |                     ~~~~~~~~~^~~~~~~~
src/menu/../network/RakServerInterface.h: In member function ‘int RakServerInterface::GetLowestPing(PlayerID)’:
src/menu/../network/RakServerInterface.h:27:32: warning: unused parameter ‘playerId’ [-Wunused-parameter]
   27 |     int GetLowestPing(PlayerID playerId) { return 0; }
      |                       ~~~~~~~~~^~~~~~~~
src/menu/../network/RakServerInterface.h: In member function ‘void RakServerInterface::Kick(PlayerID)’:
src/menu/../network/RakServerInterface.h:28:24: warning: unused parameter ‘playerId’ [-Wunused-parameter]
   28 |     void Kick(PlayerID playerId) {}
      |               ~~~~~~~~~^~~~~~~~
src/menu/../network/RakServerInterface.h: In member function ‘void RakServerInterface::SetAllowedPlayers(int)’:
src/menu/../network/RakServerInterface.h:31:32: warning: unused parameter ‘maxPlayers’ [-Wunused-parameter]
   31 |     void SetAllowedPlayers(int maxPlayers) {}
      |                            ~~~~^~~~~~~~~~
src/menu/../network/RakServerInterface.h: In member function ‘void* RakServerInterface::GetStatistics(PlayerID)’:
src/menu/../network/RakServerInterface.h:35:34: warning: unused parameter ‘playerId’ [-Wunused-parameter]
   35 |     void* GetStatistics(PlayerID playerId) { return 0; }
      |                         ~~~~~~~~~^~~~~~~~
src/menu/../network/RakNetworkFactory.h: In static member function ‘static void RakNetworkFactory::DestroyRakNetwork(void*)’:
src/menu/../network/RakNetworkFactory.h:15:41: warning: unused parameter ‘network’ [-Wunused-parameter]
   15 |     static void DestroyRakNetwork(void* network) {}
      |                                   ~~~~~~^~~~~~~
src/menu/../gsscript.h: In constructor ‘mNetGame::mNetGame(int)’:
src/menu/../gsscript.h:43:43: warning: ISO C++ forbids converting a string constant to ‘char*’ [-Wwrite-strings]
   43 |     void  read_level_files(int=0, char *n="");
      |                                           ^~
src/menu/mnetgame.cpp:29:24: warning: unused parameter ‘mode’ [-Wunused-parameter]
   29 | mNetGame::mNetGame(int mode)
      |                    ~~~~^~~~
src/menu/mnetgame.cpp: In member function ‘void mNetGame::init(int, int)’:
src/menu/mnetgame.cpp:128:42: warning: ISO C++ forbids converting a string constant to ‘char*’ [-Wwrite-strings]
  128 |   button[M_NETGAME_CHAT_INPUT]->set_text("Chat:");
      |                                          ^~~~~~~
src/menu/mnetgame.cpp:150:38: warning: ISO C++ forbids converting a string constant to ‘char*’ [-Wwrite-strings]
  150 |   button[M_NETGAME_MYNAME]->set_text(" ");
      |                                      ^~~
src/menu/mnetgame.cpp:168:38: warning: ISO C++ forbids converting a string constant to ‘char*’ [-Wwrite-strings]
  168 |   button[M_NETGAME_P2NAME]->set_text("n/a");
      |                                      ^~~~~
src/menu/mnetgame.cpp:174:39: warning: ISO C++ forbids converting a string constant to ‘char*’ [-Wwrite-strings]
  174 |   button[M_NETGAME_P2READY]->set_text("playing");
      |                                       ^~~~~~~~~
src/menu/mnetgame.cpp:192:38: warning: ISO C++ forbids converting a string constant to ‘char*’ [-Wwrite-strings]
  192 |   button[M_NETGAME_P3NAME]->set_text("n/a");
      |                                      ^~~~~
src/menu/mnetgame.cpp:198:39: warning: ISO C++ forbids converting a string constant to ‘char*’ [-Wwrite-strings]
  198 |   button[M_NETGAME_P3READY]->set_text("playing");
      |                                       ^~~~~~~~~
src/menu/mnetgame.cpp:216:38: warning: ISO C++ forbids converting a string constant to ‘char*’ [-Wwrite-strings]
  216 |   button[M_NETGAME_P4NAME]->set_text("n/a");
      |                                      ^~~~~
src/menu/mnetgame.cpp:222:39: warning: ISO C++ forbids converting a string constant to ‘char*’ [-Wwrite-strings]
  222 |   button[M_NETGAME_P4READY]->set_text("playing");
      |                                       ^~~~~~~~~
src/menu/mnetgame.cpp:240:38: warning: ISO C++ forbids converting a string constant to ‘char*’ [-Wwrite-strings]
  240 |   button[M_NETGAME_P5NAME]->set_text("n/a");
      |                                      ^~~~~
src/menu/mnetgame.cpp:246:39: warning: ISO C++ forbids converting a string constant to ‘char*’ [-Wwrite-strings]
  246 |   button[M_NETGAME_P5READY]->set_text("playing");
      |                                       ^~~~~~~~~
src/menu/mnetgame.cpp:264:38: warning: ISO C++ forbids converting a string constant to ‘char*’ [-Wwrite-strings]
  264 |   button[M_NETGAME_P6NAME]->set_text("n/a");
      |                                      ^~~~~
src/menu/mnetgame.cpp:270:39: warning: ISO C++ forbids converting a string constant to ‘char*’ [-Wwrite-strings]
  270 |   button[M_NETGAME_P6READY]->set_text("playing");
      |                                       ^~~~~~~~~
src/menu/mnetgame.cpp:280:38: warning: ISO C++ forbids converting a string constant to ‘char*’ [-Wwrite-strings]
  280 |   button[M_NETGAME_LEVCAP]->set_text("Level");
      |                                      ^~~~~~~
src/menu/mnetgame.cpp:292:41: warning: ISO C++ forbids converting a string constant to ‘char*’ [-Wwrite-strings]
  292 |   button[M_NETGAME_LEVELNAME]->set_text("n/a");
      |                                         ^~~~~
src/menu/mnetgame.cpp:330:47: warning: ISO C++ forbids converting a string constant to ‘char*’ [-Wwrite-strings]
  330 |   button[M_NETGAME_OPT_GRAVITY_TXT]->set_text("n/a");
      |                                               ^~~~~
src/menu/mnetgame.cpp:343:48: warning: ISO C++ forbids converting a string constant to ‘char*’ [-Wwrite-strings]
  343 |   button[M_NETGAME_OPT_MAXFRAGS_TXT]->set_text("n/a");
      |                                                ^~~~~
src/menu/mnetgame.cpp:356:46: warning: ISO C++ forbids converting a string constant to ‘char*’ [-Wwrite-strings]
  356 |   button[M_NETGAME_OPT_EXTRAS_TXT]->set_text("n/a");
      |                                              ^~~~~
src/menu/mnetgame.cpp:369:47: warning: ISO C++ forbids converting a string constant to ‘char*’ [-Wwrite-strings]
  369 |   button[M_NETGAME_OPT_MAXTIME_TXT]->set_text("n/a");
      |                                               ^~~~~
src/menu/mnetgame.cpp: In member function ‘int mNetGame::handle_controls()’:
src/menu/mnetgame.cpp:461:44: warning: ISO C++ forbids converting a string constant to ‘char*’ [-Wwrite-strings]
  461 |     button[M_NETGAME_CHAT_INPUT]->set_text("");
      |                                            ^~
src/menu/mnetgame.cpp:493:48: warning: ISO C++ forbids converting a string constant to ‘char*’ [-Wwrite-strings]
  493 |         button[M_NETGAME_P2NAME+n*4]->set_text("n/a");
      |                                                ^~~~~
src/menu/mnetgame.cpp:551:7: warning: suggest braces around empty body in an ‘else’ statement [-Wempty-body]
  551 |       ;//button[M_NETGAME_PLAY]->set_flag(MC_INVISIBLE | MC_INACTIVE);
      |       ^
src/menu/../network/RakServerInterface.h: At global scope:
src/menu/../network/RakServerInterface.h:49:17: warning: ‘UNASSIGNED_PLAYER_ID’ defined but not used [-Wunused-variable]
   49 | static PlayerID UNASSIGNED_PLAYER_ID = {0, 0};
      |                 ^~~~~~~~~~~~~~~~~~~~
src/menu/mnetgame.cpp: In constructor ‘mNetGame::mNetGame(int)’:
src/menu/mnetgame.cpp:63:14: warning: ‘char* __builtin_strncpy(char*, const char*, long unsigned int)’ output may be truncated copying 50 bytes from a string of length 50 [-Wstringop-truncation]
   63 |       strncpy(net->get_netplayer(n)->shipimg_file, net->get_netplayer(n)->player->get_shipimage_filename(), 50);
      |              ^
Compiling src/menu/mnetgini.cpp...
g++ -O2 -Wall -Wextra -std=c++11 -fpermissive -DDIRECT_ASSET_LOADING  -I/usr/include/lua5.4 -I./src -c src/menu/mnetgini.cpp -o obj/menu/mnetgini.o
In file included from src/menu/../gsnetw.h:18,
                 from src/menu/mnetgini.cpp:21:
src/menu/../gsnetsrv.h:67:7: warning: extra tokens at end of #endif directive [-Wendif-labels]
   67 | #endif;
      |       ^
In file included from src/menu/../gsbullet.h:17,
                 from src/menu/../gsplayer.h:17,
                 from src/menu/../gsglob.h:22,
                 from src/menu/mnetgini.cpp:14:
src/menu/../luaclass.h: In member function ‘void Lua::open(int)’:
src/menu/../luaclass.h:20:23: warning: unused parameter ‘stacksize’ [-Wunused-parameter]
   20 |         void open(int stacksize = 0)
      |                   ~~~~^~~~~~~~~~~~~
src/menu/../luaclass.h: In member function ‘void Lua::setgcthreshold(int)’:
src/menu/../luaclass.h:136:33: warning: unused parameter ‘newthreshold’ [-Wunused-parameter]
  136 |         void setgcthreshold(int newthreshold)
      |                             ~~~~^~~~~~~~~~~~
In file included from src/menu/../gsnetcli.h:16,
                 from src/menu/../gsnetw.h:17:
src/menu/../network/BitStream.h: In constructor ‘BitStream::BitStream(char*, unsigned int, bool)’:
src/menu/../network/BitStream.h:22:61: warning: unused parameter ‘_copyData’ [-Wunused-parameter]
   22 |     BitStream(char* _data, unsigned int lengthInBytes, bool _copyData) : data(_data), numberOfBitsAllocated(lengthInBytes * 8), numberOfBitsUsed(lengthInBytes * 8), readOffset(0), maxLength(lengthInBytes) {}
      |                                                        ~~~~~^~~~~~~~~
src/menu/../network/BitStream.h: In member function ‘void BitStream::Write(int)’:
src/menu/../network/BitStream.h:25:20: warning: unused parameter ‘data’ [-Wunused-parameter]
   25 |     void Write(int data) {}
      |                ~~~~^~~~
src/menu/../network/BitStream.h: In member function ‘void BitStream::Write(unsigned char)’:
src/menu/../network/BitStream.h:26:30: warning: unused parameter ‘data’ [-Wunused-parameter]
   26 |     void Write(unsigned char data) {}
      |                ~~~~~~~~~~~~~~^~~~
src/menu/../network/BitStream.h: In member function ‘void BitStream::Write(char)’:
src/menu/../network/BitStream.h:27:21: warning: unused parameter ‘data’ [-Wunused-parameter]
   27 |     void Write(char data) {}
      |                ~~~~~^~~~
src/menu/../network/BitStream.h: In member function ‘void BitStream::Write(char*, unsigned int)’:
src/menu/../network/BitStream.h:28:22: warning: unused parameter ‘data’ [-Wunused-parameter]
   28 |     void Write(char* data, const unsigned int length) {}
      |                ~~~~~~^~~~
src/menu/../network/BitStream.h:28:47: warning: unused parameter ‘length’ [-Wunused-parameter]
   28 |     void Write(char* data, const unsigned int length) {}
      |                            ~~~~~~~~~~~~~~~~~~~^~~~~~
src/menu/../network/BitStream.h: In member function ‘void BitStream::Write(long unsigned int)’:
src/menu/../network/BitStream.h:29:30: warning: unused parameter ‘data’ [-Wunused-parameter]
   29 |     void Write(unsigned long data) {}
      |                ~~~~~~~~~~~~~~^~~~
src/menu/../network/BitStream.h: In member function ‘void BitStream::Write(float)’:
src/menu/../network/BitStream.h:30:22: warning: unused parameter ‘data’ [-Wunused-parameter]
   30 |     void Write(float data) {}
      |                ~~~~~~^~~~
src/menu/../network/BitStream.h: In member function ‘void BitStream::Write(bool)’:
src/menu/../network/BitStream.h:31:21: warning: unused parameter ‘data’ [-Wunused-parameter]
   31 |     void Write(bool data) {}
      |                ~~~~~^~~~
src/menu/../network/BitStream.h: In member function ‘void BitStream::Read(char*&, unsigned int)’:
src/menu/../network/BitStream.h:42:22: warning: unused parameter ‘data’ [-Wunused-parameter]
   42 |     void Read(char* &data, const unsigned int length) {}
      |               ~~~~~~~^~~~
src/menu/../network/BitStream.h:42:47: warning: unused parameter ‘length’ [-Wunused-parameter]
   42 |     void Read(char* &data, const unsigned int length) {}
      |                            ~~~~~~~~~~~~~~~~~~~^~~~~~
src/menu/../network/BitStream.h: In member function ‘void BitStream::Read(const char*&, unsigned int)’:
src/menu/../network/BitStream.h:43:28: warning: unused parameter ‘data’ [-Wunused-parameter]
   43 |     void Read(const char* &data, const unsigned int length) {}
      |               ~~~~~~~~~~~~~^~~~
src/menu/../network/BitStream.h:43:53: warning: unused parameter ‘length’ [-Wunused-parameter]
   43 |     void Read(const char* &data, const unsigned int length) {}
      |                                  ~~~~~~~~~~~~~~~~~~~^~~~~~
src/menu/../network/BitStream.h: In member function ‘void BitStream::Read(void*, unsigned int)’:
src/menu/../network/BitStream.h:44:21: warning: unused parameter ‘data’ [-Wunused-parameter]
   44 |     void Read(void* data, const unsigned int length) {}
      |               ~~~~~~^~~~
src/menu/../network/BitStream.h:44:46: warning: unused parameter ‘length’ [-Wunused-parameter]
   44 |     void Read(void* data, const unsigned int length) {}
      |                           ~~~~~~~~~~~~~~~~~~~^~~~~~
src/menu/../network/BitStream.h: In member function ‘void BitStream::SetWriteOffset(unsigned int)’:
src/menu/../network/BitStream.h:47:38: warning: unused parameter ‘offset’ [-Wunused-parameter]
   47 |     void SetWriteOffset(unsigned int offset) {}
      |                         ~~~~~~~~~~~~~^~~~~~
In file included from src/menu/../network/RakNetworkFactory.h:9,
                 from src/menu/../gsnetcli.h:17:
src/menu/../network/RakClientInterface.h: In member function ‘bool RakClientInterface::Connect(const char*, short unsigned int, const char*, short unsigned int)’:
src/menu/../network/RakClientInterface.h:17:30: warning: unused parameter ‘serverIP’ [-Wunused-parameter]
   17 |     bool Connect(const char* serverIP, unsigned short serverPort, const char* clientIP, unsigned short clientPort) { return false; }
      |                  ~~~~~~~~~~~~^~~~~~~~
src/menu/../network/RakClientInterface.h:17:55: warning: unused parameter ‘serverPort’ [-Wunused-parameter]
   17 |     bool Connect(const char* serverIP, unsigned short serverPort, const char* clientIP, unsigned short clientPort) { return false; }
      |                                        ~~~~~~~~~~~~~~~^~~~~~~~~~
src/menu/../network/RakClientInterface.h:17:79: warning: unused parameter ‘clientIP’ [-Wunused-parameter]
   17 |     bool Connect(const char* serverIP, unsigned short serverPort, const char* clientIP, unsigned short clientPort) { return false; }
      |                                                                   ~~~~~~~~~~~~^~~~~~~~
src/menu/../network/RakClientInterface.h:17:104: warning: unused parameter ‘clientPort’ [-Wunused-parameter]
   17 |     bool Connect(const char* serverIP, unsigned short serverPort, const char* clientIP, unsigned short clientPort) { return false; }
      |                                                                                         ~~~~~~~~~~~~~~~^~~~~~~~~~
src/menu/../network/RakClientInterface.h: In member function ‘bool RakClientInterface::Connect(const char*, short unsigned int, short unsigned int, unsigned int, int)’:
src/menu/../network/RakClientInterface.h:18:30: warning: unused parameter ‘host’ [-Wunused-parameter]
   18 |     bool Connect(const char* host, unsigned short serverPort, unsigned short clientPort, unsigned int connectionValidationInteger, int timeoutMS) { return false; }
      |                  ~~~~~~~~~~~~^~~~
src/menu/../network/RakClientInterface.h:18:51: warning: unused parameter ‘serverPort’ [-Wunused-parameter]
   18 |     bool Connect(const char* host, unsigned short serverPort, unsigned short clientPort, unsigned int connectionValidationInteger, int timeoutMS) { return false; }
      |                                    ~~~~~~~~~~~~~~~^~~~~~~~~~
src/menu/../network/RakClientInterface.h:18:78: warning: unused parameter ‘clientPort’ [-Wunused-parameter]
   18 |     bool Connect(const char* host, unsigned short serverPort, unsigned short clientPort, unsigned int connectionValidationInteger, int timeoutMS) { return false; }
      |                                                               ~~~~~~~~~~~~~~~^~~~~~~~~~
src/menu/../network/RakClientInterface.h:18:103: warning: unused parameter ‘connectionValidationInteger’ [-Wunused-parameter]
   18 |     bool Connect(const char* host, unsigned short serverPort, unsigned short clientPort, unsigned int connectionValidationInteger, int timeoutMS) { return false; }
      |                                                                                          ~~~~~~~~~~~~~^~~~~~~~~~~~~~~~~~~~~~~~~~~
src/menu/../network/RakClientInterface.h:18:136: warning: unused parameter ‘timeoutMS’ [-Wunused-parameter]
   18 |     bool Connect(const char* host, unsigned short serverPort, unsigned short clientPort, unsigned int connectionValidationInteger, int timeoutMS) { return false; }
      |                                                                                                                                    ~~~~^~~~~~~~~
src/menu/../network/RakClientInterface.h: In member function ‘void RakClientInterface::Disconnect(unsigned int, unsigned char)’:
src/menu/../network/RakClientInterface.h:19:34: warning: unused parameter ‘blockDuration’ [-Wunused-parameter]
   19 |     void Disconnect(unsigned int blockDuration = 0, unsigned char orderingChannel = 0) {}
      |                     ~~~~~~~~~~~~~^~~~~~~~~~~~~~~~~
src/menu/../network/RakClientInterface.h:19:67: warning: unused parameter ‘orderingChannel’ [-Wunused-parameter]
   19 |     void Disconnect(unsigned int blockDuration = 0, unsigned char orderingChannel = 0) {}
      |                                                     ~~~~~~~~~~~~~~^~~~~~~~~~~~~~~~~~~
src/menu/../network/RakClientInterface.h: In member function ‘void RakClientInterface::PingServer(const char*, short unsigned int, short unsigned int)’:
src/menu/../network/RakClientInterface.h:21:33: warning: unused parameter ‘host’ [-Wunused-parameter]
   21 |     void PingServer(const char* host, unsigned short remotePort, unsigned short sendPort) {}
      |                     ~~~~~~~~~~~~^~~~
src/menu/../network/RakClientInterface.h:21:54: warning: unused parameter ‘remotePort’ [-Wunused-parameter]
   21 |     void PingServer(const char* host, unsigned short remotePort, unsigned short sendPort) {}
      |                                       ~~~~~~~~~~~~~~~^~~~~~~~~~
src/menu/../network/RakClientInterface.h:21:81: warning: unused parameter ‘sendPort’ [-Wunused-parameter]
   21 |     void PingServer(const char* host, unsigned short remotePort, unsigned short sendPort) {}
      |                                                                  ~~~~~~~~~~~~~~~^~~~~~~~
src/menu/../network/RakClientInterface.h: In member function ‘bool RakClientInterface::Send(const char*, int, unsigned char, char, char, PlayerID, bool)’:
src/menu/../network/RakClientInterface.h:25:27: warning: unused parameter ‘data’ [-Wunused-parameter]
   25 |     bool Send(const char* data, int length, unsigned char priority, char reliability, char orderingChannel, PlayerID playerId, bool broadcast) { return true; }
      |               ~~~~~~~~~~~~^~~~
src/menu/../network/RakClientInterface.h:25:37: warning: unused parameter ‘length’ [-Wunused-parameter]
   25 |     bool Send(const char* data, int length, unsigned char priority, char reliability, char orderingChannel, PlayerID playerId, bool broadcast) { return true; }
      |                                 ~~~~^~~~~~
src/menu/../network/RakClientInterface.h:25:59: warning: unused parameter ‘priority’ [-Wunused-parameter]
   25 |     bool Send(const char* data, int length, unsigned char priority, char reliability, char orderingChannel, PlayerID playerId, bool broadcast) { return true; }
      |                                             ~~~~~~~~~~~~~~^~~~~~~~
src/menu/../network/RakClientInterface.h:25:74: warning: unused parameter ‘reliability’ [-Wunused-parameter]
   25 |     bool Send(const char* data, int length, unsigned char priority, char reliability, char orderingChannel, PlayerID playerId, bool broadcast) { return true; }
      |                                                                     ~~~~~^~~~~~~~~~~
src/menu/../network/RakClientInterface.h:25:92: warning: unused parameter ‘orderingChannel’ [-Wunused-parameter]
   25 |     bool Send(const char* data, int length, unsigned char priority, char reliability, char orderingChannel, PlayerID playerId, bool broadcast) { return true; }
      |                                                                                       ~~~~~^~~~~~~~~~~~~~~
src/menu/../network/RakClientInterface.h:25:118: warning: unused parameter ‘playerId’ [-Wunused-parameter]
   25 |     bool Send(const char* data, int length, unsigned char priority, char reliability, char orderingChannel, PlayerID playerId, bool broadcast) { return true; }
      |                                                                                                             ~~~~~~~~~^~~~~~~~
src/menu/../network/RakClientInterface.h:25:133: warning: unused parameter ‘broadcast’ [-Wunused-parameter]
   25 |     bool Send(const char* data, int length, unsigned char priority, char reliability, char orderingChannel, PlayerID playerId, bool broadcast) { return true; }
      |                                                                                                                                ~~~~~^~~~~~~~~
src/menu/../network/RakClientInterface.h: In member function ‘bool RakClientInterface::Send(BitStream*, unsigned char, char, char)’:
src/menu/../network/RakClientInterface.h:26:32: warning: unused parameter ‘bitStream’ [-Wunused-parameter]
   26 |     bool Send(class BitStream *bitStream, unsigned char priority, char reliability, char orderingChannel) { return true; }
      |               ~~~~~~~~~~~~~~~~~^~~~~~~~~
src/menu/../network/RakClientInterface.h:26:57: warning: unused parameter ‘priority’ [-Wunused-parameter]
   26 |     bool Send(class BitStream *bitStream, unsigned char priority, char reliability, char orderingChannel) { return true; }
      |                                           ~~~~~~~~~~~~~~^~~~~~~~
src/menu/../network/RakClientInterface.h:26:72: warning: unused parameter ‘reliability’ [-Wunused-parameter]
   26 |     bool Send(class BitStream *bitStream, unsigned char priority, char reliability, char orderingChannel) { return true; }
      |                                                                   ~~~~~^~~~~~~~~~~
src/menu/../network/RakClientInterface.h:26:90: warning: unused parameter ‘orderingChannel’ [-Wunused-parameter]
   26 |     bool Send(class BitStream *bitStream, unsigned char priority, char reliability, char orderingChannel) { return true; }
      |                                                                                     ~~~~~^~~~~~~~~~~~~~~
src/menu/../network/RakClientInterface.h: In member function ‘void RakClientInterface::PushBackPacket(Packet*, bool)’:
src/menu/../network/RakClientInterface.h:27:33: warning: unused parameter ‘packet’ [-Wunused-parameter]
   27 |     void PushBackPacket(Packet* packet, bool pushAtHead) {}
      |                         ~~~~~~~~^~~~~~
src/menu/../network/RakClientInterface.h:27:46: warning: unused parameter ‘pushAtHead’ [-Wunused-parameter]
   27 |     void PushBackPacket(Packet* packet, bool pushAtHead) {}
      |                                         ~~~~~^~~~~~~~~~
src/menu/../network/RakClientInterface.h: In member function ‘void RakClientInterface::DeallocatePacket(Packet*)’:
src/menu/../network/RakClientInterface.h:35:35: warning: unused parameter ‘packet’ [-Wunused-parameter]
   35 |     void DeallocatePacket(Packet *packet) {}
      |                           ~~~~~~~~^~~~~~
src/menu/../network/RakClientInterface.h: In member function ‘const char* RakClientInterface::PlayerIDToDottedIP(PlayerID)’:
src/menu/../network/RakClientInterface.h:36:45: warning: unused parameter ‘playerId’ [-Wunused-parameter]
   36 |     const char* PlayerIDToDottedIP(PlayerID playerId) { return "0.0.0.0"; }
      |                                    ~~~~~~~~~^~~~~~~~
In file included from src/menu/../network/RakNetworkFactory.h:10:
src/menu/../network/RakServerInterface.h: In member function ‘bool RakServerInterface::Start(int, int, int, int)’:
src/menu/../network/RakServerInterface.h:19:20: warning: unused parameter ‘AllowedPlayers’ [-Wunused-parameter]
   19 |     bool Start(int AllowedPlayers, int connectionValidationInteger, int threadSleepTimer, int port) { return false; }
      |                ~~~~^~~~~~~~~~~~~~
src/menu/../network/RakServerInterface.h:19:40: warning: unused parameter ‘connectionValidationInteger’ [-Wunused-parameter]
   19 |     bool Start(int AllowedPlayers, int connectionValidationInteger, int threadSleepTimer, int port) { return false; }
      |                                    ~~~~^~~~~~~~~~~~~~~~~~~~~~~~~~~
src/menu/../network/RakServerInterface.h:19:73: warning: unused parameter ‘threadSleepTimer’ [-Wunused-parameter]
   19 |     bool Start(int AllowedPlayers, int connectionValidationInteger, int threadSleepTimer, int port) { return false; }
      |                                                                     ~~~~^~~~~~~~~~~~~~~~
src/menu/../network/RakServerInterface.h:19:95: warning: unused parameter ‘port’ [-Wunused-parameter]
   19 |     bool Start(int AllowedPlayers, int connectionValidationInteger, int threadSleepTimer, int port) { return false; }
      |                                                                                           ~~~~^~~~
src/menu/../network/RakServerInterface.h: In member function ‘void RakServerInterface::Disconnect(unsigned int, unsigned char)’:
src/menu/../network/RakServerInterface.h:20:34: warning: unused parameter ‘blockDuration’ [-Wunused-parameter]
   20 |     void Disconnect(unsigned int blockDuration = 0, unsigned char orderingChannel = 0) {}
      |                     ~~~~~~~~~~~~~^~~~~~~~~~~~~~~~~
src/menu/../network/RakServerInterface.h:20:67: warning: unused parameter ‘orderingChannel’ [-Wunused-parameter]
   20 |     void Disconnect(unsigned int blockDuration = 0, unsigned char orderingChannel = 0) {}
      |                                                     ~~~~~~~~~~~~~~^~~~~~~~~~~~~~~~~~~
src/menu/../network/RakServerInterface.h: In member function ‘bool RakServerInterface::Send(const char*, int, unsigned char, char, char, PlayerID, bool)’:
src/menu/../network/RakServerInterface.h:21:27: warning: unused parameter ‘data’ [-Wunused-parameter]
   21 |     bool Send(const char* data, int length, unsigned char priority, char reliability, char orderingChannel, PlayerID playerId, bool broadcast) { return true; }
      |               ~~~~~~~~~~~~^~~~
src/menu/../network/RakServerInterface.h:21:37: warning: unused parameter ‘length’ [-Wunused-parameter]
   21 |     bool Send(const char* data, int length, unsigned char priority, char reliability, char orderingChannel, PlayerID playerId, bool broadcast) { return true; }
      |                                 ~~~~^~~~~~
src/menu/../network/RakServerInterface.h:21:59: warning: unused parameter ‘priority’ [-Wunused-parameter]
   21 |     bool Send(const char* data, int length, unsigned char priority, char reliability, char orderingChannel, PlayerID playerId, bool broadcast) { return true; }
      |                                             ~~~~~~~~~~~~~~^~~~~~~~
src/menu/../network/RakServerInterface.h:21:74: warning: unused parameter ‘reliability’ [-Wunused-parameter]
   21 |     bool Send(const char* data, int length, unsigned char priority, char reliability, char orderingChannel, PlayerID playerId, bool broadcast) { return true; }
      |                                                                     ~~~~~^~~~~~~~~~~
src/menu/../network/RakServerInterface.h:21:92: warning: unused parameter ‘orderingChannel’ [-Wunused-parameter]
   21 |     bool Send(const char* data, int length, unsigned char priority, char reliability, char orderingChannel, PlayerID playerId, bool broadcast) { return true; }
      |                                                                                       ~~~~~^~~~~~~~~~~~~~~
src/menu/../network/RakServerInterface.h:21:118: warning: unused parameter ‘playerId’ [-Wunused-parameter]
   21 |     bool Send(const char* data, int length, unsigned char priority, char reliability, char orderingChannel, PlayerID playerId, bool broadcast) { return true; }
      |                                                                                                             ~~~~~~~~~^~~~~~~~
src/menu/../network/RakServerInterface.h:21:133: warning: unused parameter ‘broadcast’ [-Wunused-parameter]
   21 |     bool Send(const char* data, int length, unsigned char priority, char reliability, char orderingChannel, PlayerID playerId, bool broadcast) { return true; }
      |                                                                                                                                ~~~~~^~~~~~~~~
src/menu/../network/RakServerInterface.h: In member function ‘bool RakServerInterface::Send(BitStream*, unsigned char, char, char, PlayerID, bool)’:
src/menu/../network/RakServerInterface.h:22:32: warning: unused parameter ‘bitStream’ [-Wunused-parameter]
   22 |     bool Send(class BitStream *bitStream, unsigned char priority, char reliability, char orderingChannel, PlayerID playerId, bool broadcast) { return true; }
      |               ~~~~~~~~~~~~~~~~~^~~~~~~~~
src/menu/../network/RakServerInterface.h:22:57: warning: unused parameter ‘priority’ [-Wunused-parameter]
   22 |     bool Send(class BitStream *bitStream, unsigned char priority, char reliability, char orderingChannel, PlayerID playerId, bool broadcast) { return true; }
      |                                           ~~~~~~~~~~~~~~^~~~~~~~
src/menu/../network/RakServerInterface.h:22:72: warning: unused parameter ‘reliability’ [-Wunused-parameter]
   22 |     bool Send(class BitStream *bitStream, unsigned char priority, char reliability, char orderingChannel, PlayerID playerId, bool broadcast) { return true; }
      |                                                                   ~~~~~^~~~~~~~~~~
src/menu/../network/RakServerInterface.h:22:90: warning: unused parameter ‘orderingChannel’ [-Wunused-parameter]
   22 |     bool Send(class BitStream *bitStream, unsigned char priority, char reliability, char orderingChannel, PlayerID playerId, bool broadcast) { return true; }
      |                                                                                     ~~~~~^~~~~~~~~~~~~~~
src/menu/../network/RakServerInterface.h:22:116: warning: unused parameter ‘playerId’ [-Wunused-parameter]
   22 |     bool Send(class BitStream *bitStream, unsigned char priority, char reliability, char orderingChannel, PlayerID playerId, bool broadcast) { return true; }
      |                                                                                                           ~~~~~~~~~^~~~~~~~
src/menu/../network/RakServerInterface.h:22:131: warning: unused parameter ‘broadcast’ [-Wunused-parameter]
   22 |     bool Send(class BitStream *bitStream, unsigned char priority, char reliability, char orderingChannel, PlayerID playerId, bool broadcast) { return true; }
      |                                                                                                                              ~~~~~^~~~~~~~~
src/menu/../network/RakServerInterface.h: In member function ‘void RakServerInterface::PushBackPacket(Packet*, bool)’:
src/menu/../network/RakServerInterface.h:23:33: warning: unused parameter ‘packet’ [-Wunused-parameter]
   23 |     void PushBackPacket(Packet* packet, bool pushAtHead) {}
      |                         ~~~~~~~~^~~~~~
src/menu/../network/RakServerInterface.h:23:46: warning: unused parameter ‘pushAtHead’ [-Wunused-parameter]
   23 |     void PushBackPacket(Packet* packet, bool pushAtHead) {}
      |                                         ~~~~~^~~~~~~~~~
src/menu/../network/RakServerInterface.h: In member function ‘void RakServerInterface::DeallocatePacket(Packet*)’:
src/menu/../network/RakServerInterface.h:24:35: warning: unused parameter ‘packet’ [-Wunused-parameter]
   24 |     void DeallocatePacket(Packet* packet) {}
      |                           ~~~~~~~~^~~~~~
src/menu/../network/RakServerInterface.h: In member function ‘int RakServerInterface::GetAveragePing(PlayerID)’:
src/menu/../network/RakServerInterface.h:25:33: warning: unused parameter ‘playerId’ [-Wunused-parameter]
   25 |     int GetAveragePing(PlayerID playerId) { return 0; }
      |                        ~~~~~~~~~^~~~~~~~
src/menu/../network/RakServerInterface.h: In member function ‘int RakServerInterface::GetLastPing(PlayerID)’:
src/menu/../network/RakServerInterface.h:26:30: warning: unused parameter ‘playerId’ [-Wunused-parameter]
   26 |     int GetLastPing(PlayerID playerId) { return 0; }
      |                     ~~~~~~~~~^~~~~~~~
src/menu/../network/RakServerInterface.h: In member function ‘int RakServerInterface::GetLowestPing(PlayerID)’:
src/menu/../network/RakServerInterface.h:27:32: warning: unused parameter ‘playerId’ [-Wunused-parameter]
   27 |     int GetLowestPing(PlayerID playerId) { return 0; }
      |                       ~~~~~~~~~^~~~~~~~
src/menu/../network/RakServerInterface.h: In member function ‘void RakServerInterface::Kick(PlayerID)’:
src/menu/../network/RakServerInterface.h:28:24: warning: unused parameter ‘playerId’ [-Wunused-parameter]
   28 |     void Kick(PlayerID playerId) {}
      |               ~~~~~~~~~^~~~~~~~
src/menu/../network/RakServerInterface.h: In member function ‘void RakServerInterface::SetAllowedPlayers(int)’:
src/menu/../network/RakServerInterface.h:31:32: warning: unused parameter ‘maxPlayers’ [-Wunused-parameter]
   31 |     void SetAllowedPlayers(int maxPlayers) {}
      |                            ~~~~^~~~~~~~~~
src/menu/../network/RakServerInterface.h: In member function ‘void* RakServerInterface::GetStatistics(PlayerID)’:
src/menu/../network/RakServerInterface.h:35:34: warning: unused parameter ‘playerId’ [-Wunused-parameter]
   35 |     void* GetStatistics(PlayerID playerId) { return 0; }
      |                         ~~~~~~~~~^~~~~~~~
src/menu/../network/RakNetworkFactory.h: In static member function ‘static void RakNetworkFactory::DestroyRakNetwork(void*)’:
src/menu/../network/RakNetworkFactory.h:15:41: warning: unused parameter ‘network’ [-Wunused-parameter]
   15 |     static void DestroyRakNetwork(void* network) {}
      |                                   ~~~~~~^~~~~~~
src/menu/mnetgini.cpp: In member function ‘void mNetGameInit::init(int)’:
src/menu/mnetgini.cpp:91:43: warning: ISO C++ forbids converting a string constant to ‘char*’ [-Wwrite-strings]
   91 |   button[M_NETGAMEINI_SERVERIP]->set_text("Server IP");
      |                                           ^~~~~~~~~~~
src/menu/mnetgini.cpp:64:29: warning: unused parameter ‘scatter’ [-Wunused-parameter]
   64 | void mNetGameInit::init(int scatter)
      |                         ~~~~^~~~~~~
src/menu/../network/RakServerInterface.h: At global scope:
src/menu/../network/RakServerInterface.h:49:17: warning: ‘UNASSIGNED_PLAYER_ID’ defined but not used [-Wunused-variable]
   49 | static PlayerID UNASSIGNED_PLAYER_ID = {0, 0};
      |                 ^~~~~~~~~~~~~~~~~~~~
Compiling src/menu/mnwstats.cpp...
g++ -O2 -Wall -Wextra -std=c++11 -fpermissive -DDIRECT_ASSET_LOADING  -I/usr/include/lua5.4 -I./src -c src/menu/mnwstats.cpp -o obj/menu/mnwstats.o
In file included from src/menu/../gsnetw.h:18,
                 from src/menu/mnwstats.cpp:20:
src/menu/../gsnetsrv.h:67:7: warning: extra tokens at end of #endif directive [-Wendif-labels]
   67 | #endif;
      |       ^
In file included from src/menu/../gsbullet.h:17,
                 from src/menu/../gsplayer.h:17,
                 from src/menu/../gsglob.h:22,
                 from src/menu/mnwstats.cpp:14:
src/menu/../luaclass.h: In member function ‘void Lua::open(int)’:
src/menu/../luaclass.h:20:23: warning: unused parameter ‘stacksize’ [-Wunused-parameter]
   20 |         void open(int stacksize = 0)
      |                   ~~~~^~~~~~~~~~~~~
src/menu/../luaclass.h: In member function ‘void Lua::setgcthreshold(int)’:
src/menu/../luaclass.h:136:33: warning: unused parameter ‘newthreshold’ [-Wunused-parameter]
  136 |         void setgcthreshold(int newthreshold)
      |                             ~~~~^~~~~~~~~~~~
In file included from src/menu/../gsnetcli.h:16,
                 from src/menu/../gsnetw.h:17:
src/menu/../network/BitStream.h: In constructor ‘BitStream::BitStream(char*, unsigned int, bool)’:
src/menu/../network/BitStream.h:22:61: warning: unused parameter ‘_copyData’ [-Wunused-parameter]
   22 |     BitStream(char* _data, unsigned int lengthInBytes, bool _copyData) : data(_data), numberOfBitsAllocated(lengthInBytes * 8), numberOfBitsUsed(lengthInBytes * 8), readOffset(0), maxLength(lengthInBytes) {}
      |                                                        ~~~~~^~~~~~~~~
src/menu/../network/BitStream.h: In member function ‘void BitStream::Write(int)’:
src/menu/../network/BitStream.h:25:20: warning: unused parameter ‘data’ [-Wunused-parameter]
   25 |     void Write(int data) {}
      |                ~~~~^~~~
src/menu/../network/BitStream.h: In member function ‘void BitStream::Write(unsigned char)’:
src/menu/../network/BitStream.h:26:30: warning: unused parameter ‘data’ [-Wunused-parameter]
   26 |     void Write(unsigned char data) {}
      |                ~~~~~~~~~~~~~~^~~~
src/menu/../network/BitStream.h: In member function ‘void BitStream::Write(char)’:
src/menu/../network/BitStream.h:27:21: warning: unused parameter ‘data’ [-Wunused-parameter]
   27 |     void Write(char data) {}
      |                ~~~~~^~~~
src/menu/../network/BitStream.h: In member function ‘void BitStream::Write(char*, unsigned int)’:
src/menu/../network/BitStream.h:28:22: warning: unused parameter ‘data’ [-Wunused-parameter]
   28 |     void Write(char* data, const unsigned int length) {}
      |                ~~~~~~^~~~
src/menu/../network/BitStream.h:28:47: warning: unused parameter ‘length’ [-Wunused-parameter]
   28 |     void Write(char* data, const unsigned int length) {}
      |                            ~~~~~~~~~~~~~~~~~~~^~~~~~
src/menu/../network/BitStream.h: In member function ‘void BitStream::Write(long unsigned int)’:
src/menu/../network/BitStream.h:29:30: warning: unused parameter ‘data’ [-Wunused-parameter]
   29 |     void Write(unsigned long data) {}
      |                ~~~~~~~~~~~~~~^~~~
src/menu/../network/BitStream.h: In member function ‘void BitStream::Write(float)’:
src/menu/../network/BitStream.h:30:22: warning: unused parameter ‘data’ [-Wunused-parameter]
   30 |     void Write(float data) {}
      |                ~~~~~~^~~~
src/menu/../network/BitStream.h: In member function ‘void BitStream::Write(bool)’:
src/menu/../network/BitStream.h:31:21: warning: unused parameter ‘data’ [-Wunused-parameter]
   31 |     void Write(bool data) {}
      |                ~~~~~^~~~
src/menu/../network/BitStream.h: In member function ‘void BitStream::Read(char*&, unsigned int)’:
src/menu/../network/BitStream.h:42:22: warning: unused parameter ‘data’ [-Wunused-parameter]
   42 |     void Read(char* &data, const unsigned int length) {}
      |               ~~~~~~~^~~~
src/menu/../network/BitStream.h:42:47: warning: unused parameter ‘length’ [-Wunused-parameter]
   42 |     void Read(char* &data, const unsigned int length) {}
      |                            ~~~~~~~~~~~~~~~~~~~^~~~~~
src/menu/../network/BitStream.h: In member function ‘void BitStream::Read(const char*&, unsigned int)’:
src/menu/../network/BitStream.h:43:28: warning: unused parameter ‘data’ [-Wunused-parameter]
   43 |     void Read(const char* &data, const unsigned int length) {}
      |               ~~~~~~~~~~~~~^~~~
src/menu/../network/BitStream.h:43:53: warning: unused parameter ‘length’ [-Wunused-parameter]
   43 |     void Read(const char* &data, const unsigned int length) {}
      |                                  ~~~~~~~~~~~~~~~~~~~^~~~~~
src/menu/../network/BitStream.h: In member function ‘void BitStream::Read(void*, unsigned int)’:
src/menu/../network/BitStream.h:44:21: warning: unused parameter ‘data’ [-Wunused-parameter]
   44 |     void Read(void* data, const unsigned int length) {}
      |               ~~~~~~^~~~
src/menu/../network/BitStream.h:44:46: warning: unused parameter ‘length’ [-Wunused-parameter]
   44 |     void Read(void* data, const unsigned int length) {}
      |                           ~~~~~~~~~~~~~~~~~~~^~~~~~
src/menu/../network/BitStream.h: In member function ‘void BitStream::SetWriteOffset(unsigned int)’:
src/menu/../network/BitStream.h:47:38: warning: unused parameter ‘offset’ [-Wunused-parameter]
   47 |     void SetWriteOffset(unsigned int offset) {}
      |                         ~~~~~~~~~~~~~^~~~~~
In file included from src/menu/../network/RakNetworkFactory.h:9,
                 from src/menu/../gsnetcli.h:17:
src/menu/../network/RakClientInterface.h: In member function ‘bool RakClientInterface::Connect(const char*, short unsigned int, const char*, short unsigned int)’:
src/menu/../network/RakClientInterface.h:17:30: warning: unused parameter ‘serverIP’ [-Wunused-parameter]
   17 |     bool Connect(const char* serverIP, unsigned short serverPort, const char* clientIP, unsigned short clientPort) { return false; }
      |                  ~~~~~~~~~~~~^~~~~~~~
src/menu/../network/RakClientInterface.h:17:55: warning: unused parameter ‘serverPort’ [-Wunused-parameter]
   17 |     bool Connect(const char* serverIP, unsigned short serverPort, const char* clientIP, unsigned short clientPort) { return false; }
      |                                        ~~~~~~~~~~~~~~~^~~~~~~~~~
src/menu/../network/RakClientInterface.h:17:79: warning: unused parameter ‘clientIP’ [-Wunused-parameter]
   17 |     bool Connect(const char* serverIP, unsigned short serverPort, const char* clientIP, unsigned short clientPort) { return false; }
      |                                                                   ~~~~~~~~~~~~^~~~~~~~
src/menu/../network/RakClientInterface.h:17:104: warning: unused parameter ‘clientPort’ [-Wunused-parameter]
   17 |     bool Connect(const char* serverIP, unsigned short serverPort, const char* clientIP, unsigned short clientPort) { return false; }
      |                                                                                         ~~~~~~~~~~~~~~~^~~~~~~~~~
src/menu/../network/RakClientInterface.h: In member function ‘bool RakClientInterface::Connect(const char*, short unsigned int, short unsigned int, unsigned int, int)’:
src/menu/../network/RakClientInterface.h:18:30: warning: unused parameter ‘host’ [-Wunused-parameter]
   18 |     bool Connect(const char* host, unsigned short serverPort, unsigned short clientPort, unsigned int connectionValidationInteger, int timeoutMS) { return false; }
      |                  ~~~~~~~~~~~~^~~~
src/menu/../network/RakClientInterface.h:18:51: warning: unused parameter ‘serverPort’ [-Wunused-parameter]
   18 |     bool Connect(const char* host, unsigned short serverPort, unsigned short clientPort, unsigned int connectionValidationInteger, int timeoutMS) { return false; }
      |                                    ~~~~~~~~~~~~~~~^~~~~~~~~~
src/menu/../network/RakClientInterface.h:18:78: warning: unused parameter ‘clientPort’ [-Wunused-parameter]
   18 |     bool Connect(const char* host, unsigned short serverPort, unsigned short clientPort, unsigned int connectionValidationInteger, int timeoutMS) { return false; }
      |                                                               ~~~~~~~~~~~~~~~^~~~~~~~~~
src/menu/../network/RakClientInterface.h:18:103: warning: unused parameter ‘connectionValidationInteger’ [-Wunused-parameter]
   18 |     bool Connect(const char* host, unsigned short serverPort, unsigned short clientPort, unsigned int connectionValidationInteger, int timeoutMS) { return false; }
      |                                                                                          ~~~~~~~~~~~~~^~~~~~~~~~~~~~~~~~~~~~~~~~~
src/menu/../network/RakClientInterface.h:18:136: warning: unused parameter ‘timeoutMS’ [-Wunused-parameter]
   18 |     bool Connect(const char* host, unsigned short serverPort, unsigned short clientPort, unsigned int connectionValidationInteger, int timeoutMS) { return false; }
      |                                                                                                                                    ~~~~^~~~~~~~~
src/menu/../network/RakClientInterface.h: In member function ‘void RakClientInterface::Disconnect(unsigned int, unsigned char)’:
src/menu/../network/RakClientInterface.h:19:34: warning: unused parameter ‘blockDuration’ [-Wunused-parameter]
   19 |     void Disconnect(unsigned int blockDuration = 0, unsigned char orderingChannel = 0) {}
      |                     ~~~~~~~~~~~~~^~~~~~~~~~~~~~~~~
src/menu/../network/RakClientInterface.h:19:67: warning: unused parameter ‘orderingChannel’ [-Wunused-parameter]
   19 |     void Disconnect(unsigned int blockDuration = 0, unsigned char orderingChannel = 0) {}
      |                                                     ~~~~~~~~~~~~~~^~~~~~~~~~~~~~~~~~~
src/menu/../network/RakClientInterface.h: In member function ‘void RakClientInterface::PingServer(const char*, short unsigned int, short unsigned int)’:
src/menu/../network/RakClientInterface.h:21:33: warning: unused parameter ‘host’ [-Wunused-parameter]
   21 |     void PingServer(const char* host, unsigned short remotePort, unsigned short sendPort) {}
      |                     ~~~~~~~~~~~~^~~~
src/menu/../network/RakClientInterface.h:21:54: warning: unused parameter ‘remotePort’ [-Wunused-parameter]
   21 |     void PingServer(const char* host, unsigned short remotePort, unsigned short sendPort) {}
      |                                       ~~~~~~~~~~~~~~~^~~~~~~~~~
src/menu/../network/RakClientInterface.h:21:81: warning: unused parameter ‘sendPort’ [-Wunused-parameter]
   21 |     void PingServer(const char* host, unsigned short remotePort, unsigned short sendPort) {}
      |                                                                  ~~~~~~~~~~~~~~~^~~~~~~~
src/menu/../network/RakClientInterface.h: In member function ‘bool RakClientInterface::Send(const char*, int, unsigned char, char, char, PlayerID, bool)’:
src/menu/../network/RakClientInterface.h:25:27: warning: unused parameter ‘data’ [-Wunused-parameter]
   25 |     bool Send(const char* data, int length, unsigned char priority, char reliability, char orderingChannel, PlayerID playerId, bool broadcast) { return true; }
      |               ~~~~~~~~~~~~^~~~
src/menu/../network/RakClientInterface.h:25:37: warning: unused parameter ‘length’ [-Wunused-parameter]
   25 |     bool Send(const char* data, int length, unsigned char priority, char reliability, char orderingChannel, PlayerID playerId, bool broadcast) { return true; }
      |                                 ~~~~^~~~~~
src/menu/../network/RakClientInterface.h:25:59: warning: unused parameter ‘priority’ [-Wunused-parameter]
   25 |     bool Send(const char* data, int length, unsigned char priority, char reliability, char orderingChannel, PlayerID playerId, bool broadcast) { return true; }
      |                                             ~~~~~~~~~~~~~~^~~~~~~~
src/menu/../network/RakClientInterface.h:25:74: warning: unused parameter ‘reliability’ [-Wunused-parameter]
   25 |     bool Send(const char* data, int length, unsigned char priority, char reliability, char orderingChannel, PlayerID playerId, bool broadcast) { return true; }
      |                                                                     ~~~~~^~~~~~~~~~~
src/menu/../network/RakClientInterface.h:25:92: warning: unused parameter ‘orderingChannel’ [-Wunused-parameter]
   25 |     bool Send(const char* data, int length, unsigned char priority, char reliability, char orderingChannel, PlayerID playerId, bool broadcast) { return true; }
      |                                                                                       ~~~~~^~~~~~~~~~~~~~~
src/menu/../network/RakClientInterface.h:25:118: warning: unused parameter ‘playerId’ [-Wunused-parameter]
   25 |     bool Send(const char* data, int length, unsigned char priority, char reliability, char orderingChannel, PlayerID playerId, bool broadcast) { return true; }
      |                                                                                                             ~~~~~~~~~^~~~~~~~
src/menu/../network/RakClientInterface.h:25:133: warning: unused parameter ‘broadcast’ [-Wunused-parameter]
   25 |     bool Send(const char* data, int length, unsigned char priority, char reliability, char orderingChannel, PlayerID playerId, bool broadcast) { return true; }
      |                                                                                                                                ~~~~~^~~~~~~~~
src/menu/../network/RakClientInterface.h: In member function ‘bool RakClientInterface::Send(BitStream*, unsigned char, char, char)’:
src/menu/../network/RakClientInterface.h:26:32: warning: unused parameter ‘bitStream’ [-Wunused-parameter]
   26 |     bool Send(class BitStream *bitStream, unsigned char priority, char reliability, char orderingChannel) { return true; }
      |               ~~~~~~~~~~~~~~~~~^~~~~~~~~
src/menu/../network/RakClientInterface.h:26:57: warning: unused parameter ‘priority’ [-Wunused-parameter]
   26 |     bool Send(class BitStream *bitStream, unsigned char priority, char reliability, char orderingChannel) { return true; }
      |                                           ~~~~~~~~~~~~~~^~~~~~~~
src/menu/../network/RakClientInterface.h:26:72: warning: unused parameter ‘reliability’ [-Wunused-parameter]
   26 |     bool Send(class BitStream *bitStream, unsigned char priority, char reliability, char orderingChannel) { return true; }
      |                                                                   ~~~~~^~~~~~~~~~~
src/menu/../network/RakClientInterface.h:26:90: warning: unused parameter ‘orderingChannel’ [-Wunused-parameter]
   26 |     bool Send(class BitStream *bitStream, unsigned char priority, char reliability, char orderingChannel) { return true; }
      |                                                                                     ~~~~~^~~~~~~~~~~~~~~
src/menu/../network/RakClientInterface.h: In member function ‘void RakClientInterface::PushBackPacket(Packet*, bool)’:
src/menu/../network/RakClientInterface.h:27:33: warning: unused parameter ‘packet’ [-Wunused-parameter]
   27 |     void PushBackPacket(Packet* packet, bool pushAtHead) {}
      |                         ~~~~~~~~^~~~~~
src/menu/../network/RakClientInterface.h:27:46: warning: unused parameter ‘pushAtHead’ [-Wunused-parameter]
   27 |     void PushBackPacket(Packet* packet, bool pushAtHead) {}
      |                                         ~~~~~^~~~~~~~~~
src/menu/../network/RakClientInterface.h: In member function ‘void RakClientInterface::DeallocatePacket(Packet*)’:
src/menu/../network/RakClientInterface.h:35:35: warning: unused parameter ‘packet’ [-Wunused-parameter]
   35 |     void DeallocatePacket(Packet *packet) {}
      |                           ~~~~~~~~^~~~~~
src/menu/../network/RakClientInterface.h: In member function ‘const char* RakClientInterface::PlayerIDToDottedIP(PlayerID)’:
src/menu/../network/RakClientInterface.h:36:45: warning: unused parameter ‘playerId’ [-Wunused-parameter]
   36 |     const char* PlayerIDToDottedIP(PlayerID playerId) { return "0.0.0.0"; }
      |                                    ~~~~~~~~~^~~~~~~~
In file included from src/menu/../network/RakNetworkFactory.h:10:
src/menu/../network/RakServerInterface.h: In member function ‘bool RakServerInterface::Start(int, int, int, int)’:
src/menu/../network/RakServerInterface.h:19:20: warning: unused parameter ‘AllowedPlayers’ [-Wunused-parameter]
   19 |     bool Start(int AllowedPlayers, int connectionValidationInteger, int threadSleepTimer, int port) { return false; }
      |                ~~~~^~~~~~~~~~~~~~
src/menu/../network/RakServerInterface.h:19:40: warning: unused parameter ‘connectionValidationInteger’ [-Wunused-parameter]
   19 |     bool Start(int AllowedPlayers, int connectionValidationInteger, int threadSleepTimer, int port) { return false; }
      |                                    ~~~~^~~~~~~~~~~~~~~~~~~~~~~~~~~
src/menu/../network/RakServerInterface.h:19:73: warning: unused parameter ‘threadSleepTimer’ [-Wunused-parameter]
   19 |     bool Start(int AllowedPlayers, int connectionValidationInteger, int threadSleepTimer, int port) { return false; }
      |                                                                     ~~~~^~~~~~~~~~~~~~~~
src/menu/../network/RakServerInterface.h:19:95: warning: unused parameter ‘port’ [-Wunused-parameter]
   19 |     bool Start(int AllowedPlayers, int connectionValidationInteger, int threadSleepTimer, int port) { return false; }
      |                                                                                           ~~~~^~~~
src/menu/../network/RakServerInterface.h: In member function ‘void RakServerInterface::Disconnect(unsigned int, unsigned char)’:
src/menu/../network/RakServerInterface.h:20:34: warning: unused parameter ‘blockDuration’ [-Wunused-parameter]
   20 |     void Disconnect(unsigned int blockDuration = 0, unsigned char orderingChannel = 0) {}
      |                     ~~~~~~~~~~~~~^~~~~~~~~~~~~~~~~
src/menu/../network/RakServerInterface.h:20:67: warning: unused parameter ‘orderingChannel’ [-Wunused-parameter]
   20 |     void Disconnect(unsigned int blockDuration = 0, unsigned char orderingChannel = 0) {}
      |                                                     ~~~~~~~~~~~~~~^~~~~~~~~~~~~~~~~~~
src/menu/../network/RakServerInterface.h: In member function ‘bool RakServerInterface::Send(const char*, int, unsigned char, char, char, PlayerID, bool)’:
src/menu/../network/RakServerInterface.h:21:27: warning: unused parameter ‘data’ [-Wunused-parameter]
   21 |     bool Send(const char* data, int length, unsigned char priority, char reliability, char orderingChannel, PlayerID playerId, bool broadcast) { return true; }
      |               ~~~~~~~~~~~~^~~~
src/menu/../network/RakServerInterface.h:21:37: warning: unused parameter ‘length’ [-Wunused-parameter]
   21 |     bool Send(const char* data, int length, unsigned char priority, char reliability, char orderingChannel, PlayerID playerId, bool broadcast) { return true; }
      |                                 ~~~~^~~~~~
src/menu/../network/RakServerInterface.h:21:59: warning: unused parameter ‘priority’ [-Wunused-parameter]
   21 |     bool Send(const char* data, int length, unsigned char priority, char reliability, char orderingChannel, PlayerID playerId, bool broadcast) { return true; }
      |                                             ~~~~~~~~~~~~~~^~~~~~~~
src/menu/../network/RakServerInterface.h:21:74: warning: unused parameter ‘reliability’ [-Wunused-parameter]
   21 |     bool Send(const char* data, int length, unsigned char priority, char reliability, char orderingChannel, PlayerID playerId, bool broadcast) { return true; }
      |                                                                     ~~~~~^~~~~~~~~~~
src/menu/../network/RakServerInterface.h:21:92: warning: unused parameter ‘orderingChannel’ [-Wunused-parameter]
   21 |     bool Send(const char* data, int length, unsigned char priority, char reliability, char orderingChannel, PlayerID playerId, bool broadcast) { return true; }
      |                                                                                       ~~~~~^~~~~~~~~~~~~~~
src/menu/../network/RakServerInterface.h:21:118: warning: unused parameter ‘playerId’ [-Wunused-parameter]
   21 |     bool Send(const char* data, int length, unsigned char priority, char reliability, char orderingChannel, PlayerID playerId, bool broadcast) { return true; }
      |                                                                                                             ~~~~~~~~~^~~~~~~~
src/menu/../network/RakServerInterface.h:21:133: warning: unused parameter ‘broadcast’ [-Wunused-parameter]
   21 |     bool Send(const char* data, int length, unsigned char priority, char reliability, char orderingChannel, PlayerID playerId, bool broadcast) { return true; }
      |                                                                                                                                ~~~~~^~~~~~~~~
src/menu/../network/RakServerInterface.h: In member function ‘bool RakServerInterface::Send(BitStream*, unsigned char, char, char, PlayerID, bool)’:
src/menu/../network/RakServerInterface.h:22:32: warning: unused parameter ‘bitStream’ [-Wunused-parameter]
   22 |     bool Send(class BitStream *bitStream, unsigned char priority, char reliability, char orderingChannel, PlayerID playerId, bool broadcast) { return true; }
      |               ~~~~~~~~~~~~~~~~~^~~~~~~~~
src/menu/../network/RakServerInterface.h:22:57: warning: unused parameter ‘priority’ [-Wunused-parameter]
   22 |     bool Send(class BitStream *bitStream, unsigned char priority, char reliability, char orderingChannel, PlayerID playerId, bool broadcast) { return true; }
      |                                           ~~~~~~~~~~~~~~^~~~~~~~
src/menu/../network/RakServerInterface.h:22:72: warning: unused parameter ‘reliability’ [-Wunused-parameter]
   22 |     bool Send(class BitStream *bitStream, unsigned char priority, char reliability, char orderingChannel, PlayerID playerId, bool broadcast) { return true; }
      |                                                                   ~~~~~^~~~~~~~~~~
src/menu/../network/RakServerInterface.h:22:90: warning: unused parameter ‘orderingChannel’ [-Wunused-parameter]
   22 |     bool Send(class BitStream *bitStream, unsigned char priority, char reliability, char orderingChannel, PlayerID playerId, bool broadcast) { return true; }
      |                                                                                     ~~~~~^~~~~~~~~~~~~~~
src/menu/../network/RakServerInterface.h:22:116: warning: unused parameter ‘playerId’ [-Wunused-parameter]
   22 |     bool Send(class BitStream *bitStream, unsigned char priority, char reliability, char orderingChannel, PlayerID playerId, bool broadcast) { return true; }
      |                                                                                                           ~~~~~~~~~^~~~~~~~
src/menu/../network/RakServerInterface.h:22:131: warning: unused parameter ‘broadcast’ [-Wunused-parameter]
   22 |     bool Send(class BitStream *bitStream, unsigned char priority, char reliability, char orderingChannel, PlayerID playerId, bool broadcast) { return true; }
      |                                                                                                                              ~~~~~^~~~~~~~~
src/menu/../network/RakServerInterface.h: In member function ‘void RakServerInterface::PushBackPacket(Packet*, bool)’:
src/menu/../network/RakServerInterface.h:23:33: warning: unused parameter ‘packet’ [-Wunused-parameter]
   23 |     void PushBackPacket(Packet* packet, bool pushAtHead) {}
      |                         ~~~~~~~~^~~~~~
src/menu/../network/RakServerInterface.h:23:46: warning: unused parameter ‘pushAtHead’ [-Wunused-parameter]
   23 |     void PushBackPacket(Packet* packet, bool pushAtHead) {}
      |                                         ~~~~~^~~~~~~~~~
src/menu/../network/RakServerInterface.h: In member function ‘void RakServerInterface::DeallocatePacket(Packet*)’:
src/menu/../network/RakServerInterface.h:24:35: warning: unused parameter ‘packet’ [-Wunused-parameter]
   24 |     void DeallocatePacket(Packet* packet) {}
      |                           ~~~~~~~~^~~~~~
src/menu/../network/RakServerInterface.h: In member function ‘int RakServerInterface::GetAveragePing(PlayerID)’:
src/menu/../network/RakServerInterface.h:25:33: warning: unused parameter ‘playerId’ [-Wunused-parameter]
   25 |     int GetAveragePing(PlayerID playerId) { return 0; }
      |                        ~~~~~~~~~^~~~~~~~
src/menu/../network/RakServerInterface.h: In member function ‘int RakServerInterface::GetLastPing(PlayerID)’:
src/menu/../network/RakServerInterface.h:26:30: warning: unused parameter ‘playerId’ [-Wunused-parameter]
   26 |     int GetLastPing(PlayerID playerId) { return 0; }
      |                     ~~~~~~~~~^~~~~~~~
src/menu/../network/RakServerInterface.h: In member function ‘int RakServerInterface::GetLowestPing(PlayerID)’:
src/menu/../network/RakServerInterface.h:27:32: warning: unused parameter ‘playerId’ [-Wunused-parameter]
   27 |     int GetLowestPing(PlayerID playerId) { return 0; }
      |                       ~~~~~~~~~^~~~~~~~
src/menu/../network/RakServerInterface.h: In member function ‘void RakServerInterface::Kick(PlayerID)’:
src/menu/../network/RakServerInterface.h:28:24: warning: unused parameter ‘playerId’ [-Wunused-parameter]
   28 |     void Kick(PlayerID playerId) {}
      |               ~~~~~~~~~^~~~~~~~
src/menu/../network/RakServerInterface.h: In member function ‘void RakServerInterface::SetAllowedPlayers(int)’:
src/menu/../network/RakServerInterface.h:31:32: warning: unused parameter ‘maxPlayers’ [-Wunused-parameter]
   31 |     void SetAllowedPlayers(int maxPlayers) {}
      |                            ~~~~^~~~~~~~~~
src/menu/../network/RakServerInterface.h: In member function ‘void* RakServerInterface::GetStatistics(PlayerID)’:
src/menu/../network/RakServerInterface.h:35:34: warning: unused parameter ‘playerId’ [-Wunused-parameter]
   35 |     void* GetStatistics(PlayerID playerId) { return 0; }
      |                         ~~~~~~~~~^~~~~~~~
src/menu/../network/RakNetworkFactory.h: In static member function ‘static void RakNetworkFactory::DestroyRakNetwork(void*)’:
src/menu/../network/RakNetworkFactory.h:15:41: warning: unused parameter ‘network’ [-Wunused-parameter]
   15 |     static void DestroyRakNetwork(void* network) {}
      |                                   ~~~~~~^~~~~~~
src/menu/mnwstats.cpp: In member function ‘void mNetStats::init_normal(int)’:
src/menu/mnwstats.cpp:210:40: warning: ISO C++ forbids converting a string constant to ‘char*’ [-Wwrite-strings]
  210 |         button[button_count]->set_text("--");
      |                                        ^~~~
src/menu/mnwstats.cpp: In member function ‘void mNetStats::init_user(int)’:
src/menu/mnwstats.cpp:366:38: warning: ISO C++ forbids converting a string constant to ‘char*’ [-Wwrite-strings]
  366 |       button[button_count]->set_text("--");
      |                                      ^~~~
src/menu/../network/RakServerInterface.h: At global scope:
src/menu/../network/RakServerInterface.h:49:17: warning: ‘UNASSIGNED_PLAYER_ID’ defined but not used [-Wunused-variable]
   49 | static PlayerID UNASSIGNED_PLAYER_ID = {0, 0};
      |                 ^~~~~~~~~~~~~~~~~~~~
Compiling src/menu/moneplay.cpp...
g++ -O2 -Wall -Wextra -std=c++11 -fpermissive -DDIRECT_ASSET_LOADING  -I/usr/include/lua5.4 -I./src -c src/menu/moneplay.cpp -o obj/menu/moneplay.o
In file included from src/menu/../gsbullet.h:17,
                 from src/menu/../gsplayer.h:17,
                 from src/menu/moneplay.cpp:16:
src/menu/../luaclass.h: In member function ‘void Lua::open(int)’:
src/menu/../luaclass.h:20:23: warning: unused parameter ‘stacksize’ [-Wunused-parameter]
   20 |         void open(int stacksize = 0)
      |                   ~~~~^~~~~~~~~~~~~
src/menu/../luaclass.h: In member function ‘void Lua::setgcthreshold(int)’:
src/menu/../luaclass.h:136:33: warning: unused parameter ‘newthreshold’ [-Wunused-parameter]
  136 |         void setgcthreshold(int newthreshold)
      |                             ~~~~^~~~~~~~~~~~
In file included from src/menu/moneplay.cpp:19:
src/menu/../gsscript.h: At global scope:
src/menu/../gsscript.h:43:43: warning: ISO C++ forbids converting a string constant to ‘char*’ [-Wwrite-strings]
   43 |     void  read_level_files(int=0, char *n="");
      |                                           ^~
src/menu/moneplay.cpp: In member function ‘int mOnePlayer::handle_controls()’:
src/menu/moneplay.cpp:391:35: warning: ISO C++ forbids converting a string constant to ‘char*’ [-Wwrite-strings]
  391 |       script->read_level_files(0, "m");
      |                                   ^~~
src/menu/moneplay.cpp:407:35: warning: ISO C++ forbids converting a string constant to ‘char*’ [-Wwrite-strings]
  407 |       script->read_level_files(0, "r");
      |                                   ^~~
src/menu/moneplay.cpp: In member function ‘void mOnePlayer::init(int)’:
src/menu/moneplay.cpp:111:10: warning: ‘char* __builtin_strncpy(char*, const char*, long unsigned int)’ output may be truncated copying 20 bytes from a string of length 20 [-Wstringop-truncation]
  111 |   strncpy(filename, globals->pplayer[0].pship, 20); strupr(filename);
      |          ^
Compiling src/menu/moptions.cpp...
g++ -O2 -Wall -Wextra -std=c++11 -fpermissive -DDIRECT_ASSET_LOADING  -I/usr/include/lua5.4 -I./src -c src/menu/moptions.cpp -o obj/menu/moptions.o
In file included from src/menu/../gsscript.h:16,
                 from src/menu/moptions.cpp:20:
src/menu/../luaclass.h: In member function ‘void Lua::open(int)’:
src/menu/../luaclass.h:20:23: warning: unused parameter ‘stacksize’ [-Wunused-parameter]
   20 |         void open(int stacksize = 0)
      |                   ~~~~^~~~~~~~~~~~~
src/menu/../luaclass.h: In member function ‘void Lua::setgcthreshold(int)’:
src/menu/../luaclass.h:136:33: warning: unused parameter ‘newthreshold’ [-Wunused-parameter]
  136 |         void setgcthreshold(int newthreshold)
      |                             ~~~~^~~~~~~~~~~~
src/menu/../gsscript.h: At global scope:
src/menu/../gsscript.h:43:43: warning: ISO C++ forbids converting a string constant to ‘char*’ [-Wwrite-strings]
   43 |     void  read_level_files(int=0, char *n="");
      |                                           ^~
Compiling src/menu/mpixels.cpp...
g++ -O2 -Wall -Wextra -std=c++11 -fpermissive -DDIRECT_ASSET_LOADING  -I/usr/include/lua5.4 -I./src -c src/menu/mpixels.cpp -o obj/menu/mpixels.o
Compiling src/menu/mplayer.cpp...
g++ -O2 -Wall -Wextra -std=c++11 -fpermissive -DDIRECT_ASSET_LOADING  -I/usr/include/lua5.4 -I./src -c src/menu/mplayer.cpp -o obj/menu/mplayer.o
In file included from src/menu/../gsbullet.h:17,
                 from src/menu/../gsplayer.h:17,
                 from src/menu/../gsglob.h:22,
                 from src/menu/mplayer.cpp:14:
src/menu/../luaclass.h: In member function ‘void Lua::open(int)’:
src/menu/../luaclass.h:20:23: warning: unused parameter ‘stacksize’ [-Wunused-parameter]
   20 |         void open(int stacksize = 0)
      |                   ~~~~^~~~~~~~~~~~~
src/menu/../luaclass.h: In member function ‘void Lua::setgcthreshold(int)’:
src/menu/../luaclass.h:136:33: warning: unused parameter ‘newthreshold’ [-Wunused-parameter]
  136 |         void setgcthreshold(int newthreshold)
      |                             ~~~~^~~~~~~~~~~~
src/menu/mplayer.cpp: In constructor ‘mPlayer::mPlayer(int, int, int, int)’:
src/menu/mplayer.cpp:30:22: warning: unused parameter ‘num’ [-Wunused-parameter]
   30 | mPlayer::mPlayer(int num, int t, int px, int py)
      |                  ~~~~^~~
Compiling src/menu/mshpbld.cpp...
g++ -O2 -Wall -Wextra -std=c++11 -fpermissive -DDIRECT_ASSET_LOADING  -I/usr/include/lua5.4 -I./src -c src/menu/mshpbld.cpp -o obj/menu/mshpbld.o
In file included from src/menu/../gsnetw.h:18,
                 from src/menu/mshpbld.cpp:23:
src/menu/../gsnetsrv.h:67:7: warning: extra tokens at end of #endif directive [-Wendif-labels]
   67 | #endif;
      |       ^
In file included from src/menu/../gsbullet.h:17,
                 from src/menu/../gsplayer.h:17,
                 from src/menu/../gsglob.h:22,
                 from src/menu/mshpbld.cpp:14:
src/menu/../luaclass.h: In member function ‘void Lua::open(int)’:
src/menu/../luaclass.h:20:23: warning: unused parameter ‘stacksize’ [-Wunused-parameter]
   20 |         void open(int stacksize = 0)
      |                   ~~~~^~~~~~~~~~~~~
src/menu/../luaclass.h: In member function ‘void Lua::setgcthreshold(int)’:
src/menu/../luaclass.h:136:33: warning: unused parameter ‘newthreshold’ [-Wunused-parameter]
  136 |         void setgcthreshold(int newthreshold)
      |                             ~~~~^~~~~~~~~~~~
In file included from src/menu/../gsnetcli.h:16,
                 from src/menu/../gsnetw.h:17:
src/menu/../network/BitStream.h: In constructor ‘BitStream::BitStream(char*, unsigned int, bool)’:
src/menu/../network/BitStream.h:22:61: warning: unused parameter ‘_copyData’ [-Wunused-parameter]
   22 |     BitStream(char* _data, unsigned int lengthInBytes, bool _copyData) : data(_data), numberOfBitsAllocated(lengthInBytes * 8), numberOfBitsUsed(lengthInBytes * 8), readOffset(0), maxLength(lengthInBytes) {}
      |                                                        ~~~~~^~~~~~~~~
src/menu/../network/BitStream.h: In member function ‘void BitStream::Write(int)’:
src/menu/../network/BitStream.h:25:20: warning: unused parameter ‘data’ [-Wunused-parameter]
   25 |     void Write(int data) {}
      |                ~~~~^~~~
src/menu/../network/BitStream.h: In member function ‘void BitStream::Write(unsigned char)’:
src/menu/../network/BitStream.h:26:30: warning: unused parameter ‘data’ [-Wunused-parameter]
   26 |     void Write(unsigned char data) {}
      |                ~~~~~~~~~~~~~~^~~~
src/menu/../network/BitStream.h: In member function ‘void BitStream::Write(char)’:
src/menu/../network/BitStream.h:27:21: warning: unused parameter ‘data’ [-Wunused-parameter]
   27 |     void Write(char data) {}
      |                ~~~~~^~~~
src/menu/../network/BitStream.h: In member function ‘void BitStream::Write(char*, unsigned int)’:
src/menu/../network/BitStream.h:28:22: warning: unused parameter ‘data’ [-Wunused-parameter]
   28 |     void Write(char* data, const unsigned int length) {}
      |                ~~~~~~^~~~
src/menu/../network/BitStream.h:28:47: warning: unused parameter ‘length’ [-Wunused-parameter]
   28 |     void Write(char* data, const unsigned int length) {}
      |                            ~~~~~~~~~~~~~~~~~~~^~~~~~
src/menu/../network/BitStream.h: In member function ‘void BitStream::Write(long unsigned int)’:
src/menu/../network/BitStream.h:29:30: warning: unused parameter ‘data’ [-Wunused-parameter]
   29 |     void Write(unsigned long data) {}
      |                ~~~~~~~~~~~~~~^~~~
src/menu/../network/BitStream.h: In member function ‘void BitStream::Write(float)’:
src/menu/../network/BitStream.h:30:22: warning: unused parameter ‘data’ [-Wunused-parameter]
   30 |     void Write(float data) {}
      |                ~~~~~~^~~~
src/menu/../network/BitStream.h: In member function ‘void BitStream::Write(bool)’:
src/menu/../network/BitStream.h:31:21: warning: unused parameter ‘data’ [-Wunused-parameter]
   31 |     void Write(bool data) {}
      |                ~~~~~^~~~
src/menu/../network/BitStream.h: In member function ‘void BitStream::Read(char*&, unsigned int)’:
src/menu/../network/BitStream.h:42:22: warning: unused parameter ‘data’ [-Wunused-parameter]
   42 |     void Read(char* &data, const unsigned int length) {}
      |               ~~~~~~~^~~~
src/menu/../network/BitStream.h:42:47: warning: unused parameter ‘length’ [-Wunused-parameter]
   42 |     void Read(char* &data, const unsigned int length) {}
      |                            ~~~~~~~~~~~~~~~~~~~^~~~~~
src/menu/../network/BitStream.h: In member function ‘void BitStream::Read(const char*&, unsigned int)’:
src/menu/../network/BitStream.h:43:28: warning: unused parameter ‘data’ [-Wunused-parameter]
   43 |     void Read(const char* &data, const unsigned int length) {}
      |               ~~~~~~~~~~~~~^~~~
src/menu/../network/BitStream.h:43:53: warning: unused parameter ‘length’ [-Wunused-parameter]
   43 |     void Read(const char* &data, const unsigned int length) {}
      |                                  ~~~~~~~~~~~~~~~~~~~^~~~~~
src/menu/../network/BitStream.h: In member function ‘void BitStream::Read(void*, unsigned int)’:
src/menu/../network/BitStream.h:44:21: warning: unused parameter ‘data’ [-Wunused-parameter]
   44 |     void Read(void* data, const unsigned int length) {}
      |               ~~~~~~^~~~
src/menu/../network/BitStream.h:44:46: warning: unused parameter ‘length’ [-Wunused-parameter]
   44 |     void Read(void* data, const unsigned int length) {}
      |                           ~~~~~~~~~~~~~~~~~~~^~~~~~
src/menu/../network/BitStream.h: In member function ‘void BitStream::SetWriteOffset(unsigned int)’:
src/menu/../network/BitStream.h:47:38: warning: unused parameter ‘offset’ [-Wunused-parameter]
   47 |     void SetWriteOffset(unsigned int offset) {}
      |                         ~~~~~~~~~~~~~^~~~~~
In file included from src/menu/../network/RakNetworkFactory.h:9,
                 from src/menu/../gsnetcli.h:17:
src/menu/../network/RakClientInterface.h: In member function ‘bool RakClientInterface::Connect(const char*, short unsigned int, const char*, short unsigned int)’:
src/menu/../network/RakClientInterface.h:17:30: warning: unused parameter ‘serverIP’ [-Wunused-parameter]
   17 |     bool Connect(const char* serverIP, unsigned short serverPort, const char* clientIP, unsigned short clientPort) { return false; }
      |                  ~~~~~~~~~~~~^~~~~~~~
src/menu/../network/RakClientInterface.h:17:55: warning: unused parameter ‘serverPort’ [-Wunused-parameter]
   17 |     bool Connect(const char* serverIP, unsigned short serverPort, const char* clientIP, unsigned short clientPort) { return false; }
      |                                        ~~~~~~~~~~~~~~~^~~~~~~~~~
src/menu/../network/RakClientInterface.h:17:79: warning: unused parameter ‘clientIP’ [-Wunused-parameter]
   17 |     bool Connect(const char* serverIP, unsigned short serverPort, const char* clientIP, unsigned short clientPort) { return false; }
      |                                                                   ~~~~~~~~~~~~^~~~~~~~
src/menu/../network/RakClientInterface.h:17:104: warning: unused parameter ‘clientPort’ [-Wunused-parameter]
   17 |     bool Connect(const char* serverIP, unsigned short serverPort, const char* clientIP, unsigned short clientPort) { return false; }
      |                                                                                         ~~~~~~~~~~~~~~~^~~~~~~~~~
src/menu/../network/RakClientInterface.h: In member function ‘bool RakClientInterface::Connect(const char*, short unsigned int, short unsigned int, unsigned int, int)’:
src/menu/../network/RakClientInterface.h:18:30: warning: unused parameter ‘host’ [-Wunused-parameter]
   18 |     bool Connect(const char* host, unsigned short serverPort, unsigned short clientPort, unsigned int connectionValidationInteger, int timeoutMS) { return false; }
      |                  ~~~~~~~~~~~~^~~~
src/menu/../network/RakClientInterface.h:18:51: warning: unused parameter ‘serverPort’ [-Wunused-parameter]
   18 |     bool Connect(const char* host, unsigned short serverPort, unsigned short clientPort, unsigned int connectionValidationInteger, int timeoutMS) { return false; }
      |                                    ~~~~~~~~~~~~~~~^~~~~~~~~~
src/menu/../network/RakClientInterface.h:18:78: warning: unused parameter ‘clientPort’ [-Wunused-parameter]
   18 |     bool Connect(const char* host, unsigned short serverPort, unsigned short clientPort, unsigned int connectionValidationInteger, int timeoutMS) { return false; }
      |                                                               ~~~~~~~~~~~~~~~^~~~~~~~~~
src/menu/../network/RakClientInterface.h:18:103: warning: unused parameter ‘connectionValidationInteger’ [-Wunused-parameter]
   18 |     bool Connect(const char* host, unsigned short serverPort, unsigned short clientPort, unsigned int connectionValidationInteger, int timeoutMS) { return false; }
      |                                                                                          ~~~~~~~~~~~~~^~~~~~~~~~~~~~~~~~~~~~~~~~~
src/menu/../network/RakClientInterface.h:18:136: warning: unused parameter ‘timeoutMS’ [-Wunused-parameter]
   18 |     bool Connect(const char* host, unsigned short serverPort, unsigned short clientPort, unsigned int connectionValidationInteger, int timeoutMS) { return false; }
      |                                                                                                                                    ~~~~^~~~~~~~~
src/menu/../network/RakClientInterface.h: In member function ‘void RakClientInterface::Disconnect(unsigned int, unsigned char)’:
src/menu/../network/RakClientInterface.h:19:34: warning: unused parameter ‘blockDuration’ [-Wunused-parameter]
   19 |     void Disconnect(unsigned int blockDuration = 0, unsigned char orderingChannel = 0) {}
      |                     ~~~~~~~~~~~~~^~~~~~~~~~~~~~~~~
src/menu/../network/RakClientInterface.h:19:67: warning: unused parameter ‘orderingChannel’ [-Wunused-parameter]
   19 |     void Disconnect(unsigned int blockDuration = 0, unsigned char orderingChannel = 0) {}
      |                                                     ~~~~~~~~~~~~~~^~~~~~~~~~~~~~~~~~~
src/menu/../network/RakClientInterface.h: In member function ‘void RakClientInterface::PingServer(const char*, short unsigned int, short unsigned int)’:
src/menu/../network/RakClientInterface.h:21:33: warning: unused parameter ‘host’ [-Wunused-parameter]
   21 |     void PingServer(const char* host, unsigned short remotePort, unsigned short sendPort) {}
      |                     ~~~~~~~~~~~~^~~~
src/menu/../network/RakClientInterface.h:21:54: warning: unused parameter ‘remotePort’ [-Wunused-parameter]
   21 |     void PingServer(const char* host, unsigned short remotePort, unsigned short sendPort) {}
      |                                       ~~~~~~~~~~~~~~~^~~~~~~~~~
src/menu/../network/RakClientInterface.h:21:81: warning: unused parameter ‘sendPort’ [-Wunused-parameter]
   21 |     void PingServer(const char* host, unsigned short remotePort, unsigned short sendPort) {}
      |                                                                  ~~~~~~~~~~~~~~~^~~~~~~~
src/menu/../network/RakClientInterface.h: In member function ‘bool RakClientInterface::Send(const char*, int, unsigned char, char, char, PlayerID, bool)’:
src/menu/../network/RakClientInterface.h:25:27: warning: unused parameter ‘data’ [-Wunused-parameter]
   25 |     bool Send(const char* data, int length, unsigned char priority, char reliability, char orderingChannel, PlayerID playerId, bool broadcast) { return true; }
      |               ~~~~~~~~~~~~^~~~
src/menu/../network/RakClientInterface.h:25:37: warning: unused parameter ‘length’ [-Wunused-parameter]
   25 |     bool Send(const char* data, int length, unsigned char priority, char reliability, char orderingChannel, PlayerID playerId, bool broadcast) { return true; }
      |                                 ~~~~^~~~~~
src/menu/../network/RakClientInterface.h:25:59: warning: unused parameter ‘priority’ [-Wunused-parameter]
   25 |     bool Send(const char* data, int length, unsigned char priority, char reliability, char orderingChannel, PlayerID playerId, bool broadcast) { return true; }
      |                                             ~~~~~~~~~~~~~~^~~~~~~~
src/menu/../network/RakClientInterface.h:25:74: warning: unused parameter ‘reliability’ [-Wunused-parameter]
   25 |     bool Send(const char* data, int length, unsigned char priority, char reliability, char orderingChannel, PlayerID playerId, bool broadcast) { return true; }
      |                                                                     ~~~~~^~~~~~~~~~~
src/menu/../network/RakClientInterface.h:25:92: warning: unused parameter ‘orderingChannel’ [-Wunused-parameter]
   25 |     bool Send(const char* data, int length, unsigned char priority, char reliability, char orderingChannel, PlayerID playerId, bool broadcast) { return true; }
      |                                                                                       ~~~~~^~~~~~~~~~~~~~~
src/menu/../network/RakClientInterface.h:25:118: warning: unused parameter ‘playerId’ [-Wunused-parameter]
   25 |     bool Send(const char* data, int length, unsigned char priority, char reliability, char orderingChannel, PlayerID playerId, bool broadcast) { return true; }
      |                                                                                                             ~~~~~~~~~^~~~~~~~
src/menu/../network/RakClientInterface.h:25:133: warning: unused parameter ‘broadcast’ [-Wunused-parameter]
   25 |     bool Send(const char* data, int length, unsigned char priority, char reliability, char orderingChannel, PlayerID playerId, bool broadcast) { return true; }
      |                                                                                                                                ~~~~~^~~~~~~~~
src/menu/../network/RakClientInterface.h: In member function ‘bool RakClientInterface::Send(BitStream*, unsigned char, char, char)’:
src/menu/../network/RakClientInterface.h:26:32: warning: unused parameter ‘bitStream’ [-Wunused-parameter]
   26 |     bool Send(class BitStream *bitStream, unsigned char priority, char reliability, char orderingChannel) { return true; }
      |               ~~~~~~~~~~~~~~~~~^~~~~~~~~
src/menu/../network/RakClientInterface.h:26:57: warning: unused parameter ‘priority’ [-Wunused-parameter]
   26 |     bool Send(class BitStream *bitStream, unsigned char priority, char reliability, char orderingChannel) { return true; }
      |                                           ~~~~~~~~~~~~~~^~~~~~~~
src/menu/../network/RakClientInterface.h:26:72: warning: unused parameter ‘reliability’ [-Wunused-parameter]
   26 |     bool Send(class BitStream *bitStream, unsigned char priority, char reliability, char orderingChannel) { return true; }
      |                                                                   ~~~~~^~~~~~~~~~~
src/menu/../network/RakClientInterface.h:26:90: warning: unused parameter ‘orderingChannel’ [-Wunused-parameter]
   26 |     bool Send(class BitStream *bitStream, unsigned char priority, char reliability, char orderingChannel) { return true; }
      |                                                                                     ~~~~~^~~~~~~~~~~~~~~
src/menu/../network/RakClientInterface.h: In member function ‘void RakClientInterface::PushBackPacket(Packet*, bool)’:
src/menu/../network/RakClientInterface.h:27:33: warning: unused parameter ‘packet’ [-Wunused-parameter]
   27 |     void PushBackPacket(Packet* packet, bool pushAtHead) {}
      |                         ~~~~~~~~^~~~~~
src/menu/../network/RakClientInterface.h:27:46: warning: unused parameter ‘pushAtHead’ [-Wunused-parameter]
   27 |     void PushBackPacket(Packet* packet, bool pushAtHead) {}
      |                                         ~~~~~^~~~~~~~~~
src/menu/../network/RakClientInterface.h: In member function ‘void RakClientInterface::DeallocatePacket(Packet*)’:
src/menu/../network/RakClientInterface.h:35:35: warning: unused parameter ‘packet’ [-Wunused-parameter]
   35 |     void DeallocatePacket(Packet *packet) {}
      |                           ~~~~~~~~^~~~~~
src/menu/../network/RakClientInterface.h: In member function ‘const char* RakClientInterface::PlayerIDToDottedIP(PlayerID)’:
src/menu/../network/RakClientInterface.h:36:45: warning: unused parameter ‘playerId’ [-Wunused-parameter]
   36 |     const char* PlayerIDToDottedIP(PlayerID playerId) { return "0.0.0.0"; }
      |                                    ~~~~~~~~~^~~~~~~~
In file included from src/menu/../network/RakNetworkFactory.h:10:
src/menu/../network/RakServerInterface.h: In member function ‘bool RakServerInterface::Start(int, int, int, int)’:
src/menu/../network/RakServerInterface.h:19:20: warning: unused parameter ‘AllowedPlayers’ [-Wunused-parameter]
   19 |     bool Start(int AllowedPlayers, int connectionValidationInteger, int threadSleepTimer, int port) { return false; }
      |                ~~~~^~~~~~~~~~~~~~
src/menu/../network/RakServerInterface.h:19:40: warning: unused parameter ‘connectionValidationInteger’ [-Wunused-parameter]
   19 |     bool Start(int AllowedPlayers, int connectionValidationInteger, int threadSleepTimer, int port) { return false; }
      |                                    ~~~~^~~~~~~~~~~~~~~~~~~~~~~~~~~
src/menu/../network/RakServerInterface.h:19:73: warning: unused parameter ‘threadSleepTimer’ [-Wunused-parameter]
   19 |     bool Start(int AllowedPlayers, int connectionValidationInteger, int threadSleepTimer, int port) { return false; }
      |                                                                     ~~~~^~~~~~~~~~~~~~~~
src/menu/../network/RakServerInterface.h:19:95: warning: unused parameter ‘port’ [-Wunused-parameter]
   19 |     bool Start(int AllowedPlayers, int connectionValidationInteger, int threadSleepTimer, int port) { return false; }
      |                                                                                           ~~~~^~~~
src/menu/../network/RakServerInterface.h: In member function ‘void RakServerInterface::Disconnect(unsigned int, unsigned char)’:
src/menu/../network/RakServerInterface.h:20:34: warning: unused parameter ‘blockDuration’ [-Wunused-parameter]
   20 |     void Disconnect(unsigned int blockDuration = 0, unsigned char orderingChannel = 0) {}
      |                     ~~~~~~~~~~~~~^~~~~~~~~~~~~~~~~
src/menu/../network/RakServerInterface.h:20:67: warning: unused parameter ‘orderingChannel’ [-Wunused-parameter]
   20 |     void Disconnect(unsigned int blockDuration = 0, unsigned char orderingChannel = 0) {}
      |                                                     ~~~~~~~~~~~~~~^~~~~~~~~~~~~~~~~~~
src/menu/../network/RakServerInterface.h: In member function ‘bool RakServerInterface::Send(const char*, int, unsigned char, char, char, PlayerID, bool)’:
src/menu/../network/RakServerInterface.h:21:27: warning: unused parameter ‘data’ [-Wunused-parameter]
   21 |     bool Send(const char* data, int length, unsigned char priority, char reliability, char orderingChannel, PlayerID playerId, bool broadcast) { return true; }
      |               ~~~~~~~~~~~~^~~~
src/menu/../network/RakServerInterface.h:21:37: warning: unused parameter ‘length’ [-Wunused-parameter]
   21 |     bool Send(const char* data, int length, unsigned char priority, char reliability, char orderingChannel, PlayerID playerId, bool broadcast) { return true; }
      |                                 ~~~~^~~~~~
src/menu/../network/RakServerInterface.h:21:59: warning: unused parameter ‘priority’ [-Wunused-parameter]
   21 |     bool Send(const char* data, int length, unsigned char priority, char reliability, char orderingChannel, PlayerID playerId, bool broadcast) { return true; }
      |                                             ~~~~~~~~~~~~~~^~~~~~~~
src/menu/../network/RakServerInterface.h:21:74: warning: unused parameter ‘reliability’ [-Wunused-parameter]
   21 |     bool Send(const char* data, int length, unsigned char priority, char reliability, char orderingChannel, PlayerID playerId, bool broadcast) { return true; }
      |                                                                     ~~~~~^~~~~~~~~~~
src/menu/../network/RakServerInterface.h:21:92: warning: unused parameter ‘orderingChannel’ [-Wunused-parameter]
   21 |     bool Send(const char* data, int length, unsigned char priority, char reliability, char orderingChannel, PlayerID playerId, bool broadcast) { return true; }
      |                                                                                       ~~~~~^~~~~~~~~~~~~~~
src/menu/../network/RakServerInterface.h:21:118: warning: unused parameter ‘playerId’ [-Wunused-parameter]
   21 |     bool Send(const char* data, int length, unsigned char priority, char reliability, char orderingChannel, PlayerID playerId, bool broadcast) { return true; }
      |                                                                                                             ~~~~~~~~~^~~~~~~~
src/menu/../network/RakServerInterface.h:21:133: warning: unused parameter ‘broadcast’ [-Wunused-parameter]
   21 |     bool Send(const char* data, int length, unsigned char priority, char reliability, char orderingChannel, PlayerID playerId, bool broadcast) { return true; }
      |                                                                                                                                ~~~~~^~~~~~~~~
src/menu/../network/RakServerInterface.h: In member function ‘bool RakServerInterface::Send(BitStream*, unsigned char, char, char, PlayerID, bool)’:
src/menu/../network/RakServerInterface.h:22:32: warning: unused parameter ‘bitStream’ [-Wunused-parameter]
   22 |     bool Send(class BitStream *bitStream, unsigned char priority, char reliability, char orderingChannel, PlayerID playerId, bool broadcast) { return true; }
      |               ~~~~~~~~~~~~~~~~~^~~~~~~~~
src/menu/../network/RakServerInterface.h:22:57: warning: unused parameter ‘priority’ [-Wunused-parameter]
   22 |     bool Send(class BitStream *bitStream, unsigned char priority, char reliability, char orderingChannel, PlayerID playerId, bool broadcast) { return true; }
      |                                           ~~~~~~~~~~~~~~^~~~~~~~
src/menu/../network/RakServerInterface.h:22:72: warning: unused parameter ‘reliability’ [-Wunused-parameter]
   22 |     bool Send(class BitStream *bitStream, unsigned char priority, char reliability, char orderingChannel, PlayerID playerId, bool broadcast) { return true; }
      |                                                                   ~~~~~^~~~~~~~~~~
src/menu/../network/RakServerInterface.h:22:90: warning: unused parameter ‘orderingChannel’ [-Wunused-parameter]
   22 |     bool Send(class BitStream *bitStream, unsigned char priority, char reliability, char orderingChannel, PlayerID playerId, bool broadcast) { return true; }
      |                                                                                     ~~~~~^~~~~~~~~~~~~~~
src/menu/../network/RakServerInterface.h:22:116: warning: unused parameter ‘playerId’ [-Wunused-parameter]
   22 |     bool Send(class BitStream *bitStream, unsigned char priority, char reliability, char orderingChannel, PlayerID playerId, bool broadcast) { return true; }
      |                                                                                                           ~~~~~~~~~^~~~~~~~
src/menu/../network/RakServerInterface.h:22:131: warning: unused parameter ‘broadcast’ [-Wunused-parameter]
   22 |     bool Send(class BitStream *bitStream, unsigned char priority, char reliability, char orderingChannel, PlayerID playerId, bool broadcast) { return true; }
      |                                                                                                                              ~~~~~^~~~~~~~~
src/menu/../network/RakServerInterface.h: In member function ‘void RakServerInterface::PushBackPacket(Packet*, bool)’:
src/menu/../network/RakServerInterface.h:23:33: warning: unused parameter ‘packet’ [-Wunused-parameter]
   23 |     void PushBackPacket(Packet* packet, bool pushAtHead) {}
      |                         ~~~~~~~~^~~~~~
src/menu/../network/RakServerInterface.h:23:46: warning: unused parameter ‘pushAtHead’ [-Wunused-parameter]
   23 |     void PushBackPacket(Packet* packet, bool pushAtHead) {}
      |                                         ~~~~~^~~~~~~~~~
src/menu/../network/RakServerInterface.h: In member function ‘void RakServerInterface::DeallocatePacket(Packet*)’:
src/menu/../network/RakServerInterface.h:24:35: warning: unused parameter ‘packet’ [-Wunused-parameter]
   24 |     void DeallocatePacket(Packet* packet) {}
      |                           ~~~~~~~~^~~~~~
src/menu/../network/RakServerInterface.h: In member function ‘int RakServerInterface::GetAveragePing(PlayerID)’:
src/menu/../network/RakServerInterface.h:25:33: warning: unused parameter ‘playerId’ [-Wunused-parameter]
   25 |     int GetAveragePing(PlayerID playerId) { return 0; }
      |                        ~~~~~~~~~^~~~~~~~
src/menu/../network/RakServerInterface.h: In member function ‘int RakServerInterface::GetLastPing(PlayerID)’:
src/menu/../network/RakServerInterface.h:26:30: warning: unused parameter ‘playerId’ [-Wunused-parameter]
   26 |     int GetLastPing(PlayerID playerId) { return 0; }
      |                     ~~~~~~~~~^~~~~~~~
src/menu/../network/RakServerInterface.h: In member function ‘int RakServerInterface::GetLowestPing(PlayerID)’:
src/menu/../network/RakServerInterface.h:27:32: warning: unused parameter ‘playerId’ [-Wunused-parameter]
   27 |     int GetLowestPing(PlayerID playerId) { return 0; }
      |                       ~~~~~~~~~^~~~~~~~
src/menu/../network/RakServerInterface.h: In member function ‘void RakServerInterface::Kick(PlayerID)’:
src/menu/../network/RakServerInterface.h:28:24: warning: unused parameter ‘playerId’ [-Wunused-parameter]
   28 |     void Kick(PlayerID playerId) {}
      |               ~~~~~~~~~^~~~~~~~
src/menu/../network/RakServerInterface.h: In member function ‘void RakServerInterface::SetAllowedPlayers(int)’:
src/menu/../network/RakServerInterface.h:31:32: warning: unused parameter ‘maxPlayers’ [-Wunused-parameter]
   31 |     void SetAllowedPlayers(int maxPlayers) {}
      |                            ~~~~^~~~~~~~~~
src/menu/../network/RakServerInterface.h: In member function ‘void* RakServerInterface::GetStatistics(PlayerID)’:
src/menu/../network/RakServerInterface.h:35:34: warning: unused parameter ‘playerId’ [-Wunused-parameter]
   35 |     void* GetStatistics(PlayerID playerId) { return 0; }
      |                         ~~~~~~~~~^~~~~~~~
src/menu/../network/RakNetworkFactory.h: In static member function ‘static void RakNetworkFactory::DestroyRakNetwork(void*)’:
src/menu/../network/RakNetworkFactory.h:15:41: warning: unused parameter ‘network’ [-Wunused-parameter]
   15 |     static void DestroyRakNetwork(void* network) {}
      |                                   ~~~~~~^~~~~~~
src/menu/mshpbld.cpp: In function ‘int my_edit_proc(int, void*, int)’:
src/menu/mshpbld.cpp:37:22: warning: unused parameter ‘msg’ [-Wunused-parameter]
   37 | int my_edit_proc(int msg, void *d, int c)
      |                  ~~~~^~~
src/menu/mshpbld.cpp:37:33: warning: unused parameter ‘d’ [-Wunused-parameter]
   37 | int my_edit_proc(int msg, void *d, int c)
      |                           ~~~~~~^
src/menu/mshpbld.cpp:37:40: warning: unused parameter ‘c’ [-Wunused-parameter]
   37 | int my_edit_proc(int msg, void *d, int c)
      |                                    ~~~~^
src/menu/mshpbld.cpp: In member function ‘void mShipBuilder::init(int, char*, int)’:
src/menu/mshpbld.cpp:112:43: warning: ISO C++ forbids converting a string constant to ‘char*’ [-Wwrite-strings]
  112 |     pl = new gsPlayer(0, SHIP_PIRANHA, 0, "#defnew_shp");
      |                                           ^~~~~~~~~~~~~
src/menu/mshpbld.cpp:91:29: warning: unused parameter ‘scatter’ [-Wunused-parameter]
   91 | void mShipBuilder::init(int scatter, char *filename, int return_to)
      |                         ~~~~^~~~~~~
src/menu/mshpbld.cpp: In member function ‘int mShipBuilder::handle_controls()’:
src/menu/mshpbld.cpp:662:22: warning: ISO C++ forbids converting a string constant to ‘char*’ [-Wwrite-strings]
  662 |       errors->log(1, "shipbuilder", "file selection not implemented in Allegro 5");
      |                      ^~~~~~~~~~~~~
src/menu/mshpbld.cpp:662:37: warning: ISO C++ forbids converting a string constant to ‘char*’ [-Wwrite-strings]
  662 |       errors->log(1, "shipbuilder", "file selection not implemented in Allegro 5");
      |                                     ^~~~~~~~~~~~~~~~~~~~~~~~~~~~~~~~~~~~~~~~~~~~~
src/menu/mshpbld.cpp: In member function ‘void mShipBuilder::load_new_ship_image(char*)’:
src/menu/mshpbld.cpp:1065:20: warning: ISO C++ forbids converting a string constant to ‘char*’ [-Wwrite-strings]
 1065 |     errors->log(0, "error importing ship", f);
      |                    ^~~~~~~~~~~~~~~~~~~~~~
src/menu/mshpbld.cpp:1075:20: warning: ISO C++ forbids converting a string constant to ‘char*’ [-Wwrite-strings]
 1075 |     errors->log(2, "ship image imported", f);
      |                    ^~~~~~~~~~~~~~~~~~~~~
src/menu/mshpbld.cpp: In member function ‘void mShipBuilder::delete_shipfile(int)’:
src/menu/mshpbld.cpp:1121:20: warning: ISO C++ forbids converting a string constant to ‘char*’ [-Wwrite-strings]
 1121 |     errors->log(2, "deleting ship", ship_filename);
      |                    ^~~~~~~~~~~~~~~
src/menu/mshpbld.cpp: In member function ‘void mShipBuilder::save_shipfile()’:
src/menu/mshpbld.cpp:1134:18: warning: ISO C++ forbids converting a string constant to ‘char*’ [-Wwrite-strings]
 1134 |   errors->log(2, "saving ship", ship_filename);
      |                  ^~~~~~~~~~~~~
src/menu/mshpbld.cpp:1143:22: warning: ISO C++ forbids converting a string constant to ‘char*’ [-Wwrite-strings]
 1143 |       errors->log(0, "copy ship image", "ERROR!", loaded_image_path);
      |                      ^~~~~~~~~~~~~~~~~
src/menu/mshpbld.cpp:1143:41: warning: ISO C++ forbids converting a string constant to ‘char*’ [-Wwrite-strings]
 1143 |       errors->log(0, "copy ship image", "ERROR!", loaded_image_path);
      |                                         ^~~~~~~~
src/menu/mshpbld.cpp:1145:22: warning: ISO C++ forbids converting a string constant to ‘char*’ [-Wwrite-strings]
 1145 |       errors->log(2, "copy ship image", "okay", loaded_image_path);
      |                      ^~~~~~~~~~~~~~~~~
src/menu/mshpbld.cpp:1145:41: warning: ISO C++ forbids converting a string constant to ‘char*’ [-Wwrite-strings]
 1145 |       errors->log(2, "copy ship image", "okay", loaded_image_path);
      |                                         ^~~~~~
src/menu/mshpbld.cpp:1154:20: warning: ISO C++ forbids converting a string constant to ‘char*’ [-Wwrite-strings]
 1154 |     errors->log(0, "ERROR saving ship", path);
      |                    ^~~~~~~~~~~~~~~~~~~
src/menu/../network/RakServerInterface.h: At global scope:
src/menu/../network/RakServerInterface.h:49:17: warning: ‘UNASSIGNED_PLAYER_ID’ defined but not used [-Wunused-variable]
   49 | static PlayerID UNASSIGNED_PLAYER_ID = {0, 0};
      |                 ^~~~~~~~~~~~~~~~~~~~
src/menu/mshpbld.cpp: In member function ‘void mShipBuilder::create_user_ship_filename()’:
src/menu/mshpbld.cpp:83:20: warning: ‘%s’ directive writing up to 49 bytes into a region of size 40 [-Wformat-overflow=]
   83 |     sprintf(text, "%suser%03d.shp", globals->ship_dir, num);
      |                    ^~
src/menu/mshpbld.cpp:83:19: note: directive argument in the range [1, 2147483647]
   83 |     sprintf(text, "%suser%03d.shp", globals->ship_dir, num);
      |                   ^~~~~~~~~~~~~~~~
In file included from /usr/include/stdio.h:970,
                 from /usr/include/lua5.4/lauxlib.h:13,
                 from /usr/include/lua5.4/lua.hpp:8,
                 from ./src/allegro5_wrapper.h:10,
                 from src/menu/mshpbld.h:12,
                 from src/menu/mshpbld.cpp:12:
In function ‘int sprintf(char*, const char*, ...)’,
    inlined from ‘void mShipBuilder::create_user_ship_filename()’ at src/menu/mshpbld.cpp:83:12:
/usr/include/bits/stdio2.h:30:34: note: ‘__builtin___sprintf_chk’ output between 12 and 68 bytes into a destination of size 40
   30 |   return __builtin___sprintf_chk (__s, __USE_FORTIFY_LEVEL - 1,
      |          ~~~~~~~~~~~~~~~~~~~~~~~~^~~~~~~~~~~~~~~~~~~~~~~~~~~~~~
   31 |                                   __glibc_objsize (__s), __fmt,
      |                                   ~~~~~~~~~~~~~~~~~~~~~~~~~~~~~
   32 |                                   __va_arg_pack ());
      |                                   ~~~~~~~~~~~~~~~~~
src/menu/mshpbld.cpp: In member function ‘void mShipBuilder::init(int, char*, int)’:
src/menu/mshpbld.cpp:101:10: warning: ‘char* __builtin_strncpy(char*, const char*, long unsigned int)’ specified bound 30 equals destination size [-Wstringop-truncation]
  101 |   strncpy(ship_filename, filename, 30);
      |          ^
Compiling src/menu/mstars.cpp...
g++ -O2 -Wall -Wextra -std=c++11 -fpermissive -DDIRECT_ASSET_LOADING  -I/usr/include/lua5.4 -I./src -c src/menu/mstars.cpp -o obj/menu/mstars.o
In file included from src/menu/../gsbullet.h:17,
                 from src/menu/../gsplayer.h:17,
                 from src/menu/../gsglob.h:22,
                 from src/menu/mstars.cpp:15:
src/menu/../luaclass.h: In member function ‘void Lua::open(int)’:
src/menu/../luaclass.h:20:23: warning: unused parameter ‘stacksize’ [-Wunused-parameter]
   20 |         void open(int stacksize = 0)
      |                   ~~~~^~~~~~~~~~~~~
src/menu/../luaclass.h: In member function ‘void Lua::setgcthreshold(int)’:
src/menu/../luaclass.h:136:33: warning: unused parameter ‘newthreshold’ [-Wunused-parameter]
  136 |         void setgcthreshold(int newthreshold)
      |                             ~~~~^~~~~~~~~~~~
Compiling src/menu/mtwoplay.cpp...
g++ -O2 -Wall -Wextra -std=c++11 -fpermissive -DDIRECT_ASSET_LOADING  -I/usr/include/lua5.4 -I./src -c src/menu/mtwoplay.cpp -o obj/menu/mtwoplay.o
In file included from src/menu/../gsbullet.h:17,
                 from src/menu/../gsplayer.h:17,
                 from src/menu/mtwoplay.cpp:16:
src/menu/../luaclass.h: In member function ‘void Lua::open(int)’:
src/menu/../luaclass.h:20:23: warning: unused parameter ‘stacksize’ [-Wunused-parameter]
   20 |         void open(int stacksize = 0)
      |                   ~~~~^~~~~~~~~~~~~
src/menu/../luaclass.h: In member function ‘void Lua::setgcthreshold(int)’:
src/menu/../luaclass.h:136:33: warning: unused parameter ‘newthreshold’ [-Wunused-parameter]
  136 |         void setgcthreshold(int newthreshold)
      |                             ~~~~^~~~~~~~~~~~
In file included from src/menu/mtwoplay.cpp:19:
src/menu/../gsscript.h: At global scope:
src/menu/../gsscript.h:43:43: warning: ISO C++ forbids converting a string constant to ‘char*’ [-Wwrite-strings]
   43 |     void  read_level_files(int=0, char *n="");
      |                                           ^~
src/menu/mtwoplay.cpp: In member function ‘void mTwoPlayer::init(int)’:
src/menu/mtwoplay.cpp:203:49: warning: ISO C++ forbids converting a string constant to ‘char*’ [-Wwrite-strings]
  203 |   button[M_TWOPLAYER_OPT_GRAVITY_TXT]->set_text("n/a");
      |                                                 ^~~~~
src/menu/mtwoplay.cpp:216:50: warning: ISO C++ forbids converting a string constant to ‘char*’ [-Wwrite-strings]
  216 |   button[M_TWOPLAYER_OPT_MAXFRAGS_TXT]->set_text("n/a");
      |                                                  ^~~~~
src/menu/mtwoplay.cpp:229:48: warning: ISO C++ forbids converting a string constant to ‘char*’ [-Wwrite-strings]
  229 |   button[M_TWOPLAYER_OPT_EXTRAS_TXT]->set_text("n/a");
      |                                                ^~~~~
src/menu/mtwoplay.cpp:242:49: warning: ISO C++ forbids converting a string constant to ‘char*’ [-Wwrite-strings]
  242 |   button[M_TWOPLAYER_OPT_MAXTIME_TXT]->set_text("n/a");
      |                                                 ^~~~~
src/menu/mtwoplay.cpp: In member function ‘int mTwoPlayer::handle_controls()’:
src/menu/mtwoplay.cpp:544:35: warning: ISO C++ forbids converting a string constant to ‘char*’ [-Wwrite-strings]
  544 |       script->read_level_files(0, "m");
      |                                   ^~~
src/menu/mtwoplay.cpp:560:35: warning: ISO C++ forbids converting a string constant to ‘char*’ [-Wwrite-strings]
  560 |       script->read_level_files(0, "r");
      |                                   ^~~
src/menu/mtwoplay.cpp: In member function ‘void mTwoPlayer::init(int)’:
src/menu/mtwoplay.cpp:111:10: warning: ‘char* __builtin_strncpy(char*, const char*, long unsigned int)’ output may be truncated copying 20 bytes from a string of length 20 [-Wstringop-truncation]
  111 |   strncpy(filename, globals->pplayer[0].pship, 20); strupr(filename);
      |          ^
src/menu/mtwoplay.cpp:133:10: warning: ‘char* __builtin_strncpy(char*, const char*, long unsigned int)’ output may be truncated copying 20 bytes from a string of length 20 [-Wstringop-truncation]
  133 |   strncpy(filename, globals->pplayer[1].pship, 20); strupr(filename);
      |          ^
Compiling src/menu/controls/makeyb.cpp...
g++ -O2 -Wall -Wextra -std=c++11 -fpermissive -DDIRECT_ASSET_LOADING  -I/usr/include/lua5.4 -I./src -c src/menu/controls/makeyb.cpp -o obj/menu/controls/makeyb.o
In file included from src/menu/controls/../../gsbullet.h:17,
                 from src/menu/controls/../../gsplayer.h:17,
                 from src/menu/controls/../../gsglob.h:22,
                 from src/menu/controls/makeyb.cpp:15:
src/menu/controls/../../luaclass.h: In member function ‘void Lua::open(int)’:
src/menu/controls/../../luaclass.h:20:23: warning: unused parameter ‘stacksize’ [-Wunused-parameter]
   20 |         void open(int stacksize = 0)
      |                   ~~~~^~~~~~~~~~~~~
src/menu/controls/../../luaclass.h: In member function ‘void Lua::setgcthreshold(int)’:
src/menu/controls/../../luaclass.h:136:33: warning: unused parameter ‘newthreshold’ [-Wunused-parameter]
  136 |         void setgcthreshold(int newthreshold)
      |                             ~~~~^~~~~~~~~~~~
src/menu/controls/makeyb.cpp: In member function ‘virtual void mKeyboardOption::draw(BITMAP*)’:
src/menu/controls/makeyb.cpp:49:9: warning: variable ‘tlen’ set but not used [-Wunused-but-set-variable]
   49 |     int tlen, theight = 1, tlen2 = 1, theight2 = 1;
      |         ^~~~
In file included from src/menu/controls/makeyb.cpp:12:
src/menu/controls/makeyb.h: In member function ‘virtual void mKeyboardOption::set_text(char*)’:
src/menu/controls/makeyb.h:28:61: warning: ‘char* __builtin_strncpy(char*, const char*, long unsigned int)’ specified bound 40 equals destination size [-Wstringop-truncation]
   28 |     void  set_text(char *n)                        { strncpy(text, n, 40); }
      |                                                             ^
Compiling src/menu/controls/maoption.cpp...
g++ -O2 -Wall -Wextra -std=c++11 -fpermissive -DDIRECT_ASSET_LOADING  -I/usr/include/lua5.4 -I./src -c src/menu/controls/maoption.cpp -o obj/menu/controls/maoption.o
In file included from src/menu/controls/../../gsbullet.h:17,
                 from src/menu/controls/../../gsplayer.h:17,
                 from src/menu/controls/../../gsglob.h:22,
                 from src/menu/controls/maoption.cpp:15:
src/menu/controls/../../luaclass.h: In member function ‘void Lua::open(int)’:
src/menu/controls/../../luaclass.h:20:23: warning: unused parameter ‘stacksize’ [-Wunused-parameter]
   20 |         void open(int stacksize = 0)
      |                   ~~~~^~~~~~~~~~~~~
src/menu/controls/../../luaclass.h: In member function ‘void Lua::setgcthreshold(int)’:
src/menu/controls/../../luaclass.h:136:33: warning: unused parameter ‘newthreshold’ [-Wunused-parameter]
  136 |         void setgcthreshold(int newthreshold)
      |                             ~~~~^~~~~~~~~~~~
src/menu/controls/maoption.cpp: In member function ‘virtual void mArrowOption::create(int, int, int, int, int, int, int)’:
src/menu/controls/maoption.cpp:49:10: warning: this ‘if’ clause does not guard... [-Wmisleading-indentation]
   49 |          if (sx) asx = sx+2; if (sy) asy = sy+h-14-2;
      |          ^~
src/menu/controls/maoption.cpp:49:30: note: ...this statement, but the latter is misleadingly indented as if it were guarded by the ‘if’
   49 |          if (sx) asx = sx+2; if (sy) asy = sy+h-14-2;
      |                              ^~
src/menu/controls/maoption.cpp:52:10: warning: this ‘if’ clause does not guard... [-Wmisleading-indentation]
   52 |          if (sx) asx = sx+w-14-2; if (sy) asy = sy+h-14-2;
      |          ^~
src/menu/controls/maoption.cpp:52:35: note: ...this statement, but the latter is misleadingly indented as if it were guarded by the ‘if’
   52 |          if (sx) asx = sx+w-14-2; if (sy) asy = sy+h-14-2;
      |                                   ^~
src/menu/controls/maoption.cpp:55:10: warning: this ‘if’ clause does not guard... [-Wmisleading-indentation]
   55 |          if (sx) asx = sx+16+2; if (sy) asy = sy+h-14-2;
      |          ^~
src/menu/controls/maoption.cpp:55:33: note: ...this statement, but the latter is misleadingly indented as if it were guarded by the ‘if’
   55 |          if (sx) asx = sx+16+2; if (sy) asy = sy+h-14-2;
      |                                 ^~
In file included from src/menu/controls/maoption.cpp:12:
src/menu/controls/maoption.h: In member function ‘virtual void mArrowOption::set_text(char*)’:
src/menu/controls/maoption.h:44:61: warning: ‘char* __builtin_strncpy(char*, const char*, long unsigned int)’ specified bound 40 equals destination size [-Wstringop-truncation]
   44 |     void set_text(char *n)                         { strncpy(text, n, 40); }
      |                                                             ^
Compiling src/menu/controls/marrowb.cpp...
g++ -O2 -Wall -Wextra -std=c++11 -fpermissive -DDIRECT_ASSET_LOADING  -I/usr/include/lua5.4 -I./src -c src/menu/controls/marrowb.cpp -o obj/menu/controls/marrowb.o
In file included from src/menu/controls/../../gsbullet.h:17,
                 from src/menu/controls/../../gsplayer.h:17,
                 from src/menu/controls/../../gsglob.h:22,
                 from src/menu/controls/marrowb.cpp:14:
src/menu/controls/../../luaclass.h: In member function ‘void Lua::open(int)’:
src/menu/controls/../../luaclass.h:20:23: warning: unused parameter ‘stacksize’ [-Wunused-parameter]
   20 |         void open(int stacksize = 0)
      |                   ~~~~^~~~~~~~~~~~~
src/menu/controls/../../luaclass.h: In member function ‘void Lua::setgcthreshold(int)’:
src/menu/controls/../../luaclass.h:136:33: warning: unused parameter ‘newthreshold’ [-Wunused-parameter]
  136 |         void setgcthreshold(int newthreshold)
      |                             ~~~~^~~~~~~~~~~~
Compiling src/menu/controls/mbar.cpp...
g++ -O2 -Wall -Wextra -std=c++11 -fpermissive -DDIRECT_ASSET_LOADING  -I/usr/include/lua5.4 -I./src -c src/menu/controls/mbar.cpp -o obj/menu/controls/mbar.o
In file included from src/menu/controls/../../gsbullet.h:17,
                 from src/menu/controls/../../gsplayer.h:17,
                 from src/menu/controls/../../gsglob.h:22,
                 from src/menu/controls/mbar.cpp:14:
src/menu/controls/../../luaclass.h: In member function ‘void Lua::open(int)’:
src/menu/controls/../../luaclass.h:20:23: warning: unused parameter ‘stacksize’ [-Wunused-parameter]
   20 |         void open(int stacksize = 0)
      |                   ~~~~^~~~~~~~~~~~~
src/menu/controls/../../luaclass.h: In member function ‘void Lua::setgcthreshold(int)’:
src/menu/controls/../../luaclass.h:136:33: warning: unused parameter ‘newthreshold’ [-Wunused-parameter]
  136 |         void setgcthreshold(int newthreshold)
      |                             ~~~~^~~~~~~~~~~~
Compiling src/menu/controls/mblank.cpp...
g++ -O2 -Wall -Wextra -std=c++11 -fpermissive -DDIRECT_ASSET_LOADING  -I/usr/include/lua5.4 -I./src -c src/menu/controls/mblank.cpp -o obj/menu/controls/mblank.o
In file included from src/menu/controls/../../gsbullet.h:17,
                 from src/menu/controls/../../gsplayer.h:17,
                 from src/menu/controls/../../gsglob.h:22,
                 from src/menu/controls/mblank.cpp:15:
src/menu/controls/../../luaclass.h: In member function ‘void Lua::open(int)’:
src/menu/controls/../../luaclass.h:20:23: warning: unused parameter ‘stacksize’ [-Wunused-parameter]
   20 |         void open(int stacksize = 0)
      |                   ~~~~^~~~~~~~~~~~~
src/menu/controls/../../luaclass.h: In member function ‘void Lua::setgcthreshold(int)’:
src/menu/controls/../../luaclass.h:136:33: warning: unused parameter ‘newthreshold’ [-Wunused-parameter]
  136 |         void setgcthreshold(int newthreshold)
      |                             ~~~~^~~~~~~~~~~~
In file included from src/menu/controls/mblank.cpp:13:
src/menu/controls/mblank.h: In member function ‘virtual void mBlank::set_text(char*)’:
src/menu/controls/mblank.h:27:61: warning: ‘char* __builtin_strncpy(char*, const char*, long unsigned int)’ specified bound 40 equals destination size [-Wstringop-truncation]
   27 |     void set_text(char *n)                         { strncpy(text, n, 40); }
      |                                                             ^
Compiling src/menu/controls/mchkbox.cpp...
g++ -O2 -Wall -Wextra -std=c++11 -fpermissive -DDIRECT_ASSET_LOADING  -I/usr/include/lua5.4 -I./src -c src/menu/controls/mchkbox.cpp -o obj/menu/controls/mchkbox.o
In file included from src/menu/controls/../../gsbullet.h:17,
                 from src/menu/controls/../../gsplayer.h:17,
                 from src/menu/controls/../../gsglob.h:22,
                 from src/menu/controls/mchkbox.cpp:14:
src/menu/controls/../../luaclass.h: In member function ‘void Lua::open(int)’:
src/menu/controls/../../luaclass.h:20:23: warning: unused parameter ‘stacksize’ [-Wunused-parameter]
   20 |         void open(int stacksize = 0)
      |                   ~~~~^~~~~~~~~~~~~
src/menu/controls/../../luaclass.h: In member function ‘void Lua::setgcthreshold(int)’:
src/menu/controls/../../luaclass.h:136:33: warning: unused parameter ‘newthreshold’ [-Wunused-parameter]
  136 |         void setgcthreshold(int newthreshold)
      |                             ~~~~^~~~~~~~~~~~
src/menu/controls/mchkbox.cpp: In member function ‘virtual void mCheckBox::set_text(char*)’:
src/menu/controls/mchkbox.cpp:30:10: warning: ‘char* __builtin_strncpy(char*, const char*, long unsigned int)’ specified bound 50 equals destination size [-Wstringop-truncation]
   30 |   strncpy(text, n, 50);
      |          ^
Compiling src/menu/controls/mcontrol.cpp...
g++ -O2 -Wall -Wextra -std=c++11 -fpermissive -DDIRECT_ASSET_LOADING  -I/usr/include/lua5.4 -I./src -c src/menu/controls/mcontrol.cpp -o obj/menu/controls/mcontrol.o
In file included from src/menu/controls/../../gsbullet.h:17,
                 from src/menu/controls/../../gsplayer.h:17,
                 from src/menu/controls/mcontrol.cpp:14:
src/menu/controls/../../luaclass.h: In member function ‘void Lua::open(int)’:
src/menu/controls/../../luaclass.h:20:23: warning: unused parameter ‘stacksize’ [-Wunused-parameter]
   20 |         void open(int stacksize = 0)
      |                   ~~~~^~~~~~~~~~~~~
src/menu/controls/../../luaclass.h: In member function ‘void Lua::setgcthreshold(int)’:
src/menu/controls/../../luaclass.h:136:33: warning: unused parameter ‘newthreshold’ [-Wunused-parameter]
  136 |         void setgcthreshold(int newthreshold)
      |                             ~~~~^~~~~~~~~~~~
src/menu/controls/mcontrol.cpp: In member function ‘virtual void mControl::create(int, int, int, int, int, int)’:
src/menu/controls/mcontrol.cpp:117:27: warning: unused parameter ‘x’ [-Wunused-parameter]
  117 | void mControl::create(int x, int y, int sx, int sy, int w, int h)
      |                       ~~~~^
src/menu/controls/mcontrol.cpp:117:34: warning: unused parameter ‘y’ [-Wunused-parameter]
  117 | void mControl::create(int x, int y, int sx, int sy, int w, int h)
      |                              ~~~~^
src/menu/controls/mcontrol.cpp:117:41: warning: unused parameter ‘sx’ [-Wunused-parameter]
  117 | void mControl::create(int x, int y, int sx, int sy, int w, int h)
      |                                     ~~~~^~
src/menu/controls/mcontrol.cpp:117:49: warning: unused parameter ‘sy’ [-Wunused-parameter]
  117 | void mControl::create(int x, int y, int sx, int sy, int w, int h)
      |                                             ~~~~^~
src/menu/controls/mcontrol.cpp:117:57: warning: unused parameter ‘w’ [-Wunused-parameter]
  117 | void mControl::create(int x, int y, int sx, int sy, int w, int h)
      |                                                     ~~~~^
src/menu/controls/mcontrol.cpp:117:64: warning: unused parameter ‘h’ [-Wunused-parameter]
  117 | void mControl::create(int x, int y, int sx, int sy, int w, int h)
      |                                                            ~~~~^
src/menu/controls/mcontrol.cpp: In member function ‘virtual void mControl::create(int, int, int, int, int)’:
src/menu/controls/mcontrol.cpp:121:27: warning: unused parameter ‘x’ [-Wunused-parameter]
  121 | void mControl::create(int x, int y, int sx, int sy, int dir)
      |                       ~~~~^
src/menu/controls/mcontrol.cpp:121:34: warning: unused parameter ‘y’ [-Wunused-parameter]
  121 | void mControl::create(int x, int y, int sx, int sy, int dir)
      |                              ~~~~^
src/menu/controls/mcontrol.cpp:121:41: warning: unused parameter ‘sx’ [-Wunused-parameter]
  121 | void mControl::create(int x, int y, int sx, int sy, int dir)
      |                                     ~~~~^~
src/menu/controls/mcontrol.cpp:121:49: warning: unused parameter ‘sy’ [-Wunused-parameter]
  121 | void mControl::create(int x, int y, int sx, int sy, int dir)
      |                                             ~~~~^~
src/menu/controls/mcontrol.cpp:121:57: warning: unused parameter ‘dir’ [-Wunused-parameter]
  121 | void mControl::create(int x, int y, int sx, int sy, int dir)
      |                                                     ~~~~^~~
src/menu/controls/mcontrol.cpp: In member function ‘virtual void mControl::create(int, int, int, int, int, int, int)’:
src/menu/controls/mcontrol.cpp:125:27: warning: unused parameter ‘x’ [-Wunused-parameter]
  125 | void mControl::create(int x, int y, int sx, int sy, int w, int h, int dir)
      |                       ~~~~^
src/menu/controls/mcontrol.cpp:125:34: warning: unused parameter ‘y’ [-Wunused-parameter]
  125 | void mControl::create(int x, int y, int sx, int sy, int w, int h, int dir)
      |                              ~~~~^
src/menu/controls/mcontrol.cpp:125:41: warning: unused parameter ‘sx’ [-Wunused-parameter]
  125 | void mControl::create(int x, int y, int sx, int sy, int w, int h, int dir)
      |                                     ~~~~^~
src/menu/controls/mcontrol.cpp:125:49: warning: unused parameter ‘sy’ [-Wunused-parameter]
  125 | void mControl::create(int x, int y, int sx, int sy, int w, int h, int dir)
      |                                             ~~~~^~
src/menu/controls/mcontrol.cpp:125:57: warning: unused parameter ‘w’ [-Wunused-parameter]
  125 | void mControl::create(int x, int y, int sx, int sy, int w, int h, int dir)
      |                                                     ~~~~^
src/menu/controls/mcontrol.cpp:125:64: warning: unused parameter ‘h’ [-Wunused-parameter]
  125 | void mControl::create(int x, int y, int sx, int sy, int w, int h, int dir)
      |                                                            ~~~~^
src/menu/controls/mcontrol.cpp:125:71: warning: unused parameter ‘dir’ [-Wunused-parameter]
  125 | void mControl::create(int x, int y, int sx, int sy, int w, int h, int dir)
      |                                                                   ~~~~^~~
src/menu/controls/mcontrol.cpp: In member function ‘virtual void mControl::set_text(char*)’:
src/menu/controls/mcontrol.cpp:129:31: warning: unused parameter ‘n’ [-Wunused-parameter]
  129 | void mControl::set_text(char *n)
      |                         ~~~~~~^
src/menu/controls/mcontrol.cpp: In member function ‘virtual void mControl::set_int(int)’:
src/menu/controls/mcontrol.cpp:156:28: warning: unused parameter ‘n’ [-Wunused-parameter]
  156 | void mControl::set_int(int n) { }
      |                        ~~~~^
src/menu/controls/mcontrol.cpp: In member function ‘virtual void mControl::set_align(int)’:
src/menu/controls/mcontrol.cpp:159:30: warning: unused parameter ‘n’ [-Wunused-parameter]
  159 | void mControl::set_align(int n) { }
      |                          ~~~~^
src/menu/controls/mcontrol.cpp: In member function ‘virtual void mControl::set_float(float)’:
src/menu/controls/mcontrol.cpp:162:32: warning: unused parameter ‘n’ [-Wunused-parameter]
  162 | void mControl::set_float(float n) { }
      |                          ~~~~~~^
src/menu/controls/mcontrol.cpp: In member function ‘virtual char* mControl::get_text()’:
src/menu/controls/mcontrol.cpp:165:37: warning: ISO C++ forbids converting a string constant to ‘char*’ [-Wwrite-strings]
  165 | char *mControl::get_text() { return "n/a"; }
      |                                     ^~~~~
src/menu/controls/mcontrol.cpp: In member function ‘virtual void mControl::set_player(gsPlayer*)’:
src/menu/controls/mcontrol.cpp:167:37: warning: unused parameter ‘n’ [-Wunused-parameter]
  167 | void mControl::set_player(gsPlayer *n) { }
      |                           ~~~~~~~~~~^
src/menu/controls/mcontrol.cpp: In member function ‘virtual mSmallButton* mControl::get_sbutton(int)’:
src/menu/controls/mcontrol.cpp:169:41: warning: unused parameter ‘n’ [-Wunused-parameter]
  169 | mSmallButton *mControl::get_sbutton(int n) { return NULL; }
      |                                     ~~~~^
Compiling src/menu/controls/mlevsel.cpp...
g++ -O2 -Wall -Wextra -std=c++11 -fpermissive -DDIRECT_ASSET_LOADING  -I/usr/include/lua5.4 -I./src -c src/menu/controls/mlevsel.cpp -o obj/menu/controls/mlevsel.o
In file included from src/menu/controls/../../gsbullet.h:17,
                 from src/menu/controls/../../gsplayer.h:17,
                 from src/menu/controls/../../gsglob.h:22,
                 from src/menu/controls/mlevsel.cpp:15:
src/menu/controls/../../luaclass.h: In member function ‘void Lua::open(int)’:
src/menu/controls/../../luaclass.h:20:23: warning: unused parameter ‘stacksize’ [-Wunused-parameter]
   20 |         void open(int stacksize = 0)
      |                   ~~~~^~~~~~~~~~~~~
src/menu/controls/../../luaclass.h: In member function ‘void Lua::setgcthreshold(int)’:
src/menu/controls/../../luaclass.h:136:33: warning: unused parameter ‘newthreshold’ [-Wunused-parameter]
  136 |         void setgcthreshold(int newthreshold)
      |                             ~~~~^~~~~~~~~~~~
src/menu/controls/mlevsel.cpp: In member function ‘virtual void mLevelSelect::create(int, int, int, int, int, int)’:
src/menu/controls/mlevsel.cpp:51:3: warning: this ‘if’ clause does not guard... [-Wmisleading-indentation]
   51 |   if (sx) asx = sx+w-14-2; if (sy) asy = sy+2;
      |   ^~
src/menu/controls/mlevsel.cpp:51:28: note: ...this statement, but the latter is misleadingly indented as if it were guarded by the ‘if’
   51 |   if (sx) asx = sx+w-14-2; if (sy) asy = sy+2;
      |                            ^~
src/menu/controls/mlevsel.cpp:54:3: warning: this ‘if’ clause does not guard... [-Wmisleading-indentation]
   54 |   if (sx) asx = sx+w-14-2; if (sy) asy = sy+h-14-2;
      |   ^~
src/menu/controls/mlevsel.cpp:54:28: note: ...this statement, but the latter is misleadingly indented as if it were guarded by the ‘if’
   54 |   if (sx) asx = sx+w-14-2; if (sy) asy = sy+h-14-2;
      |                            ^~
src/menu/controls/mlevsel.cpp:57:3: warning: this ‘if’ clause does not guard... [-Wmisleading-indentation]
   57 |   if (sx) asx = sx+w-14-2; if (sy) asy = sy+16+2;
      |   ^~
src/menu/controls/mlevsel.cpp:57:28: note: ...this statement, but the latter is misleadingly indented as if it were guarded by the ‘if’
   57 |   if (sx) asx = sx+w-14-2; if (sy) asy = sy+16+2;
      |                            ^~
Compiling src/menu/controls/mmbutton.cpp...
g++ -O2 -Wall -Wextra -std=c++11 -fpermissive -DDIRECT_ASSET_LOADING  -I/usr/include/lua5.4 -I./src -c src/menu/controls/mmbutton.cpp -o obj/menu/controls/mmbutton.o
In file included from src/menu/controls/../../gsbullet.h:17,
                 from src/menu/controls/../../gsplayer.h:17,
                 from src/menu/controls/../../gsglob.h:22,
                 from src/menu/controls/mmbutton.cpp:15:
src/menu/controls/../../luaclass.h: In member function ‘void Lua::open(int)’:
src/menu/controls/../../luaclass.h:20:23: warning: unused parameter ‘stacksize’ [-Wunused-parameter]
   20 |         void open(int stacksize = 0)
      |                   ~~~~^~~~~~~~~~~~~
src/menu/controls/../../luaclass.h: In member function ‘void Lua::setgcthreshold(int)’:
src/menu/controls/../../luaclass.h:136:33: warning: unused parameter ‘newthreshold’ [-Wunused-parameter]
  136 |         void setgcthreshold(int newthreshold)
      |                             ~~~~^~~~~~~~~~~~
In file included from src/menu/controls/mmbutton.cpp:13:
src/menu/controls/mmbutton.h: In member function ‘virtual void mMainButton::set_text(char*)’:
src/menu/controls/mmbutton.h:27:61: warning: ‘char* __builtin_strncpy(char*, const char*, long unsigned int)’ specified bound 40 equals destination size [-Wstringop-truncation]
   27 |     void set_text(char *n)                         { strncpy(text, n, 40); }
      |                                                             ^
Compiling src/menu/controls/mmsgbox.cpp...
g++ -O2 -Wall -Wextra -std=c++11 -fpermissive -DDIRECT_ASSET_LOADING  -I/usr/include/lua5.4 -I./src -c src/menu/controls/mmsgbox.cpp -o obj/menu/controls/mmsgbox.o
In file included from src/menu/controls/../../gsbullet.h:17,
                 from src/menu/controls/../../gsplayer.h:17,
                 from src/menu/controls/../../gsglob.h:22,
                 from src/menu/controls/mmsgbox.cpp:15:
src/menu/controls/../../luaclass.h: In member function ‘void Lua::open(int)’:
src/menu/controls/../../luaclass.h:20:23: warning: unused parameter ‘stacksize’ [-Wunused-parameter]
   20 |         void open(int stacksize = 0)
      |                   ~~~~^~~~~~~~~~~~~
src/menu/controls/../../luaclass.h: In member function ‘void Lua::setgcthreshold(int)’:
src/menu/controls/../../luaclass.h:136:33: warning: unused parameter ‘newthreshold’ [-Wunused-parameter]
  136 |         void setgcthreshold(int newthreshold)
      |                             ~~~~^~~~~~~~~~~~
src/menu/controls/mmsgbox.cpp: In member function ‘virtual void mMessageBox::draw(BITMAP*)’:
src/menu/controls/mmsgbox.cpp:77:9: warning: variable ‘c’ set but not used [-Wunused-but-set-variable]
   77 |     int c = color1;
      |         ^
src/menu/controls/mmsgbox.cpp:78:9: warning: variable ‘tc’ set but not used [-Wunused-but-set-variable]
   78 |     int tc = color1;
      |         ^~
src/menu/controls/mmsgbox.cpp:83:9: warning: variable ‘tlen’ set but not used [-Wunused-but-set-variable]
   83 |     int tlen, theight;
      |         ^~~~
src/menu/controls/mmsgbox.cpp:83:15: warning: variable ‘theight’ set but not used [-Wunused-but-set-variable]
   83 |     int tlen, theight;
      |               ^~~~~~~
In file included from src/menu/controls/mmsgbox.cpp:12:
src/menu/controls/mmsgbox.h: In member function ‘virtual void mMessageBox::set_text(char*)’:
src/menu/controls/mmsgbox.h:42:61: warning: ‘char* __builtin_strncpy(char*, const char*, long unsigned int)’ specified bound 40 equals destination size [-Wstringop-truncation]
   42 |     void  set_text(char *n)                        { strncpy(text, n, 40); }
      |                                                             ^
In file included from src/menu/controls/mtypes.h:13,
                 from src/menu/controls/mmsgbox.cpp:19:
src/menu/controls/msbutton.h: In member function ‘virtual void mSmallButton::set_text(char*)’:
src/menu/controls/msbutton.h:28:61: warning: ‘char* __builtin_strncpy(char*, const char*, long unsigned int)’ specified bound 40 equals destination size [-Wstringop-truncation]
   28 |     void set_text(char *n)                         { strncpy(text, n, 40); }
      |                                                             ^
src/menu/controls/msbutton.h: In member function ‘virtual void mMessageBox::create(int, int, int, int, int, int)’:
src/menu/controls/msbutton.h:28:61: warning: ‘char* __builtin_strncpy(char*, const char*, long unsigned int)’ specified bound 40 equals destination size [-Wstringop-truncation]
src/menu/controls/msbutton.h:28:61: warning: ‘char* __builtin_strncpy(char*, const char*, long unsigned int)’ specified bound 40 equals destination size [-Wstringop-truncation]
src/menu/controls/msbutton.h:28:61: warning: ‘char* __builtin_strncpy(char*, const char*, long unsigned int)’ specified bound 40 equals destination size [-Wstringop-truncation]
Compiling src/menu/controls/mrship.cpp...
g++ -O2 -Wall -Wextra -std=c++11 -fpermissive -DDIRECT_ASSET_LOADING  -I/usr/include/lua5.4 -I./src -c src/menu/controls/mrship.cpp -o obj/menu/controls/mrship.o
In file included from src/menu/controls/../../gsbullet.h:17,
                 from src/menu/controls/../../gsplayer.h:17,
                 from src/menu/controls/mrship.cpp:14:
src/menu/controls/../../luaclass.h: In member function ‘void Lua::open(int)’:
src/menu/controls/../../luaclass.h:20:23: warning: unused parameter ‘stacksize’ [-Wunused-parameter]
   20 |         void open(int stacksize = 0)
      |                   ~~~~^~~~~~~~~~~~~
src/menu/controls/../../luaclass.h: In member function ‘void Lua::setgcthreshold(int)’:
src/menu/controls/../../luaclass.h:136:33: warning: unused parameter ‘newthreshold’ [-Wunused-parameter]
  136 |         void setgcthreshold(int newthreshold)
      |                             ~~~~^~~~~~~~~~~~
Compiling src/menu/controls/msbutton.cpp...
g++ -O2 -Wall -Wextra -std=c++11 -fpermissive -DDIRECT_ASSET_LOADING  -I/usr/include/lua5.4 -I./src -c src/menu/controls/msbutton.cpp -o obj/menu/controls/msbutton.o
In file included from src/menu/controls/../../gsbullet.h:17,
                 from src/menu/controls/../../gsplayer.h:17,
                 from src/menu/controls/../../gsglob.h:22,
                 from src/menu/controls/msbutton.cpp:15:
src/menu/controls/../../luaclass.h: In member function ‘void Lua::open(int)’:
src/menu/controls/../../luaclass.h:20:23: warning: unused parameter ‘stacksize’ [-Wunused-parameter]
   20 |         void open(int stacksize = 0)
      |                   ~~~~^~~~~~~~~~~~~
src/menu/controls/../../luaclass.h: In member function ‘void Lua::setgcthreshold(int)’:
src/menu/controls/../../luaclass.h:136:33: warning: unused parameter ‘newthreshold’ [-Wunused-parameter]
  136 |         void setgcthreshold(int newthreshold)
      |                             ~~~~^~~~~~~~~~~~
In file included from src/menu/controls/msbutton.cpp:13:
src/menu/controls/msbutton.h: In member function ‘virtual void mSmallButton::set_text(char*)’:
src/menu/controls/msbutton.h:28:61: warning: ‘char* __builtin_strncpy(char*, const char*, long unsigned int)’ specified bound 40 equals destination size [-Wstringop-truncation]
   28 |     void set_text(char *n)                         { strncpy(text, n, 40); }
      |                                                             ^
Compiling src/menu/controls/mship.cpp...
g++ -O2 -Wall -Wextra -std=c++11 -fpermissive -DDIRECT_ASSET_LOADING  -I/usr/include/lua5.4 -I./src -c src/menu/controls/mship.cpp -o obj/menu/controls/mship.o
In file included from src/menu/controls/../../gsbullet.h:17,
                 from src/menu/controls/../../gsplayer.h:17,
                 from src/menu/controls/mship.cpp:14:
src/menu/controls/../../luaclass.h: In member function ‘void Lua::open(int)’:
src/menu/controls/../../luaclass.h:20:23: warning: unused parameter ‘stacksize’ [-Wunused-parameter]
   20 |         void open(int stacksize = 0)
      |                   ~~~~^~~~~~~~~~~~~
src/menu/controls/../../luaclass.h: In member function ‘void Lua::setgcthreshold(int)’:
src/menu/controls/../../luaclass.h:136:33: warning: unused parameter ‘newthreshold’ [-Wunused-parameter]
  136 |         void setgcthreshold(int newthreshold)
      |                             ~~~~^~~~~~~~~~~~
src/menu/controls/mship.cpp: In member function ‘virtual void mShipIcon::set_text(char*)’:
src/menu/controls/mship.cpp:55:12: warning: ‘char* __builtin_strncpy(char*, const char*, long unsigned int)’ specified bound 30 equals destination size [-Wstringop-truncation]
   55 |     strncpy(filename, n, 30);
      |            ^
src/menu/controls/mship.cpp:60:12: warning: ‘char* __builtin_strncpy(char*, const char*, long unsigned int)’ output may be truncated copying 10 bytes from a string of length 29 [-Wstringop-truncation]
   60 |     strncpy(tmp, pl->get_ship_name(), 10);
      |            ^
src/menu/controls/mship.cpp:62:12: warning: ‘char* __builtin_strncpy(char*, const char*, long unsigned int)’ output may be truncated copying 10 bytes from a string of length 10 [-Wstringop-truncation]
   62 |     strncpy(text, tmp, 10);
      |            ^
src/menu/controls/mship.cpp: In member function ‘virtual void mShipIcon::draw(BITMAP*)’:
src/menu/controls/mship.cpp:95:12: warning: ‘char* __builtin_strncpy(char*, const char*, long unsigned int)’ output may be truncated copying 20 bytes from a string of length 29 [-Wstringop-truncation]
   95 |     strncpy(buf, filename, 20);
      |            ^
Compiling src/menu/controls/mtextbox.cpp...
g++ -O2 -Wall -Wextra -std=c++11 -fpermissive -DDIRECT_ASSET_LOADING  -I/usr/include/lua5.4 -I./src -c src/menu/controls/mtextbox.cpp -o obj/menu/controls/mtextbox.o
In file included from src/menu/controls/../../gsbullet.h:17,
                 from src/menu/controls/../../gsplayer.h:17,
                 from src/menu/controls/../../gsglob.h:22,
                 from src/menu/controls/mtextbox.cpp:15:
src/menu/controls/../../luaclass.h: In member function ‘void Lua::open(int)’:
src/menu/controls/../../luaclass.h:20:23: warning: unused parameter ‘stacksize’ [-Wunused-parameter]
   20 |         void open(int stacksize = 0)
      |                   ~~~~^~~~~~~~~~~~~
src/menu/controls/../../luaclass.h: In member function ‘void Lua::setgcthreshold(int)’:
src/menu/controls/../../luaclass.h:136:33: warning: unused parameter ‘newthreshold’ [-Wunused-parameter]
  136 |         void setgcthreshold(int newthreshold)
      |                             ~~~~^~~~~~~~~~~~
src/menu/controls/mtextbox.cpp: In member function ‘virtual void mTextBox::create(int, int, int, int, int, int)’:
src/menu/controls/mtextbox.cpp:57:3: warning: this ‘if’ clause does not guard... [-Wmisleading-indentation]
   57 |   if (sx) asx = sx+w-14-2; if (sy) asy = sy+2;
      |   ^~
src/menu/controls/mtextbox.cpp:57:28: note: ...this statement, but the latter is misleadingly indented as if it were guarded by the ‘if’
   57 |   if (sx) asx = sx+w-14-2; if (sy) asy = sy+2;
      |                            ^~
src/menu/controls/mtextbox.cpp:60:3: warning: this ‘if’ clause does not guard... [-Wmisleading-indentation]
   60 |   if (sx) asx = sx+w-14-2; if (sy) asy = sy+h-14-2;
      |   ^~
src/menu/controls/mtextbox.cpp:60:28: note: ...this statement, but the latter is misleadingly indented as if it were guarded by the ‘if’
   60 |   if (sx) asx = sx+w-14-2; if (sy) asy = sy+h-14-2;
      |                            ^~
src/menu/controls/mtextbox.cpp:63:3: warning: this ‘if’ clause does not guard... [-Wmisleading-indentation]
   63 |   if (sx) asx = sx+w-14-2; if (sy) asy = sy+16+2;
      |   ^~
src/menu/controls/mtextbox.cpp:63:28: note: ...this statement, but the latter is misleadingly indented as if it were guarded by the ‘if’
   63 |   if (sx) asx = sx+w-14-2; if (sy) asy = sy+16+2;
      |                            ^~
src/menu/controls/mtextbox.cpp: In member function ‘virtual void mTextBox::draw(BITMAP*)’:
src/menu/controls/mtextbox.cpp:168:23: warning: comparison of integer expressions of different signedness: ‘int’ and ‘size_t’ {aka ‘long unsigned int’} [-Wsign-compare]
  168 |         for (tl=0; tl < strlen(myline); tl++)
      |                    ~~~^~~~~~~~~~~~~~~~
src/menu/controls/mtextbox.cpp:148:9: warning: unused variable ‘tc’ [-Wunused-variable]
  148 |     int tc = color1;
      |         ^~
Compiling src/menu/controls/mtext.cpp...
g++ -O2 -Wall -Wextra -std=c++11 -fpermissive -DDIRECT_ASSET_LOADING  -I/usr/include/lua5.4 -I./src -c src/menu/controls/mtext.cpp -o obj/menu/controls/mtext.o
In file included from src/menu/controls/../../gsbullet.h:17,
                 from src/menu/controls/../../gsplayer.h:17,
                 from src/menu/controls/../../gsglob.h:22,
                 from src/menu/controls/mtext.cpp:15:
src/menu/controls/../../luaclass.h: In member function ‘void Lua::open(int)’:
src/menu/controls/../../luaclass.h:20:23: warning: unused parameter ‘stacksize’ [-Wunused-parameter]
   20 |         void open(int stacksize = 0)
      |                   ~~~~^~~~~~~~~~~~~
src/menu/controls/../../luaclass.h: In member function ‘void Lua::setgcthreshold(int)’:
src/menu/controls/../../luaclass.h:136:33: warning: unused parameter ‘newthreshold’ [-Wunused-parameter]
  136 |         void setgcthreshold(int newthreshold)
      |                             ~~~~^~~~~~~~~~~~
Compiling src/menu/controls/mtextfld.cpp...
g++ -O2 -Wall -Wextra -std=c++11 -fpermissive -DDIRECT_ASSET_LOADING  -I/usr/include/lua5.4 -I./src -c src/menu/controls/mtextfld.cpp -o obj/menu/controls/mtextfld.o
In file included from src/menu/controls/../../gsbullet.h:17,
                 from src/menu/controls/../../gsplayer.h:17,
                 from src/menu/controls/../../gsglob.h:22,
                 from src/menu/controls/mtextfld.cpp:15:
src/menu/controls/../../luaclass.h: In member function ‘void Lua::open(int)’:
src/menu/controls/../../luaclass.h:20:23: warning: unused parameter ‘stacksize’ [-Wunused-parameter]
   20 |         void open(int stacksize = 0)
      |                   ~~~~^~~~~~~~~~~~~
src/menu/controls/../../luaclass.h: In member function ‘void Lua::setgcthreshold(int)’:
src/menu/controls/../../luaclass.h:136:33: warning: unused parameter ‘newthreshold’ [-Wunused-parameter]
  136 |         void setgcthreshold(int newthreshold)
      |                             ~~~~^~~~~~~~~~~~
src/menu/controls/mtextfld.cpp: In member function ‘virtual void mTextField::set_text(char*)’:
src/menu/controls/mtextfld.cpp:36:12: warning: ‘char* __builtin_strncpy(char*, const char*, long unsigned int)’ specified bound 150 equals destination size [-Wstringop-truncation]
   36 |     strncpy(text, n, 150);
      |            ^
src/menu/controls/mtextfld.cpp:34:12: warning: ‘char* __builtin_strncpy(char*, const char*, long unsigned int)’ specified bound 50 equals destination size [-Wstringop-truncation]
   34 |     strncpy(caption, n, 50);
      |            ^
Compiling src/menu/controls/mtslider.cpp...
g++ -O2 -Wall -Wextra -std=c++11 -fpermissive -DDIRECT_ASSET_LOADING  -I/usr/include/lua5.4 -I./src -c src/menu/controls/mtslider.cpp -o obj/menu/controls/mtslider.o
In file included from src/menu/controls/../../gsbullet.h:17,
                 from src/menu/controls/../../gsplayer.h:17,
                 from src/menu/controls/../../gsglob.h:22,
                 from src/menu/controls/mtslider.cpp:15:
src/menu/controls/../../luaclass.h: In member function ‘void Lua::open(int)’:
src/menu/controls/../../luaclass.h:20:23: warning: unused parameter ‘stacksize’ [-Wunused-parameter]
   20 |         void open(int stacksize = 0)
      |                   ~~~~^~~~~~~~~~~~~
src/menu/controls/../../luaclass.h: In member function ‘void Lua::setgcthreshold(int)’:
src/menu/controls/../../luaclass.h:136:33: warning: unused parameter ‘newthreshold’ [-Wunused-parameter]
  136 |         void setgcthreshold(int newthreshold)
      |                             ~~~~^~~~~~~~~~~~
src/menu/controls/mtslider.cpp: In member function ‘virtual void mTextSlider::create(int, int, int, int, int, int, int)’:
src/menu/controls/mtslider.cpp:49:5: warning: this ‘if’ clause does not guard... [-Wmisleading-indentation]
   49 |     if (sx) asx = sx+field_pos; if (sy) asy = sy;
      |     ^~
src/menu/controls/mtslider.cpp:49:33: note: ...this statement, but the latter is misleadingly indented as if it were guarded by the ‘if’
   49 |     if (sx) asx = sx+field_pos; if (sy) asy = sy;
      |                                 ^~
src/menu/controls/mtslider.cpp:52:5: warning: this ‘if’ clause does not guard... [-Wmisleading-indentation]
   52 |     if (sx) asx = sx+w-14; if (sy) asy = sy;
      |     ^~
src/menu/controls/mtslider.cpp:52:28: note: ...this statement, but the latter is misleadingly indented as if it were guarded by the ‘if’
   52 |     if (sx) asx = sx+w-14; if (sy) asy = sy;
      |                            ^~
src/menu/controls/mtslider.cpp:55:5: warning: this ‘if’ clause does not guard... [-Wmisleading-indentation]
   55 |     if (sx) asx = sx+field_pos+16; if (sy) asy = sy;
      |     ^~
src/menu/controls/mtslider.cpp:55:36: note: ...this statement, but the latter is misleadingly indented as if it were guarded by the ‘if’
   55 |     if (sx) asx = sx+field_pos+16; if (sy) asy = sy;
      |                                    ^~
src/menu/controls/mtslider.cpp:60:5: warning: this ‘if’ clause does not guard... [-Wmisleading-indentation]
   60 |     if (sx) asx = sx+field_pos; if (sy) asy = sy;
      |     ^~
src/menu/controls/mtslider.cpp:60:33: note: ...this statement, but the latter is misleadingly indented as if it were guarded by the ‘if’
   60 |     if (sx) asx = sx+field_pos; if (sy) asy = sy;
      |                                 ^~
src/menu/controls/mtslider.cpp: In member function ‘virtual void mTextSlider::draw(BITMAP*)’:
src/menu/controls/mtslider.cpp:70:9: warning: variable ‘c’ set but not used [-Wunused-but-set-variable]
   70 |     int c = color1;
      |         ^
src/menu/controls/mtslider.cpp:76:9: warning: variable ‘tlen’ set but not used [-Wunused-but-set-variable]
   76 |     int tlen = 0, theight = 0;
      |         ^~~~
src/menu/controls/mtslider.cpp: In member function ‘virtual void mTextSlider::set_text(char*)’:
src/menu/controls/mtslider.cpp:159:10: warning: ‘char* __builtin_strncpy(char*, const char*, long unsigned int)’ specified bound 40 equals destination size [-Wstringop-truncation]
  159 |   strncpy(text, n, 40);
      |          ^
Compiling src/menu/controls/mweapic.cpp...
g++ -O2 -Wall -Wextra -std=c++11 -fpermissive -DDIRECT_ASSET_LOADING  -I/usr/include/lua5.4 -I./src -c src/menu/controls/mweapic.cpp -o obj/menu/controls/mweapic.o
In file included from src/menu/controls/../../gsbullet.h:17,
                 from src/menu/controls/mweapic.cpp:15:
src/menu/controls/../../luaclass.h: In member function ‘void Lua::open(int)’:
src/menu/controls/../../luaclass.h:20:23: warning: unused parameter ‘stacksize’ [-Wunused-parameter]
   20 |         void open(int stacksize = 0)
      |                   ~~~~^~~~~~~~~~~~~
src/menu/controls/../../luaclass.h: In member function ‘void Lua::setgcthreshold(int)’:
src/menu/controls/../../luaclass.h:136:33: warning: unused parameter ‘newthreshold’ [-Wunused-parameter]
  136 |         void setgcthreshold(int newthreshold)
      |                             ~~~~^~~~~~~~~~~~
src/menu/controls/mweapic.cpp: In member function ‘virtual void mWeaponIcon::draw(BITMAP*)’:
src/menu/controls/mweapic.cpp:34:9: warning: variable ‘c’ set but not used [-Wunused-but-set-variable]
   34 |     int c = color1;
      |         ^
Compiling src/enemies/ebigboss.cpp...
g++ -O2 -Wall -Wextra -std=c++11 -fpermissive -DDIRECT_ASSET_LOADING  -I/usr/include/lua5.4 -I./src -c src/enemies/ebigboss.cpp -o obj/enemies/ebigboss.o
In file included from src/enemies/../gsscript.h:16,
                 from src/enemies/../gsenemy.h:19,
                 from src/enemies/ebigboss.h:17,
                 from src/enemies/ebigboss.cpp:12:
src/enemies/../luaclass.h: In member function ‘void Lua::open(int)’:
src/enemies/../luaclass.h:20:23: warning: unused parameter ‘stacksize’ [-Wunused-parameter]
   20 |         void open(int stacksize = 0)
      |                   ~~~~^~~~~~~~~~~~~
src/enemies/../luaclass.h: In member function ‘void Lua::setgcthreshold(int)’:
src/enemies/../luaclass.h:136:33: warning: unused parameter ‘newthreshold’ [-Wunused-parameter]
  136 |         void setgcthreshold(int newthreshold)
      |                             ~~~~^~~~~~~~~~~~
src/enemies/../gsscript.h: At global scope:
src/enemies/../gsscript.h:43:43: warning: ISO C++ forbids converting a string constant to ‘char*’ [-Wwrite-strings]
   43 |     void  read_level_files(int=0, char *n="");
      |                                           ^~
src/enemies/ebigboss.cpp: In constructor ‘enemyShipBigBoss::enemyShipBigBoss(int, int, float, float, float, float, float, float)’:
src/enemies/ebigboss.cpp:24:134: warning: unused parameter ‘user6’ [-Wunused-parameter]
   24 | enemyShipBigBoss::enemyShipBigBoss(int px, int py, float pfreq, float pradius, float pspeed, float pstrength, float prockturn, float user6)
      |                                                                                                                                ~~~~~~^~~~~
Compiling src/enemies/ebigred.cpp...
g++ -O2 -Wall -Wextra -std=c++11 -fpermissive -DDIRECT_ASSET_LOADING  -I/usr/include/lua5.4 -I./src -c src/enemies/ebigred.cpp -o obj/enemies/ebigred.o
In file included from src/enemies/../gsscript.h:16,
                 from src/enemies/../gsenemy.h:19,
                 from src/enemies/ebigred.h:17,
                 from src/enemies/ebigred.cpp:12:
src/enemies/../luaclass.h: In member function ‘void Lua::open(int)’:
src/enemies/../luaclass.h:20:23: warning: unused parameter ‘stacksize’ [-Wunused-parameter]
   20 |         void open(int stacksize = 0)
      |                   ~~~~^~~~~~~~~~~~~
src/enemies/../luaclass.h: In member function ‘void Lua::setgcthreshold(int)’:
src/enemies/../luaclass.h:136:33: warning: unused parameter ‘newthreshold’ [-Wunused-parameter]
  136 |         void setgcthreshold(int newthreshold)
      |                             ~~~~^~~~~~~~~~~~
src/enemies/../gsscript.h: At global scope:
src/enemies/../gsscript.h:43:43: warning: ISO C++ forbids converting a string constant to ‘char*’ [-Wwrite-strings]
   43 |     void  read_level_files(int=0, char *n="");
      |                                           ^~
src/enemies/ebigred.cpp: In constructor ‘enemyShipBigRed::enemyShipBigRed(int, int, float, float, float, float, float, float)’:
src/enemies/ebigred.cpp:24:56: warning: unused parameter ‘pfreq’ [-Wunused-parameter]
   24 | enemyShipBigRed::enemyShipBigRed(int px, int py, float pfreq, float pradius, float pspeed, float pstrength, float targplayer, float user6)
      |                                                  ~~~~~~^~~~~
src/enemies/ebigred.cpp:24:115: warning: unused parameter ‘targplayer’ [-Wunused-parameter]
   24 | enemyShipBigRed::enemyShipBigRed(int px, int py, float pfreq, float pradius, float pspeed, float pstrength, float targplayer, float user6)
      |                                                                                                             ~~~~~~^~~~~~~~~~
src/enemies/ebigred.cpp:24:133: warning: unused parameter ‘user6’ [-Wunused-parameter]
   24 | enemyShipBigRed::enemyShipBigRed(int px, int py, float pfreq, float pradius, float pspeed, float pstrength, float targplayer, float user6)
      |                                                                                                                               ~~~~~~^~~~~
Compiling src/enemies/eblue1.cpp...
g++ -O2 -Wall -Wextra -std=c++11 -fpermissive -DDIRECT_ASSET_LOADING  -I/usr/include/lua5.4 -I./src -c src/enemies/eblue1.cpp -o obj/enemies/eblue1.o
In file included from src/enemies/../gsscript.h:16,
                 from src/enemies/../gsenemy.h:19,
                 from src/enemies/eblue1.h:17,
                 from src/enemies/eblue1.cpp:12:
src/enemies/../luaclass.h: In member function ‘void Lua::open(int)’:
src/enemies/../luaclass.h:20:23: warning: unused parameter ‘stacksize’ [-Wunused-parameter]
   20 |         void open(int stacksize = 0)
      |                   ~~~~^~~~~~~~~~~~~
src/enemies/../luaclass.h: In member function ‘void Lua::setgcthreshold(int)’:
src/enemies/../luaclass.h:136:33: warning: unused parameter ‘newthreshold’ [-Wunused-parameter]
  136 |         void setgcthreshold(int newthreshold)
      |                             ~~~~^~~~~~~~~~~~
src/enemies/../gsscript.h: At global scope:
src/enemies/../gsscript.h:43:43: warning: ISO C++ forbids converting a string constant to ‘char*’ [-Wwrite-strings]
   43 |     void  read_level_files(int=0, char *n="");
      |                                           ^~
src/enemies/eblue1.cpp: In constructor ‘enemyShipBlue1::enemyShipBlue1(int, int, float, float, float, float, float, float)’:
src/enemies/eblue1.cpp:26:113: warning: unused parameter ‘targplayer’ [-Wunused-parameter]
   26 | enemyShipBlue1::enemyShipBlue1(int px, int py, float pfreq, float pradius, float pspeed, float pstrength, float targplayer, float weaptype)
      |                                                                                                           ~~~~~~^~~~~~~~~~
Compiling src/enemies/eblue2.cpp...
g++ -O2 -Wall -Wextra -std=c++11 -fpermissive -DDIRECT_ASSET_LOADING  -I/usr/include/lua5.4 -I./src -c src/enemies/eblue2.cpp -o obj/enemies/eblue2.o
In file included from src/enemies/../gsscript.h:16,
                 from src/enemies/../gsenemy.h:19,
                 from src/enemies/eblue2.h:17,
                 from src/enemies/eblue2.cpp:12:
src/enemies/../luaclass.h: In member function ‘void Lua::open(int)’:
src/enemies/../luaclass.h:20:23: warning: unused parameter ‘stacksize’ [-Wunused-parameter]
   20 |         void open(int stacksize = 0)
      |                   ~~~~^~~~~~~~~~~~~
src/enemies/../luaclass.h: In member function ‘void Lua::setgcthreshold(int)’:
src/enemies/../luaclass.h:136:33: warning: unused parameter ‘newthreshold’ [-Wunused-parameter]
  136 |         void setgcthreshold(int newthreshold)
      |                             ~~~~^~~~~~~~~~~~
src/enemies/../gsscript.h: At global scope:
src/enemies/../gsscript.h:43:43: warning: ISO C++ forbids converting a string constant to ‘char*’ [-Wwrite-strings]
   43 |     void  read_level_files(int=0, char *n="");
      |                                           ^~
src/enemies/eblue2.cpp: In constructor ‘enemyShipBlue2::enemyShipBlue2(int, int, float, float, float, float, float, float)’:
src/enemies/eblue2.cpp:26:113: warning: unused parameter ‘targplayer’ [-Wunused-parameter]
   26 | enemyShipBlue2::enemyShipBlue2(int px, int py, float pfreq, float pradius, float pspeed, float pstrength, float targplayer, float weaptype)
      |                                                                                                           ~~~~~~^~~~~~~~~~
Compiling src/enemies/eflak.cpp...
g++ -O2 -Wall -Wextra -std=c++11 -fpermissive -DDIRECT_ASSET_LOADING  -I/usr/include/lua5.4 -I./src -c src/enemies/eflak.cpp -o obj/enemies/eflak.o
In file included from src/enemies/../gsnetw.h:18,
                 from src/enemies/eflak.cpp:20:
src/enemies/../gsnetsrv.h:67:7: warning: extra tokens at end of #endif directive [-Wendif-labels]
   67 | #endif;
      |       ^
In file included from src/enemies/../gsscript.h:16,
                 from src/enemies/../gsenemy.h:19,
                 from src/enemies/eflak.h:17,
                 from src/enemies/eflak.cpp:12:
src/enemies/../luaclass.h: In member function ‘void Lua::open(int)’:
src/enemies/../luaclass.h:20:23: warning: unused parameter ‘stacksize’ [-Wunused-parameter]
   20 |         void open(int stacksize = 0)
      |                   ~~~~^~~~~~~~~~~~~
src/enemies/../luaclass.h: In member function ‘void Lua::setgcthreshold(int)’:
src/enemies/../luaclass.h:136:33: warning: unused parameter ‘newthreshold’ [-Wunused-parameter]
  136 |         void setgcthreshold(int newthreshold)
      |                             ~~~~^~~~~~~~~~~~
src/enemies/../gsscript.h: At global scope:
src/enemies/../gsscript.h:43:43: warning: ISO C++ forbids converting a string constant to ‘char*’ [-Wwrite-strings]
   43 |     void  read_level_files(int=0, char *n="");
      |                                           ^~
In file included from src/enemies/../gsnetcli.h:16,
                 from src/enemies/../gsnetw.h:17:
src/enemies/../network/BitStream.h: In constructor ‘BitStream::BitStream(char*, unsigned int, bool)’:
src/enemies/../network/BitStream.h:22:61: warning: unused parameter ‘_copyData’ [-Wunused-parameter]
   22 |     BitStream(char* _data, unsigned int lengthInBytes, bool _copyData) : data(_data), numberOfBitsAllocated(lengthInBytes * 8), numberOfBitsUsed(lengthInBytes * 8), readOffset(0), maxLength(lengthInBytes) {}
      |                                                        ~~~~~^~~~~~~~~
src/enemies/../network/BitStream.h: In member function ‘void BitStream::Write(int)’:
src/enemies/../network/BitStream.h:25:20: warning: unused parameter ‘data’ [-Wunused-parameter]
   25 |     void Write(int data) {}
      |                ~~~~^~~~
src/enemies/../network/BitStream.h: In member function ‘void BitStream::Write(unsigned char)’:
src/enemies/../network/BitStream.h:26:30: warning: unused parameter ‘data’ [-Wunused-parameter]
   26 |     void Write(unsigned char data) {}
      |                ~~~~~~~~~~~~~~^~~~
src/enemies/../network/BitStream.h: In member function ‘void BitStream::Write(char)’:
src/enemies/../network/BitStream.h:27:21: warning: unused parameter ‘data’ [-Wunused-parameter]
   27 |     void Write(char data) {}
      |                ~~~~~^~~~
src/enemies/../network/BitStream.h: In member function ‘void BitStream::Write(char*, unsigned int)’:
src/enemies/../network/BitStream.h:28:22: warning: unused parameter ‘data’ [-Wunused-parameter]
   28 |     void Write(char* data, const unsigned int length) {}
      |                ~~~~~~^~~~
src/enemies/../network/BitStream.h:28:47: warning: unused parameter ‘length’ [-Wunused-parameter]
   28 |     void Write(char* data, const unsigned int length) {}
      |                            ~~~~~~~~~~~~~~~~~~~^~~~~~
src/enemies/../network/BitStream.h: In member function ‘void BitStream::Write(long unsigned int)’:
src/enemies/../network/BitStream.h:29:30: warning: unused parameter ‘data’ [-Wunused-parameter]
   29 |     void Write(unsigned long data) {}
      |                ~~~~~~~~~~~~~~^~~~
src/enemies/../network/BitStream.h: In member function ‘void BitStream::Write(float)’:
src/enemies/../network/BitStream.h:30:22: warning: unused parameter ‘data’ [-Wunused-parameter]
   30 |     void Write(float data) {}
      |                ~~~~~~^~~~
src/enemies/../network/BitStream.h: In member function ‘void BitStream::Write(bool)’:
src/enemies/../network/BitStream.h:31:21: warning: unused parameter ‘data’ [-Wunused-parameter]
   31 |     void Write(bool data) {}
      |                ~~~~~^~~~
src/enemies/../network/BitStream.h: In member function ‘void BitStream::Read(char*&, unsigned int)’:
src/enemies/../network/BitStream.h:42:22: warning: unused parameter ‘data’ [-Wunused-parameter]
   42 |     void Read(char* &data, const unsigned int length) {}
      |               ~~~~~~~^~~~
src/enemies/../network/BitStream.h:42:47: warning: unused parameter ‘length’ [-Wunused-parameter]
   42 |     void Read(char* &data, const unsigned int length) {}
      |                            ~~~~~~~~~~~~~~~~~~~^~~~~~
src/enemies/../network/BitStream.h: In member function ‘void BitStream::Read(const char*&, unsigned int)’:
src/enemies/../network/BitStream.h:43:28: warning: unused parameter ‘data’ [-Wunused-parameter]
   43 |     void Read(const char* &data, const unsigned int length) {}
      |               ~~~~~~~~~~~~~^~~~
src/enemies/../network/BitStream.h:43:53: warning: unused parameter ‘length’ [-Wunused-parameter]
   43 |     void Read(const char* &data, const unsigned int length) {}
      |                                  ~~~~~~~~~~~~~~~~~~~^~~~~~
src/enemies/../network/BitStream.h: In member function ‘void BitStream::Read(void*, unsigned int)’:
src/enemies/../network/BitStream.h:44:21: warning: unused parameter ‘data’ [-Wunused-parameter]
   44 |     void Read(void* data, const unsigned int length) {}
      |               ~~~~~~^~~~
src/enemies/../network/BitStream.h:44:46: warning: unused parameter ‘length’ [-Wunused-parameter]
   44 |     void Read(void* data, const unsigned int length) {}
      |                           ~~~~~~~~~~~~~~~~~~~^~~~~~
src/enemies/../network/BitStream.h: In member function ‘void BitStream::SetWriteOffset(unsigned int)’:
src/enemies/../network/BitStream.h:47:38: warning: unused parameter ‘offset’ [-Wunused-parameter]
   47 |     void SetWriteOffset(unsigned int offset) {}
      |                         ~~~~~~~~~~~~~^~~~~~
In file included from src/enemies/../network/RakNetworkFactory.h:9,
                 from src/enemies/../gsnetcli.h:17:
src/enemies/../network/RakClientInterface.h: In member function ‘bool RakClientInterface::Connect(const char*, short unsigned int, const char*, short unsigned int)’:
src/enemies/../network/RakClientInterface.h:17:30: warning: unused parameter ‘serverIP’ [-Wunused-parameter]
   17 |     bool Connect(const char* serverIP, unsigned short serverPort, const char* clientIP, unsigned short clientPort) { return false; }
      |                  ~~~~~~~~~~~~^~~~~~~~
src/enemies/../network/RakClientInterface.h:17:55: warning: unused parameter ‘serverPort’ [-Wunused-parameter]
   17 |     bool Connect(const char* serverIP, unsigned short serverPort, const char* clientIP, unsigned short clientPort) { return false; }
      |                                        ~~~~~~~~~~~~~~~^~~~~~~~~~
src/enemies/../network/RakClientInterface.h:17:79: warning: unused parameter ‘clientIP’ [-Wunused-parameter]
   17 |     bool Connect(const char* serverIP, unsigned short serverPort, const char* clientIP, unsigned short clientPort) { return false; }
      |                                                                   ~~~~~~~~~~~~^~~~~~~~
src/enemies/../network/RakClientInterface.h:17:104: warning: unused parameter ‘clientPort’ [-Wunused-parameter]
   17 |     bool Connect(const char* serverIP, unsigned short serverPort, const char* clientIP, unsigned short clientPort) { return false; }
      |                                                                                         ~~~~~~~~~~~~~~~^~~~~~~~~~
src/enemies/../network/RakClientInterface.h: In member function ‘bool RakClientInterface::Connect(const char*, short unsigned int, short unsigned int, unsigned int, int)’:
src/enemies/../network/RakClientInterface.h:18:30: warning: unused parameter ‘host’ [-Wunused-parameter]
   18 |     bool Connect(const char* host, unsigned short serverPort, unsigned short clientPort, unsigned int connectionValidationInteger, int timeoutMS) { return false; }
      |                  ~~~~~~~~~~~~^~~~
src/enemies/../network/RakClientInterface.h:18:51: warning: unused parameter ‘serverPort’ [-Wunused-parameter]
   18 |     bool Connect(const char* host, unsigned short serverPort, unsigned short clientPort, unsigned int connectionValidationInteger, int timeoutMS) { return false; }
      |                                    ~~~~~~~~~~~~~~~^~~~~~~~~~
src/enemies/../network/RakClientInterface.h:18:78: warning: unused parameter ‘clientPort’ [-Wunused-parameter]
   18 |     bool Connect(const char* host, unsigned short serverPort, unsigned short clientPort, unsigned int connectionValidationInteger, int timeoutMS) { return false; }
      |                                                               ~~~~~~~~~~~~~~~^~~~~~~~~~
src/enemies/../network/RakClientInterface.h:18:103: warning: unused parameter ‘connectionValidationInteger’ [-Wunused-parameter]
   18 |     bool Connect(const char* host, unsigned short serverPort, unsigned short clientPort, unsigned int connectionValidationInteger, int timeoutMS) { return false; }
      |                                                                                          ~~~~~~~~~~~~~^~~~~~~~~~~~~~~~~~~~~~~~~~~
src/enemies/../network/RakClientInterface.h:18:136: warning: unused parameter ‘timeoutMS’ [-Wunused-parameter]
   18 |     bool Connect(const char* host, unsigned short serverPort, unsigned short clientPort, unsigned int connectionValidationInteger, int timeoutMS) { return false; }
      |                                                                                                                                    ~~~~^~~~~~~~~
src/enemies/../network/RakClientInterface.h: In member function ‘void RakClientInterface::Disconnect(unsigned int, unsigned char)’:
src/enemies/../network/RakClientInterface.h:19:34: warning: unused parameter ‘blockDuration’ [-Wunused-parameter]
   19 |     void Disconnect(unsigned int blockDuration = 0, unsigned char orderingChannel = 0) {}
      |                     ~~~~~~~~~~~~~^~~~~~~~~~~~~~~~~
src/enemies/../network/RakClientInterface.h:19:67: warning: unused parameter ‘orderingChannel’ [-Wunused-parameter]
   19 |     void Disconnect(unsigned int blockDuration = 0, unsigned char orderingChannel = 0) {}
      |                                                     ~~~~~~~~~~~~~~^~~~~~~~~~~~~~~~~~~
src/enemies/../network/RakClientInterface.h: In member function ‘void RakClientInterface::PingServer(const char*, short unsigned int, short unsigned int)’:
src/enemies/../network/RakClientInterface.h:21:33: warning: unused parameter ‘host’ [-Wunused-parameter]
   21 |     void PingServer(const char* host, unsigned short remotePort, unsigned short sendPort) {}
      |                     ~~~~~~~~~~~~^~~~
src/enemies/../network/RakClientInterface.h:21:54: warning: unused parameter ‘remotePort’ [-Wunused-parameter]
   21 |     void PingServer(const char* host, unsigned short remotePort, unsigned short sendPort) {}
      |                                       ~~~~~~~~~~~~~~~^~~~~~~~~~
src/enemies/../network/RakClientInterface.h:21:81: warning: unused parameter ‘sendPort’ [-Wunused-parameter]
   21 |     void PingServer(const char* host, unsigned short remotePort, unsigned short sendPort) {}
      |                                                                  ~~~~~~~~~~~~~~~^~~~~~~~
src/enemies/../network/RakClientInterface.h: In member function ‘bool RakClientInterface::Send(const char*, int, unsigned char, char, char, PlayerID, bool)’:
src/enemies/../network/RakClientInterface.h:25:27: warning: unused parameter ‘data’ [-Wunused-parameter]
   25 |     bool Send(const char* data, int length, unsigned char priority, char reliability, char orderingChannel, PlayerID playerId, bool broadcast) { return true; }
      |               ~~~~~~~~~~~~^~~~
src/enemies/../network/RakClientInterface.h:25:37: warning: unused parameter ‘length’ [-Wunused-parameter]
   25 |     bool Send(const char* data, int length, unsigned char priority, char reliability, char orderingChannel, PlayerID playerId, bool broadcast) { return true; }
      |                                 ~~~~^~~~~~
src/enemies/../network/RakClientInterface.h:25:59: warning: unused parameter ‘priority’ [-Wunused-parameter]
   25 |     bool Send(const char* data, int length, unsigned char priority, char reliability, char orderingChannel, PlayerID playerId, bool broadcast) { return true; }
      |                                             ~~~~~~~~~~~~~~^~~~~~~~
src/enemies/../network/RakClientInterface.h:25:74: warning: unused parameter ‘reliability’ [-Wunused-parameter]
   25 |     bool Send(const char* data, int length, unsigned char priority, char reliability, char orderingChannel, PlayerID playerId, bool broadcast) { return true; }
      |                                                                     ~~~~~^~~~~~~~~~~
src/enemies/../network/RakClientInterface.h:25:92: warning: unused parameter ‘orderingChannel’ [-Wunused-parameter]
   25 |     bool Send(const char* data, int length, unsigned char priority, char reliability, char orderingChannel, PlayerID playerId, bool broadcast) { return true; }
      |                                                                                       ~~~~~^~~~~~~~~~~~~~~
src/enemies/../network/RakClientInterface.h:25:118: warning: unused parameter ‘playerId’ [-Wunused-parameter]
   25 |     bool Send(const char* data, int length, unsigned char priority, char reliability, char orderingChannel, PlayerID playerId, bool broadcast) { return true; }
      |                                                                                                             ~~~~~~~~~^~~~~~~~
src/enemies/../network/RakClientInterface.h:25:133: warning: unused parameter ‘broadcast’ [-Wunused-parameter]
   25 |     bool Send(const char* data, int length, unsigned char priority, char reliability, char orderingChannel, PlayerID playerId, bool broadcast) { return true; }
      |                                                                                                                                ~~~~~^~~~~~~~~
src/enemies/../network/RakClientInterface.h: In member function ‘bool RakClientInterface::Send(BitStream*, unsigned char, char, char)’:
src/enemies/../network/RakClientInterface.h:26:32: warning: unused parameter ‘bitStream’ [-Wunused-parameter]
   26 |     bool Send(class BitStream *bitStream, unsigned char priority, char reliability, char orderingChannel) { return true; }
      |               ~~~~~~~~~~~~~~~~~^~~~~~~~~
src/enemies/../network/RakClientInterface.h:26:57: warning: unused parameter ‘priority’ [-Wunused-parameter]
   26 |     bool Send(class BitStream *bitStream, unsigned char priority, char reliability, char orderingChannel) { return true; }
      |                                           ~~~~~~~~~~~~~~^~~~~~~~
src/enemies/../network/RakClientInterface.h:26:72: warning: unused parameter ‘reliability’ [-Wunused-parameter]
   26 |     bool Send(class BitStream *bitStream, unsigned char priority, char reliability, char orderingChannel) { return true; }
      |                                                                   ~~~~~^~~~~~~~~~~
src/enemies/../network/RakClientInterface.h:26:90: warning: unused parameter ‘orderingChannel’ [-Wunused-parameter]
   26 |     bool Send(class BitStream *bitStream, unsigned char priority, char reliability, char orderingChannel) { return true; }
      |                                                                                     ~~~~~^~~~~~~~~~~~~~~
src/enemies/../network/RakClientInterface.h: In member function ‘void RakClientInterface::PushBackPacket(Packet*, bool)’:
src/enemies/../network/RakClientInterface.h:27:33: warning: unused parameter ‘packet’ [-Wunused-parameter]
   27 |     void PushBackPacket(Packet* packet, bool pushAtHead) {}
      |                         ~~~~~~~~^~~~~~
src/enemies/../network/RakClientInterface.h:27:46: warning: unused parameter ‘pushAtHead’ [-Wunused-parameter]
   27 |     void PushBackPacket(Packet* packet, bool pushAtHead) {}
      |                                         ~~~~~^~~~~~~~~~
src/enemies/../network/RakClientInterface.h: In member function ‘void RakClientInterface::DeallocatePacket(Packet*)’:
src/enemies/../network/RakClientInterface.h:35:35: warning: unused parameter ‘packet’ [-Wunused-parameter]
   35 |     void DeallocatePacket(Packet *packet) {}
      |                           ~~~~~~~~^~~~~~
src/enemies/../network/RakClientInterface.h: In member function ‘const char* RakClientInterface::PlayerIDToDottedIP(PlayerID)’:
src/enemies/../network/RakClientInterface.h:36:45: warning: unused parameter ‘playerId’ [-Wunused-parameter]
   36 |     const char* PlayerIDToDottedIP(PlayerID playerId) { return "0.0.0.0"; }
      |                                    ~~~~~~~~~^~~~~~~~
In file included from src/enemies/../network/RakNetworkFactory.h:10:
src/enemies/../network/RakServerInterface.h: In member function ‘bool RakServerInterface::Start(int, int, int, int)’:
src/enemies/../network/RakServerInterface.h:19:20: warning: unused parameter ‘AllowedPlayers’ [-Wunused-parameter]
   19 |     bool Start(int AllowedPlayers, int connectionValidationInteger, int threadSleepTimer, int port) { return false; }
      |                ~~~~^~~~~~~~~~~~~~
src/enemies/../network/RakServerInterface.h:19:40: warning: unused parameter ‘connectionValidationInteger’ [-Wunused-parameter]
   19 |     bool Start(int AllowedPlayers, int connectionValidationInteger, int threadSleepTimer, int port) { return false; }
      |                                    ~~~~^~~~~~~~~~~~~~~~~~~~~~~~~~~
src/enemies/../network/RakServerInterface.h:19:73: warning: unused parameter ‘threadSleepTimer’ [-Wunused-parameter]
   19 |     bool Start(int AllowedPlayers, int connectionValidationInteger, int threadSleepTimer, int port) { return false; }
      |                                                                     ~~~~^~~~~~~~~~~~~~~~
src/enemies/../network/RakServerInterface.h:19:95: warning: unused parameter ‘port’ [-Wunused-parameter]
   19 |     bool Start(int AllowedPlayers, int connectionValidationInteger, int threadSleepTimer, int port) { return false; }
      |                                                                                           ~~~~^~~~
src/enemies/../network/RakServerInterface.h: In member function ‘void RakServerInterface::Disconnect(unsigned int, unsigned char)’:
src/enemies/../network/RakServerInterface.h:20:34: warning: unused parameter ‘blockDuration’ [-Wunused-parameter]
   20 |     void Disconnect(unsigned int blockDuration = 0, unsigned char orderingChannel = 0) {}
      |                     ~~~~~~~~~~~~~^~~~~~~~~~~~~~~~~
src/enemies/../network/RakServerInterface.h:20:67: warning: unused parameter ‘orderingChannel’ [-Wunused-parameter]
   20 |     void Disconnect(unsigned int blockDuration = 0, unsigned char orderingChannel = 0) {}
      |                                                     ~~~~~~~~~~~~~~^~~~~~~~~~~~~~~~~~~
src/enemies/../network/RakServerInterface.h: In member function ‘bool RakServerInterface::Send(const char*, int, unsigned char, char, char, PlayerID, bool)’:
src/enemies/../network/RakServerInterface.h:21:27: warning: unused parameter ‘data’ [-Wunused-parameter]
   21 |     bool Send(const char* data, int length, unsigned char priority, char reliability, char orderingChannel, PlayerID playerId, bool broadcast) { return true; }
      |               ~~~~~~~~~~~~^~~~
src/enemies/../network/RakServerInterface.h:21:37: warning: unused parameter ‘length’ [-Wunused-parameter]
   21 |     bool Send(const char* data, int length, unsigned char priority, char reliability, char orderingChannel, PlayerID playerId, bool broadcast) { return true; }
      |                                 ~~~~^~~~~~
src/enemies/../network/RakServerInterface.h:21:59: warning: unused parameter ‘priority’ [-Wunused-parameter]
   21 |     bool Send(const char* data, int length, unsigned char priority, char reliability, char orderingChannel, PlayerID playerId, bool broadcast) { return true; }
      |                                             ~~~~~~~~~~~~~~^~~~~~~~
src/enemies/../network/RakServerInterface.h:21:74: warning: unused parameter ‘reliability’ [-Wunused-parameter]
   21 |     bool Send(const char* data, int length, unsigned char priority, char reliability, char orderingChannel, PlayerID playerId, bool broadcast) { return true; }
      |                                                                     ~~~~~^~~~~~~~~~~
src/enemies/../network/RakServerInterface.h:21:92: warning: unused parameter ‘orderingChannel’ [-Wunused-parameter]
   21 |     bool Send(const char* data, int length, unsigned char priority, char reliability, char orderingChannel, PlayerID playerId, bool broadcast) { return true; }
      |                                                                                       ~~~~~^~~~~~~~~~~~~~~
src/enemies/../network/RakServerInterface.h:21:118: warning: unused parameter ‘playerId’ [-Wunused-parameter]
   21 |     bool Send(const char* data, int length, unsigned char priority, char reliability, char orderingChannel, PlayerID playerId, bool broadcast) { return true; }
      |                                                                                                             ~~~~~~~~~^~~~~~~~
src/enemies/../network/RakServerInterface.h:21:133: warning: unused parameter ‘broadcast’ [-Wunused-parameter]
   21 |     bool Send(const char* data, int length, unsigned char priority, char reliability, char orderingChannel, PlayerID playerId, bool broadcast) { return true; }
      |                                                                                                                                ~~~~~^~~~~~~~~
src/enemies/../network/RakServerInterface.h: In member function ‘bool RakServerInterface::Send(BitStream*, unsigned char, char, char, PlayerID, bool)’:
src/enemies/../network/RakServerInterface.h:22:32: warning: unused parameter ‘bitStream’ [-Wunused-parameter]
   22 |     bool Send(class BitStream *bitStream, unsigned char priority, char reliability, char orderingChannel, PlayerID playerId, bool broadcast) { return true; }
      |               ~~~~~~~~~~~~~~~~~^~~~~~~~~
src/enemies/../network/RakServerInterface.h:22:57: warning: unused parameter ‘priority’ [-Wunused-parameter]
   22 |     bool Send(class BitStream *bitStream, unsigned char priority, char reliability, char orderingChannel, PlayerID playerId, bool broadcast) { return true; }
      |                                           ~~~~~~~~~~~~~~^~~~~~~~
src/enemies/../network/RakServerInterface.h:22:72: warning: unused parameter ‘reliability’ [-Wunused-parameter]
   22 |     bool Send(class BitStream *bitStream, unsigned char priority, char reliability, char orderingChannel, PlayerID playerId, bool broadcast) { return true; }
      |                                                                   ~~~~~^~~~~~~~~~~
src/enemies/../network/RakServerInterface.h:22:90: warning: unused parameter ‘orderingChannel’ [-Wunused-parameter]
   22 |     bool Send(class BitStream *bitStream, unsigned char priority, char reliability, char orderingChannel, PlayerID playerId, bool broadcast) { return true; }
      |                                                                                     ~~~~~^~~~~~~~~~~~~~~
src/enemies/../network/RakServerInterface.h:22:116: warning: unused parameter ‘playerId’ [-Wunused-parameter]
   22 |     bool Send(class BitStream *bitStream, unsigned char priority, char reliability, char orderingChannel, PlayerID playerId, bool broadcast) { return true; }
      |                                                                                                           ~~~~~~~~~^~~~~~~~
src/enemies/../network/RakServerInterface.h:22:131: warning: unused parameter ‘broadcast’ [-Wunused-parameter]
   22 |     bool Send(class BitStream *bitStream, unsigned char priority, char reliability, char orderingChannel, PlayerID playerId, bool broadcast) { return true; }
      |                                                                                                                              ~~~~~^~~~~~~~~
src/enemies/../network/RakServerInterface.h: In member function ‘void RakServerInterface::PushBackPacket(Packet*, bool)’:
src/enemies/../network/RakServerInterface.h:23:33: warning: unused parameter ‘packet’ [-Wunused-parameter]
   23 |     void PushBackPacket(Packet* packet, bool pushAtHead) {}
      |                         ~~~~~~~~^~~~~~
src/enemies/../network/RakServerInterface.h:23:46: warning: unused parameter ‘pushAtHead’ [-Wunused-parameter]
   23 |     void PushBackPacket(Packet* packet, bool pushAtHead) {}
      |                                         ~~~~~^~~~~~~~~~
src/enemies/../network/RakServerInterface.h: In member function ‘void RakServerInterface::DeallocatePacket(Packet*)’:
src/enemies/../network/RakServerInterface.h:24:35: warning: unused parameter ‘packet’ [-Wunused-parameter]
   24 |     void DeallocatePacket(Packet* packet) {}
      |                           ~~~~~~~~^~~~~~
src/enemies/../network/RakServerInterface.h: In member function ‘int RakServerInterface::GetAveragePing(PlayerID)’:
src/enemies/../network/RakServerInterface.h:25:33: warning: unused parameter ‘playerId’ [-Wunused-parameter]
   25 |     int GetAveragePing(PlayerID playerId) { return 0; }
      |                        ~~~~~~~~~^~~~~~~~
src/enemies/../network/RakServerInterface.h: In member function ‘int RakServerInterface::GetLastPing(PlayerID)’:
src/enemies/../network/RakServerInterface.h:26:30: warning: unused parameter ‘playerId’ [-Wunused-parameter]
   26 |     int GetLastPing(PlayerID playerId) { return 0; }
      |                     ~~~~~~~~~^~~~~~~~
src/enemies/../network/RakServerInterface.h: In member function ‘int RakServerInterface::GetLowestPing(PlayerID)’:
src/enemies/../network/RakServerInterface.h:27:32: warning: unused parameter ‘playerId’ [-Wunused-parameter]
   27 |     int GetLowestPing(PlayerID playerId) { return 0; }
      |                       ~~~~~~~~~^~~~~~~~
src/enemies/../network/RakServerInterface.h: In member function ‘void RakServerInterface::Kick(PlayerID)’:
src/enemies/../network/RakServerInterface.h:28:24: warning: unused parameter ‘playerId’ [-Wunused-parameter]
   28 |     void Kick(PlayerID playerId) {}
      |               ~~~~~~~~~^~~~~~~~
src/enemies/../network/RakServerInterface.h: In member function ‘void RakServerInterface::SetAllowedPlayers(int)’:
src/enemies/../network/RakServerInterface.h:31:32: warning: unused parameter ‘maxPlayers’ [-Wunused-parameter]
   31 |     void SetAllowedPlayers(int maxPlayers) {}
      |                            ~~~~^~~~~~~~~~
src/enemies/../network/RakServerInterface.h: In member function ‘void* RakServerInterface::GetStatistics(PlayerID)’:
src/enemies/../network/RakServerInterface.h:35:34: warning: unused parameter ‘playerId’ [-Wunused-parameter]
   35 |     void* GetStatistics(PlayerID playerId) { return 0; }
      |                         ~~~~~~~~~^~~~~~~~
src/enemies/../network/RakNetworkFactory.h: In static member function ‘static void RakNetworkFactory::DestroyRakNetwork(void*)’:
src/enemies/../network/RakNetworkFactory.h:15:41: warning: unused parameter ‘network’ [-Wunused-parameter]
   15 |     static void DestroyRakNetwork(void* network) {}
      |                                   ~~~~~~^~~~~~~
src/enemies/eflak.cpp: In constructor ‘enemyFlak::enemyFlak(int, int, float, float, float, float, float, float)’:
src/enemies/eflak.cpp:23:121: warning: unused parameter ‘user6’ [-Wunused-parameter]
   23 | enemyFlak::enemyFlak(int px, int py, float pshootrand, float pfreq, float pradius, float pspeed, float pstrength, float user6)
      |                                                                                                                   ~~~~~~^~~~~
src/enemies/../network/RakServerInterface.h: At global scope:
src/enemies/../network/RakServerInterface.h:49:17: warning: ‘UNASSIGNED_PLAYER_ID’ defined but not used [-Wunused-variable]
   49 | static PlayerID UNASSIGNED_PLAYER_ID = {0, 0};
      |                 ^~~~~~~~~~~~~~~~~~~~
Compiling src/enemies/epulse.cpp...
g++ -O2 -Wall -Wextra -std=c++11 -fpermissive -DDIRECT_ASSET_LOADING  -I/usr/include/lua5.4 -I./src -c src/enemies/epulse.cpp -o obj/enemies/epulse.o
In file included from src/enemies/../gsnetw.h:18,
                 from src/enemies/epulse.cpp:22:
src/enemies/../gsnetsrv.h:67:7: warning: extra tokens at end of #endif directive [-Wendif-labels]
   67 | #endif;
      |       ^
In file included from src/enemies/../gsscript.h:16,
                 from src/enemies/../gsenemy.h:19,
                 from src/enemies/epulse.h:17,
                 from src/enemies/epulse.cpp:12:
src/enemies/../luaclass.h: In member function ‘void Lua::open(int)’:
src/enemies/../luaclass.h:20:23: warning: unused parameter ‘stacksize’ [-Wunused-parameter]
   20 |         void open(int stacksize = 0)
      |                   ~~~~^~~~~~~~~~~~~
src/enemies/../luaclass.h: In member function ‘void Lua::setgcthreshold(int)’:
src/enemies/../luaclass.h:136:33: warning: unused parameter ‘newthreshold’ [-Wunused-parameter]
  136 |         void setgcthreshold(int newthreshold)
      |                             ~~~~^~~~~~~~~~~~
src/enemies/../gsscript.h: At global scope:
src/enemies/../gsscript.h:43:43: warning: ISO C++ forbids converting a string constant to ‘char*’ [-Wwrite-strings]
   43 |     void  read_level_files(int=0, char *n="");
      |                                           ^~
In file included from src/enemies/../gsnetcli.h:16,
                 from src/enemies/../gsnetw.h:17:
src/enemies/../network/BitStream.h: In constructor ‘BitStream::BitStream(char*, unsigned int, bool)’:
src/enemies/../network/BitStream.h:22:61: warning: unused parameter ‘_copyData’ [-Wunused-parameter]
   22 |     BitStream(char* _data, unsigned int lengthInBytes, bool _copyData) : data(_data), numberOfBitsAllocated(lengthInBytes * 8), numberOfBitsUsed(lengthInBytes * 8), readOffset(0), maxLength(lengthInBytes) {}
      |                                                        ~~~~~^~~~~~~~~
src/enemies/../network/BitStream.h: In member function ‘void BitStream::Write(int)’:
src/enemies/../network/BitStream.h:25:20: warning: unused parameter ‘data’ [-Wunused-parameter]
   25 |     void Write(int data) {}
      |                ~~~~^~~~
src/enemies/../network/BitStream.h: In member function ‘void BitStream::Write(unsigned char)’:
src/enemies/../network/BitStream.h:26:30: warning: unused parameter ‘data’ [-Wunused-parameter]
   26 |     void Write(unsigned char data) {}
      |                ~~~~~~~~~~~~~~^~~~
src/enemies/../network/BitStream.h: In member function ‘void BitStream::Write(char)’:
src/enemies/../network/BitStream.h:27:21: warning: unused parameter ‘data’ [-Wunused-parameter]
   27 |     void Write(char data) {}
      |                ~~~~~^~~~
src/enemies/../network/BitStream.h: In member function ‘void BitStream::Write(char*, unsigned int)’:
src/enemies/../network/BitStream.h:28:22: warning: unused parameter ‘data’ [-Wunused-parameter]
   28 |     void Write(char* data, const unsigned int length) {}
      |                ~~~~~~^~~~
src/enemies/../network/BitStream.h:28:47: warning: unused parameter ‘length’ [-Wunused-parameter]
   28 |     void Write(char* data, const unsigned int length) {}
      |                            ~~~~~~~~~~~~~~~~~~~^~~~~~
src/enemies/../network/BitStream.h: In member function ‘void BitStream::Write(long unsigned int)’:
src/enemies/../network/BitStream.h:29:30: warning: unused parameter ‘data’ [-Wunused-parameter]
   29 |     void Write(unsigned long data) {}
      |                ~~~~~~~~~~~~~~^~~~
src/enemies/../network/BitStream.h: In member function ‘void BitStream::Write(float)’:
src/enemies/../network/BitStream.h:30:22: warning: unused parameter ‘data’ [-Wunused-parameter]
   30 |     void Write(float data) {}
      |                ~~~~~~^~~~
src/enemies/../network/BitStream.h: In member function ‘void BitStream::Write(bool)’:
src/enemies/../network/BitStream.h:31:21: warning: unused parameter ‘data’ [-Wunused-parameter]
   31 |     void Write(bool data) {}
      |                ~~~~~^~~~
src/enemies/../network/BitStream.h: In member function ‘void BitStream::Read(char*&, unsigned int)’:
src/enemies/../network/BitStream.h:42:22: warning: unused parameter ‘data’ [-Wunused-parameter]
   42 |     void Read(char* &data, const unsigned int length) {}
      |               ~~~~~~~^~~~
src/enemies/../network/BitStream.h:42:47: warning: unused parameter ‘length’ [-Wunused-parameter]
   42 |     void Read(char* &data, const unsigned int length) {}
      |                            ~~~~~~~~~~~~~~~~~~~^~~~~~
src/enemies/../network/BitStream.h: In member function ‘void BitStream::Read(const char*&, unsigned int)’:
src/enemies/../network/BitStream.h:43:28: warning: unused parameter ‘data’ [-Wunused-parameter]
   43 |     void Read(const char* &data, const unsigned int length) {}
      |               ~~~~~~~~~~~~~^~~~
src/enemies/../network/BitStream.h:43:53: warning: unused parameter ‘length’ [-Wunused-parameter]
   43 |     void Read(const char* &data, const unsigned int length) {}
      |                                  ~~~~~~~~~~~~~~~~~~~^~~~~~
src/enemies/../network/BitStream.h: In member function ‘void BitStream::Read(void*, unsigned int)’:
src/enemies/../network/BitStream.h:44:21: warning: unused parameter ‘data’ [-Wunused-parameter]
   44 |     void Read(void* data, const unsigned int length) {}
      |               ~~~~~~^~~~
src/enemies/../network/BitStream.h:44:46: warning: unused parameter ‘length’ [-Wunused-parameter]
   44 |     void Read(void* data, const unsigned int length) {}
      |                           ~~~~~~~~~~~~~~~~~~~^~~~~~
src/enemies/../network/BitStream.h: In member function ‘void BitStream::SetWriteOffset(unsigned int)’:
src/enemies/../network/BitStream.h:47:38: warning: unused parameter ‘offset’ [-Wunused-parameter]
   47 |     void SetWriteOffset(unsigned int offset) {}
      |                         ~~~~~~~~~~~~~^~~~~~
In file included from src/enemies/../network/RakNetworkFactory.h:9,
                 from src/enemies/../gsnetcli.h:17:
src/enemies/../network/RakClientInterface.h: In member function ‘bool RakClientInterface::Connect(const char*, short unsigned int, const char*, short unsigned int)’:
src/enemies/../network/RakClientInterface.h:17:30: warning: unused parameter ‘serverIP’ [-Wunused-parameter]
   17 |     bool Connect(const char* serverIP, unsigned short serverPort, const char* clientIP, unsigned short clientPort) { return false; }
      |                  ~~~~~~~~~~~~^~~~~~~~
src/enemies/../network/RakClientInterface.h:17:55: warning: unused parameter ‘serverPort’ [-Wunused-parameter]
   17 |     bool Connect(const char* serverIP, unsigned short serverPort, const char* clientIP, unsigned short clientPort) { return false; }
      |                                        ~~~~~~~~~~~~~~~^~~~~~~~~~
src/enemies/../network/RakClientInterface.h:17:79: warning: unused parameter ‘clientIP’ [-Wunused-parameter]
   17 |     bool Connect(const char* serverIP, unsigned short serverPort, const char* clientIP, unsigned short clientPort) { return false; }
      |                                                                   ~~~~~~~~~~~~^~~~~~~~
src/enemies/../network/RakClientInterface.h:17:104: warning: unused parameter ‘clientPort’ [-Wunused-parameter]
   17 |     bool Connect(const char* serverIP, unsigned short serverPort, const char* clientIP, unsigned short clientPort) { return false; }
      |                                                                                         ~~~~~~~~~~~~~~~^~~~~~~~~~
src/enemies/../network/RakClientInterface.h: In member function ‘bool RakClientInterface::Connect(const char*, short unsigned int, short unsigned int, unsigned int, int)’:
src/enemies/../network/RakClientInterface.h:18:30: warning: unused parameter ‘host’ [-Wunused-parameter]
   18 |     bool Connect(const char* host, unsigned short serverPort, unsigned short clientPort, unsigned int connectionValidationInteger, int timeoutMS) { return false; }
      |                  ~~~~~~~~~~~~^~~~
src/enemies/../network/RakClientInterface.h:18:51: warning: unused parameter ‘serverPort’ [-Wunused-parameter]
   18 |     bool Connect(const char* host, unsigned short serverPort, unsigned short clientPort, unsigned int connectionValidationInteger, int timeoutMS) { return false; }
      |                                    ~~~~~~~~~~~~~~~^~~~~~~~~~
src/enemies/../network/RakClientInterface.h:18:78: warning: unused parameter ‘clientPort’ [-Wunused-parameter]
   18 |     bool Connect(const char* host, unsigned short serverPort, unsigned short clientPort, unsigned int connectionValidationInteger, int timeoutMS) { return false; }
      |                                                               ~~~~~~~~~~~~~~~^~~~~~~~~~
src/enemies/../network/RakClientInterface.h:18:103: warning: unused parameter ‘connectionValidationInteger’ [-Wunused-parameter]
   18 |     bool Connect(const char* host, unsigned short serverPort, unsigned short clientPort, unsigned int connectionValidationInteger, int timeoutMS) { return false; }
      |                                                                                          ~~~~~~~~~~~~~^~~~~~~~~~~~~~~~~~~~~~~~~~~
src/enemies/../network/RakClientInterface.h:18:136: warning: unused parameter ‘timeoutMS’ [-Wunused-parameter]
   18 |     bool Connect(const char* host, unsigned short serverPort, unsigned short clientPort, unsigned int connectionValidationInteger, int timeoutMS) { return false; }
      |                                                                                                                                    ~~~~^~~~~~~~~
src/enemies/../network/RakClientInterface.h: In member function ‘void RakClientInterface::Disconnect(unsigned int, unsigned char)’:
src/enemies/../network/RakClientInterface.h:19:34: warning: unused parameter ‘blockDuration’ [-Wunused-parameter]
   19 |     void Disconnect(unsigned int blockDuration = 0, unsigned char orderingChannel = 0) {}
      |                     ~~~~~~~~~~~~~^~~~~~~~~~~~~~~~~
src/enemies/../network/RakClientInterface.h:19:67: warning: unused parameter ‘orderingChannel’ [-Wunused-parameter]
   19 |     void Disconnect(unsigned int blockDuration = 0, unsigned char orderingChannel = 0) {}
      |                                                     ~~~~~~~~~~~~~~^~~~~~~~~~~~~~~~~~~
src/enemies/../network/RakClientInterface.h: In member function ‘void RakClientInterface::PingServer(const char*, short unsigned int, short unsigned int)’:
src/enemies/../network/RakClientInterface.h:21:33: warning: unused parameter ‘host’ [-Wunused-parameter]
   21 |     void PingServer(const char* host, unsigned short remotePort, unsigned short sendPort) {}
      |                     ~~~~~~~~~~~~^~~~
src/enemies/../network/RakClientInterface.h:21:54: warning: unused parameter ‘remotePort’ [-Wunused-parameter]
   21 |     void PingServer(const char* host, unsigned short remotePort, unsigned short sendPort) {}
      |                                       ~~~~~~~~~~~~~~~^~~~~~~~~~
src/enemies/../network/RakClientInterface.h:21:81: warning: unused parameter ‘sendPort’ [-Wunused-parameter]
   21 |     void PingServer(const char* host, unsigned short remotePort, unsigned short sendPort) {}
      |                                                                  ~~~~~~~~~~~~~~~^~~~~~~~
src/enemies/../network/RakClientInterface.h: In member function ‘bool RakClientInterface::Send(const char*, int, unsigned char, char, char, PlayerID, bool)’:
src/enemies/../network/RakClientInterface.h:25:27: warning: unused parameter ‘data’ [-Wunused-parameter]
   25 |     bool Send(const char* data, int length, unsigned char priority, char reliability, char orderingChannel, PlayerID playerId, bool broadcast) { return true; }
      |               ~~~~~~~~~~~~^~~~
src/enemies/../network/RakClientInterface.h:25:37: warning: unused parameter ‘length’ [-Wunused-parameter]
   25 |     bool Send(const char* data, int length, unsigned char priority, char reliability, char orderingChannel, PlayerID playerId, bool broadcast) { return true; }
      |                                 ~~~~^~~~~~
src/enemies/../network/RakClientInterface.h:25:59: warning: unused parameter ‘priority’ [-Wunused-parameter]
   25 |     bool Send(const char* data, int length, unsigned char priority, char reliability, char orderingChannel, PlayerID playerId, bool broadcast) { return true; }
      |                                             ~~~~~~~~~~~~~~^~~~~~~~
src/enemies/../network/RakClientInterface.h:25:74: warning: unused parameter ‘reliability’ [-Wunused-parameter]
   25 |     bool Send(const char* data, int length, unsigned char priority, char reliability, char orderingChannel, PlayerID playerId, bool broadcast) { return true; }
      |                                                                     ~~~~~^~~~~~~~~~~
src/enemies/../network/RakClientInterface.h:25:92: warning: unused parameter ‘orderingChannel’ [-Wunused-parameter]
   25 |     bool Send(const char* data, int length, unsigned char priority, char reliability, char orderingChannel, PlayerID playerId, bool broadcast) { return true; }
      |                                                                                       ~~~~~^~~~~~~~~~~~~~~
src/enemies/../network/RakClientInterface.h:25:118: warning: unused parameter ‘playerId’ [-Wunused-parameter]
   25 |     bool Send(const char* data, int length, unsigned char priority, char reliability, char orderingChannel, PlayerID playerId, bool broadcast) { return true; }
      |                                                                                                             ~~~~~~~~~^~~~~~~~
src/enemies/../network/RakClientInterface.h:25:133: warning: unused parameter ‘broadcast’ [-Wunused-parameter]
   25 |     bool Send(const char* data, int length, unsigned char priority, char reliability, char orderingChannel, PlayerID playerId, bool broadcast) { return true; }
      |                                                                                                                                ~~~~~^~~~~~~~~
src/enemies/../network/RakClientInterface.h: In member function ‘bool RakClientInterface::Send(BitStream*, unsigned char, char, char)’:
src/enemies/../network/RakClientInterface.h:26:32: warning: unused parameter ‘bitStream’ [-Wunused-parameter]
   26 |     bool Send(class BitStream *bitStream, unsigned char priority, char reliability, char orderingChannel) { return true; }
      |               ~~~~~~~~~~~~~~~~~^~~~~~~~~
src/enemies/../network/RakClientInterface.h:26:57: warning: unused parameter ‘priority’ [-Wunused-parameter]
   26 |     bool Send(class BitStream *bitStream, unsigned char priority, char reliability, char orderingChannel) { return true; }
      |                                           ~~~~~~~~~~~~~~^~~~~~~~
src/enemies/../network/RakClientInterface.h:26:72: warning: unused parameter ‘reliability’ [-Wunused-parameter]
   26 |     bool Send(class BitStream *bitStream, unsigned char priority, char reliability, char orderingChannel) { return true; }
      |                                                                   ~~~~~^~~~~~~~~~~
src/enemies/../network/RakClientInterface.h:26:90: warning: unused parameter ‘orderingChannel’ [-Wunused-parameter]
   26 |     bool Send(class BitStream *bitStream, unsigned char priority, char reliability, char orderingChannel) { return true; }
      |                                                                                     ~~~~~^~~~~~~~~~~~~~~
src/enemies/../network/RakClientInterface.h: In member function ‘void RakClientInterface::PushBackPacket(Packet*, bool)’:
src/enemies/../network/RakClientInterface.h:27:33: warning: unused parameter ‘packet’ [-Wunused-parameter]
   27 |     void PushBackPacket(Packet* packet, bool pushAtHead) {}
      |                         ~~~~~~~~^~~~~~
src/enemies/../network/RakClientInterface.h:27:46: warning: unused parameter ‘pushAtHead’ [-Wunused-parameter]
   27 |     void PushBackPacket(Packet* packet, bool pushAtHead) {}
      |                                         ~~~~~^~~~~~~~~~
src/enemies/../network/RakClientInterface.h: In member function ‘void RakClientInterface::DeallocatePacket(Packet*)’:
src/enemies/../network/RakClientInterface.h:35:35: warning: unused parameter ‘packet’ [-Wunused-parameter]
   35 |     void DeallocatePacket(Packet *packet) {}
      |                           ~~~~~~~~^~~~~~
src/enemies/../network/RakClientInterface.h: In member function ‘const char* RakClientInterface::PlayerIDToDottedIP(PlayerID)’:
src/enemies/../network/RakClientInterface.h:36:45: warning: unused parameter ‘playerId’ [-Wunused-parameter]
   36 |     const char* PlayerIDToDottedIP(PlayerID playerId) { return "0.0.0.0"; }
      |                                    ~~~~~~~~~^~~~~~~~
In file included from src/enemies/../network/RakNetworkFactory.h:10:
src/enemies/../network/RakServerInterface.h: In member function ‘bool RakServerInterface::Start(int, int, int, int)’:
src/enemies/../network/RakServerInterface.h:19:20: warning: unused parameter ‘AllowedPlayers’ [-Wunused-parameter]
   19 |     bool Start(int AllowedPlayers, int connectionValidationInteger, int threadSleepTimer, int port) { return false; }
      |                ~~~~^~~~~~~~~~~~~~
src/enemies/../network/RakServerInterface.h:19:40: warning: unused parameter ‘connectionValidationInteger’ [-Wunused-parameter]
   19 |     bool Start(int AllowedPlayers, int connectionValidationInteger, int threadSleepTimer, int port) { return false; }
      |                                    ~~~~^~~~~~~~~~~~~~~~~~~~~~~~~~~
src/enemies/../network/RakServerInterface.h:19:73: warning: unused parameter ‘threadSleepTimer’ [-Wunused-parameter]
   19 |     bool Start(int AllowedPlayers, int connectionValidationInteger, int threadSleepTimer, int port) { return false; }
      |                                                                     ~~~~^~~~~~~~~~~~~~~~
src/enemies/../network/RakServerInterface.h:19:95: warning: unused parameter ‘port’ [-Wunused-parameter]
   19 |     bool Start(int AllowedPlayers, int connectionValidationInteger, int threadSleepTimer, int port) { return false; }
      |                                                                                           ~~~~^~~~
src/enemies/../network/RakServerInterface.h: In member function ‘void RakServerInterface::Disconnect(unsigned int, unsigned char)’:
src/enemies/../network/RakServerInterface.h:20:34: warning: unused parameter ‘blockDuration’ [-Wunused-parameter]
   20 |     void Disconnect(unsigned int blockDuration = 0, unsigned char orderingChannel = 0) {}
      |                     ~~~~~~~~~~~~~^~~~~~~~~~~~~~~~~
src/enemies/../network/RakServerInterface.h:20:67: warning: unused parameter ‘orderingChannel’ [-Wunused-parameter]
   20 |     void Disconnect(unsigned int blockDuration = 0, unsigned char orderingChannel = 0) {}
      |                                                     ~~~~~~~~~~~~~~^~~~~~~~~~~~~~~~~~~
src/enemies/../network/RakServerInterface.h: In member function ‘bool RakServerInterface::Send(const char*, int, unsigned char, char, char, PlayerID, bool)’:
src/enemies/../network/RakServerInterface.h:21:27: warning: unused parameter ‘data’ [-Wunused-parameter]
   21 |     bool Send(const char* data, int length, unsigned char priority, char reliability, char orderingChannel, PlayerID playerId, bool broadcast) { return true; }
      |               ~~~~~~~~~~~~^~~~
src/enemies/../network/RakServerInterface.h:21:37: warning: unused parameter ‘length’ [-Wunused-parameter]
   21 |     bool Send(const char* data, int length, unsigned char priority, char reliability, char orderingChannel, PlayerID playerId, bool broadcast) { return true; }
      |                                 ~~~~^~~~~~
src/enemies/../network/RakServerInterface.h:21:59: warning: unused parameter ‘priority’ [-Wunused-parameter]
   21 |     bool Send(const char* data, int length, unsigned char priority, char reliability, char orderingChannel, PlayerID playerId, bool broadcast) { return true; }
      |                                             ~~~~~~~~~~~~~~^~~~~~~~
src/enemies/../network/RakServerInterface.h:21:74: warning: unused parameter ‘reliability’ [-Wunused-parameter]
   21 |     bool Send(const char* data, int length, unsigned char priority, char reliability, char orderingChannel, PlayerID playerId, bool broadcast) { return true; }
      |                                                                     ~~~~~^~~~~~~~~~~
src/enemies/../network/RakServerInterface.h:21:92: warning: unused parameter ‘orderingChannel’ [-Wunused-parameter]
   21 |     bool Send(const char* data, int length, unsigned char priority, char reliability, char orderingChannel, PlayerID playerId, bool broadcast) { return true; }
      |                                                                                       ~~~~~^~~~~~~~~~~~~~~
src/enemies/../network/RakServerInterface.h:21:118: warning: unused parameter ‘playerId’ [-Wunused-parameter]
   21 |     bool Send(const char* data, int length, unsigned char priority, char reliability, char orderingChannel, PlayerID playerId, bool broadcast) { return true; }
      |                                                                                                             ~~~~~~~~~^~~~~~~~
src/enemies/../network/RakServerInterface.h:21:133: warning: unused parameter ‘broadcast’ [-Wunused-parameter]
   21 |     bool Send(const char* data, int length, unsigned char priority, char reliability, char orderingChannel, PlayerID playerId, bool broadcast) { return true; }
      |                                                                                                                                ~~~~~^~~~~~~~~
src/enemies/../network/RakServerInterface.h: In member function ‘bool RakServerInterface::Send(BitStream*, unsigned char, char, char, PlayerID, bool)’:
src/enemies/../network/RakServerInterface.h:22:32: warning: unused parameter ‘bitStream’ [-Wunused-parameter]
   22 |     bool Send(class BitStream *bitStream, unsigned char priority, char reliability, char orderingChannel, PlayerID playerId, bool broadcast) { return true; }
      |               ~~~~~~~~~~~~~~~~~^~~~~~~~~
src/enemies/../network/RakServerInterface.h:22:57: warning: unused parameter ‘priority’ [-Wunused-parameter]
   22 |     bool Send(class BitStream *bitStream, unsigned char priority, char reliability, char orderingChannel, PlayerID playerId, bool broadcast) { return true; }
      |                                           ~~~~~~~~~~~~~~^~~~~~~~
src/enemies/../network/RakServerInterface.h:22:72: warning: unused parameter ‘reliability’ [-Wunused-parameter]
   22 |     bool Send(class BitStream *bitStream, unsigned char priority, char reliability, char orderingChannel, PlayerID playerId, bool broadcast) { return true; }
      |                                                                   ~~~~~^~~~~~~~~~~
src/enemies/../network/RakServerInterface.h:22:90: warning: unused parameter ‘orderingChannel’ [-Wunused-parameter]
   22 |     bool Send(class BitStream *bitStream, unsigned char priority, char reliability, char orderingChannel, PlayerID playerId, bool broadcast) { return true; }
      |                                                                                     ~~~~~^~~~~~~~~~~~~~~
src/enemies/../network/RakServerInterface.h:22:116: warning: unused parameter ‘playerId’ [-Wunused-parameter]
   22 |     bool Send(class BitStream *bitStream, unsigned char priority, char reliability, char orderingChannel, PlayerID playerId, bool broadcast) { return true; }
      |                                                                                                           ~~~~~~~~~^~~~~~~~
src/enemies/../network/RakServerInterface.h:22:131: warning: unused parameter ‘broadcast’ [-Wunused-parameter]
   22 |     bool Send(class BitStream *bitStream, unsigned char priority, char reliability, char orderingChannel, PlayerID playerId, bool broadcast) { return true; }
      |                                                                                                                              ~~~~~^~~~~~~~~
src/enemies/../network/RakServerInterface.h: In member function ‘void RakServerInterface::PushBackPacket(Packet*, bool)’:
src/enemies/../network/RakServerInterface.h:23:33: warning: unused parameter ‘packet’ [-Wunused-parameter]
   23 |     void PushBackPacket(Packet* packet, bool pushAtHead) {}
      |                         ~~~~~~~~^~~~~~
src/enemies/../network/RakServerInterface.h:23:46: warning: unused parameter ‘pushAtHead’ [-Wunused-parameter]
   23 |     void PushBackPacket(Packet* packet, bool pushAtHead) {}
      |                                         ~~~~~^~~~~~~~~~
src/enemies/../network/RakServerInterface.h: In member function ‘void RakServerInterface::DeallocatePacket(Packet*)’:
src/enemies/../network/RakServerInterface.h:24:35: warning: unused parameter ‘packet’ [-Wunused-parameter]
   24 |     void DeallocatePacket(Packet* packet) {}
      |                           ~~~~~~~~^~~~~~
src/enemies/../network/RakServerInterface.h: In member function ‘int RakServerInterface::GetAveragePing(PlayerID)’:
src/enemies/../network/RakServerInterface.h:25:33: warning: unused parameter ‘playerId’ [-Wunused-parameter]
   25 |     int GetAveragePing(PlayerID playerId) { return 0; }
      |                        ~~~~~~~~~^~~~~~~~
src/enemies/../network/RakServerInterface.h: In member function ‘int RakServerInterface::GetLastPing(PlayerID)’:
src/enemies/../network/RakServerInterface.h:26:30: warning: unused parameter ‘playerId’ [-Wunused-parameter]
   26 |     int GetLastPing(PlayerID playerId) { return 0; }
      |                     ~~~~~~~~~^~~~~~~~
src/enemies/../network/RakServerInterface.h: In member function ‘int RakServerInterface::GetLowestPing(PlayerID)’:
src/enemies/../network/RakServerInterface.h:27:32: warning: unused parameter ‘playerId’ [-Wunused-parameter]
   27 |     int GetLowestPing(PlayerID playerId) { return 0; }
      |                       ~~~~~~~~~^~~~~~~~
src/enemies/../network/RakServerInterface.h: In member function ‘void RakServerInterface::Kick(PlayerID)’:
src/enemies/../network/RakServerInterface.h:28:24: warning: unused parameter ‘playerId’ [-Wunused-parameter]
   28 |     void Kick(PlayerID playerId) {}
      |               ~~~~~~~~~^~~~~~~~
src/enemies/../network/RakServerInterface.h: In member function ‘void RakServerInterface::SetAllowedPlayers(int)’:
src/enemies/../network/RakServerInterface.h:31:32: warning: unused parameter ‘maxPlayers’ [-Wunused-parameter]
   31 |     void SetAllowedPlayers(int maxPlayers) {}
      |                            ~~~~^~~~~~~~~~
src/enemies/../network/RakServerInterface.h: In member function ‘void* RakServerInterface::GetStatistics(PlayerID)’:
src/enemies/../network/RakServerInterface.h:35:34: warning: unused parameter ‘playerId’ [-Wunused-parameter]
   35 |     void* GetStatistics(PlayerID playerId) { return 0; }
      |                         ~~~~~~~~~^~~~~~~~
src/enemies/../network/RakNetworkFactory.h: In static member function ‘static void RakNetworkFactory::DestroyRakNetwork(void*)’:
src/enemies/../network/RakNetworkFactory.h:15:41: warning: unused parameter ‘network’ [-Wunused-parameter]
   15 |     static void DestroyRakNetwork(void* network) {}
      |                                   ~~~~~~^~~~~~~
src/enemies/epulse.cpp: In constructor ‘enemyPulseTower::enemyPulseTower(int, int, float, float, float, float, float, float)’:
src/enemies/epulse.cpp:24:115: warning: unused parameter ‘user5’ [-Wunused-parameter]
   24 | enemyPulseTower::enemyPulseTower(int px, int py, float pfreq, float pradius, float pspeed, float pstrength, float user5, float user6)
      |                                                                                                             ~~~~~~^~~~~
src/enemies/epulse.cpp:24:128: warning: unused parameter ‘user6’ [-Wunused-parameter]
   24 | enemyPulseTower::enemyPulseTower(int px, int py, float pfreq, float pradius, float pspeed, float pstrength, float user5, float user6)
      |                                                                                                                          ~~~~~~^~~~~
src/enemies/../network/RakServerInterface.h: At global scope:
src/enemies/../network/RakServerInterface.h:49:17: warning: ‘UNASSIGNED_PLAYER_ID’ defined but not used [-Wunused-variable]
   49 | static PlayerID UNASSIGNED_PLAYER_ID = {0, 0};
      |                 ^~~~~~~~~~~~~~~~~~~~
Compiling src/enemies/erelash.cpp...
g++ -O2 -Wall -Wextra -std=c++11 -fpermissive -DDIRECT_ASSET_LOADING  -I/usr/include/lua5.4 -I./src -c src/enemies/erelash.cpp -o obj/enemies/erelash.o
In file included from src/enemies/../gsscript.h:16,
                 from src/enemies/../gsenemy.h:19,
                 from src/enemies/erelash.h:17,
                 from src/enemies/erelash.cpp:12:
src/enemies/../luaclass.h: In member function ‘void Lua::open(int)’:
src/enemies/../luaclass.h:20:23: warning: unused parameter ‘stacksize’ [-Wunused-parameter]
   20 |         void open(int stacksize = 0)
      |                   ~~~~^~~~~~~~~~~~~
src/enemies/../luaclass.h: In member function ‘void Lua::setgcthreshold(int)’:
src/enemies/../luaclass.h:136:33: warning: unused parameter ‘newthreshold’ [-Wunused-parameter]
  136 |         void setgcthreshold(int newthreshold)
      |                             ~~~~^~~~~~~~~~~~
src/enemies/../gsscript.h: At global scope:
src/enemies/../gsscript.h:43:43: warning: ISO C++ forbids converting a string constant to ‘char*’ [-Wwrite-strings]
   43 |     void  read_level_files(int=0, char *n="");
      |                                           ^~
src/enemies/erelash.cpp: In constructor ‘enemyShipRelash::enemyShipRelash(int, int, float, float, float, float, float, float)’:
src/enemies/erelash.cpp:24:115: warning: unused parameter ‘targplayer’ [-Wunused-parameter]
   24 | enemyShipRelash::enemyShipRelash(int px, int py, float pfreq, float pradius, float pspeed, float pstrength, float targplayer, float user6)
      |                                                                                                             ~~~~~~^~~~~~~~~~
src/enemies/erelash.cpp:24:133: warning: unused parameter ‘user6’ [-Wunused-parameter]
   24 | enemyShipRelash::enemyShipRelash(int px, int py, float pfreq, float pradius, float pspeed, float pstrength, float targplayer, float user6)
      |                                                                                                                               ~~~~~~^~~~~
Compiling src/enemies/estower.cpp...
g++ -O2 -Wall -Wextra -std=c++11 -fpermissive -DDIRECT_ASSET_LOADING  -I/usr/include/lua5.4 -I./src -c src/enemies/estower.cpp -o obj/enemies/estower.o
In file included from src/enemies/../gsnetw.h:18,
                 from src/enemies/estower.cpp:21:
src/enemies/../gsnetsrv.h:67:7: warning: extra tokens at end of #endif directive [-Wendif-labels]
   67 | #endif;
      |       ^
In file included from src/enemies/../gsscript.h:16,
                 from src/enemies/../gsenemy.h:19,
                 from src/enemies/estower.h:17,
                 from src/enemies/estower.cpp:12:
src/enemies/../luaclass.h: In member function ‘void Lua::open(int)’:
src/enemies/../luaclass.h:20:23: warning: unused parameter ‘stacksize’ [-Wunused-parameter]
   20 |         void open(int stacksize = 0)
      |                   ~~~~^~~~~~~~~~~~~
src/enemies/../luaclass.h: In member function ‘void Lua::setgcthreshold(int)’:
src/enemies/../luaclass.h:136:33: warning: unused parameter ‘newthreshold’ [-Wunused-parameter]
  136 |         void setgcthreshold(int newthreshold)
      |                             ~~~~^~~~~~~~~~~~
src/enemies/../gsscript.h: At global scope:
src/enemies/../gsscript.h:43:43: warning: ISO C++ forbids converting a string constant to ‘char*’ [-Wwrite-strings]
   43 |     void  read_level_files(int=0, char *n="");
      |                                           ^~
In file included from src/enemies/../gsnetcli.h:16,
                 from src/enemies/../gsnetw.h:17:
src/enemies/../network/BitStream.h: In constructor ‘BitStream::BitStream(char*, unsigned int, bool)’:
src/enemies/../network/BitStream.h:22:61: warning: unused parameter ‘_copyData’ [-Wunused-parameter]
   22 |     BitStream(char* _data, unsigned int lengthInBytes, bool _copyData) : data(_data), numberOfBitsAllocated(lengthInBytes * 8), numberOfBitsUsed(lengthInBytes * 8), readOffset(0), maxLength(lengthInBytes) {}
      |                                                        ~~~~~^~~~~~~~~
src/enemies/../network/BitStream.h: In member function ‘void BitStream::Write(int)’:
src/enemies/../network/BitStream.h:25:20: warning: unused parameter ‘data’ [-Wunused-parameter]
   25 |     void Write(int data) {}
      |                ~~~~^~~~
src/enemies/../network/BitStream.h: In member function ‘void BitStream::Write(unsigned char)’:
src/enemies/../network/BitStream.h:26:30: warning: unused parameter ‘data’ [-Wunused-parameter]
   26 |     void Write(unsigned char data) {}
      |                ~~~~~~~~~~~~~~^~~~
src/enemies/../network/BitStream.h: In member function ‘void BitStream::Write(char)’:
src/enemies/../network/BitStream.h:27:21: warning: unused parameter ‘data’ [-Wunused-parameter]
   27 |     void Write(char data) {}
      |                ~~~~~^~~~
src/enemies/../network/BitStream.h: In member function ‘void BitStream::Write(char*, unsigned int)’:
src/enemies/../network/BitStream.h:28:22: warning: unused parameter ‘data’ [-Wunused-parameter]
   28 |     void Write(char* data, const unsigned int length) {}
      |                ~~~~~~^~~~
src/enemies/../network/BitStream.h:28:47: warning: unused parameter ‘length’ [-Wunused-parameter]
   28 |     void Write(char* data, const unsigned int length) {}
      |                            ~~~~~~~~~~~~~~~~~~~^~~~~~
src/enemies/../network/BitStream.h: In member function ‘void BitStream::Write(long unsigned int)’:
src/enemies/../network/BitStream.h:29:30: warning: unused parameter ‘data’ [-Wunused-parameter]
   29 |     void Write(unsigned long data) {}
      |                ~~~~~~~~~~~~~~^~~~
src/enemies/../network/BitStream.h: In member function ‘void BitStream::Write(float)’:
src/enemies/../network/BitStream.h:30:22: warning: unused parameter ‘data’ [-Wunused-parameter]
   30 |     void Write(float data) {}
      |                ~~~~~~^~~~
src/enemies/../network/BitStream.h: In member function ‘void BitStream::Write(bool)’:
src/enemies/../network/BitStream.h:31:21: warning: unused parameter ‘data’ [-Wunused-parameter]
   31 |     void Write(bool data) {}
      |                ~~~~~^~~~
src/enemies/../network/BitStream.h: In member function ‘void BitStream::Read(char*&, unsigned int)’:
src/enemies/../network/BitStream.h:42:22: warning: unused parameter ‘data’ [-Wunused-parameter]
   42 |     void Read(char* &data, const unsigned int length) {}
      |               ~~~~~~~^~~~
src/enemies/../network/BitStream.h:42:47: warning: unused parameter ‘length’ [-Wunused-parameter]
   42 |     void Read(char* &data, const unsigned int length) {}
      |                            ~~~~~~~~~~~~~~~~~~~^~~~~~
src/enemies/../network/BitStream.h: In member function ‘void BitStream::Read(const char*&, unsigned int)’:
src/enemies/../network/BitStream.h:43:28: warning: unused parameter ‘data’ [-Wunused-parameter]
   43 |     void Read(const char* &data, const unsigned int length) {}
      |               ~~~~~~~~~~~~~^~~~
src/enemies/../network/BitStream.h:43:53: warning: unused parameter ‘length’ [-Wunused-parameter]
   43 |     void Read(const char* &data, const unsigned int length) {}
      |                                  ~~~~~~~~~~~~~~~~~~~^~~~~~
src/enemies/../network/BitStream.h: In member function ‘void BitStream::Read(void*, unsigned int)’:
src/enemies/../network/BitStream.h:44:21: warning: unused parameter ‘data’ [-Wunused-parameter]
   44 |     void Read(void* data, const unsigned int length) {}
      |               ~~~~~~^~~~
src/enemies/../network/BitStream.h:44:46: warning: unused parameter ‘length’ [-Wunused-parameter]
   44 |     void Read(void* data, const unsigned int length) {}
      |                           ~~~~~~~~~~~~~~~~~~~^~~~~~
src/enemies/../network/BitStream.h: In member function ‘void BitStream::SetWriteOffset(unsigned int)’:
src/enemies/../network/BitStream.h:47:38: warning: unused parameter ‘offset’ [-Wunused-parameter]
   47 |     void SetWriteOffset(unsigned int offset) {}
      |                         ~~~~~~~~~~~~~^~~~~~
In file included from src/enemies/../network/RakNetworkFactory.h:9,
                 from src/enemies/../gsnetcli.h:17:
src/enemies/../network/RakClientInterface.h: In member function ‘bool RakClientInterface::Connect(const char*, short unsigned int, const char*, short unsigned int)’:
src/enemies/../network/RakClientInterface.h:17:30: warning: unused parameter ‘serverIP’ [-Wunused-parameter]
   17 |     bool Connect(const char* serverIP, unsigned short serverPort, const char* clientIP, unsigned short clientPort) { return false; }
      |                  ~~~~~~~~~~~~^~~~~~~~
src/enemies/../network/RakClientInterface.h:17:55: warning: unused parameter ‘serverPort’ [-Wunused-parameter]
   17 |     bool Connect(const char* serverIP, unsigned short serverPort, const char* clientIP, unsigned short clientPort) { return false; }
      |                                        ~~~~~~~~~~~~~~~^~~~~~~~~~
src/enemies/../network/RakClientInterface.h:17:79: warning: unused parameter ‘clientIP’ [-Wunused-parameter]
   17 |     bool Connect(const char* serverIP, unsigned short serverPort, const char* clientIP, unsigned short clientPort) { return false; }
      |                                                                   ~~~~~~~~~~~~^~~~~~~~
src/enemies/../network/RakClientInterface.h:17:104: warning: unused parameter ‘clientPort’ [-Wunused-parameter]
   17 |     bool Connect(const char* serverIP, unsigned short serverPort, const char* clientIP, unsigned short clientPort) { return false; }
      |                                                                                         ~~~~~~~~~~~~~~~^~~~~~~~~~
src/enemies/../network/RakClientInterface.h: In member function ‘bool RakClientInterface::Connect(const char*, short unsigned int, short unsigned int, unsigned int, int)’:
src/enemies/../network/RakClientInterface.h:18:30: warning: unused parameter ‘host’ [-Wunused-parameter]
   18 |     bool Connect(const char* host, unsigned short serverPort, unsigned short clientPort, unsigned int connectionValidationInteger, int timeoutMS) { return false; }
      |                  ~~~~~~~~~~~~^~~~
src/enemies/../network/RakClientInterface.h:18:51: warning: unused parameter ‘serverPort’ [-Wunused-parameter]
   18 |     bool Connect(const char* host, unsigned short serverPort, unsigned short clientPort, unsigned int connectionValidationInteger, int timeoutMS) { return false; }
      |                                    ~~~~~~~~~~~~~~~^~~~~~~~~~
src/enemies/../network/RakClientInterface.h:18:78: warning: unused parameter ‘clientPort’ [-Wunused-parameter]
   18 |     bool Connect(const char* host, unsigned short serverPort, unsigned short clientPort, unsigned int connectionValidationInteger, int timeoutMS) { return false; }
      |                                                               ~~~~~~~~~~~~~~~^~~~~~~~~~
src/enemies/../network/RakClientInterface.h:18:103: warning: unused parameter ‘connectionValidationInteger’ [-Wunused-parameter]
   18 |     bool Connect(const char* host, unsigned short serverPort, unsigned short clientPort, unsigned int connectionValidationInteger, int timeoutMS) { return false; }
      |                                                                                          ~~~~~~~~~~~~~^~~~~~~~~~~~~~~~~~~~~~~~~~~
src/enemies/../network/RakClientInterface.h:18:136: warning: unused parameter ‘timeoutMS’ [-Wunused-parameter]
   18 |     bool Connect(const char* host, unsigned short serverPort, unsigned short clientPort, unsigned int connectionValidationInteger, int timeoutMS) { return false; }
      |                                                                                                                                    ~~~~^~~~~~~~~
src/enemies/../network/RakClientInterface.h: In member function ‘void RakClientInterface::Disconnect(unsigned int, unsigned char)’:
src/enemies/../network/RakClientInterface.h:19:34: warning: unused parameter ‘blockDuration’ [-Wunused-parameter]
   19 |     void Disconnect(unsigned int blockDuration = 0, unsigned char orderingChannel = 0) {}
      |                     ~~~~~~~~~~~~~^~~~~~~~~~~~~~~~~
src/enemies/../network/RakClientInterface.h:19:67: warning: unused parameter ‘orderingChannel’ [-Wunused-parameter]
   19 |     void Disconnect(unsigned int blockDuration = 0, unsigned char orderingChannel = 0) {}
      |                                                     ~~~~~~~~~~~~~~^~~~~~~~~~~~~~~~~~~
src/enemies/../network/RakClientInterface.h: In member function ‘void RakClientInterface::PingServer(const char*, short unsigned int, short unsigned int)’:
src/enemies/../network/RakClientInterface.h:21:33: warning: unused parameter ‘host’ [-Wunused-parameter]
   21 |     void PingServer(const char* host, unsigned short remotePort, unsigned short sendPort) {}
      |                     ~~~~~~~~~~~~^~~~
src/enemies/../network/RakClientInterface.h:21:54: warning: unused parameter ‘remotePort’ [-Wunused-parameter]
   21 |     void PingServer(const char* host, unsigned short remotePort, unsigned short sendPort) {}
      |                                       ~~~~~~~~~~~~~~~^~~~~~~~~~
src/enemies/../network/RakClientInterface.h:21:81: warning: unused parameter ‘sendPort’ [-Wunused-parameter]
   21 |     void PingServer(const char* host, unsigned short remotePort, unsigned short sendPort) {}
      |                                                                  ~~~~~~~~~~~~~~~^~~~~~~~
src/enemies/../network/RakClientInterface.h: In member function ‘bool RakClientInterface::Send(const char*, int, unsigned char, char, char, PlayerID, bool)’:
src/enemies/../network/RakClientInterface.h:25:27: warning: unused parameter ‘data’ [-Wunused-parameter]
   25 |     bool Send(const char* data, int length, unsigned char priority, char reliability, char orderingChannel, PlayerID playerId, bool broadcast) { return true; }
      |               ~~~~~~~~~~~~^~~~
src/enemies/../network/RakClientInterface.h:25:37: warning: unused parameter ‘length’ [-Wunused-parameter]
   25 |     bool Send(const char* data, int length, unsigned char priority, char reliability, char orderingChannel, PlayerID playerId, bool broadcast) { return true; }
      |                                 ~~~~^~~~~~
src/enemies/../network/RakClientInterface.h:25:59: warning: unused parameter ‘priority’ [-Wunused-parameter]
   25 |     bool Send(const char* data, int length, unsigned char priority, char reliability, char orderingChannel, PlayerID playerId, bool broadcast) { return true; }
      |                                             ~~~~~~~~~~~~~~^~~~~~~~
src/enemies/../network/RakClientInterface.h:25:74: warning: unused parameter ‘reliability’ [-Wunused-parameter]
   25 |     bool Send(const char* data, int length, unsigned char priority, char reliability, char orderingChannel, PlayerID playerId, bool broadcast) { return true; }
      |                                                                     ~~~~~^~~~~~~~~~~
src/enemies/../network/RakClientInterface.h:25:92: warning: unused parameter ‘orderingChannel’ [-Wunused-parameter]
   25 |     bool Send(const char* data, int length, unsigned char priority, char reliability, char orderingChannel, PlayerID playerId, bool broadcast) { return true; }
      |                                                                                       ~~~~~^~~~~~~~~~~~~~~
src/enemies/../network/RakClientInterface.h:25:118: warning: unused parameter ‘playerId’ [-Wunused-parameter]
   25 |     bool Send(const char* data, int length, unsigned char priority, char reliability, char orderingChannel, PlayerID playerId, bool broadcast) { return true; }
      |                                                                                                             ~~~~~~~~~^~~~~~~~
src/enemies/../network/RakClientInterface.h:25:133: warning: unused parameter ‘broadcast’ [-Wunused-parameter]
   25 |     bool Send(const char* data, int length, unsigned char priority, char reliability, char orderingChannel, PlayerID playerId, bool broadcast) { return true; }
      |                                                                                                                                ~~~~~^~~~~~~~~
src/enemies/../network/RakClientInterface.h: In member function ‘bool RakClientInterface::Send(BitStream*, unsigned char, char, char)’:
src/enemies/../network/RakClientInterface.h:26:32: warning: unused parameter ‘bitStream’ [-Wunused-parameter]
   26 |     bool Send(class BitStream *bitStream, unsigned char priority, char reliability, char orderingChannel) { return true; }
      |               ~~~~~~~~~~~~~~~~~^~~~~~~~~
src/enemies/../network/RakClientInterface.h:26:57: warning: unused parameter ‘priority’ [-Wunused-parameter]
   26 |     bool Send(class BitStream *bitStream, unsigned char priority, char reliability, char orderingChannel) { return true; }
      |                                           ~~~~~~~~~~~~~~^~~~~~~~
src/enemies/../network/RakClientInterface.h:26:72: warning: unused parameter ‘reliability’ [-Wunused-parameter]
   26 |     bool Send(class BitStream *bitStream, unsigned char priority, char reliability, char orderingChannel) { return true; }
      |                                                                   ~~~~~^~~~~~~~~~~
src/enemies/../network/RakClientInterface.h:26:90: warning: unused parameter ‘orderingChannel’ [-Wunused-parameter]
   26 |     bool Send(class BitStream *bitStream, unsigned char priority, char reliability, char orderingChannel) { return true; }
      |                                                                                     ~~~~~^~~~~~~~~~~~~~~
src/enemies/../network/RakClientInterface.h: In member function ‘void RakClientInterface::PushBackPacket(Packet*, bool)’:
src/enemies/../network/RakClientInterface.h:27:33: warning: unused parameter ‘packet’ [-Wunused-parameter]
   27 |     void PushBackPacket(Packet* packet, bool pushAtHead) {}
      |                         ~~~~~~~~^~~~~~
src/enemies/../network/RakClientInterface.h:27:46: warning: unused parameter ‘pushAtHead’ [-Wunused-parameter]
   27 |     void PushBackPacket(Packet* packet, bool pushAtHead) {}
      |                                         ~~~~~^~~~~~~~~~
src/enemies/../network/RakClientInterface.h: In member function ‘void RakClientInterface::DeallocatePacket(Packet*)’:
src/enemies/../network/RakClientInterface.h:35:35: warning: unused parameter ‘packet’ [-Wunused-parameter]
   35 |     void DeallocatePacket(Packet *packet) {}
      |                           ~~~~~~~~^~~~~~
src/enemies/../network/RakClientInterface.h: In member function ‘const char* RakClientInterface::PlayerIDToDottedIP(PlayerID)’:
src/enemies/../network/RakClientInterface.h:36:45: warning: unused parameter ‘playerId’ [-Wunused-parameter]
   36 |     const char* PlayerIDToDottedIP(PlayerID playerId) { return "0.0.0.0"; }
      |                                    ~~~~~~~~~^~~~~~~~
In file included from src/enemies/../network/RakNetworkFactory.h:10:
src/enemies/../network/RakServerInterface.h: In member function ‘bool RakServerInterface::Start(int, int, int, int)’:
src/enemies/../network/RakServerInterface.h:19:20: warning: unused parameter ‘AllowedPlayers’ [-Wunused-parameter]
   19 |     bool Start(int AllowedPlayers, int connectionValidationInteger, int threadSleepTimer, int port) { return false; }
      |                ~~~~^~~~~~~~~~~~~~
src/enemies/../network/RakServerInterface.h:19:40: warning: unused parameter ‘connectionValidationInteger’ [-Wunused-parameter]
   19 |     bool Start(int AllowedPlayers, int connectionValidationInteger, int threadSleepTimer, int port) { return false; }
      |                                    ~~~~^~~~~~~~~~~~~~~~~~~~~~~~~~~
src/enemies/../network/RakServerInterface.h:19:73: warning: unused parameter ‘threadSleepTimer’ [-Wunused-parameter]
   19 |     bool Start(int AllowedPlayers, int connectionValidationInteger, int threadSleepTimer, int port) { return false; }
      |                                                                     ~~~~^~~~~~~~~~~~~~~~
src/enemies/../network/RakServerInterface.h:19:95: warning: unused parameter ‘port’ [-Wunused-parameter]
   19 |     bool Start(int AllowedPlayers, int connectionValidationInteger, int threadSleepTimer, int port) { return false; }
      |                                                                                           ~~~~^~~~
src/enemies/../network/RakServerInterface.h: In member function ‘void RakServerInterface::Disconnect(unsigned int, unsigned char)’:
src/enemies/../network/RakServerInterface.h:20:34: warning: unused parameter ‘blockDuration’ [-Wunused-parameter]
   20 |     void Disconnect(unsigned int blockDuration = 0, unsigned char orderingChannel = 0) {}
      |                     ~~~~~~~~~~~~~^~~~~~~~~~~~~~~~~
src/enemies/../network/RakServerInterface.h:20:67: warning: unused parameter ‘orderingChannel’ [-Wunused-parameter]
   20 |     void Disconnect(unsigned int blockDuration = 0, unsigned char orderingChannel = 0) {}
      |                                                     ~~~~~~~~~~~~~~^~~~~~~~~~~~~~~~~~~
src/enemies/../network/RakServerInterface.h: In member function ‘bool RakServerInterface::Send(const char*, int, unsigned char, char, char, PlayerID, bool)’:
src/enemies/../network/RakServerInterface.h:21:27: warning: unused parameter ‘data’ [-Wunused-parameter]
   21 |     bool Send(const char* data, int length, unsigned char priority, char reliability, char orderingChannel, PlayerID playerId, bool broadcast) { return true; }
      |               ~~~~~~~~~~~~^~~~
src/enemies/../network/RakServerInterface.h:21:37: warning: unused parameter ‘length’ [-Wunused-parameter]
   21 |     bool Send(const char* data, int length, unsigned char priority, char reliability, char orderingChannel, PlayerID playerId, bool broadcast) { return true; }
      |                                 ~~~~^~~~~~
src/enemies/../network/RakServerInterface.h:21:59: warning: unused parameter ‘priority’ [-Wunused-parameter]
   21 |     bool Send(const char* data, int length, unsigned char priority, char reliability, char orderingChannel, PlayerID playerId, bool broadcast) { return true; }
      |                                             ~~~~~~~~~~~~~~^~~~~~~~
src/enemies/../network/RakServerInterface.h:21:74: warning: unused parameter ‘reliability’ [-Wunused-parameter]
   21 |     bool Send(const char* data, int length, unsigned char priority, char reliability, char orderingChannel, PlayerID playerId, bool broadcast) { return true; }
      |                                                                     ~~~~~^~~~~~~~~~~
src/enemies/../network/RakServerInterface.h:21:92: warning: unused parameter ‘orderingChannel’ [-Wunused-parameter]
   21 |     bool Send(const char* data, int length, unsigned char priority, char reliability, char orderingChannel, PlayerID playerId, bool broadcast) { return true; }
      |                                                                                       ~~~~~^~~~~~~~~~~~~~~
src/enemies/../network/RakServerInterface.h:21:118: warning: unused parameter ‘playerId’ [-Wunused-parameter]
   21 |     bool Send(const char* data, int length, unsigned char priority, char reliability, char orderingChannel, PlayerID playerId, bool broadcast) { return true; }
      |                                                                                                             ~~~~~~~~~^~~~~~~~
src/enemies/../network/RakServerInterface.h:21:133: warning: unused parameter ‘broadcast’ [-Wunused-parameter]
   21 |     bool Send(const char* data, int length, unsigned char priority, char reliability, char orderingChannel, PlayerID playerId, bool broadcast) { return true; }
      |                                                                                                                                ~~~~~^~~~~~~~~
src/enemies/../network/RakServerInterface.h: In member function ‘bool RakServerInterface::Send(BitStream*, unsigned char, char, char, PlayerID, bool)’:
src/enemies/../network/RakServerInterface.h:22:32: warning: unused parameter ‘bitStream’ [-Wunused-parameter]
   22 |     bool Send(class BitStream *bitStream, unsigned char priority, char reliability, char orderingChannel, PlayerID playerId, bool broadcast) { return true; }
      |               ~~~~~~~~~~~~~~~~~^~~~~~~~~
src/enemies/../network/RakServerInterface.h:22:57: warning: unused parameter ‘priority’ [-Wunused-parameter]
   22 |     bool Send(class BitStream *bitStream, unsigned char priority, char reliability, char orderingChannel, PlayerID playerId, bool broadcast) { return true; }
      |                                           ~~~~~~~~~~~~~~^~~~~~~~
src/enemies/../network/RakServerInterface.h:22:72: warning: unused parameter ‘reliability’ [-Wunused-parameter]
   22 |     bool Send(class BitStream *bitStream, unsigned char priority, char reliability, char orderingChannel, PlayerID playerId, bool broadcast) { return true; }
      |                                                                   ~~~~~^~~~~~~~~~~
src/enemies/../network/RakServerInterface.h:22:90: warning: unused parameter ‘orderingChannel’ [-Wunused-parameter]
   22 |     bool Send(class BitStream *bitStream, unsigned char priority, char reliability, char orderingChannel, PlayerID playerId, bool broadcast) { return true; }
      |                                                                                     ~~~~~^~~~~~~~~~~~~~~
src/enemies/../network/RakServerInterface.h:22:116: warning: unused parameter ‘playerId’ [-Wunused-parameter]
   22 |     bool Send(class BitStream *bitStream, unsigned char priority, char reliability, char orderingChannel, PlayerID playerId, bool broadcast) { return true; }
      |                                                                                                           ~~~~~~~~~^~~~~~~~
src/enemies/../network/RakServerInterface.h:22:131: warning: unused parameter ‘broadcast’ [-Wunused-parameter]
   22 |     bool Send(class BitStream *bitStream, unsigned char priority, char reliability, char orderingChannel, PlayerID playerId, bool broadcast) { return true; }
      |                                                                                                                              ~~~~~^~~~~~~~~
src/enemies/../network/RakServerInterface.h: In member function ‘void RakServerInterface::PushBackPacket(Packet*, bool)’:
src/enemies/../network/RakServerInterface.h:23:33: warning: unused parameter ‘packet’ [-Wunused-parameter]
   23 |     void PushBackPacket(Packet* packet, bool pushAtHead) {}
      |                         ~~~~~~~~^~~~~~
src/enemies/../network/RakServerInterface.h:23:46: warning: unused parameter ‘pushAtHead’ [-Wunused-parameter]
   23 |     void PushBackPacket(Packet* packet, bool pushAtHead) {}
      |                                         ~~~~~^~~~~~~~~~
src/enemies/../network/RakServerInterface.h: In member function ‘void RakServerInterface::DeallocatePacket(Packet*)’:
src/enemies/../network/RakServerInterface.h:24:35: warning: unused parameter ‘packet’ [-Wunused-parameter]
   24 |     void DeallocatePacket(Packet* packet) {}
      |                           ~~~~~~~~^~~~~~
src/enemies/../network/RakServerInterface.h: In member function ‘int RakServerInterface::GetAveragePing(PlayerID)’:
src/enemies/../network/RakServerInterface.h:25:33: warning: unused parameter ‘playerId’ [-Wunused-parameter]
   25 |     int GetAveragePing(PlayerID playerId) { return 0; }
      |                        ~~~~~~~~~^~~~~~~~
src/enemies/../network/RakServerInterface.h: In member function ‘int RakServerInterface::GetLastPing(PlayerID)’:
src/enemies/../network/RakServerInterface.h:26:30: warning: unused parameter ‘playerId’ [-Wunused-parameter]
   26 |     int GetLastPing(PlayerID playerId) { return 0; }
      |                     ~~~~~~~~~^~~~~~~~
src/enemies/../network/RakServerInterface.h: In member function ‘int RakServerInterface::GetLowestPing(PlayerID)’:
src/enemies/../network/RakServerInterface.h:27:32: warning: unused parameter ‘playerId’ [-Wunused-parameter]
   27 |     int GetLowestPing(PlayerID playerId) { return 0; }
      |                       ~~~~~~~~~^~~~~~~~
src/enemies/../network/RakServerInterface.h: In member function ‘void RakServerInterface::Kick(PlayerID)’:
src/enemies/../network/RakServerInterface.h:28:24: warning: unused parameter ‘playerId’ [-Wunused-parameter]
   28 |     void Kick(PlayerID playerId) {}
      |               ~~~~~~~~~^~~~~~~~
src/enemies/../network/RakServerInterface.h: In member function ‘void RakServerInterface::SetAllowedPlayers(int)’:
src/enemies/../network/RakServerInterface.h:31:32: warning: unused parameter ‘maxPlayers’ [-Wunused-parameter]
   31 |     void SetAllowedPlayers(int maxPlayers) {}
      |                            ~~~~^~~~~~~~~~
src/enemies/../network/RakServerInterface.h: In member function ‘void* RakServerInterface::GetStatistics(PlayerID)’:
src/enemies/../network/RakServerInterface.h:35:34: warning: unused parameter ‘playerId’ [-Wunused-parameter]
   35 |     void* GetStatistics(PlayerID playerId) { return 0; }
      |                         ~~~~~~~~~^~~~~~~~
src/enemies/../network/RakNetworkFactory.h: In static member function ‘static void RakNetworkFactory::DestroyRakNetwork(void*)’:
src/enemies/../network/RakNetworkFactory.h:15:41: warning: unused parameter ‘network’ [-Wunused-parameter]
   15 |     static void DestroyRakNetwork(void* network) {}
      |                                   ~~~~~~^~~~~~~
src/enemies/../network/RakServerInterface.h: At global scope:
src/enemies/../network/RakServerInterface.h:49:17: warning: ‘UNASSIGNED_PLAYER_ID’ defined but not used [-Wunused-variable]
   49 | static PlayerID UNASSIGNED_PLAYER_ID = {0, 0};
      |                 ^~~~~~~~~~~~~~~~~~~~
Compiling src/enemies/etank1.cpp...
g++ -O2 -Wall -Wextra -std=c++11 -fpermissive -DDIRECT_ASSET_LOADING  -I/usr/include/lua5.4 -I./src -c src/enemies/etank1.cpp -o obj/enemies/etank1.o
In file included from src/enemies/../gsnetw.h:18,
                 from src/enemies/etank1.cpp:23:
src/enemies/../gsnetsrv.h:67:7: warning: extra tokens at end of #endif directive [-Wendif-labels]
   67 | #endif;
      |       ^
In file included from src/enemies/../gsscript.h:16,
                 from src/enemies/../gsenemy.h:19,
                 from src/enemies/etank1.h:17,
                 from src/enemies/etank1.cpp:12:
src/enemies/../luaclass.h: In member function ‘void Lua::open(int)’:
src/enemies/../luaclass.h:20:23: warning: unused parameter ‘stacksize’ [-Wunused-parameter]
   20 |         void open(int stacksize = 0)
      |                   ~~~~^~~~~~~~~~~~~
src/enemies/../luaclass.h: In member function ‘void Lua::setgcthreshold(int)’:
src/enemies/../luaclass.h:136:33: warning: unused parameter ‘newthreshold’ [-Wunused-parameter]
  136 |         void setgcthreshold(int newthreshold)
      |                             ~~~~^~~~~~~~~~~~
src/enemies/../gsscript.h: At global scope:
src/enemies/../gsscript.h:43:43: warning: ISO C++ forbids converting a string constant to ‘char*’ [-Wwrite-strings]
   43 |     void  read_level_files(int=0, char *n="");
      |                                           ^~
In file included from src/enemies/../gsnetcli.h:16,
                 from src/enemies/../gsnetw.h:17:
src/enemies/../network/BitStream.h: In constructor ‘BitStream::BitStream(char*, unsigned int, bool)’:
src/enemies/../network/BitStream.h:22:61: warning: unused parameter ‘_copyData’ [-Wunused-parameter]
   22 |     BitStream(char* _data, unsigned int lengthInBytes, bool _copyData) : data(_data), numberOfBitsAllocated(lengthInBytes * 8), numberOfBitsUsed(lengthInBytes * 8), readOffset(0), maxLength(lengthInBytes) {}
      |                                                        ~~~~~^~~~~~~~~
src/enemies/../network/BitStream.h: In member function ‘void BitStream::Write(int)’:
src/enemies/../network/BitStream.h:25:20: warning: unused parameter ‘data’ [-Wunused-parameter]
   25 |     void Write(int data) {}
      |                ~~~~^~~~
src/enemies/../network/BitStream.h: In member function ‘void BitStream::Write(unsigned char)’:
src/enemies/../network/BitStream.h:26:30: warning: unused parameter ‘data’ [-Wunused-parameter]
   26 |     void Write(unsigned char data) {}
      |                ~~~~~~~~~~~~~~^~~~
src/enemies/../network/BitStream.h: In member function ‘void BitStream::Write(char)’:
src/enemies/../network/BitStream.h:27:21: warning: unused parameter ‘data’ [-Wunused-parameter]
   27 |     void Write(char data) {}
      |                ~~~~~^~~~
src/enemies/../network/BitStream.h: In member function ‘void BitStream::Write(char*, unsigned int)’:
src/enemies/../network/BitStream.h:28:22: warning: unused parameter ‘data’ [-Wunused-parameter]
   28 |     void Write(char* data, const unsigned int length) {}
      |                ~~~~~~^~~~
src/enemies/../network/BitStream.h:28:47: warning: unused parameter ‘length’ [-Wunused-parameter]
   28 |     void Write(char* data, const unsigned int length) {}
      |                            ~~~~~~~~~~~~~~~~~~~^~~~~~
src/enemies/../network/BitStream.h: In member function ‘void BitStream::Write(long unsigned int)’:
src/enemies/../network/BitStream.h:29:30: warning: unused parameter ‘data’ [-Wunused-parameter]
   29 |     void Write(unsigned long data) {}
      |                ~~~~~~~~~~~~~~^~~~
src/enemies/../network/BitStream.h: In member function ‘void BitStream::Write(float)’:
src/enemies/../network/BitStream.h:30:22: warning: unused parameter ‘data’ [-Wunused-parameter]
   30 |     void Write(float data) {}
      |                ~~~~~~^~~~
src/enemies/../network/BitStream.h: In member function ‘void BitStream::Write(bool)’:
src/enemies/../network/BitStream.h:31:21: warning: unused parameter ‘data’ [-Wunused-parameter]
   31 |     void Write(bool data) {}
      |                ~~~~~^~~~
src/enemies/../network/BitStream.h: In member function ‘void BitStream::Read(char*&, unsigned int)’:
src/enemies/../network/BitStream.h:42:22: warning: unused parameter ‘data’ [-Wunused-parameter]
   42 |     void Read(char* &data, const unsigned int length) {}
      |               ~~~~~~~^~~~
src/enemies/../network/BitStream.h:42:47: warning: unused parameter ‘length’ [-Wunused-parameter]
   42 |     void Read(char* &data, const unsigned int length) {}
      |                            ~~~~~~~~~~~~~~~~~~~^~~~~~
src/enemies/../network/BitStream.h: In member function ‘void BitStream::Read(const char*&, unsigned int)’:
src/enemies/../network/BitStream.h:43:28: warning: unused parameter ‘data’ [-Wunused-parameter]
   43 |     void Read(const char* &data, const unsigned int length) {}
      |               ~~~~~~~~~~~~~^~~~
src/enemies/../network/BitStream.h:43:53: warning: unused parameter ‘length’ [-Wunused-parameter]
   43 |     void Read(const char* &data, const unsigned int length) {}
      |                                  ~~~~~~~~~~~~~~~~~~~^~~~~~
src/enemies/../network/BitStream.h: In member function ‘void BitStream::Read(void*, unsigned int)’:
src/enemies/../network/BitStream.h:44:21: warning: unused parameter ‘data’ [-Wunused-parameter]
   44 |     void Read(void* data, const unsigned int length) {}
      |               ~~~~~~^~~~
src/enemies/../network/BitStream.h:44:46: warning: unused parameter ‘length’ [-Wunused-parameter]
   44 |     void Read(void* data, const unsigned int length) {}
      |                           ~~~~~~~~~~~~~~~~~~~^~~~~~
src/enemies/../network/BitStream.h: In member function ‘void BitStream::SetWriteOffset(unsigned int)’:
src/enemies/../network/BitStream.h:47:38: warning: unused parameter ‘offset’ [-Wunused-parameter]
   47 |     void SetWriteOffset(unsigned int offset) {}
      |                         ~~~~~~~~~~~~~^~~~~~
In file included from src/enemies/../network/RakNetworkFactory.h:9,
                 from src/enemies/../gsnetcli.h:17:
src/enemies/../network/RakClientInterface.h: In member function ‘bool RakClientInterface::Connect(const char*, short unsigned int, const char*, short unsigned int)’:
src/enemies/../network/RakClientInterface.h:17:30: warning: unused parameter ‘serverIP’ [-Wunused-parameter]
   17 |     bool Connect(const char* serverIP, unsigned short serverPort, const char* clientIP, unsigned short clientPort) { return false; }
      |                  ~~~~~~~~~~~~^~~~~~~~
src/enemies/../network/RakClientInterface.h:17:55: warning: unused parameter ‘serverPort’ [-Wunused-parameter]
   17 |     bool Connect(const char* serverIP, unsigned short serverPort, const char* clientIP, unsigned short clientPort) { return false; }
      |                                        ~~~~~~~~~~~~~~~^~~~~~~~~~
src/enemies/../network/RakClientInterface.h:17:79: warning: unused parameter ‘clientIP’ [-Wunused-parameter]
   17 |     bool Connect(const char* serverIP, unsigned short serverPort, const char* clientIP, unsigned short clientPort) { return false; }
      |                                                                   ~~~~~~~~~~~~^~~~~~~~
src/enemies/../network/RakClientInterface.h:17:104: warning: unused parameter ‘clientPort’ [-Wunused-parameter]
   17 |     bool Connect(const char* serverIP, unsigned short serverPort, const char* clientIP, unsigned short clientPort) { return false; }
      |                                                                                         ~~~~~~~~~~~~~~~^~~~~~~~~~
src/enemies/../network/RakClientInterface.h: In member function ‘bool RakClientInterface::Connect(const char*, short unsigned int, short unsigned int, unsigned int, int)’:
src/enemies/../network/RakClientInterface.h:18:30: warning: unused parameter ‘host’ [-Wunused-parameter]
   18 |     bool Connect(const char* host, unsigned short serverPort, unsigned short clientPort, unsigned int connectionValidationInteger, int timeoutMS) { return false; }
      |                  ~~~~~~~~~~~~^~~~
src/enemies/../network/RakClientInterface.h:18:51: warning: unused parameter ‘serverPort’ [-Wunused-parameter]
   18 |     bool Connect(const char* host, unsigned short serverPort, unsigned short clientPort, unsigned int connectionValidationInteger, int timeoutMS) { return false; }
      |                                    ~~~~~~~~~~~~~~~^~~~~~~~~~
src/enemies/../network/RakClientInterface.h:18:78: warning: unused parameter ‘clientPort’ [-Wunused-parameter]
   18 |     bool Connect(const char* host, unsigned short serverPort, unsigned short clientPort, unsigned int connectionValidationInteger, int timeoutMS) { return false; }
      |                                                               ~~~~~~~~~~~~~~~^~~~~~~~~~
src/enemies/../network/RakClientInterface.h:18:103: warning: unused parameter ‘connectionValidationInteger’ [-Wunused-parameter]
   18 |     bool Connect(const char* host, unsigned short serverPort, unsigned short clientPort, unsigned int connectionValidationInteger, int timeoutMS) { return false; }
      |                                                                                          ~~~~~~~~~~~~~^~~~~~~~~~~~~~~~~~~~~~~~~~~
src/enemies/../network/RakClientInterface.h:18:136: warning: unused parameter ‘timeoutMS’ [-Wunused-parameter]
   18 |     bool Connect(const char* host, unsigned short serverPort, unsigned short clientPort, unsigned int connectionValidationInteger, int timeoutMS) { return false; }
      |                                                                                                                                    ~~~~^~~~~~~~~
src/enemies/../network/RakClientInterface.h: In member function ‘void RakClientInterface::Disconnect(unsigned int, unsigned char)’:
src/enemies/../network/RakClientInterface.h:19:34: warning: unused parameter ‘blockDuration’ [-Wunused-parameter]
   19 |     void Disconnect(unsigned int blockDuration = 0, unsigned char orderingChannel = 0) {}
      |                     ~~~~~~~~~~~~~^~~~~~~~~~~~~~~~~
src/enemies/../network/RakClientInterface.h:19:67: warning: unused parameter ‘orderingChannel’ [-Wunused-parameter]
   19 |     void Disconnect(unsigned int blockDuration = 0, unsigned char orderingChannel = 0) {}
      |                                                     ~~~~~~~~~~~~~~^~~~~~~~~~~~~~~~~~~
src/enemies/../network/RakClientInterface.h: In member function ‘void RakClientInterface::PingServer(const char*, short unsigned int, short unsigned int)’:
src/enemies/../network/RakClientInterface.h:21:33: warning: unused parameter ‘host’ [-Wunused-parameter]
   21 |     void PingServer(const char* host, unsigned short remotePort, unsigned short sendPort) {}
      |                     ~~~~~~~~~~~~^~~~
src/enemies/../network/RakClientInterface.h:21:54: warning: unused parameter ‘remotePort’ [-Wunused-parameter]
   21 |     void PingServer(const char* host, unsigned short remotePort, unsigned short sendPort) {}
      |                                       ~~~~~~~~~~~~~~~^~~~~~~~~~
src/enemies/../network/RakClientInterface.h:21:81: warning: unused parameter ‘sendPort’ [-Wunused-parameter]
   21 |     void PingServer(const char* host, unsigned short remotePort, unsigned short sendPort) {}
      |                                                                  ~~~~~~~~~~~~~~~^~~~~~~~
src/enemies/../network/RakClientInterface.h: In member function ‘bool RakClientInterface::Send(const char*, int, unsigned char, char, char, PlayerID, bool)’:
src/enemies/../network/RakClientInterface.h:25:27: warning: unused parameter ‘data’ [-Wunused-parameter]
   25 |     bool Send(const char* data, int length, unsigned char priority, char reliability, char orderingChannel, PlayerID playerId, bool broadcast) { return true; }
      |               ~~~~~~~~~~~~^~~~
src/enemies/../network/RakClientInterface.h:25:37: warning: unused parameter ‘length’ [-Wunused-parameter]
   25 |     bool Send(const char* data, int length, unsigned char priority, char reliability, char orderingChannel, PlayerID playerId, bool broadcast) { return true; }
      |                                 ~~~~^~~~~~
src/enemies/../network/RakClientInterface.h:25:59: warning: unused parameter ‘priority’ [-Wunused-parameter]
   25 |     bool Send(const char* data, int length, unsigned char priority, char reliability, char orderingChannel, PlayerID playerId, bool broadcast) { return true; }
      |                                             ~~~~~~~~~~~~~~^~~~~~~~
src/enemies/../network/RakClientInterface.h:25:74: warning: unused parameter ‘reliability’ [-Wunused-parameter]
   25 |     bool Send(const char* data, int length, unsigned char priority, char reliability, char orderingChannel, PlayerID playerId, bool broadcast) { return true; }
      |                                                                     ~~~~~^~~~~~~~~~~
src/enemies/../network/RakClientInterface.h:25:92: warning: unused parameter ‘orderingChannel’ [-Wunused-parameter]
   25 |     bool Send(const char* data, int length, unsigned char priority, char reliability, char orderingChannel, PlayerID playerId, bool broadcast) { return true; }
      |                                                                                       ~~~~~^~~~~~~~~~~~~~~
src/enemies/../network/RakClientInterface.h:25:118: warning: unused parameter ‘playerId’ [-Wunused-parameter]
   25 |     bool Send(const char* data, int length, unsigned char priority, char reliability, char orderingChannel, PlayerID playerId, bool broadcast) { return true; }
      |                                                                                                             ~~~~~~~~~^~~~~~~~
src/enemies/../network/RakClientInterface.h:25:133: warning: unused parameter ‘broadcast’ [-Wunused-parameter]
   25 |     bool Send(const char* data, int length, unsigned char priority, char reliability, char orderingChannel, PlayerID playerId, bool broadcast) { return true; }
      |                                                                                                                                ~~~~~^~~~~~~~~
src/enemies/../network/RakClientInterface.h: In member function ‘bool RakClientInterface::Send(BitStream*, unsigned char, char, char)’:
src/enemies/../network/RakClientInterface.h:26:32: warning: unused parameter ‘bitStream’ [-Wunused-parameter]
   26 |     bool Send(class BitStream *bitStream, unsigned char priority, char reliability, char orderingChannel) { return true; }
      |               ~~~~~~~~~~~~~~~~~^~~~~~~~~
src/enemies/../network/RakClientInterface.h:26:57: warning: unused parameter ‘priority’ [-Wunused-parameter]
   26 |     bool Send(class BitStream *bitStream, unsigned char priority, char reliability, char orderingChannel) { return true; }
      |                                           ~~~~~~~~~~~~~~^~~~~~~~
src/enemies/../network/RakClientInterface.h:26:72: warning: unused parameter ‘reliability’ [-Wunused-parameter]
   26 |     bool Send(class BitStream *bitStream, unsigned char priority, char reliability, char orderingChannel) { return true; }
      |                                                                   ~~~~~^~~~~~~~~~~
src/enemies/../network/RakClientInterface.h:26:90: warning: unused parameter ‘orderingChannel’ [-Wunused-parameter]
   26 |     bool Send(class BitStream *bitStream, unsigned char priority, char reliability, char orderingChannel) { return true; }
      |                                                                                     ~~~~~^~~~~~~~~~~~~~~
src/enemies/../network/RakClientInterface.h: In member function ‘void RakClientInterface::PushBackPacket(Packet*, bool)’:
src/enemies/../network/RakClientInterface.h:27:33: warning: unused parameter ‘packet’ [-Wunused-parameter]
   27 |     void PushBackPacket(Packet* packet, bool pushAtHead) {}
      |                         ~~~~~~~~^~~~~~
src/enemies/../network/RakClientInterface.h:27:46: warning: unused parameter ‘pushAtHead’ [-Wunused-parameter]
   27 |     void PushBackPacket(Packet* packet, bool pushAtHead) {}
      |                                         ~~~~~^~~~~~~~~~
src/enemies/../network/RakClientInterface.h: In member function ‘void RakClientInterface::DeallocatePacket(Packet*)’:
src/enemies/../network/RakClientInterface.h:35:35: warning: unused parameter ‘packet’ [-Wunused-parameter]
   35 |     void DeallocatePacket(Packet *packet) {}
      |                           ~~~~~~~~^~~~~~
src/enemies/../network/RakClientInterface.h: In member function ‘const char* RakClientInterface::PlayerIDToDottedIP(PlayerID)’:
src/enemies/../network/RakClientInterface.h:36:45: warning: unused parameter ‘playerId’ [-Wunused-parameter]
   36 |     const char* PlayerIDToDottedIP(PlayerID playerId) { return "0.0.0.0"; }
      |                                    ~~~~~~~~~^~~~~~~~
In file included from src/enemies/../network/RakNetworkFactory.h:10:
src/enemies/../network/RakServerInterface.h: In member function ‘bool RakServerInterface::Start(int, int, int, int)’:
src/enemies/../network/RakServerInterface.h:19:20: warning: unused parameter ‘AllowedPlayers’ [-Wunused-parameter]
   19 |     bool Start(int AllowedPlayers, int connectionValidationInteger, int threadSleepTimer, int port) { return false; }
      |                ~~~~^~~~~~~~~~~~~~
src/enemies/../network/RakServerInterface.h:19:40: warning: unused parameter ‘connectionValidationInteger’ [-Wunused-parameter]
   19 |     bool Start(int AllowedPlayers, int connectionValidationInteger, int threadSleepTimer, int port) { return false; }
      |                                    ~~~~^~~~~~~~~~~~~~~~~~~~~~~~~~~
src/enemies/../network/RakServerInterface.h:19:73: warning: unused parameter ‘threadSleepTimer’ [-Wunused-parameter]
   19 |     bool Start(int AllowedPlayers, int connectionValidationInteger, int threadSleepTimer, int port) { return false; }
      |                                                                     ~~~~^~~~~~~~~~~~~~~~
src/enemies/../network/RakServerInterface.h:19:95: warning: unused parameter ‘port’ [-Wunused-parameter]
   19 |     bool Start(int AllowedPlayers, int connectionValidationInteger, int threadSleepTimer, int port) { return false; }
      |                                                                                           ~~~~^~~~
src/enemies/../network/RakServerInterface.h: In member function ‘void RakServerInterface::Disconnect(unsigned int, unsigned char)’:
src/enemies/../network/RakServerInterface.h:20:34: warning: unused parameter ‘blockDuration’ [-Wunused-parameter]
   20 |     void Disconnect(unsigned int blockDuration = 0, unsigned char orderingChannel = 0) {}
      |                     ~~~~~~~~~~~~~^~~~~~~~~~~~~~~~~
src/enemies/../network/RakServerInterface.h:20:67: warning: unused parameter ‘orderingChannel’ [-Wunused-parameter]
   20 |     void Disconnect(unsigned int blockDuration = 0, unsigned char orderingChannel = 0) {}
      |                                                     ~~~~~~~~~~~~~~^~~~~~~~~~~~~~~~~~~
src/enemies/../network/RakServerInterface.h: In member function ‘bool RakServerInterface::Send(const char*, int, unsigned char, char, char, PlayerID, bool)’:
src/enemies/../network/RakServerInterface.h:21:27: warning: unused parameter ‘data’ [-Wunused-parameter]
   21 |     bool Send(const char* data, int length, unsigned char priority, char reliability, char orderingChannel, PlayerID playerId, bool broadcast) { return true; }
      |               ~~~~~~~~~~~~^~~~
src/enemies/../network/RakServerInterface.h:21:37: warning: unused parameter ‘length’ [-Wunused-parameter]
   21 |     bool Send(const char* data, int length, unsigned char priority, char reliability, char orderingChannel, PlayerID playerId, bool broadcast) { return true; }
      |                                 ~~~~^~~~~~
src/enemies/../network/RakServerInterface.h:21:59: warning: unused parameter ‘priority’ [-Wunused-parameter]
   21 |     bool Send(const char* data, int length, unsigned char priority, char reliability, char orderingChannel, PlayerID playerId, bool broadcast) { return true; }
      |                                             ~~~~~~~~~~~~~~^~~~~~~~
src/enemies/../network/RakServerInterface.h:21:74: warning: unused parameter ‘reliability’ [-Wunused-parameter]
   21 |     bool Send(const char* data, int length, unsigned char priority, char reliability, char orderingChannel, PlayerID playerId, bool broadcast) { return true; }
      |                                                                     ~~~~~^~~~~~~~~~~
src/enemies/../network/RakServerInterface.h:21:92: warning: unused parameter ‘orderingChannel’ [-Wunused-parameter]
   21 |     bool Send(const char* data, int length, unsigned char priority, char reliability, char orderingChannel, PlayerID playerId, bool broadcast) { return true; }
      |                                                                                       ~~~~~^~~~~~~~~~~~~~~
src/enemies/../network/RakServerInterface.h:21:118: warning: unused parameter ‘playerId’ [-Wunused-parameter]
   21 |     bool Send(const char* data, int length, unsigned char priority, char reliability, char orderingChannel, PlayerID playerId, bool broadcast) { return true; }
      |                                                                                                             ~~~~~~~~~^~~~~~~~
src/enemies/../network/RakServerInterface.h:21:133: warning: unused parameter ‘broadcast’ [-Wunused-parameter]
   21 |     bool Send(const char* data, int length, unsigned char priority, char reliability, char orderingChannel, PlayerID playerId, bool broadcast) { return true; }
      |                                                                                                                                ~~~~~^~~~~~~~~
src/enemies/../network/RakServerInterface.h: In member function ‘bool RakServerInterface::Send(BitStream*, unsigned char, char, char, PlayerID, bool)’:
src/enemies/../network/RakServerInterface.h:22:32: warning: unused parameter ‘bitStream’ [-Wunused-parameter]
   22 |     bool Send(class BitStream *bitStream, unsigned char priority, char reliability, char orderingChannel, PlayerID playerId, bool broadcast) { return true; }
      |               ~~~~~~~~~~~~~~~~~^~~~~~~~~
src/enemies/../network/RakServerInterface.h:22:57: warning: unused parameter ‘priority’ [-Wunused-parameter]
   22 |     bool Send(class BitStream *bitStream, unsigned char priority, char reliability, char orderingChannel, PlayerID playerId, bool broadcast) { return true; }
      |                                           ~~~~~~~~~~~~~~^~~~~~~~
src/enemies/../network/RakServerInterface.h:22:72: warning: unused parameter ‘reliability’ [-Wunused-parameter]
   22 |     bool Send(class BitStream *bitStream, unsigned char priority, char reliability, char orderingChannel, PlayerID playerId, bool broadcast) { return true; }
      |                                                                   ~~~~~^~~~~~~~~~~
src/enemies/../network/RakServerInterface.h:22:90: warning: unused parameter ‘orderingChannel’ [-Wunused-parameter]
   22 |     bool Send(class BitStream *bitStream, unsigned char priority, char reliability, char orderingChannel, PlayerID playerId, bool broadcast) { return true; }
      |                                                                                     ~~~~~^~~~~~~~~~~~~~~
src/enemies/../network/RakServerInterface.h:22:116: warning: unused parameter ‘playerId’ [-Wunused-parameter]
   22 |     bool Send(class BitStream *bitStream, unsigned char priority, char reliability, char orderingChannel, PlayerID playerId, bool broadcast) { return true; }
      |                                                                                                           ~~~~~~~~~^~~~~~~~
src/enemies/../network/RakServerInterface.h:22:131: warning: unused parameter ‘broadcast’ [-Wunused-parameter]
   22 |     bool Send(class BitStream *bitStream, unsigned char priority, char reliability, char orderingChannel, PlayerID playerId, bool broadcast) { return true; }
      |                                                                                                                              ~~~~~^~~~~~~~~
src/enemies/../network/RakServerInterface.h: In member function ‘void RakServerInterface::PushBackPacket(Packet*, bool)’:
src/enemies/../network/RakServerInterface.h:23:33: warning: unused parameter ‘packet’ [-Wunused-parameter]
   23 |     void PushBackPacket(Packet* packet, bool pushAtHead) {}
      |                         ~~~~~~~~^~~~~~
src/enemies/../network/RakServerInterface.h:23:46: warning: unused parameter ‘pushAtHead’ [-Wunused-parameter]
   23 |     void PushBackPacket(Packet* packet, bool pushAtHead) {}
      |                                         ~~~~~^~~~~~~~~~
src/enemies/../network/RakServerInterface.h: In member function ‘void RakServerInterface::DeallocatePacket(Packet*)’:
src/enemies/../network/RakServerInterface.h:24:35: warning: unused parameter ‘packet’ [-Wunused-parameter]
   24 |     void DeallocatePacket(Packet* packet) {}
      |                           ~~~~~~~~^~~~~~
src/enemies/../network/RakServerInterface.h: In member function ‘int RakServerInterface::GetAveragePing(PlayerID)’:
src/enemies/../network/RakServerInterface.h:25:33: warning: unused parameter ‘playerId’ [-Wunused-parameter]
   25 |     int GetAveragePing(PlayerID playerId) { return 0; }
      |                        ~~~~~~~~~^~~~~~~~
src/enemies/../network/RakServerInterface.h: In member function ‘int RakServerInterface::GetLastPing(PlayerID)’:
src/enemies/../network/RakServerInterface.h:26:30: warning: unused parameter ‘playerId’ [-Wunused-parameter]
   26 |     int GetLastPing(PlayerID playerId) { return 0; }
      |                     ~~~~~~~~~^~~~~~~~
src/enemies/../network/RakServerInterface.h: In member function ‘int RakServerInterface::GetLowestPing(PlayerID)’:
src/enemies/../network/RakServerInterface.h:27:32: warning: unused parameter ‘playerId’ [-Wunused-parameter]
   27 |     int GetLowestPing(PlayerID playerId) { return 0; }
      |                       ~~~~~~~~~^~~~~~~~
src/enemies/../network/RakServerInterface.h: In member function ‘void RakServerInterface::Kick(PlayerID)’:
src/enemies/../network/RakServerInterface.h:28:24: warning: unused parameter ‘playerId’ [-Wunused-parameter]
   28 |     void Kick(PlayerID playerId) {}
      |               ~~~~~~~~~^~~~~~~~
src/enemies/../network/RakServerInterface.h: In member function ‘void RakServerInterface::SetAllowedPlayers(int)’:
src/enemies/../network/RakServerInterface.h:31:32: warning: unused parameter ‘maxPlayers’ [-Wunused-parameter]
   31 |     void SetAllowedPlayers(int maxPlayers) {}
      |                            ~~~~^~~~~~~~~~
src/enemies/../network/RakServerInterface.h: In member function ‘void* RakServerInterface::GetStatistics(PlayerID)’:
src/enemies/../network/RakServerInterface.h:35:34: warning: unused parameter ‘playerId’ [-Wunused-parameter]
   35 |     void* GetStatistics(PlayerID playerId) { return 0; }
      |                         ~~~~~~~~~^~~~~~~~
src/enemies/../network/RakNetworkFactory.h: In static member function ‘static void RakNetworkFactory::DestroyRakNetwork(void*)’:
src/enemies/../network/RakNetworkFactory.h:15:41: warning: unused parameter ‘network’ [-Wunused-parameter]
   15 |     static void DestroyRakNetwork(void* network) {}
      |                                   ~~~~~~^~~~~~~
src/enemies/../network/RakServerInterface.h: At global scope:
src/enemies/../network/RakServerInterface.h:49:17: warning: ‘UNASSIGNED_PLAYER_ID’ defined but not used [-Wunused-variable]
   49 | static PlayerID UNASSIGNED_PLAYER_ID = {0, 0};
      |                 ^~~~~~~~~~~~~~~~~~~~
Compiling src/enemies/etank2.cpp...
g++ -O2 -Wall -Wextra -std=c++11 -fpermissive -DDIRECT_ASSET_LOADING  -I/usr/include/lua5.4 -I./src -c src/enemies/etank2.cpp -o obj/enemies/etank2.o
In file included from src/enemies/../gsscript.h:16,
                 from src/enemies/../gsenemy.h:19,
                 from src/enemies/etank2.h:17,
                 from src/enemies/etank2.cpp:12:
src/enemies/../luaclass.h: In member function ‘void Lua::open(int)’:
src/enemies/../luaclass.h:20:23: warning: unused parameter ‘stacksize’ [-Wunused-parameter]
   20 |         void open(int stacksize = 0)
      |                   ~~~~^~~~~~~~~~~~~
src/enemies/../luaclass.h: In member function ‘void Lua::setgcthreshold(int)’:
src/enemies/../luaclass.h:136:33: warning: unused parameter ‘newthreshold’ [-Wunused-parameter]
  136 |         void setgcthreshold(int newthreshold)
      |                             ~~~~^~~~~~~~~~~~
src/enemies/../gsscript.h: At global scope:
src/enemies/../gsscript.h:43:43: warning: ISO C++ forbids converting a string constant to ‘char*’ [-Wwrite-strings]
   43 |     void  read_level_files(int=0, char *n="");
      |                                           ^~
Compiling src/enemies/ethree.cpp...
g++ -O2 -Wall -Wextra -std=c++11 -fpermissive -DDIRECT_ASSET_LOADING  -I/usr/include/lua5.4 -I./src -c src/enemies/ethree.cpp -o obj/enemies/ethree.o
In file included from src/enemies/../gsnetw.h:18,
                 from src/enemies/ethree.cpp:22:
src/enemies/../gsnetsrv.h:67:7: warning: extra tokens at end of #endif directive [-Wendif-labels]
   67 | #endif;
      |       ^
In file included from src/enemies/../gsscript.h:16,
                 from src/enemies/../gsenemy.h:19,
                 from src/enemies/ethree.h:17,
                 from src/enemies/ethree.cpp:12:
src/enemies/../luaclass.h: In member function ‘void Lua::open(int)’:
src/enemies/../luaclass.h:20:23: warning: unused parameter ‘stacksize’ [-Wunused-parameter]
   20 |         void open(int stacksize = 0)
      |                   ~~~~^~~~~~~~~~~~~
src/enemies/../luaclass.h: In member function ‘void Lua::setgcthreshold(int)’:
src/enemies/../luaclass.h:136:33: warning: unused parameter ‘newthreshold’ [-Wunused-parameter]
  136 |         void setgcthreshold(int newthreshold)
      |                             ~~~~^~~~~~~~~~~~
src/enemies/../gsscript.h: At global scope:
src/enemies/../gsscript.h:43:43: warning: ISO C++ forbids converting a string constant to ‘char*’ [-Wwrite-strings]
   43 |     void  read_level_files(int=0, char *n="");
      |                                           ^~
In file included from src/enemies/../gsnetcli.h:16,
                 from src/enemies/../gsnetw.h:17:
src/enemies/../network/BitStream.h: In constructor ‘BitStream::BitStream(char*, unsigned int, bool)’:
src/enemies/../network/BitStream.h:22:61: warning: unused parameter ‘_copyData’ [-Wunused-parameter]
   22 |     BitStream(char* _data, unsigned int lengthInBytes, bool _copyData) : data(_data), numberOfBitsAllocated(lengthInBytes * 8), numberOfBitsUsed(lengthInBytes * 8), readOffset(0), maxLength(lengthInBytes) {}
      |                                                        ~~~~~^~~~~~~~~
src/enemies/../network/BitStream.h: In member function ‘void BitStream::Write(int)’:
src/enemies/../network/BitStream.h:25:20: warning: unused parameter ‘data’ [-Wunused-parameter]
   25 |     void Write(int data) {}
      |                ~~~~^~~~
src/enemies/../network/BitStream.h: In member function ‘void BitStream::Write(unsigned char)’:
src/enemies/../network/BitStream.h:26:30: warning: unused parameter ‘data’ [-Wunused-parameter]
   26 |     void Write(unsigned char data) {}
      |                ~~~~~~~~~~~~~~^~~~
src/enemies/../network/BitStream.h: In member function ‘void BitStream::Write(char)’:
src/enemies/../network/BitStream.h:27:21: warning: unused parameter ‘data’ [-Wunused-parameter]
   27 |     void Write(char data) {}
      |                ~~~~~^~~~
src/enemies/../network/BitStream.h: In member function ‘void BitStream::Write(char*, unsigned int)’:
src/enemies/../network/BitStream.h:28:22: warning: unused parameter ‘data’ [-Wunused-parameter]
   28 |     void Write(char* data, const unsigned int length) {}
      |                ~~~~~~^~~~
src/enemies/../network/BitStream.h:28:47: warning: unused parameter ‘length’ [-Wunused-parameter]
   28 |     void Write(char* data, const unsigned int length) {}
      |                            ~~~~~~~~~~~~~~~~~~~^~~~~~
src/enemies/../network/BitStream.h: In member function ‘void BitStream::Write(long unsigned int)’:
src/enemies/../network/BitStream.h:29:30: warning: unused parameter ‘data’ [-Wunused-parameter]
   29 |     void Write(unsigned long data) {}
      |                ~~~~~~~~~~~~~~^~~~
src/enemies/../network/BitStream.h: In member function ‘void BitStream::Write(float)’:
src/enemies/../network/BitStream.h:30:22: warning: unused parameter ‘data’ [-Wunused-parameter]
   30 |     void Write(float data) {}
      |                ~~~~~~^~~~
src/enemies/../network/BitStream.h: In member function ‘void BitStream::Write(bool)’:
src/enemies/../network/BitStream.h:31:21: warning: unused parameter ‘data’ [-Wunused-parameter]
   31 |     void Write(bool data) {}
      |                ~~~~~^~~~
src/enemies/../network/BitStream.h: In member function ‘void BitStream::Read(char*&, unsigned int)’:
src/enemies/../network/BitStream.h:42:22: warning: unused parameter ‘data’ [-Wunused-parameter]
   42 |     void Read(char* &data, const unsigned int length) {}
      |               ~~~~~~~^~~~
src/enemies/../network/BitStream.h:42:47: warning: unused parameter ‘length’ [-Wunused-parameter]
   42 |     void Read(char* &data, const unsigned int length) {}
      |                            ~~~~~~~~~~~~~~~~~~~^~~~~~
src/enemies/../network/BitStream.h: In member function ‘void BitStream::Read(const char*&, unsigned int)’:
src/enemies/../network/BitStream.h:43:28: warning: unused parameter ‘data’ [-Wunused-parameter]
   43 |     void Read(const char* &data, const unsigned int length) {}
      |               ~~~~~~~~~~~~~^~~~
src/enemies/../network/BitStream.h:43:53: warning: unused parameter ‘length’ [-Wunused-parameter]
   43 |     void Read(const char* &data, const unsigned int length) {}
      |                                  ~~~~~~~~~~~~~~~~~~~^~~~~~
src/enemies/../network/BitStream.h: In member function ‘void BitStream::Read(void*, unsigned int)’:
src/enemies/../network/BitStream.h:44:21: warning: unused parameter ‘data’ [-Wunused-parameter]
   44 |     void Read(void* data, const unsigned int length) {}
      |               ~~~~~~^~~~
src/enemies/../network/BitStream.h:44:46: warning: unused parameter ‘length’ [-Wunused-parameter]
   44 |     void Read(void* data, const unsigned int length) {}
      |                           ~~~~~~~~~~~~~~~~~~~^~~~~~
src/enemies/../network/BitStream.h: In member function ‘void BitStream::SetWriteOffset(unsigned int)’:
src/enemies/../network/BitStream.h:47:38: warning: unused parameter ‘offset’ [-Wunused-parameter]
   47 |     void SetWriteOffset(unsigned int offset) {}
      |                         ~~~~~~~~~~~~~^~~~~~
In file included from src/enemies/../network/RakNetworkFactory.h:9,
                 from src/enemies/../gsnetcli.h:17:
src/enemies/../network/RakClientInterface.h: In member function ‘bool RakClientInterface::Connect(const char*, short unsigned int, const char*, short unsigned int)’:
src/enemies/../network/RakClientInterface.h:17:30: warning: unused parameter ‘serverIP’ [-Wunused-parameter]
   17 |     bool Connect(const char* serverIP, unsigned short serverPort, const char* clientIP, unsigned short clientPort) { return false; }
      |                  ~~~~~~~~~~~~^~~~~~~~
src/enemies/../network/RakClientInterface.h:17:55: warning: unused parameter ‘serverPort’ [-Wunused-parameter]
   17 |     bool Connect(const char* serverIP, unsigned short serverPort, const char* clientIP, unsigned short clientPort) { return false; }
      |                                        ~~~~~~~~~~~~~~~^~~~~~~~~~
src/enemies/../network/RakClientInterface.h:17:79: warning: unused parameter ‘clientIP’ [-Wunused-parameter]
   17 |     bool Connect(const char* serverIP, unsigned short serverPort, const char* clientIP, unsigned short clientPort) { return false; }
      |                                                                   ~~~~~~~~~~~~^~~~~~~~
src/enemies/../network/RakClientInterface.h:17:104: warning: unused parameter ‘clientPort’ [-Wunused-parameter]
   17 |     bool Connect(const char* serverIP, unsigned short serverPort, const char* clientIP, unsigned short clientPort) { return false; }
      |                                                                                         ~~~~~~~~~~~~~~~^~~~~~~~~~
src/enemies/../network/RakClientInterface.h: In member function ‘bool RakClientInterface::Connect(const char*, short unsigned int, short unsigned int, unsigned int, int)’:
src/enemies/../network/RakClientInterface.h:18:30: warning: unused parameter ‘host’ [-Wunused-parameter]
   18 |     bool Connect(const char* host, unsigned short serverPort, unsigned short clientPort, unsigned int connectionValidationInteger, int timeoutMS) { return false; }
      |                  ~~~~~~~~~~~~^~~~
src/enemies/../network/RakClientInterface.h:18:51: warning: unused parameter ‘serverPort’ [-Wunused-parameter]
   18 |     bool Connect(const char* host, unsigned short serverPort, unsigned short clientPort, unsigned int connectionValidationInteger, int timeoutMS) { return false; }
      |                                    ~~~~~~~~~~~~~~~^~~~~~~~~~
src/enemies/../network/RakClientInterface.h:18:78: warning: unused parameter ‘clientPort’ [-Wunused-parameter]
   18 |     bool Connect(const char* host, unsigned short serverPort, unsigned short clientPort, unsigned int connectionValidationInteger, int timeoutMS) { return false; }
      |                                                               ~~~~~~~~~~~~~~~^~~~~~~~~~
src/enemies/../network/RakClientInterface.h:18:103: warning: unused parameter ‘connectionValidationInteger’ [-Wunused-parameter]
   18 |     bool Connect(const char* host, unsigned short serverPort, unsigned short clientPort, unsigned int connectionValidationInteger, int timeoutMS) { return false; }
      |                                                                                          ~~~~~~~~~~~~~^~~~~~~~~~~~~~~~~~~~~~~~~~~
src/enemies/../network/RakClientInterface.h:18:136: warning: unused parameter ‘timeoutMS’ [-Wunused-parameter]
   18 |     bool Connect(const char* host, unsigned short serverPort, unsigned short clientPort, unsigned int connectionValidationInteger, int timeoutMS) { return false; }
      |                                                                                                                                    ~~~~^~~~~~~~~
src/enemies/../network/RakClientInterface.h: In member function ‘void RakClientInterface::Disconnect(unsigned int, unsigned char)’:
src/enemies/../network/RakClientInterface.h:19:34: warning: unused parameter ‘blockDuration’ [-Wunused-parameter]
   19 |     void Disconnect(unsigned int blockDuration = 0, unsigned char orderingChannel = 0) {}
      |                     ~~~~~~~~~~~~~^~~~~~~~~~~~~~~~~
src/enemies/../network/RakClientInterface.h:19:67: warning: unused parameter ‘orderingChannel’ [-Wunused-parameter]
   19 |     void Disconnect(unsigned int blockDuration = 0, unsigned char orderingChannel = 0) {}
      |                                                     ~~~~~~~~~~~~~~^~~~~~~~~~~~~~~~~~~
src/enemies/../network/RakClientInterface.h: In member function ‘void RakClientInterface::PingServer(const char*, short unsigned int, short unsigned int)’:
src/enemies/../network/RakClientInterface.h:21:33: warning: unused parameter ‘host’ [-Wunused-parameter]
   21 |     void PingServer(const char* host, unsigned short remotePort, unsigned short sendPort) {}
      |                     ~~~~~~~~~~~~^~~~
src/enemies/../network/RakClientInterface.h:21:54: warning: unused parameter ‘remotePort’ [-Wunused-parameter]
   21 |     void PingServer(const char* host, unsigned short remotePort, unsigned short sendPort) {}
      |                                       ~~~~~~~~~~~~~~~^~~~~~~~~~
src/enemies/../network/RakClientInterface.h:21:81: warning: unused parameter ‘sendPort’ [-Wunused-parameter]
   21 |     void PingServer(const char* host, unsigned short remotePort, unsigned short sendPort) {}
      |                                                                  ~~~~~~~~~~~~~~~^~~~~~~~
src/enemies/../network/RakClientInterface.h: In member function ‘bool RakClientInterface::Send(const char*, int, unsigned char, char, char, PlayerID, bool)’:
src/enemies/../network/RakClientInterface.h:25:27: warning: unused parameter ‘data’ [-Wunused-parameter]
   25 |     bool Send(const char* data, int length, unsigned char priority, char reliability, char orderingChannel, PlayerID playerId, bool broadcast) { return true; }
      |               ~~~~~~~~~~~~^~~~
src/enemies/../network/RakClientInterface.h:25:37: warning: unused parameter ‘length’ [-Wunused-parameter]
   25 |     bool Send(const char* data, int length, unsigned char priority, char reliability, char orderingChannel, PlayerID playerId, bool broadcast) { return true; }
      |                                 ~~~~^~~~~~
src/enemies/../network/RakClientInterface.h:25:59: warning: unused parameter ‘priority’ [-Wunused-parameter]
   25 |     bool Send(const char* data, int length, unsigned char priority, char reliability, char orderingChannel, PlayerID playerId, bool broadcast) { return true; }
      |                                             ~~~~~~~~~~~~~~^~~~~~~~
src/enemies/../network/RakClientInterface.h:25:74: warning: unused parameter ‘reliability’ [-Wunused-parameter]
   25 |     bool Send(const char* data, int length, unsigned char priority, char reliability, char orderingChannel, PlayerID playerId, bool broadcast) { return true; }
      |                                                                     ~~~~~^~~~~~~~~~~
src/enemies/../network/RakClientInterface.h:25:92: warning: unused parameter ‘orderingChannel’ [-Wunused-parameter]
   25 |     bool Send(const char* data, int length, unsigned char priority, char reliability, char orderingChannel, PlayerID playerId, bool broadcast) { return true; }
      |                                                                                       ~~~~~^~~~~~~~~~~~~~~
src/enemies/../network/RakClientInterface.h:25:118: warning: unused parameter ‘playerId’ [-Wunused-parameter]
   25 |     bool Send(const char* data, int length, unsigned char priority, char reliability, char orderingChannel, PlayerID playerId, bool broadcast) { return true; }
      |                                                                                                             ~~~~~~~~~^~~~~~~~
src/enemies/../network/RakClientInterface.h:25:133: warning: unused parameter ‘broadcast’ [-Wunused-parameter]
   25 |     bool Send(const char* data, int length, unsigned char priority, char reliability, char orderingChannel, PlayerID playerId, bool broadcast) { return true; }
      |                                                                                                                                ~~~~~^~~~~~~~~
src/enemies/../network/RakClientInterface.h: In member function ‘bool RakClientInterface::Send(BitStream*, unsigned char, char, char)’:
src/enemies/../network/RakClientInterface.h:26:32: warning: unused parameter ‘bitStream’ [-Wunused-parameter]
   26 |     bool Send(class BitStream *bitStream, unsigned char priority, char reliability, char orderingChannel) { return true; }
      |               ~~~~~~~~~~~~~~~~~^~~~~~~~~
src/enemies/../network/RakClientInterface.h:26:57: warning: unused parameter ‘priority’ [-Wunused-parameter]
   26 |     bool Send(class BitStream *bitStream, unsigned char priority, char reliability, char orderingChannel) { return true; }
      |                                           ~~~~~~~~~~~~~~^~~~~~~~
src/enemies/../network/RakClientInterface.h:26:72: warning: unused parameter ‘reliability’ [-Wunused-parameter]
   26 |     bool Send(class BitStream *bitStream, unsigned char priority, char reliability, char orderingChannel) { return true; }
      |                                                                   ~~~~~^~~~~~~~~~~
src/enemies/../network/RakClientInterface.h:26:90: warning: unused parameter ‘orderingChannel’ [-Wunused-parameter]
   26 |     bool Send(class BitStream *bitStream, unsigned char priority, char reliability, char orderingChannel) { return true; }
      |                                                                                     ~~~~~^~~~~~~~~~~~~~~
src/enemies/../network/RakClientInterface.h: In member function ‘void RakClientInterface::PushBackPacket(Packet*, bool)’:
src/enemies/../network/RakClientInterface.h:27:33: warning: unused parameter ‘packet’ [-Wunused-parameter]
   27 |     void PushBackPacket(Packet* packet, bool pushAtHead) {}
      |                         ~~~~~~~~^~~~~~
src/enemies/../network/RakClientInterface.h:27:46: warning: unused parameter ‘pushAtHead’ [-Wunused-parameter]
   27 |     void PushBackPacket(Packet* packet, bool pushAtHead) {}
      |                                         ~~~~~^~~~~~~~~~
src/enemies/../network/RakClientInterface.h: In member function ‘void RakClientInterface::DeallocatePacket(Packet*)’:
src/enemies/../network/RakClientInterface.h:35:35: warning: unused parameter ‘packet’ [-Wunused-parameter]
   35 |     void DeallocatePacket(Packet *packet) {}
      |                           ~~~~~~~~^~~~~~
src/enemies/../network/RakClientInterface.h: In member function ‘const char* RakClientInterface::PlayerIDToDottedIP(PlayerID)’:
src/enemies/../network/RakClientInterface.h:36:45: warning: unused parameter ‘playerId’ [-Wunused-parameter]
   36 |     const char* PlayerIDToDottedIP(PlayerID playerId) { return "0.0.0.0"; }
      |                                    ~~~~~~~~~^~~~~~~~
In file included from src/enemies/../network/RakNetworkFactory.h:10:
src/enemies/../network/RakServerInterface.h: In member function ‘bool RakServerInterface::Start(int, int, int, int)’:
src/enemies/../network/RakServerInterface.h:19:20: warning: unused parameter ‘AllowedPlayers’ [-Wunused-parameter]
   19 |     bool Start(int AllowedPlayers, int connectionValidationInteger, int threadSleepTimer, int port) { return false; }
      |                ~~~~^~~~~~~~~~~~~~
src/enemies/../network/RakServerInterface.h:19:40: warning: unused parameter ‘connectionValidationInteger’ [-Wunused-parameter]
   19 |     bool Start(int AllowedPlayers, int connectionValidationInteger, int threadSleepTimer, int port) { return false; }
      |                                    ~~~~^~~~~~~~~~~~~~~~~~~~~~~~~~~
src/enemies/../network/RakServerInterface.h:19:73: warning: unused parameter ‘threadSleepTimer’ [-Wunused-parameter]
   19 |     bool Start(int AllowedPlayers, int connectionValidationInteger, int threadSleepTimer, int port) { return false; }
      |                                                                     ~~~~^~~~~~~~~~~~~~~~
src/enemies/../network/RakServerInterface.h:19:95: warning: unused parameter ‘port’ [-Wunused-parameter]
   19 |     bool Start(int AllowedPlayers, int connectionValidationInteger, int threadSleepTimer, int port) { return false; }
      |                                                                                           ~~~~^~~~
src/enemies/../network/RakServerInterface.h: In member function ‘void RakServerInterface::Disconnect(unsigned int, unsigned char)’:
src/enemies/../network/RakServerInterface.h:20:34: warning: unused parameter ‘blockDuration’ [-Wunused-parameter]
   20 |     void Disconnect(unsigned int blockDuration = 0, unsigned char orderingChannel = 0) {}
      |                     ~~~~~~~~~~~~~^~~~~~~~~~~~~~~~~
src/enemies/../network/RakServerInterface.h:20:67: warning: unused parameter ‘orderingChannel’ [-Wunused-parameter]
   20 |     void Disconnect(unsigned int blockDuration = 0, unsigned char orderingChannel = 0) {}
      |                                                     ~~~~~~~~~~~~~~^~~~~~~~~~~~~~~~~~~
src/enemies/../network/RakServerInterface.h: In member function ‘bool RakServerInterface::Send(const char*, int, unsigned char, char, char, PlayerID, bool)’:
src/enemies/../network/RakServerInterface.h:21:27: warning: unused parameter ‘data’ [-Wunused-parameter]
   21 |     bool Send(const char* data, int length, unsigned char priority, char reliability, char orderingChannel, PlayerID playerId, bool broadcast) { return true; }
      |               ~~~~~~~~~~~~^~~~
src/enemies/../network/RakServerInterface.h:21:37: warning: unused parameter ‘length’ [-Wunused-parameter]
   21 |     bool Send(const char* data, int length, unsigned char priority, char reliability, char orderingChannel, PlayerID playerId, bool broadcast) { return true; }
      |                                 ~~~~^~~~~~
src/enemies/../network/RakServerInterface.h:21:59: warning: unused parameter ‘priority’ [-Wunused-parameter]
   21 |     bool Send(const char* data, int length, unsigned char priority, char reliability, char orderingChannel, PlayerID playerId, bool broadcast) { return true; }
      |                                             ~~~~~~~~~~~~~~^~~~~~~~
src/enemies/../network/RakServerInterface.h:21:74: warning: unused parameter ‘reliability’ [-Wunused-parameter]
   21 |     bool Send(const char* data, int length, unsigned char priority, char reliability, char orderingChannel, PlayerID playerId, bool broadcast) { return true; }
      |                                                                     ~~~~~^~~~~~~~~~~
src/enemies/../network/RakServerInterface.h:21:92: warning: unused parameter ‘orderingChannel’ [-Wunused-parameter]
   21 |     bool Send(const char* data, int length, unsigned char priority, char reliability, char orderingChannel, PlayerID playerId, bool broadcast) { return true; }
      |                                                                                       ~~~~~^~~~~~~~~~~~~~~
src/enemies/../network/RakServerInterface.h:21:118: warning: unused parameter ‘playerId’ [-Wunused-parameter]
   21 |     bool Send(const char* data, int length, unsigned char priority, char reliability, char orderingChannel, PlayerID playerId, bool broadcast) { return true; }
      |                                                                                                             ~~~~~~~~~^~~~~~~~
src/enemies/../network/RakServerInterface.h:21:133: warning: unused parameter ‘broadcast’ [-Wunused-parameter]
   21 |     bool Send(const char* data, int length, unsigned char priority, char reliability, char orderingChannel, PlayerID playerId, bool broadcast) { return true; }
      |                                                                                                                                ~~~~~^~~~~~~~~
src/enemies/../network/RakServerInterface.h: In member function ‘bool RakServerInterface::Send(BitStream*, unsigned char, char, char, PlayerID, bool)’:
src/enemies/../network/RakServerInterface.h:22:32: warning: unused parameter ‘bitStream’ [-Wunused-parameter]
   22 |     bool Send(class BitStream *bitStream, unsigned char priority, char reliability, char orderingChannel, PlayerID playerId, bool broadcast) { return true; }
      |               ~~~~~~~~~~~~~~~~~^~~~~~~~~
src/enemies/../network/RakServerInterface.h:22:57: warning: unused parameter ‘priority’ [-Wunused-parameter]
   22 |     bool Send(class BitStream *bitStream, unsigned char priority, char reliability, char orderingChannel, PlayerID playerId, bool broadcast) { return true; }
      |                                           ~~~~~~~~~~~~~~^~~~~~~~
src/enemies/../network/RakServerInterface.h:22:72: warning: unused parameter ‘reliability’ [-Wunused-parameter]
   22 |     bool Send(class BitStream *bitStream, unsigned char priority, char reliability, char orderingChannel, PlayerID playerId, bool broadcast) { return true; }
      |                                                                   ~~~~~^~~~~~~~~~~
src/enemies/../network/RakServerInterface.h:22:90: warning: unused parameter ‘orderingChannel’ [-Wunused-parameter]
   22 |     bool Send(class BitStream *bitStream, unsigned char priority, char reliability, char orderingChannel, PlayerID playerId, bool broadcast) { return true; }
      |                                                                                     ~~~~~^~~~~~~~~~~~~~~
src/enemies/../network/RakServerInterface.h:22:116: warning: unused parameter ‘playerId’ [-Wunused-parameter]
   22 |     bool Send(class BitStream *bitStream, unsigned char priority, char reliability, char orderingChannel, PlayerID playerId, bool broadcast) { return true; }
      |                                                                                                           ~~~~~~~~~^~~~~~~~
src/enemies/../network/RakServerInterface.h:22:131: warning: unused parameter ‘broadcast’ [-Wunused-parameter]
   22 |     bool Send(class BitStream *bitStream, unsigned char priority, char reliability, char orderingChannel, PlayerID playerId, bool broadcast) { return true; }
      |                                                                                                                              ~~~~~^~~~~~~~~
src/enemies/../network/RakServerInterface.h: In member function ‘void RakServerInterface::PushBackPacket(Packet*, bool)’:
src/enemies/../network/RakServerInterface.h:23:33: warning: unused parameter ‘packet’ [-Wunused-parameter]
   23 |     void PushBackPacket(Packet* packet, bool pushAtHead) {}
      |                         ~~~~~~~~^~~~~~
src/enemies/../network/RakServerInterface.h:23:46: warning: unused parameter ‘pushAtHead’ [-Wunused-parameter]
   23 |     void PushBackPacket(Packet* packet, bool pushAtHead) {}
      |                                         ~~~~~^~~~~~~~~~
src/enemies/../network/RakServerInterface.h: In member function ‘void RakServerInterface::DeallocatePacket(Packet*)’:
src/enemies/../network/RakServerInterface.h:24:35: warning: unused parameter ‘packet’ [-Wunused-parameter]
   24 |     void DeallocatePacket(Packet* packet) {}
      |                           ~~~~~~~~^~~~~~
src/enemies/../network/RakServerInterface.h: In member function ‘int RakServerInterface::GetAveragePing(PlayerID)’:
src/enemies/../network/RakServerInterface.h:25:33: warning: unused parameter ‘playerId’ [-Wunused-parameter]
   25 |     int GetAveragePing(PlayerID playerId) { return 0; }
      |                        ~~~~~~~~~^~~~~~~~
src/enemies/../network/RakServerInterface.h: In member function ‘int RakServerInterface::GetLastPing(PlayerID)’:
src/enemies/../network/RakServerInterface.h:26:30: warning: unused parameter ‘playerId’ [-Wunused-parameter]
   26 |     int GetLastPing(PlayerID playerId) { return 0; }
      |                     ~~~~~~~~~^~~~~~~~
src/enemies/../network/RakServerInterface.h: In member function ‘int RakServerInterface::GetLowestPing(PlayerID)’:
src/enemies/../network/RakServerInterface.h:27:32: warning: unused parameter ‘playerId’ [-Wunused-parameter]
   27 |     int GetLowestPing(PlayerID playerId) { return 0; }
      |                       ~~~~~~~~~^~~~~~~~
src/enemies/../network/RakServerInterface.h: In member function ‘void RakServerInterface::Kick(PlayerID)’:
src/enemies/../network/RakServerInterface.h:28:24: warning: unused parameter ‘playerId’ [-Wunused-parameter]
   28 |     void Kick(PlayerID playerId) {}
      |               ~~~~~~~~~^~~~~~~~
src/enemies/../network/RakServerInterface.h: In member function ‘void RakServerInterface::SetAllowedPlayers(int)’:
src/enemies/../network/RakServerInterface.h:31:32: warning: unused parameter ‘maxPlayers’ [-Wunused-parameter]
   31 |     void SetAllowedPlayers(int maxPlayers) {}
      |                            ~~~~^~~~~~~~~~
src/enemies/../network/RakServerInterface.h: In member function ‘void* RakServerInterface::GetStatistics(PlayerID)’:
src/enemies/../network/RakServerInterface.h:35:34: warning: unused parameter ‘playerId’ [-Wunused-parameter]
   35 |     void* GetStatistics(PlayerID playerId) { return 0; }
      |                         ~~~~~~~~~^~~~~~~~
src/enemies/../network/RakNetworkFactory.h: In static member function ‘static void RakNetworkFactory::DestroyRakNetwork(void*)’:
src/enemies/../network/RakNetworkFactory.h:15:41: warning: unused parameter ‘network’ [-Wunused-parameter]
   15 |     static void DestroyRakNetwork(void* network) {}
      |                                   ~~~~~~^~~~~~~
src/enemies/ethree.cpp: In constructor ‘enemyThreeTower::enemyThreeTower(int, int, float, float, float, float, float, float)’:
src/enemies/ethree.cpp:24:115: warning: unused parameter ‘user5’ [-Wunused-parameter]
   24 | enemyThreeTower::enemyThreeTower(int px, int py, float pfreq, float pradius, float pspeed, float pstrength, float user5, float weaptype)
      |                                                                                                             ~~~~~~^~~~~
src/enemies/../network/RakServerInterface.h: At global scope:
src/enemies/../network/RakServerInterface.h:49:17: warning: ‘UNASSIGNED_PLAYER_ID’ defined but not used [-Wunused-variable]
   49 | static PlayerID UNASSIGNED_PLAYER_ID = {0, 0};
      |                 ^~~~~~~~~~~~~~~~~~~~
Compiling src/enemies/euser.cpp...
g++ -O2 -Wall -Wextra -std=c++11 -fpermissive -DDIRECT_ASSET_LOADING  -I/usr/include/lua5.4 -I./src -c src/enemies/euser.cpp -o obj/enemies/euser.o
In file included from src/enemies/../gsscript.h:16,
                 from src/enemies/../gsenemy.h:19,
                 from src/enemies/euser.h:17,
                 from src/enemies/euser.cpp:12:
src/enemies/../luaclass.h: In member function ‘void Lua::open(int)’:
src/enemies/../luaclass.h:20:23: warning: unused parameter ‘stacksize’ [-Wunused-parameter]
   20 |         void open(int stacksize = 0)
      |                   ~~~~^~~~~~~~~~~~~
src/enemies/../luaclass.h: In member function ‘void Lua::setgcthreshold(int)’:
src/enemies/../luaclass.h:136:33: warning: unused parameter ‘newthreshold’ [-Wunused-parameter]
  136 |         void setgcthreshold(int newthreshold)
      |                             ~~~~^~~~~~~~~~~~
src/enemies/../gsscript.h: At global scope:
src/enemies/../gsscript.h:43:43: warning: ISO C++ forbids converting a string constant to ‘char*’ [-Wwrite-strings]
   43 |     void  read_level_files(int=0, char *n="");
      |                                           ^~
Compiling src/weapons/bacid.cpp...
g++ -O2 -Wall -Wextra -std=c++11 -fpermissive -DDIRECT_ASSET_LOADING  -I/usr/include/lua5.4 -I./src -c src/weapons/bacid.cpp -o obj/weapons/bacid.o
In file included from src/weapons/../gsnetw.h:18,
                 from src/weapons/bacid.cpp:24:
src/weapons/../gsnetsrv.h:67:7: warning: extra tokens at end of #endif directive [-Wendif-labels]
   67 | #endif;
      |       ^
In file included from src/weapons/../gsbullet.h:17,
                 from src/weapons/bacid.h:17,
                 from src/weapons/bacid.cpp:12:
src/weapons/../luaclass.h: In member function ‘void Lua::open(int)’:
src/weapons/../luaclass.h:20:23: warning: unused parameter ‘stacksize’ [-Wunused-parameter]
   20 |         void open(int stacksize = 0)
      |                   ~~~~^~~~~~~~~~~~~
src/weapons/../luaclass.h: In member function ‘void Lua::setgcthreshold(int)’:
src/weapons/../luaclass.h:136:33: warning: unused parameter ‘newthreshold’ [-Wunused-parameter]
  136 |         void setgcthreshold(int newthreshold)
      |                             ~~~~^~~~~~~~~~~~
In file included from src/weapons/../gsenemy.h:19,
                 from src/weapons/bacid.cpp:22:
src/weapons/../gsscript.h: At global scope:
src/weapons/../gsscript.h:43:43: warning: ISO C++ forbids converting a string constant to ‘char*’ [-Wwrite-strings]
   43 |     void  read_level_files(int=0, char *n="");
      |                                           ^~
In file included from src/weapons/../gsnetcli.h:16,
                 from src/weapons/../gsnetw.h:17:
src/weapons/../network/BitStream.h: In constructor ‘BitStream::BitStream(char*, unsigned int, bool)’:
src/weapons/../network/BitStream.h:22:61: warning: unused parameter ‘_copyData’ [-Wunused-parameter]
   22 |     BitStream(char* _data, unsigned int lengthInBytes, bool _copyData) : data(_data), numberOfBitsAllocated(lengthInBytes * 8), numberOfBitsUsed(lengthInBytes * 8), readOffset(0), maxLength(lengthInBytes) {}
      |                                                        ~~~~~^~~~~~~~~
src/weapons/../network/BitStream.h: In member function ‘void BitStream::Write(int)’:
src/weapons/../network/BitStream.h:25:20: warning: unused parameter ‘data’ [-Wunused-parameter]
   25 |     void Write(int data) {}
      |                ~~~~^~~~
src/weapons/../network/BitStream.h: In member function ‘void BitStream::Write(unsigned char)’:
src/weapons/../network/BitStream.h:26:30: warning: unused parameter ‘data’ [-Wunused-parameter]
   26 |     void Write(unsigned char data) {}
      |                ~~~~~~~~~~~~~~^~~~
src/weapons/../network/BitStream.h: In member function ‘void BitStream::Write(char)’:
src/weapons/../network/BitStream.h:27:21: warning: unused parameter ‘data’ [-Wunused-parameter]
   27 |     void Write(char data) {}
      |                ~~~~~^~~~
src/weapons/../network/BitStream.h: In member function ‘void BitStream::Write(char*, unsigned int)’:
src/weapons/../network/BitStream.h:28:22: warning: unused parameter ‘data’ [-Wunused-parameter]
   28 |     void Write(char* data, const unsigned int length) {}
      |                ~~~~~~^~~~
src/weapons/../network/BitStream.h:28:47: warning: unused parameter ‘length’ [-Wunused-parameter]
   28 |     void Write(char* data, const unsigned int length) {}
      |                            ~~~~~~~~~~~~~~~~~~~^~~~~~
src/weapons/../network/BitStream.h: In member function ‘void BitStream::Write(long unsigned int)’:
src/weapons/../network/BitStream.h:29:30: warning: unused parameter ‘data’ [-Wunused-parameter]
   29 |     void Write(unsigned long data) {}
      |                ~~~~~~~~~~~~~~^~~~
src/weapons/../network/BitStream.h: In member function ‘void BitStream::Write(float)’:
src/weapons/../network/BitStream.h:30:22: warning: unused parameter ‘data’ [-Wunused-parameter]
   30 |     void Write(float data) {}
      |                ~~~~~~^~~~
src/weapons/../network/BitStream.h: In member function ‘void BitStream::Write(bool)’:
src/weapons/../network/BitStream.h:31:21: warning: unused parameter ‘data’ [-Wunused-parameter]
   31 |     void Write(bool data) {}
      |                ~~~~~^~~~
src/weapons/../network/BitStream.h: In member function ‘void BitStream::Read(char*&, unsigned int)’:
src/weapons/../network/BitStream.h:42:22: warning: unused parameter ‘data’ [-Wunused-parameter]
   42 |     void Read(char* &data, const unsigned int length) {}
      |               ~~~~~~~^~~~
src/weapons/../network/BitStream.h:42:47: warning: unused parameter ‘length’ [-Wunused-parameter]
   42 |     void Read(char* &data, const unsigned int length) {}
      |                            ~~~~~~~~~~~~~~~~~~~^~~~~~
src/weapons/../network/BitStream.h: In member function ‘void BitStream::Read(const char*&, unsigned int)’:
src/weapons/../network/BitStream.h:43:28: warning: unused parameter ‘data’ [-Wunused-parameter]
   43 |     void Read(const char* &data, const unsigned int length) {}
      |               ~~~~~~~~~~~~~^~~~
src/weapons/../network/BitStream.h:43:53: warning: unused parameter ‘length’ [-Wunused-parameter]
   43 |     void Read(const char* &data, const unsigned int length) {}
      |                                  ~~~~~~~~~~~~~~~~~~~^~~~~~
src/weapons/../network/BitStream.h: In member function ‘void BitStream::Read(void*, unsigned int)’:
src/weapons/../network/BitStream.h:44:21: warning: unused parameter ‘data’ [-Wunused-parameter]
   44 |     void Read(void* data, const unsigned int length) {}
      |               ~~~~~~^~~~
src/weapons/../network/BitStream.h:44:46: warning: unused parameter ‘length’ [-Wunused-parameter]
   44 |     void Read(void* data, const unsigned int length) {}
      |                           ~~~~~~~~~~~~~~~~~~~^~~~~~
src/weapons/../network/BitStream.h: In member function ‘void BitStream::SetWriteOffset(unsigned int)’:
src/weapons/../network/BitStream.h:47:38: warning: unused parameter ‘offset’ [-Wunused-parameter]
   47 |     void SetWriteOffset(unsigned int offset) {}
      |                         ~~~~~~~~~~~~~^~~~~~
In file included from src/weapons/../network/RakNetworkFactory.h:9,
                 from src/weapons/../gsnetcli.h:17:
src/weapons/../network/RakClientInterface.h: In member function ‘bool RakClientInterface::Connect(const char*, short unsigned int, const char*, short unsigned int)’:
src/weapons/../network/RakClientInterface.h:17:30: warning: unused parameter ‘serverIP’ [-Wunused-parameter]
   17 |     bool Connect(const char* serverIP, unsigned short serverPort, const char* clientIP, unsigned short clientPort) { return false; }
      |                  ~~~~~~~~~~~~^~~~~~~~
src/weapons/../network/RakClientInterface.h:17:55: warning: unused parameter ‘serverPort’ [-Wunused-parameter]
   17 |     bool Connect(const char* serverIP, unsigned short serverPort, const char* clientIP, unsigned short clientPort) { return false; }
      |                                        ~~~~~~~~~~~~~~~^~~~~~~~~~
src/weapons/../network/RakClientInterface.h:17:79: warning: unused parameter ‘clientIP’ [-Wunused-parameter]
   17 |     bool Connect(const char* serverIP, unsigned short serverPort, const char* clientIP, unsigned short clientPort) { return false; }
      |                                                                   ~~~~~~~~~~~~^~~~~~~~
src/weapons/../network/RakClientInterface.h:17:104: warning: unused parameter ‘clientPort’ [-Wunused-parameter]
   17 |     bool Connect(const char* serverIP, unsigned short serverPort, const char* clientIP, unsigned short clientPort) { return false; }
      |                                                                                         ~~~~~~~~~~~~~~~^~~~~~~~~~
src/weapons/../network/RakClientInterface.h: In member function ‘bool RakClientInterface::Connect(const char*, short unsigned int, short unsigned int, unsigned int, int)’:
src/weapons/../network/RakClientInterface.h:18:30: warning: unused parameter ‘host’ [-Wunused-parameter]
   18 |     bool Connect(const char* host, unsigned short serverPort, unsigned short clientPort, unsigned int connectionValidationInteger, int timeoutMS) { return false; }
      |                  ~~~~~~~~~~~~^~~~
src/weapons/../network/RakClientInterface.h:18:51: warning: unused parameter ‘serverPort’ [-Wunused-parameter]
   18 |     bool Connect(const char* host, unsigned short serverPort, unsigned short clientPort, unsigned int connectionValidationInteger, int timeoutMS) { return false; }
      |                                    ~~~~~~~~~~~~~~~^~~~~~~~~~
src/weapons/../network/RakClientInterface.h:18:78: warning: unused parameter ‘clientPort’ [-Wunused-parameter]
   18 |     bool Connect(const char* host, unsigned short serverPort, unsigned short clientPort, unsigned int connectionValidationInteger, int timeoutMS) { return false; }
      |                                                               ~~~~~~~~~~~~~~~^~~~~~~~~~
src/weapons/../network/RakClientInterface.h:18:103: warning: unused parameter ‘connectionValidationInteger’ [-Wunused-parameter]
   18 |     bool Connect(const char* host, unsigned short serverPort, unsigned short clientPort, unsigned int connectionValidationInteger, int timeoutMS) { return false; }
      |                                                                                          ~~~~~~~~~~~~~^~~~~~~~~~~~~~~~~~~~~~~~~~~
src/weapons/../network/RakClientInterface.h:18:136: warning: unused parameter ‘timeoutMS’ [-Wunused-parameter]
   18 |     bool Connect(const char* host, unsigned short serverPort, unsigned short clientPort, unsigned int connectionValidationInteger, int timeoutMS) { return false; }
      |                                                                                                                                    ~~~~^~~~~~~~~
src/weapons/../network/RakClientInterface.h: In member function ‘void RakClientInterface::Disconnect(unsigned int, unsigned char)’:
src/weapons/../network/RakClientInterface.h:19:34: warning: unused parameter ‘blockDuration’ [-Wunused-parameter]
   19 |     void Disconnect(unsigned int blockDuration = 0, unsigned char orderingChannel = 0) {}
      |                     ~~~~~~~~~~~~~^~~~~~~~~~~~~~~~~
src/weapons/../network/RakClientInterface.h:19:67: warning: unused parameter ‘orderingChannel’ [-Wunused-parameter]
   19 |     void Disconnect(unsigned int blockDuration = 0, unsigned char orderingChannel = 0) {}
      |                                                     ~~~~~~~~~~~~~~^~~~~~~~~~~~~~~~~~~
src/weapons/../network/RakClientInterface.h: In member function ‘void RakClientInterface::PingServer(const char*, short unsigned int, short unsigned int)’:
src/weapons/../network/RakClientInterface.h:21:33: warning: unused parameter ‘host’ [-Wunused-parameter]
   21 |     void PingServer(const char* host, unsigned short remotePort, unsigned short sendPort) {}
      |                     ~~~~~~~~~~~~^~~~
src/weapons/../network/RakClientInterface.h:21:54: warning: unused parameter ‘remotePort’ [-Wunused-parameter]
   21 |     void PingServer(const char* host, unsigned short remotePort, unsigned short sendPort) {}
      |                                       ~~~~~~~~~~~~~~~^~~~~~~~~~
src/weapons/../network/RakClientInterface.h:21:81: warning: unused parameter ‘sendPort’ [-Wunused-parameter]
   21 |     void PingServer(const char* host, unsigned short remotePort, unsigned short sendPort) {}
      |                                                                  ~~~~~~~~~~~~~~~^~~~~~~~
src/weapons/../network/RakClientInterface.h: In member function ‘bool RakClientInterface::Send(const char*, int, unsigned char, char, char, PlayerID, bool)’:
src/weapons/../network/RakClientInterface.h:25:27: warning: unused parameter ‘data’ [-Wunused-parameter]
   25 |     bool Send(const char* data, int length, unsigned char priority, char reliability, char orderingChannel, PlayerID playerId, bool broadcast) { return true; }
      |               ~~~~~~~~~~~~^~~~
src/weapons/../network/RakClientInterface.h:25:37: warning: unused parameter ‘length’ [-Wunused-parameter]
   25 |     bool Send(const char* data, int length, unsigned char priority, char reliability, char orderingChannel, PlayerID playerId, bool broadcast) { return true; }
      |                                 ~~~~^~~~~~
src/weapons/../network/RakClientInterface.h:25:59: warning: unused parameter ‘priority’ [-Wunused-parameter]
   25 |     bool Send(const char* data, int length, unsigned char priority, char reliability, char orderingChannel, PlayerID playerId, bool broadcast) { return true; }
      |                                             ~~~~~~~~~~~~~~^~~~~~~~
src/weapons/../network/RakClientInterface.h:25:74: warning: unused parameter ‘reliability’ [-Wunused-parameter]
   25 |     bool Send(const char* data, int length, unsigned char priority, char reliability, char orderingChannel, PlayerID playerId, bool broadcast) { return true; }
      |                                                                     ~~~~~^~~~~~~~~~~
src/weapons/../network/RakClientInterface.h:25:92: warning: unused parameter ‘orderingChannel’ [-Wunused-parameter]
   25 |     bool Send(const char* data, int length, unsigned char priority, char reliability, char orderingChannel, PlayerID playerId, bool broadcast) { return true; }
      |                                                                                       ~~~~~^~~~~~~~~~~~~~~
src/weapons/../network/RakClientInterface.h:25:118: warning: unused parameter ‘playerId’ [-Wunused-parameter]
   25 |     bool Send(const char* data, int length, unsigned char priority, char reliability, char orderingChannel, PlayerID playerId, bool broadcast) { return true; }
      |                                                                                                             ~~~~~~~~~^~~~~~~~
src/weapons/../network/RakClientInterface.h:25:133: warning: unused parameter ‘broadcast’ [-Wunused-parameter]
   25 |     bool Send(const char* data, int length, unsigned char priority, char reliability, char orderingChannel, PlayerID playerId, bool broadcast) { return true; }
      |                                                                                                                                ~~~~~^~~~~~~~~
src/weapons/../network/RakClientInterface.h: In member function ‘bool RakClientInterface::Send(BitStream*, unsigned char, char, char)’:
src/weapons/../network/RakClientInterface.h:26:32: warning: unused parameter ‘bitStream’ [-Wunused-parameter]
   26 |     bool Send(class BitStream *bitStream, unsigned char priority, char reliability, char orderingChannel) { return true; }
      |               ~~~~~~~~~~~~~~~~~^~~~~~~~~
src/weapons/../network/RakClientInterface.h:26:57: warning: unused parameter ‘priority’ [-Wunused-parameter]
   26 |     bool Send(class BitStream *bitStream, unsigned char priority, char reliability, char orderingChannel) { return true; }
      |                                           ~~~~~~~~~~~~~~^~~~~~~~
src/weapons/../network/RakClientInterface.h:26:72: warning: unused parameter ‘reliability’ [-Wunused-parameter]
   26 |     bool Send(class BitStream *bitStream, unsigned char priority, char reliability, char orderingChannel) { return true; }
      |                                                                   ~~~~~^~~~~~~~~~~
src/weapons/../network/RakClientInterface.h:26:90: warning: unused parameter ‘orderingChannel’ [-Wunused-parameter]
   26 |     bool Send(class BitStream *bitStream, unsigned char priority, char reliability, char orderingChannel) { return true; }
      |                                                                                     ~~~~~^~~~~~~~~~~~~~~
src/weapons/../network/RakClientInterface.h: In member function ‘void RakClientInterface::PushBackPacket(Packet*, bool)’:
src/weapons/../network/RakClientInterface.h:27:33: warning: unused parameter ‘packet’ [-Wunused-parameter]
   27 |     void PushBackPacket(Packet* packet, bool pushAtHead) {}
      |                         ~~~~~~~~^~~~~~
src/weapons/../network/RakClientInterface.h:27:46: warning: unused parameter ‘pushAtHead’ [-Wunused-parameter]
   27 |     void PushBackPacket(Packet* packet, bool pushAtHead) {}
      |                                         ~~~~~^~~~~~~~~~
src/weapons/../network/RakClientInterface.h: In member function ‘void RakClientInterface::DeallocatePacket(Packet*)’:
src/weapons/../network/RakClientInterface.h:35:35: warning: unused parameter ‘packet’ [-Wunused-parameter]
   35 |     void DeallocatePacket(Packet *packet) {}
      |                           ~~~~~~~~^~~~~~
src/weapons/../network/RakClientInterface.h: In member function ‘const char* RakClientInterface::PlayerIDToDottedIP(PlayerID)’:
src/weapons/../network/RakClientInterface.h:36:45: warning: unused parameter ‘playerId’ [-Wunused-parameter]
   36 |     const char* PlayerIDToDottedIP(PlayerID playerId) { return "0.0.0.0"; }
      |                                    ~~~~~~~~~^~~~~~~~
In file included from src/weapons/../network/RakNetworkFactory.h:10:
src/weapons/../network/RakServerInterface.h: In member function ‘bool RakServerInterface::Start(int, int, int, int)’:
src/weapons/../network/RakServerInterface.h:19:20: warning: unused parameter ‘AllowedPlayers’ [-Wunused-parameter]
   19 |     bool Start(int AllowedPlayers, int connectionValidationInteger, int threadSleepTimer, int port) { return false; }
      |                ~~~~^~~~~~~~~~~~~~
src/weapons/../network/RakServerInterface.h:19:40: warning: unused parameter ‘connectionValidationInteger’ [-Wunused-parameter]
   19 |     bool Start(int AllowedPlayers, int connectionValidationInteger, int threadSleepTimer, int port) { return false; }
      |                                    ~~~~^~~~~~~~~~~~~~~~~~~~~~~~~~~
src/weapons/../network/RakServerInterface.h:19:73: warning: unused parameter ‘threadSleepTimer’ [-Wunused-parameter]
   19 |     bool Start(int AllowedPlayers, int connectionValidationInteger, int threadSleepTimer, int port) { return false; }
      |                                                                     ~~~~^~~~~~~~~~~~~~~~
src/weapons/../network/RakServerInterface.h:19:95: warning: unused parameter ‘port’ [-Wunused-parameter]
   19 |     bool Start(int AllowedPlayers, int connectionValidationInteger, int threadSleepTimer, int port) { return false; }
      |                                                                                           ~~~~^~~~
src/weapons/../network/RakServerInterface.h: In member function ‘void RakServerInterface::Disconnect(unsigned int, unsigned char)’:
src/weapons/../network/RakServerInterface.h:20:34: warning: unused parameter ‘blockDuration’ [-Wunused-parameter]
   20 |     void Disconnect(unsigned int blockDuration = 0, unsigned char orderingChannel = 0) {}
      |                     ~~~~~~~~~~~~~^~~~~~~~~~~~~~~~~
src/weapons/../network/RakServerInterface.h:20:67: warning: unused parameter ‘orderingChannel’ [-Wunused-parameter]
   20 |     void Disconnect(unsigned int blockDuration = 0, unsigned char orderingChannel = 0) {}
      |                                                     ~~~~~~~~~~~~~~^~~~~~~~~~~~~~~~~~~
src/weapons/../network/RakServerInterface.h: In member function ‘bool RakServerInterface::Send(const char*, int, unsigned char, char, char, PlayerID, bool)’:
src/weapons/../network/RakServerInterface.h:21:27: warning: unused parameter ‘data’ [-Wunused-parameter]
   21 |     bool Send(const char* data, int length, unsigned char priority, char reliability, char orderingChannel, PlayerID playerId, bool broadcast) { return true; }
      |               ~~~~~~~~~~~~^~~~
src/weapons/../network/RakServerInterface.h:21:37: warning: unused parameter ‘length’ [-Wunused-parameter]
   21 |     bool Send(const char* data, int length, unsigned char priority, char reliability, char orderingChannel, PlayerID playerId, bool broadcast) { return true; }
      |                                 ~~~~^~~~~~
src/weapons/../network/RakServerInterface.h:21:59: warning: unused parameter ‘priority’ [-Wunused-parameter]
   21 |     bool Send(const char* data, int length, unsigned char priority, char reliability, char orderingChannel, PlayerID playerId, bool broadcast) { return true; }
      |                                             ~~~~~~~~~~~~~~^~~~~~~~
src/weapons/../network/RakServerInterface.h:21:74: warning: unused parameter ‘reliability’ [-Wunused-parameter]
   21 |     bool Send(const char* data, int length, unsigned char priority, char reliability, char orderingChannel, PlayerID playerId, bool broadcast) { return true; }
      |                                                                     ~~~~~^~~~~~~~~~~
src/weapons/../network/RakServerInterface.h:21:92: warning: unused parameter ‘orderingChannel’ [-Wunused-parameter]
   21 |     bool Send(const char* data, int length, unsigned char priority, char reliability, char orderingChannel, PlayerID playerId, bool broadcast) { return true; }
      |                                                                                       ~~~~~^~~~~~~~~~~~~~~
src/weapons/../network/RakServerInterface.h:21:118: warning: unused parameter ‘playerId’ [-Wunused-parameter]
   21 |     bool Send(const char* data, int length, unsigned char priority, char reliability, char orderingChannel, PlayerID playerId, bool broadcast) { return true; }
      |                                                                                                             ~~~~~~~~~^~~~~~~~
src/weapons/../network/RakServerInterface.h:21:133: warning: unused parameter ‘broadcast’ [-Wunused-parameter]
   21 |     bool Send(const char* data, int length, unsigned char priority, char reliability, char orderingChannel, PlayerID playerId, bool broadcast) { return true; }
      |                                                                                                                                ~~~~~^~~~~~~~~
src/weapons/../network/RakServerInterface.h: In member function ‘bool RakServerInterface::Send(BitStream*, unsigned char, char, char, PlayerID, bool)’:
src/weapons/../network/RakServerInterface.h:22:32: warning: unused parameter ‘bitStream’ [-Wunused-parameter]
   22 |     bool Send(class BitStream *bitStream, unsigned char priority, char reliability, char orderingChannel, PlayerID playerId, bool broadcast) { return true; }
      |               ~~~~~~~~~~~~~~~~~^~~~~~~~~
src/weapons/../network/RakServerInterface.h:22:57: warning: unused parameter ‘priority’ [-Wunused-parameter]
   22 |     bool Send(class BitStream *bitStream, unsigned char priority, char reliability, char orderingChannel, PlayerID playerId, bool broadcast) { return true; }
      |                                           ~~~~~~~~~~~~~~^~~~~~~~
src/weapons/../network/RakServerInterface.h:22:72: warning: unused parameter ‘reliability’ [-Wunused-parameter]
   22 |     bool Send(class BitStream *bitStream, unsigned char priority, char reliability, char orderingChannel, PlayerID playerId, bool broadcast) { return true; }
      |                                                                   ~~~~~^~~~~~~~~~~
src/weapons/../network/RakServerInterface.h:22:90: warning: unused parameter ‘orderingChannel’ [-Wunused-parameter]
   22 |     bool Send(class BitStream *bitStream, unsigned char priority, char reliability, char orderingChannel, PlayerID playerId, bool broadcast) { return true; }
      |                                                                                     ~~~~~^~~~~~~~~~~~~~~
src/weapons/../network/RakServerInterface.h:22:116: warning: unused parameter ‘playerId’ [-Wunused-parameter]
   22 |     bool Send(class BitStream *bitStream, unsigned char priority, char reliability, char orderingChannel, PlayerID playerId, bool broadcast) { return true; }
      |                                                                                                           ~~~~~~~~~^~~~~~~~
src/weapons/../network/RakServerInterface.h:22:131: warning: unused parameter ‘broadcast’ [-Wunused-parameter]
   22 |     bool Send(class BitStream *bitStream, unsigned char priority, char reliability, char orderingChannel, PlayerID playerId, bool broadcast) { return true; }
      |                                                                                                                              ~~~~~^~~~~~~~~
src/weapons/../network/RakServerInterface.h: In member function ‘void RakServerInterface::PushBackPacket(Packet*, bool)’:
src/weapons/../network/RakServerInterface.h:23:33: warning: unused parameter ‘packet’ [-Wunused-parameter]
   23 |     void PushBackPacket(Packet* packet, bool pushAtHead) {}
      |                         ~~~~~~~~^~~~~~
src/weapons/../network/RakServerInterface.h:23:46: warning: unused parameter ‘pushAtHead’ [-Wunused-parameter]
   23 |     void PushBackPacket(Packet* packet, bool pushAtHead) {}
      |                                         ~~~~~^~~~~~~~~~
src/weapons/../network/RakServerInterface.h: In member function ‘void RakServerInterface::DeallocatePacket(Packet*)’:
src/weapons/../network/RakServerInterface.h:24:35: warning: unused parameter ‘packet’ [-Wunused-parameter]
   24 |     void DeallocatePacket(Packet* packet) {}
      |                           ~~~~~~~~^~~~~~
src/weapons/../network/RakServerInterface.h: In member function ‘int RakServerInterface::GetAveragePing(PlayerID)’:
src/weapons/../network/RakServerInterface.h:25:33: warning: unused parameter ‘playerId’ [-Wunused-parameter]
   25 |     int GetAveragePing(PlayerID playerId) { return 0; }
      |                        ~~~~~~~~~^~~~~~~~
src/weapons/../network/RakServerInterface.h: In member function ‘int RakServerInterface::GetLastPing(PlayerID)’:
src/weapons/../network/RakServerInterface.h:26:30: warning: unused parameter ‘playerId’ [-Wunused-parameter]
   26 |     int GetLastPing(PlayerID playerId) { return 0; }
      |                     ~~~~~~~~~^~~~~~~~
src/weapons/../network/RakServerInterface.h: In member function ‘int RakServerInterface::GetLowestPing(PlayerID)’:
src/weapons/../network/RakServerInterface.h:27:32: warning: unused parameter ‘playerId’ [-Wunused-parameter]
   27 |     int GetLowestPing(PlayerID playerId) { return 0; }
      |                       ~~~~~~~~~^~~~~~~~
src/weapons/../network/RakServerInterface.h: In member function ‘void RakServerInterface::Kick(PlayerID)’:
src/weapons/../network/RakServerInterface.h:28:24: warning: unused parameter ‘playerId’ [-Wunused-parameter]
   28 |     void Kick(PlayerID playerId) {}
      |               ~~~~~~~~~^~~~~~~~
src/weapons/../network/RakServerInterface.h: In member function ‘void RakServerInterface::SetAllowedPlayers(int)’:
src/weapons/../network/RakServerInterface.h:31:32: warning: unused parameter ‘maxPlayers’ [-Wunused-parameter]
   31 |     void SetAllowedPlayers(int maxPlayers) {}
      |                            ~~~~^~~~~~~~~~
src/weapons/../network/RakServerInterface.h: In member function ‘void* RakServerInterface::GetStatistics(PlayerID)’:
src/weapons/../network/RakServerInterface.h:35:34: warning: unused parameter ‘playerId’ [-Wunused-parameter]
   35 |     void* GetStatistics(PlayerID playerId) { return 0; }
      |                         ~~~~~~~~~^~~~~~~~
src/weapons/../network/RakNetworkFactory.h: In static member function ‘static void RakNetworkFactory::DestroyRakNetwork(void*)’:
src/weapons/../network/RakNetworkFactory.h:15:41: warning: unused parameter ‘network’ [-Wunused-parameter]
   15 |     static void DestroyRakNetwork(void* network) {}
      |                                   ~~~~~~^~~~~~~
src/weapons/bacid.cpp: In member function ‘virtual int bulletAcid::check_map_collisions(gsMap*)’:
src/weapons/bacid.cpp:216:50: warning: suggest parentheses around ‘&&’ within ‘||’ [-Wparentheses]
  216 |     if  (m->is_pixel((int)x+xspd-4, (int)y-yspd) && (wx=1) ||
      |          ~~~~~~~~~~~~~~~~~~~~~~~~~~~~~~~~~~~~~~~~^~~~~~~~~
src/weapons/bacid.cpp:218:50: warning: suggest parentheses around ‘&&’ within ‘||’ [-Wparentheses]
  218 |          m->is_pixel((int)x+xspd, (int)y-yspd-4) && (wx=3) ||
      |          ~~~~~~~~~~~~~~~~~~~~~~~~~~~~~~~~~~~~~~~~^~~~~~~~~
src/weapons/bacid.cpp:219:50: warning: suggest parentheses around ‘&&’ within ‘||’ [-Wparentheses]
  219 |          m->is_pixel((int)x+xspd, (int)y-yspd+4) && (wx=4) )
      |          ~~~~~~~~~~~~~~~~~~~~~~~~~~~~~~~~~~~~~~~~^~~~~~~~~
src/weapons/bacid.cpp:224:51: warning: suggest parentheses around ‘&&’ within ‘||’ [-Wparentheses]
  224 |     if  (m->is_pixel((int)x+xspd-10, (int)y-yspd) && (wx=1) ||
      |          ~~~~~~~~~~~~~~~~~~~~~~~~~~~~~~~~~~~~~~~~~^~~~~~~~~
src/weapons/bacid.cpp:226:51: warning: suggest parentheses around ‘&&’ within ‘||’ [-Wparentheses]
  226 |          m->is_pixel((int)x+xspd, (int)y-yspd-10) && (wx=3) ||
      |          ~~~~~~~~~~~~~~~~~~~~~~~~~~~~~~~~~~~~~~~~~^~~~~~~~~
src/weapons/bacid.cpp:227:51: warning: suggest parentheses around ‘&&’ within ‘||’ [-Wparentheses]
  227 |          m->is_pixel((int)x+xspd, (int)y-yspd+10) && (wx=4) )
      |          ~~~~~~~~~~~~~~~~~~~~~~~~~~~~~~~~~~~~~~~~~^~~~~~~~~
src/weapons/../network/RakServerInterface.h: At global scope:
src/weapons/../network/RakServerInterface.h:49:17: warning: ‘UNASSIGNED_PLAYER_ID’ defined but not used [-Wunused-variable]
   49 | static PlayerID UNASSIGNED_PLAYER_ID = {0, 0};
      |                 ^~~~~~~~~~~~~~~~~~~~
Compiling src/weapons/bbigbomb.cpp...
g++ -O2 -Wall -Wextra -std=c++11 -fpermissive -DDIRECT_ASSET_LOADING  -I/usr/include/lua5.4 -I./src -c src/weapons/bbigbomb.cpp -o obj/weapons/bbigbomb.o
In file included from src/weapons/../gsnetw.h:18,
                 from src/weapons/bbigbomb.cpp:24:
src/weapons/../gsnetsrv.h:67:7: warning: extra tokens at end of #endif directive [-Wendif-labels]
   67 | #endif;
      |       ^
In file included from src/weapons/../gsbullet.h:17,
                 from src/weapons/bbigbomb.h:17,
                 from src/weapons/bbigbomb.cpp:12:
src/weapons/../luaclass.h: In member function ‘void Lua::open(int)’:
src/weapons/../luaclass.h:20:23: warning: unused parameter ‘stacksize’ [-Wunused-parameter]
   20 |         void open(int stacksize = 0)
      |                   ~~~~^~~~~~~~~~~~~
src/weapons/../luaclass.h: In member function ‘void Lua::setgcthreshold(int)’:
src/weapons/../luaclass.h:136:33: warning: unused parameter ‘newthreshold’ [-Wunused-parameter]
  136 |         void setgcthreshold(int newthreshold)
      |                             ~~~~^~~~~~~~~~~~
In file included from src/weapons/../gsenemy.h:19,
                 from src/weapons/bbigbomb.cpp:22:
src/weapons/../gsscript.h: At global scope:
src/weapons/../gsscript.h:43:43: warning: ISO C++ forbids converting a string constant to ‘char*’ [-Wwrite-strings]
   43 |     void  read_level_files(int=0, char *n="");
      |                                           ^~
In file included from src/weapons/../gsnetcli.h:16,
                 from src/weapons/../gsnetw.h:17:
src/weapons/../network/BitStream.h: In constructor ‘BitStream::BitStream(char*, unsigned int, bool)’:
src/weapons/../network/BitStream.h:22:61: warning: unused parameter ‘_copyData’ [-Wunused-parameter]
   22 |     BitStream(char* _data, unsigned int lengthInBytes, bool _copyData) : data(_data), numberOfBitsAllocated(lengthInBytes * 8), numberOfBitsUsed(lengthInBytes * 8), readOffset(0), maxLength(lengthInBytes) {}
      |                                                        ~~~~~^~~~~~~~~
src/weapons/../network/BitStream.h: In member function ‘void BitStream::Write(int)’:
src/weapons/../network/BitStream.h:25:20: warning: unused parameter ‘data’ [-Wunused-parameter]
   25 |     void Write(int data) {}
      |                ~~~~^~~~
src/weapons/../network/BitStream.h: In member function ‘void BitStream::Write(unsigned char)’:
src/weapons/../network/BitStream.h:26:30: warning: unused parameter ‘data’ [-Wunused-parameter]
   26 |     void Write(unsigned char data) {}
      |                ~~~~~~~~~~~~~~^~~~
src/weapons/../network/BitStream.h: In member function ‘void BitStream::Write(char)’:
src/weapons/../network/BitStream.h:27:21: warning: unused parameter ‘data’ [-Wunused-parameter]
   27 |     void Write(char data) {}
      |                ~~~~~^~~~
src/weapons/../network/BitStream.h: In member function ‘void BitStream::Write(char*, unsigned int)’:
src/weapons/../network/BitStream.h:28:22: warning: unused parameter ‘data’ [-Wunused-parameter]
   28 |     void Write(char* data, const unsigned int length) {}
      |                ~~~~~~^~~~
src/weapons/../network/BitStream.h:28:47: warning: unused parameter ‘length’ [-Wunused-parameter]
   28 |     void Write(char* data, const unsigned int length) {}
      |                            ~~~~~~~~~~~~~~~~~~~^~~~~~
src/weapons/../network/BitStream.h: In member function ‘void BitStream::Write(long unsigned int)’:
src/weapons/../network/BitStream.h:29:30: warning: unused parameter ‘data’ [-Wunused-parameter]
   29 |     void Write(unsigned long data) {}
      |                ~~~~~~~~~~~~~~^~~~
src/weapons/../network/BitStream.h: In member function ‘void BitStream::Write(float)’:
src/weapons/../network/BitStream.h:30:22: warning: unused parameter ‘data’ [-Wunused-parameter]
   30 |     void Write(float data) {}
      |                ~~~~~~^~~~
src/weapons/../network/BitStream.h: In member function ‘void BitStream::Write(bool)’:
src/weapons/../network/BitStream.h:31:21: warning: unused parameter ‘data’ [-Wunused-parameter]
   31 |     void Write(bool data) {}
      |                ~~~~~^~~~
src/weapons/../network/BitStream.h: In member function ‘void BitStream::Read(char*&, unsigned int)’:
src/weapons/../network/BitStream.h:42:22: warning: unused parameter ‘data’ [-Wunused-parameter]
   42 |     void Read(char* &data, const unsigned int length) {}
      |               ~~~~~~~^~~~
src/weapons/../network/BitStream.h:42:47: warning: unused parameter ‘length’ [-Wunused-parameter]
   42 |     void Read(char* &data, const unsigned int length) {}
      |                            ~~~~~~~~~~~~~~~~~~~^~~~~~
src/weapons/../network/BitStream.h: In member function ‘void BitStream::Read(const char*&, unsigned int)’:
src/weapons/../network/BitStream.h:43:28: warning: unused parameter ‘data’ [-Wunused-parameter]
   43 |     void Read(const char* &data, const unsigned int length) {}
      |               ~~~~~~~~~~~~~^~~~
src/weapons/../network/BitStream.h:43:53: warning: unused parameter ‘length’ [-Wunused-parameter]
   43 |     void Read(const char* &data, const unsigned int length) {}
      |                                  ~~~~~~~~~~~~~~~~~~~^~~~~~
src/weapons/../network/BitStream.h: In member function ‘void BitStream::Read(void*, unsigned int)’:
src/weapons/../network/BitStream.h:44:21: warning: unused parameter ‘data’ [-Wunused-parameter]
   44 |     void Read(void* data, const unsigned int length) {}
      |               ~~~~~~^~~~
src/weapons/../network/BitStream.h:44:46: warning: unused parameter ‘length’ [-Wunused-parameter]
   44 |     void Read(void* data, const unsigned int length) {}
      |                           ~~~~~~~~~~~~~~~~~~~^~~~~~
src/weapons/../network/BitStream.h: In member function ‘void BitStream::SetWriteOffset(unsigned int)’:
src/weapons/../network/BitStream.h:47:38: warning: unused parameter ‘offset’ [-Wunused-parameter]
   47 |     void SetWriteOffset(unsigned int offset) {}
      |                         ~~~~~~~~~~~~~^~~~~~
In file included from src/weapons/../network/RakNetworkFactory.h:9,
                 from src/weapons/../gsnetcli.h:17:
src/weapons/../network/RakClientInterface.h: In member function ‘bool RakClientInterface::Connect(const char*, short unsigned int, const char*, short unsigned int)’:
src/weapons/../network/RakClientInterface.h:17:30: warning: unused parameter ‘serverIP’ [-Wunused-parameter]
   17 |     bool Connect(const char* serverIP, unsigned short serverPort, const char* clientIP, unsigned short clientPort) { return false; }
      |                  ~~~~~~~~~~~~^~~~~~~~
src/weapons/../network/RakClientInterface.h:17:55: warning: unused parameter ‘serverPort’ [-Wunused-parameter]
   17 |     bool Connect(const char* serverIP, unsigned short serverPort, const char* clientIP, unsigned short clientPort) { return false; }
      |                                        ~~~~~~~~~~~~~~~^~~~~~~~~~
src/weapons/../network/RakClientInterface.h:17:79: warning: unused parameter ‘clientIP’ [-Wunused-parameter]
   17 |     bool Connect(const char* serverIP, unsigned short serverPort, const char* clientIP, unsigned short clientPort) { return false; }
      |                                                                   ~~~~~~~~~~~~^~~~~~~~
src/weapons/../network/RakClientInterface.h:17:104: warning: unused parameter ‘clientPort’ [-Wunused-parameter]
   17 |     bool Connect(const char* serverIP, unsigned short serverPort, const char* clientIP, unsigned short clientPort) { return false; }
      |                                                                                         ~~~~~~~~~~~~~~~^~~~~~~~~~
src/weapons/../network/RakClientInterface.h: In member function ‘bool RakClientInterface::Connect(const char*, short unsigned int, short unsigned int, unsigned int, int)’:
src/weapons/../network/RakClientInterface.h:18:30: warning: unused parameter ‘host’ [-Wunused-parameter]
   18 |     bool Connect(const char* host, unsigned short serverPort, unsigned short clientPort, unsigned int connectionValidationInteger, int timeoutMS) { return false; }
      |                  ~~~~~~~~~~~~^~~~
src/weapons/../network/RakClientInterface.h:18:51: warning: unused parameter ‘serverPort’ [-Wunused-parameter]
   18 |     bool Connect(const char* host, unsigned short serverPort, unsigned short clientPort, unsigned int connectionValidationInteger, int timeoutMS) { return false; }
      |                                    ~~~~~~~~~~~~~~~^~~~~~~~~~
src/weapons/../network/RakClientInterface.h:18:78: warning: unused parameter ‘clientPort’ [-Wunused-parameter]
   18 |     bool Connect(const char* host, unsigned short serverPort, unsigned short clientPort, unsigned int connectionValidationInteger, int timeoutMS) { return false; }
      |                                                               ~~~~~~~~~~~~~~~^~~~~~~~~~
src/weapons/../network/RakClientInterface.h:18:103: warning: unused parameter ‘connectionValidationInteger’ [-Wunused-parameter]
   18 |     bool Connect(const char* host, unsigned short serverPort, unsigned short clientPort, unsigned int connectionValidationInteger, int timeoutMS) { return false; }
      |                                                                                          ~~~~~~~~~~~~~^~~~~~~~~~~~~~~~~~~~~~~~~~~
src/weapons/../network/RakClientInterface.h:18:136: warning: unused parameter ‘timeoutMS’ [-Wunused-parameter]
   18 |     bool Connect(const char* host, unsigned short serverPort, unsigned short clientPort, unsigned int connectionValidationInteger, int timeoutMS) { return false; }
      |                                                                                                                                    ~~~~^~~~~~~~~
src/weapons/../network/RakClientInterface.h: In member function ‘void RakClientInterface::Disconnect(unsigned int, unsigned char)’:
src/weapons/../network/RakClientInterface.h:19:34: warning: unused parameter ‘blockDuration’ [-Wunused-parameter]
   19 |     void Disconnect(unsigned int blockDuration = 0, unsigned char orderingChannel = 0) {}
      |                     ~~~~~~~~~~~~~^~~~~~~~~~~~~~~~~
src/weapons/../network/RakClientInterface.h:19:67: warning: unused parameter ‘orderingChannel’ [-Wunused-parameter]
   19 |     void Disconnect(unsigned int blockDuration = 0, unsigned char orderingChannel = 0) {}
      |                                                     ~~~~~~~~~~~~~~^~~~~~~~~~~~~~~~~~~
src/weapons/../network/RakClientInterface.h: In member function ‘void RakClientInterface::PingServer(const char*, short unsigned int, short unsigned int)’:
src/weapons/../network/RakClientInterface.h:21:33: warning: unused parameter ‘host’ [-Wunused-parameter]
   21 |     void PingServer(const char* host, unsigned short remotePort, unsigned short sendPort) {}
      |                     ~~~~~~~~~~~~^~~~
src/weapons/../network/RakClientInterface.h:21:54: warning: unused parameter ‘remotePort’ [-Wunused-parameter]
   21 |     void PingServer(const char* host, unsigned short remotePort, unsigned short sendPort) {}
      |                                       ~~~~~~~~~~~~~~~^~~~~~~~~~
src/weapons/../network/RakClientInterface.h:21:81: warning: unused parameter ‘sendPort’ [-Wunused-parameter]
   21 |     void PingServer(const char* host, unsigned short remotePort, unsigned short sendPort) {}
      |                                                                  ~~~~~~~~~~~~~~~^~~~~~~~
src/weapons/../network/RakClientInterface.h: In member function ‘bool RakClientInterface::Send(const char*, int, unsigned char, char, char, PlayerID, bool)’:
src/weapons/../network/RakClientInterface.h:25:27: warning: unused parameter ‘data’ [-Wunused-parameter]
   25 |     bool Send(const char* data, int length, unsigned char priority, char reliability, char orderingChannel, PlayerID playerId, bool broadcast) { return true; }
      |               ~~~~~~~~~~~~^~~~
src/weapons/../network/RakClientInterface.h:25:37: warning: unused parameter ‘length’ [-Wunused-parameter]
   25 |     bool Send(const char* data, int length, unsigned char priority, char reliability, char orderingChannel, PlayerID playerId, bool broadcast) { return true; }
      |                                 ~~~~^~~~~~
src/weapons/../network/RakClientInterface.h:25:59: warning: unused parameter ‘priority’ [-Wunused-parameter]
   25 |     bool Send(const char* data, int length, unsigned char priority, char reliability, char orderingChannel, PlayerID playerId, bool broadcast) { return true; }
      |                                             ~~~~~~~~~~~~~~^~~~~~~~
src/weapons/../network/RakClientInterface.h:25:74: warning: unused parameter ‘reliability’ [-Wunused-parameter]
   25 |     bool Send(const char* data, int length, unsigned char priority, char reliability, char orderingChannel, PlayerID playerId, bool broadcast) { return true; }
      |                                                                     ~~~~~^~~~~~~~~~~
src/weapons/../network/RakClientInterface.h:25:92: warning: unused parameter ‘orderingChannel’ [-Wunused-parameter]
   25 |     bool Send(const char* data, int length, unsigned char priority, char reliability, char orderingChannel, PlayerID playerId, bool broadcast) { return true; }
      |                                                                                       ~~~~~^~~~~~~~~~~~~~~
src/weapons/../network/RakClientInterface.h:25:118: warning: unused parameter ‘playerId’ [-Wunused-parameter]
   25 |     bool Send(const char* data, int length, unsigned char priority, char reliability, char orderingChannel, PlayerID playerId, bool broadcast) { return true; }
      |                                                                                                             ~~~~~~~~~^~~~~~~~
src/weapons/../network/RakClientInterface.h:25:133: warning: unused parameter ‘broadcast’ [-Wunused-parameter]
   25 |     bool Send(const char* data, int length, unsigned char priority, char reliability, char orderingChannel, PlayerID playerId, bool broadcast) { return true; }
      |                                                                                                                                ~~~~~^~~~~~~~~
src/weapons/../network/RakClientInterface.h: In member function ‘bool RakClientInterface::Send(BitStream*, unsigned char, char, char)’:
src/weapons/../network/RakClientInterface.h:26:32: warning: unused parameter ‘bitStream’ [-Wunused-parameter]
   26 |     bool Send(class BitStream *bitStream, unsigned char priority, char reliability, char orderingChannel) { return true; }
      |               ~~~~~~~~~~~~~~~~~^~~~~~~~~
src/weapons/../network/RakClientInterface.h:26:57: warning: unused parameter ‘priority’ [-Wunused-parameter]
   26 |     bool Send(class BitStream *bitStream, unsigned char priority, char reliability, char orderingChannel) { return true; }
      |                                           ~~~~~~~~~~~~~~^~~~~~~~
src/weapons/../network/RakClientInterface.h:26:72: warning: unused parameter ‘reliability’ [-Wunused-parameter]
   26 |     bool Send(class BitStream *bitStream, unsigned char priority, char reliability, char orderingChannel) { return true; }
      |                                                                   ~~~~~^~~~~~~~~~~
src/weapons/../network/RakClientInterface.h:26:90: warning: unused parameter ‘orderingChannel’ [-Wunused-parameter]
   26 |     bool Send(class BitStream *bitStream, unsigned char priority, char reliability, char orderingChannel) { return true; }
      |                                                                                     ~~~~~^~~~~~~~~~~~~~~
src/weapons/../network/RakClientInterface.h: In member function ‘void RakClientInterface::PushBackPacket(Packet*, bool)’:
src/weapons/../network/RakClientInterface.h:27:33: warning: unused parameter ‘packet’ [-Wunused-parameter]
   27 |     void PushBackPacket(Packet* packet, bool pushAtHead) {}
      |                         ~~~~~~~~^~~~~~
src/weapons/../network/RakClientInterface.h:27:46: warning: unused parameter ‘pushAtHead’ [-Wunused-parameter]
   27 |     void PushBackPacket(Packet* packet, bool pushAtHead) {}
      |                                         ~~~~~^~~~~~~~~~
src/weapons/../network/RakClientInterface.h: In member function ‘void RakClientInterface::DeallocatePacket(Packet*)’:
src/weapons/../network/RakClientInterface.h:35:35: warning: unused parameter ‘packet’ [-Wunused-parameter]
   35 |     void DeallocatePacket(Packet *packet) {}
      |                           ~~~~~~~~^~~~~~
src/weapons/../network/RakClientInterface.h: In member function ‘const char* RakClientInterface::PlayerIDToDottedIP(PlayerID)’:
src/weapons/../network/RakClientInterface.h:36:45: warning: unused parameter ‘playerId’ [-Wunused-parameter]
   36 |     const char* PlayerIDToDottedIP(PlayerID playerId) { return "0.0.0.0"; }
      |                                    ~~~~~~~~~^~~~~~~~
In file included from src/weapons/../network/RakNetworkFactory.h:10:
src/weapons/../network/RakServerInterface.h: In member function ‘bool RakServerInterface::Start(int, int, int, int)’:
src/weapons/../network/RakServerInterface.h:19:20: warning: unused parameter ‘AllowedPlayers’ [-Wunused-parameter]
   19 |     bool Start(int AllowedPlayers, int connectionValidationInteger, int threadSleepTimer, int port) { return false; }
      |                ~~~~^~~~~~~~~~~~~~
src/weapons/../network/RakServerInterface.h:19:40: warning: unused parameter ‘connectionValidationInteger’ [-Wunused-parameter]
   19 |     bool Start(int AllowedPlayers, int connectionValidationInteger, int threadSleepTimer, int port) { return false; }
      |                                    ~~~~^~~~~~~~~~~~~~~~~~~~~~~~~~~
src/weapons/../network/RakServerInterface.h:19:73: warning: unused parameter ‘threadSleepTimer’ [-Wunused-parameter]
   19 |     bool Start(int AllowedPlayers, int connectionValidationInteger, int threadSleepTimer, int port) { return false; }
      |                                                                     ~~~~^~~~~~~~~~~~~~~~
src/weapons/../network/RakServerInterface.h:19:95: warning: unused parameter ‘port’ [-Wunused-parameter]
   19 |     bool Start(int AllowedPlayers, int connectionValidationInteger, int threadSleepTimer, int port) { return false; }
      |                                                                                           ~~~~^~~~
src/weapons/../network/RakServerInterface.h: In member function ‘void RakServerInterface::Disconnect(unsigned int, unsigned char)’:
src/weapons/../network/RakServerInterface.h:20:34: warning: unused parameter ‘blockDuration’ [-Wunused-parameter]
   20 |     void Disconnect(unsigned int blockDuration = 0, unsigned char orderingChannel = 0) {}
      |                     ~~~~~~~~~~~~~^~~~~~~~~~~~~~~~~
src/weapons/../network/RakServerInterface.h:20:67: warning: unused parameter ‘orderingChannel’ [-Wunused-parameter]
   20 |     void Disconnect(unsigned int blockDuration = 0, unsigned char orderingChannel = 0) {}
      |                                                     ~~~~~~~~~~~~~~^~~~~~~~~~~~~~~~~~~
src/weapons/../network/RakServerInterface.h: In member function ‘bool RakServerInterface::Send(const char*, int, unsigned char, char, char, PlayerID, bool)’:
src/weapons/../network/RakServerInterface.h:21:27: warning: unused parameter ‘data’ [-Wunused-parameter]
   21 |     bool Send(const char* data, int length, unsigned char priority, char reliability, char orderingChannel, PlayerID playerId, bool broadcast) { return true; }
      |               ~~~~~~~~~~~~^~~~
src/weapons/../network/RakServerInterface.h:21:37: warning: unused parameter ‘length’ [-Wunused-parameter]
   21 |     bool Send(const char* data, int length, unsigned char priority, char reliability, char orderingChannel, PlayerID playerId, bool broadcast) { return true; }
      |                                 ~~~~^~~~~~
src/weapons/../network/RakServerInterface.h:21:59: warning: unused parameter ‘priority’ [-Wunused-parameter]
   21 |     bool Send(const char* data, int length, unsigned char priority, char reliability, char orderingChannel, PlayerID playerId, bool broadcast) { return true; }
      |                                             ~~~~~~~~~~~~~~^~~~~~~~
src/weapons/../network/RakServerInterface.h:21:74: warning: unused parameter ‘reliability’ [-Wunused-parameter]
   21 |     bool Send(const char* data, int length, unsigned char priority, char reliability, char orderingChannel, PlayerID playerId, bool broadcast) { return true; }
      |                                                                     ~~~~~^~~~~~~~~~~
src/weapons/../network/RakServerInterface.h:21:92: warning: unused parameter ‘orderingChannel’ [-Wunused-parameter]
   21 |     bool Send(const char* data, int length, unsigned char priority, char reliability, char orderingChannel, PlayerID playerId, bool broadcast) { return true; }
      |                                                                                       ~~~~~^~~~~~~~~~~~~~~
src/weapons/../network/RakServerInterface.h:21:118: warning: unused parameter ‘playerId’ [-Wunused-parameter]
   21 |     bool Send(const char* data, int length, unsigned char priority, char reliability, char orderingChannel, PlayerID playerId, bool broadcast) { return true; }
      |                                                                                                             ~~~~~~~~~^~~~~~~~
src/weapons/../network/RakServerInterface.h:21:133: warning: unused parameter ‘broadcast’ [-Wunused-parameter]
   21 |     bool Send(const char* data, int length, unsigned char priority, char reliability, char orderingChannel, PlayerID playerId, bool broadcast) { return true; }
      |                                                                                                                                ~~~~~^~~~~~~~~
src/weapons/../network/RakServerInterface.h: In member function ‘bool RakServerInterface::Send(BitStream*, unsigned char, char, char, PlayerID, bool)’:
src/weapons/../network/RakServerInterface.h:22:32: warning: unused parameter ‘bitStream’ [-Wunused-parameter]
   22 |     bool Send(class BitStream *bitStream, unsigned char priority, char reliability, char orderingChannel, PlayerID playerId, bool broadcast) { return true; }
      |               ~~~~~~~~~~~~~~~~~^~~~~~~~~
src/weapons/../network/RakServerInterface.h:22:57: warning: unused parameter ‘priority’ [-Wunused-parameter]
   22 |     bool Send(class BitStream *bitStream, unsigned char priority, char reliability, char orderingChannel, PlayerID playerId, bool broadcast) { return true; }
      |                                           ~~~~~~~~~~~~~~^~~~~~~~
src/weapons/../network/RakServerInterface.h:22:72: warning: unused parameter ‘reliability’ [-Wunused-parameter]
   22 |     bool Send(class BitStream *bitStream, unsigned char priority, char reliability, char orderingChannel, PlayerID playerId, bool broadcast) { return true; }
      |                                                                   ~~~~~^~~~~~~~~~~
src/weapons/../network/RakServerInterface.h:22:90: warning: unused parameter ‘orderingChannel’ [-Wunused-parameter]
   22 |     bool Send(class BitStream *bitStream, unsigned char priority, char reliability, char orderingChannel, PlayerID playerId, bool broadcast) { return true; }
      |                                                                                     ~~~~~^~~~~~~~~~~~~~~
src/weapons/../network/RakServerInterface.h:22:116: warning: unused parameter ‘playerId’ [-Wunused-parameter]
   22 |     bool Send(class BitStream *bitStream, unsigned char priority, char reliability, char orderingChannel, PlayerID playerId, bool broadcast) { return true; }
      |                                                                                                           ~~~~~~~~~^~~~~~~~
src/weapons/../network/RakServerInterface.h:22:131: warning: unused parameter ‘broadcast’ [-Wunused-parameter]
   22 |     bool Send(class BitStream *bitStream, unsigned char priority, char reliability, char orderingChannel, PlayerID playerId, bool broadcast) { return true; }
      |                                                                                                                              ~~~~~^~~~~~~~~
src/weapons/../network/RakServerInterface.h: In member function ‘void RakServerInterface::PushBackPacket(Packet*, bool)’:
src/weapons/../network/RakServerInterface.h:23:33: warning: unused parameter ‘packet’ [-Wunused-parameter]
   23 |     void PushBackPacket(Packet* packet, bool pushAtHead) {}
      |                         ~~~~~~~~^~~~~~
src/weapons/../network/RakServerInterface.h:23:46: warning: unused parameter ‘pushAtHead’ [-Wunused-parameter]
   23 |     void PushBackPacket(Packet* packet, bool pushAtHead) {}
      |                                         ~~~~~^~~~~~~~~~
src/weapons/../network/RakServerInterface.h: In member function ‘void RakServerInterface::DeallocatePacket(Packet*)’:
src/weapons/../network/RakServerInterface.h:24:35: warning: unused parameter ‘packet’ [-Wunused-parameter]
   24 |     void DeallocatePacket(Packet* packet) {}
      |                           ~~~~~~~~^~~~~~
src/weapons/../network/RakServerInterface.h: In member function ‘int RakServerInterface::GetAveragePing(PlayerID)’:
src/weapons/../network/RakServerInterface.h:25:33: warning: unused parameter ‘playerId’ [-Wunused-parameter]
   25 |     int GetAveragePing(PlayerID playerId) { return 0; }
      |                        ~~~~~~~~~^~~~~~~~
src/weapons/../network/RakServerInterface.h: In member function ‘int RakServerInterface::GetLastPing(PlayerID)’:
src/weapons/../network/RakServerInterface.h:26:30: warning: unused parameter ‘playerId’ [-Wunused-parameter]
   26 |     int GetLastPing(PlayerID playerId) { return 0; }
      |                     ~~~~~~~~~^~~~~~~~
src/weapons/../network/RakServerInterface.h: In member function ‘int RakServerInterface::GetLowestPing(PlayerID)’:
src/weapons/../network/RakServerInterface.h:27:32: warning: unused parameter ‘playerId’ [-Wunused-parameter]
   27 |     int GetLowestPing(PlayerID playerId) { return 0; }
      |                       ~~~~~~~~~^~~~~~~~
src/weapons/../network/RakServerInterface.h: In member function ‘void RakServerInterface::Kick(PlayerID)’:
src/weapons/../network/RakServerInterface.h:28:24: warning: unused parameter ‘playerId’ [-Wunused-parameter]
   28 |     void Kick(PlayerID playerId) {}
      |               ~~~~~~~~~^~~~~~~~
src/weapons/../network/RakServerInterface.h: In member function ‘void RakServerInterface::SetAllowedPlayers(int)’:
src/weapons/../network/RakServerInterface.h:31:32: warning: unused parameter ‘maxPlayers’ [-Wunused-parameter]
   31 |     void SetAllowedPlayers(int maxPlayers) {}
      |                            ~~~~^~~~~~~~~~
src/weapons/../network/RakServerInterface.h: In member function ‘void* RakServerInterface::GetStatistics(PlayerID)’:
src/weapons/../network/RakServerInterface.h:35:34: warning: unused parameter ‘playerId’ [-Wunused-parameter]
   35 |     void* GetStatistics(PlayerID playerId) { return 0; }
      |                         ~~~~~~~~~^~~~~~~~
src/weapons/../network/RakNetworkFactory.h: In static member function ‘static void RakNetworkFactory::DestroyRakNetwork(void*)’:
src/weapons/../network/RakNetworkFactory.h:15:41: warning: unused parameter ‘network’ [-Wunused-parameter]
   15 |     static void DestroyRakNetwork(void* network) {}
      |                                   ~~~~~~^~~~~~~
src/weapons/bbigbomb.cpp: In member function ‘virtual int bulletBigBomb::check_map_collisions(gsMap*)’:
src/weapons/bbigbomb.cpp:159:50: warning: suggest parentheses around ‘&&’ within ‘||’ [-Wparentheses]
  159 |     if  (m->is_pixel((int)x+xspd-3, (int)y-yspd) && (wx=1) ||
      |          ~~~~~~~~~~~~~~~~~~~~~~~~~~~~~~~~~~~~~~~~^~~~~~~~~
src/weapons/bbigbomb.cpp:161:50: warning: suggest parentheses around ‘&&’ within ‘||’ [-Wparentheses]
  161 |          m->is_pixel((int)x+xspd, (int)y-yspd-3) && (wx=3) ||
      |          ~~~~~~~~~~~~~~~~~~~~~~~~~~~~~~~~~~~~~~~~^~~~~~~~~
src/weapons/bbigbomb.cpp:162:50: warning: suggest parentheses around ‘&&’ within ‘||’ [-Wparentheses]
  162 |          m->is_pixel((int)x+xspd, (int)y-yspd+3) && (wx=4) )
      |          ~~~~~~~~~~~~~~~~~~~~~~~~~~~~~~~~~~~~~~~~^~~~~~~~~
src/weapons/../network/RakServerInterface.h: At global scope:
src/weapons/../network/RakServerInterface.h:49:17: warning: ‘UNASSIGNED_PLAYER_ID’ defined but not used [-Wunused-variable]
   49 | static PlayerID UNASSIGNED_PLAYER_ID = {0, 0};
      |                 ^~~~~~~~~~~~~~~~~~~~
Compiling src/weapons/bbomb.cpp...
g++ -O2 -Wall -Wextra -std=c++11 -fpermissive -DDIRECT_ASSET_LOADING  -I/usr/include/lua5.4 -I./src -c src/weapons/bbomb.cpp -o obj/weapons/bbomb.o
In file included from src/weapons/../gsnetw.h:18,
                 from src/weapons/bbomb.cpp:24:
src/weapons/../gsnetsrv.h:67:7: warning: extra tokens at end of #endif directive [-Wendif-labels]
   67 | #endif;
      |       ^
In file included from src/weapons/../gsbullet.h:17,
                 from src/weapons/bbomb.h:17,
                 from src/weapons/bbomb.cpp:12:
src/weapons/../luaclass.h: In member function ‘void Lua::open(int)’:
src/weapons/../luaclass.h:20:23: warning: unused parameter ‘stacksize’ [-Wunused-parameter]
   20 |         void open(int stacksize = 0)
      |                   ~~~~^~~~~~~~~~~~~
src/weapons/../luaclass.h: In member function ‘void Lua::setgcthreshold(int)’:
src/weapons/../luaclass.h:136:33: warning: unused parameter ‘newthreshold’ [-Wunused-parameter]
  136 |         void setgcthreshold(int newthreshold)
      |                             ~~~~^~~~~~~~~~~~
In file included from src/weapons/../gsenemy.h:19,
                 from src/weapons/bbomb.cpp:22:
src/weapons/../gsscript.h: At global scope:
src/weapons/../gsscript.h:43:43: warning: ISO C++ forbids converting a string constant to ‘char*’ [-Wwrite-strings]
   43 |     void  read_level_files(int=0, char *n="");
      |                                           ^~
In file included from src/weapons/../gsnetcli.h:16,
                 from src/weapons/../gsnetw.h:17:
src/weapons/../network/BitStream.h: In constructor ‘BitStream::BitStream(char*, unsigned int, bool)’:
src/weapons/../network/BitStream.h:22:61: warning: unused parameter ‘_copyData’ [-Wunused-parameter]
   22 |     BitStream(char* _data, unsigned int lengthInBytes, bool _copyData) : data(_data), numberOfBitsAllocated(lengthInBytes * 8), numberOfBitsUsed(lengthInBytes * 8), readOffset(0), maxLength(lengthInBytes) {}
      |                                                        ~~~~~^~~~~~~~~
src/weapons/../network/BitStream.h: In member function ‘void BitStream::Write(int)’:
src/weapons/../network/BitStream.h:25:20: warning: unused parameter ‘data’ [-Wunused-parameter]
   25 |     void Write(int data) {}
      |                ~~~~^~~~
src/weapons/../network/BitStream.h: In member function ‘void BitStream::Write(unsigned char)’:
src/weapons/../network/BitStream.h:26:30: warning: unused parameter ‘data’ [-Wunused-parameter]
   26 |     void Write(unsigned char data) {}
      |                ~~~~~~~~~~~~~~^~~~
src/weapons/../network/BitStream.h: In member function ‘void BitStream::Write(char)’:
src/weapons/../network/BitStream.h:27:21: warning: unused parameter ‘data’ [-Wunused-parameter]
   27 |     void Write(char data) {}
      |                ~~~~~^~~~
src/weapons/../network/BitStream.h: In member function ‘void BitStream::Write(char*, unsigned int)’:
src/weapons/../network/BitStream.h:28:22: warning: unused parameter ‘data’ [-Wunused-parameter]
   28 |     void Write(char* data, const unsigned int length) {}
      |                ~~~~~~^~~~
src/weapons/../network/BitStream.h:28:47: warning: unused parameter ‘length’ [-Wunused-parameter]
   28 |     void Write(char* data, const unsigned int length) {}
      |                            ~~~~~~~~~~~~~~~~~~~^~~~~~
src/weapons/../network/BitStream.h: In member function ‘void BitStream::Write(long unsigned int)’:
src/weapons/../network/BitStream.h:29:30: warning: unused parameter ‘data’ [-Wunused-parameter]
   29 |     void Write(unsigned long data) {}
      |                ~~~~~~~~~~~~~~^~~~
src/weapons/../network/BitStream.h: In member function ‘void BitStream::Write(float)’:
src/weapons/../network/BitStream.h:30:22: warning: unused parameter ‘data’ [-Wunused-parameter]
   30 |     void Write(float data) {}
      |                ~~~~~~^~~~
src/weapons/../network/BitStream.h: In member function ‘void BitStream::Write(bool)’:
src/weapons/../network/BitStream.h:31:21: warning: unused parameter ‘data’ [-Wunused-parameter]
   31 |     void Write(bool data) {}
      |                ~~~~~^~~~
src/weapons/../network/BitStream.h: In member function ‘void BitStream::Read(char*&, unsigned int)’:
src/weapons/../network/BitStream.h:42:22: warning: unused parameter ‘data’ [-Wunused-parameter]
   42 |     void Read(char* &data, const unsigned int length) {}
      |               ~~~~~~~^~~~
src/weapons/../network/BitStream.h:42:47: warning: unused parameter ‘length’ [-Wunused-parameter]
   42 |     void Read(char* &data, const unsigned int length) {}
      |                            ~~~~~~~~~~~~~~~~~~~^~~~~~
src/weapons/../network/BitStream.h: In member function ‘void BitStream::Read(const char*&, unsigned int)’:
src/weapons/../network/BitStream.h:43:28: warning: unused parameter ‘data’ [-Wunused-parameter]
   43 |     void Read(const char* &data, const unsigned int length) {}
      |               ~~~~~~~~~~~~~^~~~
src/weapons/../network/BitStream.h:43:53: warning: unused parameter ‘length’ [-Wunused-parameter]
   43 |     void Read(const char* &data, const unsigned int length) {}
      |                                  ~~~~~~~~~~~~~~~~~~~^~~~~~
src/weapons/../network/BitStream.h: In member function ‘void BitStream::Read(void*, unsigned int)’:
src/weapons/../network/BitStream.h:44:21: warning: unused parameter ‘data’ [-Wunused-parameter]
   44 |     void Read(void* data, const unsigned int length) {}
      |               ~~~~~~^~~~
src/weapons/../network/BitStream.h:44:46: warning: unused parameter ‘length’ [-Wunused-parameter]
   44 |     void Read(void* data, const unsigned int length) {}
      |                           ~~~~~~~~~~~~~~~~~~~^~~~~~
src/weapons/../network/BitStream.h: In member function ‘void BitStream::SetWriteOffset(unsigned int)’:
src/weapons/../network/BitStream.h:47:38: warning: unused parameter ‘offset’ [-Wunused-parameter]
   47 |     void SetWriteOffset(unsigned int offset) {}
      |                         ~~~~~~~~~~~~~^~~~~~
In file included from src/weapons/../network/RakNetworkFactory.h:9,
                 from src/weapons/../gsnetcli.h:17:
src/weapons/../network/RakClientInterface.h: In member function ‘bool RakClientInterface::Connect(const char*, short unsigned int, const char*, short unsigned int)’:
src/weapons/../network/RakClientInterface.h:17:30: warning: unused parameter ‘serverIP’ [-Wunused-parameter]
   17 |     bool Connect(const char* serverIP, unsigned short serverPort, const char* clientIP, unsigned short clientPort) { return false; }
      |                  ~~~~~~~~~~~~^~~~~~~~
src/weapons/../network/RakClientInterface.h:17:55: warning: unused parameter ‘serverPort’ [-Wunused-parameter]
   17 |     bool Connect(const char* serverIP, unsigned short serverPort, const char* clientIP, unsigned short clientPort) { return false; }
      |                                        ~~~~~~~~~~~~~~~^~~~~~~~~~
src/weapons/../network/RakClientInterface.h:17:79: warning: unused parameter ‘clientIP’ [-Wunused-parameter]
   17 |     bool Connect(const char* serverIP, unsigned short serverPort, const char* clientIP, unsigned short clientPort) { return false; }
      |                                                                   ~~~~~~~~~~~~^~~~~~~~
src/weapons/../network/RakClientInterface.h:17:104: warning: unused parameter ‘clientPort’ [-Wunused-parameter]
   17 |     bool Connect(const char* serverIP, unsigned short serverPort, const char* clientIP, unsigned short clientPort) { return false; }
      |                                                                                         ~~~~~~~~~~~~~~~^~~~~~~~~~
src/weapons/../network/RakClientInterface.h: In member function ‘bool RakClientInterface::Connect(const char*, short unsigned int, short unsigned int, unsigned int, int)’:
src/weapons/../network/RakClientInterface.h:18:30: warning: unused parameter ‘host’ [-Wunused-parameter]
   18 |     bool Connect(const char* host, unsigned short serverPort, unsigned short clientPort, unsigned int connectionValidationInteger, int timeoutMS) { return false; }
      |                  ~~~~~~~~~~~~^~~~
src/weapons/../network/RakClientInterface.h:18:51: warning: unused parameter ‘serverPort’ [-Wunused-parameter]
   18 |     bool Connect(const char* host, unsigned short serverPort, unsigned short clientPort, unsigned int connectionValidationInteger, int timeoutMS) { return false; }
      |                                    ~~~~~~~~~~~~~~~^~~~~~~~~~
src/weapons/../network/RakClientInterface.h:18:78: warning: unused parameter ‘clientPort’ [-Wunused-parameter]
   18 |     bool Connect(const char* host, unsigned short serverPort, unsigned short clientPort, unsigned int connectionValidationInteger, int timeoutMS) { return false; }
      |                                                               ~~~~~~~~~~~~~~~^~~~~~~~~~
src/weapons/../network/RakClientInterface.h:18:103: warning: unused parameter ‘connectionValidationInteger’ [-Wunused-parameter]
   18 |     bool Connect(const char* host, unsigned short serverPort, unsigned short clientPort, unsigned int connectionValidationInteger, int timeoutMS) { return false; }
      |                                                                                          ~~~~~~~~~~~~~^~~~~~~~~~~~~~~~~~~~~~~~~~~
src/weapons/../network/RakClientInterface.h:18:136: warning: unused parameter ‘timeoutMS’ [-Wunused-parameter]
   18 |     bool Connect(const char* host, unsigned short serverPort, unsigned short clientPort, unsigned int connectionValidationInteger, int timeoutMS) { return false; }
      |                                                                                                                                    ~~~~^~~~~~~~~
src/weapons/../network/RakClientInterface.h: In member function ‘void RakClientInterface::Disconnect(unsigned int, unsigned char)’:
src/weapons/../network/RakClientInterface.h:19:34: warning: unused parameter ‘blockDuration’ [-Wunused-parameter]
   19 |     void Disconnect(unsigned int blockDuration = 0, unsigned char orderingChannel = 0) {}
      |                     ~~~~~~~~~~~~~^~~~~~~~~~~~~~~~~
src/weapons/../network/RakClientInterface.h:19:67: warning: unused parameter ‘orderingChannel’ [-Wunused-parameter]
   19 |     void Disconnect(unsigned int blockDuration = 0, unsigned char orderingChannel = 0) {}
      |                                                     ~~~~~~~~~~~~~~^~~~~~~~~~~~~~~~~~~
src/weapons/../network/RakClientInterface.h: In member function ‘void RakClientInterface::PingServer(const char*, short unsigned int, short unsigned int)’:
src/weapons/../network/RakClientInterface.h:21:33: warning: unused parameter ‘host’ [-Wunused-parameter]
   21 |     void PingServer(const char* host, unsigned short remotePort, unsigned short sendPort) {}
      |                     ~~~~~~~~~~~~^~~~
src/weapons/../network/RakClientInterface.h:21:54: warning: unused parameter ‘remotePort’ [-Wunused-parameter]
   21 |     void PingServer(const char* host, unsigned short remotePort, unsigned short sendPort) {}
      |                                       ~~~~~~~~~~~~~~~^~~~~~~~~~
src/weapons/../network/RakClientInterface.h:21:81: warning: unused parameter ‘sendPort’ [-Wunused-parameter]
   21 |     void PingServer(const char* host, unsigned short remotePort, unsigned short sendPort) {}
      |                                                                  ~~~~~~~~~~~~~~~^~~~~~~~
src/weapons/../network/RakClientInterface.h: In member function ‘bool RakClientInterface::Send(const char*, int, unsigned char, char, char, PlayerID, bool)’:
src/weapons/../network/RakClientInterface.h:25:27: warning: unused parameter ‘data’ [-Wunused-parameter]
   25 |     bool Send(const char* data, int length, unsigned char priority, char reliability, char orderingChannel, PlayerID playerId, bool broadcast) { return true; }
      |               ~~~~~~~~~~~~^~~~
src/weapons/../network/RakClientInterface.h:25:37: warning: unused parameter ‘length’ [-Wunused-parameter]
   25 |     bool Send(const char* data, int length, unsigned char priority, char reliability, char orderingChannel, PlayerID playerId, bool broadcast) { return true; }
      |                                 ~~~~^~~~~~
src/weapons/../network/RakClientInterface.h:25:59: warning: unused parameter ‘priority’ [-Wunused-parameter]
   25 |     bool Send(const char* data, int length, unsigned char priority, char reliability, char orderingChannel, PlayerID playerId, bool broadcast) { return true; }
      |                                             ~~~~~~~~~~~~~~^~~~~~~~
src/weapons/../network/RakClientInterface.h:25:74: warning: unused parameter ‘reliability’ [-Wunused-parameter]
   25 |     bool Send(const char* data, int length, unsigned char priority, char reliability, char orderingChannel, PlayerID playerId, bool broadcast) { return true; }
      |                                                                     ~~~~~^~~~~~~~~~~
src/weapons/../network/RakClientInterface.h:25:92: warning: unused parameter ‘orderingChannel’ [-Wunused-parameter]
   25 |     bool Send(const char* data, int length, unsigned char priority, char reliability, char orderingChannel, PlayerID playerId, bool broadcast) { return true; }
      |                                                                                       ~~~~~^~~~~~~~~~~~~~~
src/weapons/../network/RakClientInterface.h:25:118: warning: unused parameter ‘playerId’ [-Wunused-parameter]
   25 |     bool Send(const char* data, int length, unsigned char priority, char reliability, char orderingChannel, PlayerID playerId, bool broadcast) { return true; }
      |                                                                                                             ~~~~~~~~~^~~~~~~~
src/weapons/../network/RakClientInterface.h:25:133: warning: unused parameter ‘broadcast’ [-Wunused-parameter]
   25 |     bool Send(const char* data, int length, unsigned char priority, char reliability, char orderingChannel, PlayerID playerId, bool broadcast) { return true; }
      |                                                                                                                                ~~~~~^~~~~~~~~
src/weapons/../network/RakClientInterface.h: In member function ‘bool RakClientInterface::Send(BitStream*, unsigned char, char, char)’:
src/weapons/../network/RakClientInterface.h:26:32: warning: unused parameter ‘bitStream’ [-Wunused-parameter]
   26 |     bool Send(class BitStream *bitStream, unsigned char priority, char reliability, char orderingChannel) { return true; }
      |               ~~~~~~~~~~~~~~~~~^~~~~~~~~
src/weapons/../network/RakClientInterface.h:26:57: warning: unused parameter ‘priority’ [-Wunused-parameter]
   26 |     bool Send(class BitStream *bitStream, unsigned char priority, char reliability, char orderingChannel) { return true; }
      |                                           ~~~~~~~~~~~~~~^~~~~~~~
src/weapons/../network/RakClientInterface.h:26:72: warning: unused parameter ‘reliability’ [-Wunused-parameter]
   26 |     bool Send(class BitStream *bitStream, unsigned char priority, char reliability, char orderingChannel) { return true; }
      |                                                                   ~~~~~^~~~~~~~~~~
src/weapons/../network/RakClientInterface.h:26:90: warning: unused parameter ‘orderingChannel’ [-Wunused-parameter]
   26 |     bool Send(class BitStream *bitStream, unsigned char priority, char reliability, char orderingChannel) { return true; }
      |                                                                                     ~~~~~^~~~~~~~~~~~~~~
src/weapons/../network/RakClientInterface.h: In member function ‘void RakClientInterface::PushBackPacket(Packet*, bool)’:
src/weapons/../network/RakClientInterface.h:27:33: warning: unused parameter ‘packet’ [-Wunused-parameter]
   27 |     void PushBackPacket(Packet* packet, bool pushAtHead) {}
      |                         ~~~~~~~~^~~~~~
src/weapons/../network/RakClientInterface.h:27:46: warning: unused parameter ‘pushAtHead’ [-Wunused-parameter]
   27 |     void PushBackPacket(Packet* packet, bool pushAtHead) {}
      |                                         ~~~~~^~~~~~~~~~
src/weapons/../network/RakClientInterface.h: In member function ‘void RakClientInterface::DeallocatePacket(Packet*)’:
src/weapons/../network/RakClientInterface.h:35:35: warning: unused parameter ‘packet’ [-Wunused-parameter]
   35 |     void DeallocatePacket(Packet *packet) {}
      |                           ~~~~~~~~^~~~~~
src/weapons/../network/RakClientInterface.h: In member function ‘const char* RakClientInterface::PlayerIDToDottedIP(PlayerID)’:
src/weapons/../network/RakClientInterface.h:36:45: warning: unused parameter ‘playerId’ [-Wunused-parameter]
   36 |     const char* PlayerIDToDottedIP(PlayerID playerId) { return "0.0.0.0"; }
      |                                    ~~~~~~~~~^~~~~~~~
In file included from src/weapons/../network/RakNetworkFactory.h:10:
src/weapons/../network/RakServerInterface.h: In member function ‘bool RakServerInterface::Start(int, int, int, int)’:
src/weapons/../network/RakServerInterface.h:19:20: warning: unused parameter ‘AllowedPlayers’ [-Wunused-parameter]
   19 |     bool Start(int AllowedPlayers, int connectionValidationInteger, int threadSleepTimer, int port) { return false; }
      |                ~~~~^~~~~~~~~~~~~~
src/weapons/../network/RakServerInterface.h:19:40: warning: unused parameter ‘connectionValidationInteger’ [-Wunused-parameter]
   19 |     bool Start(int AllowedPlayers, int connectionValidationInteger, int threadSleepTimer, int port) { return false; }
      |                                    ~~~~^~~~~~~~~~~~~~~~~~~~~~~~~~~
src/weapons/../network/RakServerInterface.h:19:73: warning: unused parameter ‘threadSleepTimer’ [-Wunused-parameter]
   19 |     bool Start(int AllowedPlayers, int connectionValidationInteger, int threadSleepTimer, int port) { return false; }
      |                                                                     ~~~~^~~~~~~~~~~~~~~~
src/weapons/../network/RakServerInterface.h:19:95: warning: unused parameter ‘port’ [-Wunused-parameter]
   19 |     bool Start(int AllowedPlayers, int connectionValidationInteger, int threadSleepTimer, int port) { return false; }
      |                                                                                           ~~~~^~~~
src/weapons/../network/RakServerInterface.h: In member function ‘void RakServerInterface::Disconnect(unsigned int, unsigned char)’:
src/weapons/../network/RakServerInterface.h:20:34: warning: unused parameter ‘blockDuration’ [-Wunused-parameter]
   20 |     void Disconnect(unsigned int blockDuration = 0, unsigned char orderingChannel = 0) {}
      |                     ~~~~~~~~~~~~~^~~~~~~~~~~~~~~~~
src/weapons/../network/RakServerInterface.h:20:67: warning: unused parameter ‘orderingChannel’ [-Wunused-parameter]
   20 |     void Disconnect(unsigned int blockDuration = 0, unsigned char orderingChannel = 0) {}
      |                                                     ~~~~~~~~~~~~~~^~~~~~~~~~~~~~~~~~~
src/weapons/../network/RakServerInterface.h: In member function ‘bool RakServerInterface::Send(const char*, int, unsigned char, char, char, PlayerID, bool)’:
src/weapons/../network/RakServerInterface.h:21:27: warning: unused parameter ‘data’ [-Wunused-parameter]
   21 |     bool Send(const char* data, int length, unsigned char priority, char reliability, char orderingChannel, PlayerID playerId, bool broadcast) { return true; }
      |               ~~~~~~~~~~~~^~~~
src/weapons/../network/RakServerInterface.h:21:37: warning: unused parameter ‘length’ [-Wunused-parameter]
   21 |     bool Send(const char* data, int length, unsigned char priority, char reliability, char orderingChannel, PlayerID playerId, bool broadcast) { return true; }
      |                                 ~~~~^~~~~~
src/weapons/../network/RakServerInterface.h:21:59: warning: unused parameter ‘priority’ [-Wunused-parameter]
   21 |     bool Send(const char* data, int length, unsigned char priority, char reliability, char orderingChannel, PlayerID playerId, bool broadcast) { return true; }
      |                                             ~~~~~~~~~~~~~~^~~~~~~~
src/weapons/../network/RakServerInterface.h:21:74: warning: unused parameter ‘reliability’ [-Wunused-parameter]
   21 |     bool Send(const char* data, int length, unsigned char priority, char reliability, char orderingChannel, PlayerID playerId, bool broadcast) { return true; }
      |                                                                     ~~~~~^~~~~~~~~~~
src/weapons/../network/RakServerInterface.h:21:92: warning: unused parameter ‘orderingChannel’ [-Wunused-parameter]
   21 |     bool Send(const char* data, int length, unsigned char priority, char reliability, char orderingChannel, PlayerID playerId, bool broadcast) { return true; }
      |                                                                                       ~~~~~^~~~~~~~~~~~~~~
src/weapons/../network/RakServerInterface.h:21:118: warning: unused parameter ‘playerId’ [-Wunused-parameter]
   21 |     bool Send(const char* data, int length, unsigned char priority, char reliability, char orderingChannel, PlayerID playerId, bool broadcast) { return true; }
      |                                                                                                             ~~~~~~~~~^~~~~~~~
src/weapons/../network/RakServerInterface.h:21:133: warning: unused parameter ‘broadcast’ [-Wunused-parameter]
   21 |     bool Send(const char* data, int length, unsigned char priority, char reliability, char orderingChannel, PlayerID playerId, bool broadcast) { return true; }
      |                                                                                                                                ~~~~~^~~~~~~~~
src/weapons/../network/RakServerInterface.h: In member function ‘bool RakServerInterface::Send(BitStream*, unsigned char, char, char, PlayerID, bool)’:
src/weapons/../network/RakServerInterface.h:22:32: warning: unused parameter ‘bitStream’ [-Wunused-parameter]
   22 |     bool Send(class BitStream *bitStream, unsigned char priority, char reliability, char orderingChannel, PlayerID playerId, bool broadcast) { return true; }
      |               ~~~~~~~~~~~~~~~~~^~~~~~~~~
src/weapons/../network/RakServerInterface.h:22:57: warning: unused parameter ‘priority’ [-Wunused-parameter]
   22 |     bool Send(class BitStream *bitStream, unsigned char priority, char reliability, char orderingChannel, PlayerID playerId, bool broadcast) { return true; }
      |                                           ~~~~~~~~~~~~~~^~~~~~~~
src/weapons/../network/RakServerInterface.h:22:72: warning: unused parameter ‘reliability’ [-Wunused-parameter]
   22 |     bool Send(class BitStream *bitStream, unsigned char priority, char reliability, char orderingChannel, PlayerID playerId, bool broadcast) { return true; }
      |                                                                   ~~~~~^~~~~~~~~~~
src/weapons/../network/RakServerInterface.h:22:90: warning: unused parameter ‘orderingChannel’ [-Wunused-parameter]
   22 |     bool Send(class BitStream *bitStream, unsigned char priority, char reliability, char orderingChannel, PlayerID playerId, bool broadcast) { return true; }
      |                                                                                     ~~~~~^~~~~~~~~~~~~~~
src/weapons/../network/RakServerInterface.h:22:116: warning: unused parameter ‘playerId’ [-Wunused-parameter]
   22 |     bool Send(class BitStream *bitStream, unsigned char priority, char reliability, char orderingChannel, PlayerID playerId, bool broadcast) { return true; }
      |                                                                                                           ~~~~~~~~~^~~~~~~~
src/weapons/../network/RakServerInterface.h:22:131: warning: unused parameter ‘broadcast’ [-Wunused-parameter]
   22 |     bool Send(class BitStream *bitStream, unsigned char priority, char reliability, char orderingChannel, PlayerID playerId, bool broadcast) { return true; }
      |                                                                                                                              ~~~~~^~~~~~~~~
src/weapons/../network/RakServerInterface.h: In member function ‘void RakServerInterface::PushBackPacket(Packet*, bool)’:
src/weapons/../network/RakServerInterface.h:23:33: warning: unused parameter ‘packet’ [-Wunused-parameter]
   23 |     void PushBackPacket(Packet* packet, bool pushAtHead) {}
      |                         ~~~~~~~~^~~~~~
src/weapons/../network/RakServerInterface.h:23:46: warning: unused parameter ‘pushAtHead’ [-Wunused-parameter]
   23 |     void PushBackPacket(Packet* packet, bool pushAtHead) {}
      |                                         ~~~~~^~~~~~~~~~
src/weapons/../network/RakServerInterface.h: In member function ‘void RakServerInterface::DeallocatePacket(Packet*)’:
src/weapons/../network/RakServerInterface.h:24:35: warning: unused parameter ‘packet’ [-Wunused-parameter]
   24 |     void DeallocatePacket(Packet* packet) {}
      |                           ~~~~~~~~^~~~~~
src/weapons/../network/RakServerInterface.h: In member function ‘int RakServerInterface::GetAveragePing(PlayerID)’:
src/weapons/../network/RakServerInterface.h:25:33: warning: unused parameter ‘playerId’ [-Wunused-parameter]
   25 |     int GetAveragePing(PlayerID playerId) { return 0; }
      |                        ~~~~~~~~~^~~~~~~~
src/weapons/../network/RakServerInterface.h: In member function ‘int RakServerInterface::GetLastPing(PlayerID)’:
src/weapons/../network/RakServerInterface.h:26:30: warning: unused parameter ‘playerId’ [-Wunused-parameter]
   26 |     int GetLastPing(PlayerID playerId) { return 0; }
      |                     ~~~~~~~~~^~~~~~~~
src/weapons/../network/RakServerInterface.h: In member function ‘int RakServerInterface::GetLowestPing(PlayerID)’:
src/weapons/../network/RakServerInterface.h:27:32: warning: unused parameter ‘playerId’ [-Wunused-parameter]
   27 |     int GetLowestPing(PlayerID playerId) { return 0; }
      |                       ~~~~~~~~~^~~~~~~~
src/weapons/../network/RakServerInterface.h: In member function ‘void RakServerInterface::Kick(PlayerID)’:
src/weapons/../network/RakServerInterface.h:28:24: warning: unused parameter ‘playerId’ [-Wunused-parameter]
   28 |     void Kick(PlayerID playerId) {}
      |               ~~~~~~~~~^~~~~~~~
src/weapons/../network/RakServerInterface.h: In member function ‘void RakServerInterface::SetAllowedPlayers(int)’:
src/weapons/../network/RakServerInterface.h:31:32: warning: unused parameter ‘maxPlayers’ [-Wunused-parameter]
   31 |     void SetAllowedPlayers(int maxPlayers) {}
      |                            ~~~~^~~~~~~~~~
src/weapons/../network/RakServerInterface.h: In member function ‘void* RakServerInterface::GetStatistics(PlayerID)’:
src/weapons/../network/RakServerInterface.h:35:34: warning: unused parameter ‘playerId’ [-Wunused-parameter]
   35 |     void* GetStatistics(PlayerID playerId) { return 0; }
      |                         ~~~~~~~~~^~~~~~~~
src/weapons/../network/RakNetworkFactory.h: In static member function ‘static void RakNetworkFactory::DestroyRakNetwork(void*)’:
src/weapons/../network/RakNetworkFactory.h:15:41: warning: unused parameter ‘network’ [-Wunused-parameter]
   15 |     static void DestroyRakNetwork(void* network) {}
      |                                   ~~~~~~^~~~~~~
src/weapons/bbomb.cpp: In member function ‘virtual int bulletBomb::check_map_collisions(gsMap*)’:
src/weapons/bbomb.cpp:169:51: warning: suggest parentheses around ‘&&’ within ‘||’ [-Wparentheses]
  169 |     if  (m->is_pixel((int)x+xspd-10, (int)y-yspd) && (wx=1) ||
      |          ~~~~~~~~~~~~~~~~~~~~~~~~~~~~~~~~~~~~~~~~~^~~~~~~~~
src/weapons/bbomb.cpp:171:51: warning: suggest parentheses around ‘&&’ within ‘||’ [-Wparentheses]
  171 |          m->is_pixel((int)x+xspd, (int)y-yspd-10) && (wx=3) ||
      |          ~~~~~~~~~~~~~~~~~~~~~~~~~~~~~~~~~~~~~~~~~^~~~~~~~~
src/weapons/bbomb.cpp:172:51: warning: suggest parentheses around ‘&&’ within ‘||’ [-Wparentheses]
  172 |          m->is_pixel((int)x+xspd, (int)y-yspd+10) && (wx=4) )
      |          ~~~~~~~~~~~~~~~~~~~~~~~~~~~~~~~~~~~~~~~~~^~~~~~~~~
src/weapons/../network/RakServerInterface.h: At global scope:
src/weapons/../network/RakServerInterface.h:49:17: warning: ‘UNASSIGNED_PLAYER_ID’ defined but not used [-Wunused-variable]
   49 | static PlayerID UNASSIGNED_PLAYER_ID = {0, 0};
      |                 ^~~~~~~~~~~~~~~~~~~~
Compiling src/weapons/bbumper.cpp...
g++ -O2 -Wall -Wextra -std=c++11 -fpermissive -DDIRECT_ASSET_LOADING  -I/usr/include/lua5.4 -I./src -c src/weapons/bbumper.cpp -o obj/weapons/bbumper.o
In file included from src/weapons/../gsnetw.h:18,
                 from src/weapons/bbumper.cpp:24:
src/weapons/../gsnetsrv.h:67:7: warning: extra tokens at end of #endif directive [-Wendif-labels]
   67 | #endif;
      |       ^
In file included from src/weapons/../gsbullet.h:17,
                 from src/weapons/bbumper.h:17,
                 from src/weapons/bbumper.cpp:12:
src/weapons/../luaclass.h: In member function ‘void Lua::open(int)’:
src/weapons/../luaclass.h:20:23: warning: unused parameter ‘stacksize’ [-Wunused-parameter]
   20 |         void open(int stacksize = 0)
      |                   ~~~~^~~~~~~~~~~~~
src/weapons/../luaclass.h: In member function ‘void Lua::setgcthreshold(int)’:
src/weapons/../luaclass.h:136:33: warning: unused parameter ‘newthreshold’ [-Wunused-parameter]
  136 |         void setgcthreshold(int newthreshold)
      |                             ~~~~^~~~~~~~~~~~
In file included from src/weapons/../gsenemy.h:19,
                 from src/weapons/bbumper.cpp:22:
src/weapons/../gsscript.h: At global scope:
src/weapons/../gsscript.h:43:43: warning: ISO C++ forbids converting a string constant to ‘char*’ [-Wwrite-strings]
   43 |     void  read_level_files(int=0, char *n="");
      |                                           ^~
In file included from src/weapons/../gsnetcli.h:16,
                 from src/weapons/../gsnetw.h:17:
src/weapons/../network/BitStream.h: In constructor ‘BitStream::BitStream(char*, unsigned int, bool)’:
src/weapons/../network/BitStream.h:22:61: warning: unused parameter ‘_copyData’ [-Wunused-parameter]
   22 |     BitStream(char* _data, unsigned int lengthInBytes, bool _copyData) : data(_data), numberOfBitsAllocated(lengthInBytes * 8), numberOfBitsUsed(lengthInBytes * 8), readOffset(0), maxLength(lengthInBytes) {}
      |                                                        ~~~~~^~~~~~~~~
src/weapons/../network/BitStream.h: In member function ‘void BitStream::Write(int)’:
src/weapons/../network/BitStream.h:25:20: warning: unused parameter ‘data’ [-Wunused-parameter]
   25 |     void Write(int data) {}
      |                ~~~~^~~~
src/weapons/../network/BitStream.h: In member function ‘void BitStream::Write(unsigned char)’:
src/weapons/../network/BitStream.h:26:30: warning: unused parameter ‘data’ [-Wunused-parameter]
   26 |     void Write(unsigned char data) {}
      |                ~~~~~~~~~~~~~~^~~~
src/weapons/../network/BitStream.h: In member function ‘void BitStream::Write(char)’:
src/weapons/../network/BitStream.h:27:21: warning: unused parameter ‘data’ [-Wunused-parameter]
   27 |     void Write(char data) {}
      |                ~~~~~^~~~
src/weapons/../network/BitStream.h: In member function ‘void BitStream::Write(char*, unsigned int)’:
src/weapons/../network/BitStream.h:28:22: warning: unused parameter ‘data’ [-Wunused-parameter]
   28 |     void Write(char* data, const unsigned int length) {}
      |                ~~~~~~^~~~
src/weapons/../network/BitStream.h:28:47: warning: unused parameter ‘length’ [-Wunused-parameter]
   28 |     void Write(char* data, const unsigned int length) {}
      |                            ~~~~~~~~~~~~~~~~~~~^~~~~~
src/weapons/../network/BitStream.h: In member function ‘void BitStream::Write(long unsigned int)’:
src/weapons/../network/BitStream.h:29:30: warning: unused parameter ‘data’ [-Wunused-parameter]
   29 |     void Write(unsigned long data) {}
      |                ~~~~~~~~~~~~~~^~~~
src/weapons/../network/BitStream.h: In member function ‘void BitStream::Write(float)’:
src/weapons/../network/BitStream.h:30:22: warning: unused parameter ‘data’ [-Wunused-parameter]
   30 |     void Write(float data) {}
      |                ~~~~~~^~~~
src/weapons/../network/BitStream.h: In member function ‘void BitStream::Write(bool)’:
src/weapons/../network/BitStream.h:31:21: warning: unused parameter ‘data’ [-Wunused-parameter]
   31 |     void Write(bool data) {}
      |                ~~~~~^~~~
src/weapons/../network/BitStream.h: In member function ‘void BitStream::Read(char*&, unsigned int)’:
src/weapons/../network/BitStream.h:42:22: warning: unused parameter ‘data’ [-Wunused-parameter]
   42 |     void Read(char* &data, const unsigned int length) {}
      |               ~~~~~~~^~~~
src/weapons/../network/BitStream.h:42:47: warning: unused parameter ‘length’ [-Wunused-parameter]
   42 |     void Read(char* &data, const unsigned int length) {}
      |                            ~~~~~~~~~~~~~~~~~~~^~~~~~
src/weapons/../network/BitStream.h: In member function ‘void BitStream::Read(const char*&, unsigned int)’:
src/weapons/../network/BitStream.h:43:28: warning: unused parameter ‘data’ [-Wunused-parameter]
   43 |     void Read(const char* &data, const unsigned int length) {}
      |               ~~~~~~~~~~~~~^~~~
src/weapons/../network/BitStream.h:43:53: warning: unused parameter ‘length’ [-Wunused-parameter]
   43 |     void Read(const char* &data, const unsigned int length) {}
      |                                  ~~~~~~~~~~~~~~~~~~~^~~~~~
src/weapons/../network/BitStream.h: In member function ‘void BitStream::Read(void*, unsigned int)’:
src/weapons/../network/BitStream.h:44:21: warning: unused parameter ‘data’ [-Wunused-parameter]
   44 |     void Read(void* data, const unsigned int length) {}
      |               ~~~~~~^~~~
src/weapons/../network/BitStream.h:44:46: warning: unused parameter ‘length’ [-Wunused-parameter]
   44 |     void Read(void* data, const unsigned int length) {}
      |                           ~~~~~~~~~~~~~~~~~~~^~~~~~
src/weapons/../network/BitStream.h: In member function ‘void BitStream::SetWriteOffset(unsigned int)’:
src/weapons/../network/BitStream.h:47:38: warning: unused parameter ‘offset’ [-Wunused-parameter]
   47 |     void SetWriteOffset(unsigned int offset) {}
      |                         ~~~~~~~~~~~~~^~~~~~
In file included from src/weapons/../network/RakNetworkFactory.h:9,
                 from src/weapons/../gsnetcli.h:17:
src/weapons/../network/RakClientInterface.h: In member function ‘bool RakClientInterface::Connect(const char*, short unsigned int, const char*, short unsigned int)’:
src/weapons/../network/RakClientInterface.h:17:30: warning: unused parameter ‘serverIP’ [-Wunused-parameter]
   17 |     bool Connect(const char* serverIP, unsigned short serverPort, const char* clientIP, unsigned short clientPort) { return false; }
      |                  ~~~~~~~~~~~~^~~~~~~~
src/weapons/../network/RakClientInterface.h:17:55: warning: unused parameter ‘serverPort’ [-Wunused-parameter]
   17 |     bool Connect(const char* serverIP, unsigned short serverPort, const char* clientIP, unsigned short clientPort) { return false; }
      |                                        ~~~~~~~~~~~~~~~^~~~~~~~~~
src/weapons/../network/RakClientInterface.h:17:79: warning: unused parameter ‘clientIP’ [-Wunused-parameter]
   17 |     bool Connect(const char* serverIP, unsigned short serverPort, const char* clientIP, unsigned short clientPort) { return false; }
      |                                                                   ~~~~~~~~~~~~^~~~~~~~
src/weapons/../network/RakClientInterface.h:17:104: warning: unused parameter ‘clientPort’ [-Wunused-parameter]
   17 |     bool Connect(const char* serverIP, unsigned short serverPort, const char* clientIP, unsigned short clientPort) { return false; }
      |                                                                                         ~~~~~~~~~~~~~~~^~~~~~~~~~
src/weapons/../network/RakClientInterface.h: In member function ‘bool RakClientInterface::Connect(const char*, short unsigned int, short unsigned int, unsigned int, int)’:
src/weapons/../network/RakClientInterface.h:18:30: warning: unused parameter ‘host’ [-Wunused-parameter]
   18 |     bool Connect(const char* host, unsigned short serverPort, unsigned short clientPort, unsigned int connectionValidationInteger, int timeoutMS) { return false; }
      |                  ~~~~~~~~~~~~^~~~
src/weapons/../network/RakClientInterface.h:18:51: warning: unused parameter ‘serverPort’ [-Wunused-parameter]
   18 |     bool Connect(const char* host, unsigned short serverPort, unsigned short clientPort, unsigned int connectionValidationInteger, int timeoutMS) { return false; }
      |                                    ~~~~~~~~~~~~~~~^~~~~~~~~~
src/weapons/../network/RakClientInterface.h:18:78: warning: unused parameter ‘clientPort’ [-Wunused-parameter]
   18 |     bool Connect(const char* host, unsigned short serverPort, unsigned short clientPort, unsigned int connectionValidationInteger, int timeoutMS) { return false; }
      |                                                               ~~~~~~~~~~~~~~~^~~~~~~~~~
src/weapons/../network/RakClientInterface.h:18:103: warning: unused parameter ‘connectionValidationInteger’ [-Wunused-parameter]
   18 |     bool Connect(const char* host, unsigned short serverPort, unsigned short clientPort, unsigned int connectionValidationInteger, int timeoutMS) { return false; }
      |                                                                                          ~~~~~~~~~~~~~^~~~~~~~~~~~~~~~~~~~~~~~~~~
src/weapons/../network/RakClientInterface.h:18:136: warning: unused parameter ‘timeoutMS’ [-Wunused-parameter]
   18 |     bool Connect(const char* host, unsigned short serverPort, unsigned short clientPort, unsigned int connectionValidationInteger, int timeoutMS) { return false; }
      |                                                                                                                                    ~~~~^~~~~~~~~
src/weapons/../network/RakClientInterface.h: In member function ‘void RakClientInterface::Disconnect(unsigned int, unsigned char)’:
src/weapons/../network/RakClientInterface.h:19:34: warning: unused parameter ‘blockDuration’ [-Wunused-parameter]
   19 |     void Disconnect(unsigned int blockDuration = 0, unsigned char orderingChannel = 0) {}
      |                     ~~~~~~~~~~~~~^~~~~~~~~~~~~~~~~
src/weapons/../network/RakClientInterface.h:19:67: warning: unused parameter ‘orderingChannel’ [-Wunused-parameter]
   19 |     void Disconnect(unsigned int blockDuration = 0, unsigned char orderingChannel = 0) {}
      |                                                     ~~~~~~~~~~~~~~^~~~~~~~~~~~~~~~~~~
src/weapons/../network/RakClientInterface.h: In member function ‘void RakClientInterface::PingServer(const char*, short unsigned int, short unsigned int)’:
src/weapons/../network/RakClientInterface.h:21:33: warning: unused parameter ‘host’ [-Wunused-parameter]
   21 |     void PingServer(const char* host, unsigned short remotePort, unsigned short sendPort) {}
      |                     ~~~~~~~~~~~~^~~~
src/weapons/../network/RakClientInterface.h:21:54: warning: unused parameter ‘remotePort’ [-Wunused-parameter]
   21 |     void PingServer(const char* host, unsigned short remotePort, unsigned short sendPort) {}
      |                                       ~~~~~~~~~~~~~~~^~~~~~~~~~
src/weapons/../network/RakClientInterface.h:21:81: warning: unused parameter ‘sendPort’ [-Wunused-parameter]
   21 |     void PingServer(const char* host, unsigned short remotePort, unsigned short sendPort) {}
      |                                                                  ~~~~~~~~~~~~~~~^~~~~~~~
src/weapons/../network/RakClientInterface.h: In member function ‘bool RakClientInterface::Send(const char*, int, unsigned char, char, char, PlayerID, bool)’:
src/weapons/../network/RakClientInterface.h:25:27: warning: unused parameter ‘data’ [-Wunused-parameter]
   25 |     bool Send(const char* data, int length, unsigned char priority, char reliability, char orderingChannel, PlayerID playerId, bool broadcast) { return true; }
      |               ~~~~~~~~~~~~^~~~
src/weapons/../network/RakClientInterface.h:25:37: warning: unused parameter ‘length’ [-Wunused-parameter]
   25 |     bool Send(const char* data, int length, unsigned char priority, char reliability, char orderingChannel, PlayerID playerId, bool broadcast) { return true; }
      |                                 ~~~~^~~~~~
src/weapons/../network/RakClientInterface.h:25:59: warning: unused parameter ‘priority’ [-Wunused-parameter]
   25 |     bool Send(const char* data, int length, unsigned char priority, char reliability, char orderingChannel, PlayerID playerId, bool broadcast) { return true; }
      |                                             ~~~~~~~~~~~~~~^~~~~~~~
src/weapons/../network/RakClientInterface.h:25:74: warning: unused parameter ‘reliability’ [-Wunused-parameter]
   25 |     bool Send(const char* data, int length, unsigned char priority, char reliability, char orderingChannel, PlayerID playerId, bool broadcast) { return true; }
      |                                                                     ~~~~~^~~~~~~~~~~
src/weapons/../network/RakClientInterface.h:25:92: warning: unused parameter ‘orderingChannel’ [-Wunused-parameter]
   25 |     bool Send(const char* data, int length, unsigned char priority, char reliability, char orderingChannel, PlayerID playerId, bool broadcast) { return true; }
      |                                                                                       ~~~~~^~~~~~~~~~~~~~~
src/weapons/../network/RakClientInterface.h:25:118: warning: unused parameter ‘playerId’ [-Wunused-parameter]
   25 |     bool Send(const char* data, int length, unsigned char priority, char reliability, char orderingChannel, PlayerID playerId, bool broadcast) { return true; }
      |                                                                                                             ~~~~~~~~~^~~~~~~~
src/weapons/../network/RakClientInterface.h:25:133: warning: unused parameter ‘broadcast’ [-Wunused-parameter]
   25 |     bool Send(const char* data, int length, unsigned char priority, char reliability, char orderingChannel, PlayerID playerId, bool broadcast) { return true; }
      |                                                                                                                                ~~~~~^~~~~~~~~
src/weapons/../network/RakClientInterface.h: In member function ‘bool RakClientInterface::Send(BitStream*, unsigned char, char, char)’:
src/weapons/../network/RakClientInterface.h:26:32: warning: unused parameter ‘bitStream’ [-Wunused-parameter]
   26 |     bool Send(class BitStream *bitStream, unsigned char priority, char reliability, char orderingChannel) { return true; }
      |               ~~~~~~~~~~~~~~~~~^~~~~~~~~
src/weapons/../network/RakClientInterface.h:26:57: warning: unused parameter ‘priority’ [-Wunused-parameter]
   26 |     bool Send(class BitStream *bitStream, unsigned char priority, char reliability, char orderingChannel) { return true; }
      |                                           ~~~~~~~~~~~~~~^~~~~~~~
src/weapons/../network/RakClientInterface.h:26:72: warning: unused parameter ‘reliability’ [-Wunused-parameter]
   26 |     bool Send(class BitStream *bitStream, unsigned char priority, char reliability, char orderingChannel) { return true; }
      |                                                                   ~~~~~^~~~~~~~~~~
src/weapons/../network/RakClientInterface.h:26:90: warning: unused parameter ‘orderingChannel’ [-Wunused-parameter]
   26 |     bool Send(class BitStream *bitStream, unsigned char priority, char reliability, char orderingChannel) { return true; }
      |                                                                                     ~~~~~^~~~~~~~~~~~~~~
src/weapons/../network/RakClientInterface.h: In member function ‘void RakClientInterface::PushBackPacket(Packet*, bool)’:
src/weapons/../network/RakClientInterface.h:27:33: warning: unused parameter ‘packet’ [-Wunused-parameter]
   27 |     void PushBackPacket(Packet* packet, bool pushAtHead) {}
      |                         ~~~~~~~~^~~~~~
src/weapons/../network/RakClientInterface.h:27:46: warning: unused parameter ‘pushAtHead’ [-Wunused-parameter]
   27 |     void PushBackPacket(Packet* packet, bool pushAtHead) {}
      |                                         ~~~~~^~~~~~~~~~
src/weapons/../network/RakClientInterface.h: In member function ‘void RakClientInterface::DeallocatePacket(Packet*)’:
src/weapons/../network/RakClientInterface.h:35:35: warning: unused parameter ‘packet’ [-Wunused-parameter]
   35 |     void DeallocatePacket(Packet *packet) {}
      |                           ~~~~~~~~^~~~~~
src/weapons/../network/RakClientInterface.h: In member function ‘const char* RakClientInterface::PlayerIDToDottedIP(PlayerID)’:
src/weapons/../network/RakClientInterface.h:36:45: warning: unused parameter ‘playerId’ [-Wunused-parameter]
   36 |     const char* PlayerIDToDottedIP(PlayerID playerId) { return "0.0.0.0"; }
      |                                    ~~~~~~~~~^~~~~~~~
In file included from src/weapons/../network/RakNetworkFactory.h:10:
src/weapons/../network/RakServerInterface.h: In member function ‘bool RakServerInterface::Start(int, int, int, int)’:
src/weapons/../network/RakServerInterface.h:19:20: warning: unused parameter ‘AllowedPlayers’ [-Wunused-parameter]
   19 |     bool Start(int AllowedPlayers, int connectionValidationInteger, int threadSleepTimer, int port) { return false; }
      |                ~~~~^~~~~~~~~~~~~~
src/weapons/../network/RakServerInterface.h:19:40: warning: unused parameter ‘connectionValidationInteger’ [-Wunused-parameter]
   19 |     bool Start(int AllowedPlayers, int connectionValidationInteger, int threadSleepTimer, int port) { return false; }
      |                                    ~~~~^~~~~~~~~~~~~~~~~~~~~~~~~~~
src/weapons/../network/RakServerInterface.h:19:73: warning: unused parameter ‘threadSleepTimer’ [-Wunused-parameter]
   19 |     bool Start(int AllowedPlayers, int connectionValidationInteger, int threadSleepTimer, int port) { return false; }
      |                                                                     ~~~~^~~~~~~~~~~~~~~~
src/weapons/../network/RakServerInterface.h:19:95: warning: unused parameter ‘port’ [-Wunused-parameter]
   19 |     bool Start(int AllowedPlayers, int connectionValidationInteger, int threadSleepTimer, int port) { return false; }
      |                                                                                           ~~~~^~~~
src/weapons/../network/RakServerInterface.h: In member function ‘void RakServerInterface::Disconnect(unsigned int, unsigned char)’:
src/weapons/../network/RakServerInterface.h:20:34: warning: unused parameter ‘blockDuration’ [-Wunused-parameter]
   20 |     void Disconnect(unsigned int blockDuration = 0, unsigned char orderingChannel = 0) {}
      |                     ~~~~~~~~~~~~~^~~~~~~~~~~~~~~~~
src/weapons/../network/RakServerInterface.h:20:67: warning: unused parameter ‘orderingChannel’ [-Wunused-parameter]
   20 |     void Disconnect(unsigned int blockDuration = 0, unsigned char orderingChannel = 0) {}
      |                                                     ~~~~~~~~~~~~~~^~~~~~~~~~~~~~~~~~~
src/weapons/../network/RakServerInterface.h: In member function ‘bool RakServerInterface::Send(const char*, int, unsigned char, char, char, PlayerID, bool)’:
src/weapons/../network/RakServerInterface.h:21:27: warning: unused parameter ‘data’ [-Wunused-parameter]
   21 |     bool Send(const char* data, int length, unsigned char priority, char reliability, char orderingChannel, PlayerID playerId, bool broadcast) { return true; }
      |               ~~~~~~~~~~~~^~~~
src/weapons/../network/RakServerInterface.h:21:37: warning: unused parameter ‘length’ [-Wunused-parameter]
   21 |     bool Send(const char* data, int length, unsigned char priority, char reliability, char orderingChannel, PlayerID playerId, bool broadcast) { return true; }
      |                                 ~~~~^~~~~~
src/weapons/../network/RakServerInterface.h:21:59: warning: unused parameter ‘priority’ [-Wunused-parameter]
   21 |     bool Send(const char* data, int length, unsigned char priority, char reliability, char orderingChannel, PlayerID playerId, bool broadcast) { return true; }
      |                                             ~~~~~~~~~~~~~~^~~~~~~~
src/weapons/../network/RakServerInterface.h:21:74: warning: unused parameter ‘reliability’ [-Wunused-parameter]
   21 |     bool Send(const char* data, int length, unsigned char priority, char reliability, char orderingChannel, PlayerID playerId, bool broadcast) { return true; }
      |                                                                     ~~~~~^~~~~~~~~~~
src/weapons/../network/RakServerInterface.h:21:92: warning: unused parameter ‘orderingChannel’ [-Wunused-parameter]
   21 |     bool Send(const char* data, int length, unsigned char priority, char reliability, char orderingChannel, PlayerID playerId, bool broadcast) { return true; }
      |                                                                                       ~~~~~^~~~~~~~~~~~~~~
src/weapons/../network/RakServerInterface.h:21:118: warning: unused parameter ‘playerId’ [-Wunused-parameter]
   21 |     bool Send(const char* data, int length, unsigned char priority, char reliability, char orderingChannel, PlayerID playerId, bool broadcast) { return true; }
      |                                                                                                             ~~~~~~~~~^~~~~~~~
src/weapons/../network/RakServerInterface.h:21:133: warning: unused parameter ‘broadcast’ [-Wunused-parameter]
   21 |     bool Send(const char* data, int length, unsigned char priority, char reliability, char orderingChannel, PlayerID playerId, bool broadcast) { return true; }
      |                                                                                                                                ~~~~~^~~~~~~~~
src/weapons/../network/RakServerInterface.h: In member function ‘bool RakServerInterface::Send(BitStream*, unsigned char, char, char, PlayerID, bool)’:
src/weapons/../network/RakServerInterface.h:22:32: warning: unused parameter ‘bitStream’ [-Wunused-parameter]
   22 |     bool Send(class BitStream *bitStream, unsigned char priority, char reliability, char orderingChannel, PlayerID playerId, bool broadcast) { return true; }
      |               ~~~~~~~~~~~~~~~~~^~~~~~~~~
src/weapons/../network/RakServerInterface.h:22:57: warning: unused parameter ‘priority’ [-Wunused-parameter]
   22 |     bool Send(class BitStream *bitStream, unsigned char priority, char reliability, char orderingChannel, PlayerID playerId, bool broadcast) { return true; }
      |                                           ~~~~~~~~~~~~~~^~~~~~~~
src/weapons/../network/RakServerInterface.h:22:72: warning: unused parameter ‘reliability’ [-Wunused-parameter]
   22 |     bool Send(class BitStream *bitStream, unsigned char priority, char reliability, char orderingChannel, PlayerID playerId, bool broadcast) { return true; }
      |                                                                   ~~~~~^~~~~~~~~~~
src/weapons/../network/RakServerInterface.h:22:90: warning: unused parameter ‘orderingChannel’ [-Wunused-parameter]
   22 |     bool Send(class BitStream *bitStream, unsigned char priority, char reliability, char orderingChannel, PlayerID playerId, bool broadcast) { return true; }
      |                                                                                     ~~~~~^~~~~~~~~~~~~~~
src/weapons/../network/RakServerInterface.h:22:116: warning: unused parameter ‘playerId’ [-Wunused-parameter]
   22 |     bool Send(class BitStream *bitStream, unsigned char priority, char reliability, char orderingChannel, PlayerID playerId, bool broadcast) { return true; }
      |                                                                                                           ~~~~~~~~~^~~~~~~~
src/weapons/../network/RakServerInterface.h:22:131: warning: unused parameter ‘broadcast’ [-Wunused-parameter]
   22 |     bool Send(class BitStream *bitStream, unsigned char priority, char reliability, char orderingChannel, PlayerID playerId, bool broadcast) { return true; }
      |                                                                                                                              ~~~~~^~~~~~~~~
src/weapons/../network/RakServerInterface.h: In member function ‘void RakServerInterface::PushBackPacket(Packet*, bool)’:
src/weapons/../network/RakServerInterface.h:23:33: warning: unused parameter ‘packet’ [-Wunused-parameter]
   23 |     void PushBackPacket(Packet* packet, bool pushAtHead) {}
      |                         ~~~~~~~~^~~~~~
src/weapons/../network/RakServerInterface.h:23:46: warning: unused parameter ‘pushAtHead’ [-Wunused-parameter]
   23 |     void PushBackPacket(Packet* packet, bool pushAtHead) {}
      |                                         ~~~~~^~~~~~~~~~
src/weapons/../network/RakServerInterface.h: In member function ‘void RakServerInterface::DeallocatePacket(Packet*)’:
src/weapons/../network/RakServerInterface.h:24:35: warning: unused parameter ‘packet’ [-Wunused-parameter]
   24 |     void DeallocatePacket(Packet* packet) {}
      |                           ~~~~~~~~^~~~~~
src/weapons/../network/RakServerInterface.h: In member function ‘int RakServerInterface::GetAveragePing(PlayerID)’:
src/weapons/../network/RakServerInterface.h:25:33: warning: unused parameter ‘playerId’ [-Wunused-parameter]
   25 |     int GetAveragePing(PlayerID playerId) { return 0; }
      |                        ~~~~~~~~~^~~~~~~~
src/weapons/../network/RakServerInterface.h: In member function ‘int RakServerInterface::GetLastPing(PlayerID)’:
src/weapons/../network/RakServerInterface.h:26:30: warning: unused parameter ‘playerId’ [-Wunused-parameter]
   26 |     int GetLastPing(PlayerID playerId) { return 0; }
      |                     ~~~~~~~~~^~~~~~~~
src/weapons/../network/RakServerInterface.h: In member function ‘int RakServerInterface::GetLowestPing(PlayerID)’:
src/weapons/../network/RakServerInterface.h:27:32: warning: unused parameter ‘playerId’ [-Wunused-parameter]
   27 |     int GetLowestPing(PlayerID playerId) { return 0; }
      |                       ~~~~~~~~~^~~~~~~~
src/weapons/../network/RakServerInterface.h: In member function ‘void RakServerInterface::Kick(PlayerID)’:
src/weapons/../network/RakServerInterface.h:28:24: warning: unused parameter ‘playerId’ [-Wunused-parameter]
   28 |     void Kick(PlayerID playerId) {}
      |               ~~~~~~~~~^~~~~~~~
src/weapons/../network/RakServerInterface.h: In member function ‘void RakServerInterface::SetAllowedPlayers(int)’:
src/weapons/../network/RakServerInterface.h:31:32: warning: unused parameter ‘maxPlayers’ [-Wunused-parameter]
   31 |     void SetAllowedPlayers(int maxPlayers) {}
      |                            ~~~~^~~~~~~~~~
src/weapons/../network/RakServerInterface.h: In member function ‘void* RakServerInterface::GetStatistics(PlayerID)’:
src/weapons/../network/RakServerInterface.h:35:34: warning: unused parameter ‘playerId’ [-Wunused-parameter]
   35 |     void* GetStatistics(PlayerID playerId) { return 0; }
      |                         ~~~~~~~~~^~~~~~~~
src/weapons/../network/RakNetworkFactory.h: In static member function ‘static void RakNetworkFactory::DestroyRakNetwork(void*)’:
src/weapons/../network/RakNetworkFactory.h:15:41: warning: unused parameter ‘network’ [-Wunused-parameter]
   15 |     static void DestroyRakNetwork(void* network) {}
      |                                   ~~~~~~^~~~~~~
src/weapons/bbumper.cpp: In member function ‘virtual int bulletBumper::check_map_collisions(gsMap*)’:
src/weapons/bbumper.cpp:188:41: warning: suggest parentheses around ‘&&’ within ‘||’ [-Wparentheses]
  188 |     if  (m->is_pixel((int)x-10, (int)y) && (wx=1) ||
      |          ~~~~~~~~~~~~~~~~~~~~~~~~~~~~~~~^~~~~~~~~
src/weapons/bbumper.cpp:190:41: warning: suggest parentheses around ‘&&’ within ‘||’ [-Wparentheses]
  190 |          m->is_pixel((int)x, (int)y-10) && (wx=3) ||
      |          ~~~~~~~~~~~~~~~~~~~~~~~~~~~~~~~^~~~~~~~~
src/weapons/bbumper.cpp:191:41: warning: suggest parentheses around ‘&&’ within ‘||’ [-Wparentheses]
  191 |          m->is_pixel((int)x, (int)y+10) && (wx=4) )
      |          ~~~~~~~~~~~~~~~~~~~~~~~~~~~~~~~^~~~~~~~~
src/weapons/../network/RakServerInterface.h: At global scope:
src/weapons/../network/RakServerInterface.h:49:17: warning: ‘UNASSIGNED_PLAYER_ID’ defined but not used [-Wunused-variable]
   49 | static PlayerID UNASSIGNED_PLAYER_ID = {0, 0};
      |                 ^~~~~~~~~~~~~~~~~~~~
Compiling src/weapons/bfake.cpp...
g++ -O2 -Wall -Wextra -std=c++11 -fpermissive -DDIRECT_ASSET_LOADING  -I/usr/include/lua5.4 -I./src -c src/weapons/bfake.cpp -o obj/weapons/bfake.o
In file included from src/weapons/../gsbullet.h:17,
                 from src/weapons/bfake.h:17,
                 from src/weapons/bfake.cpp:12:
src/weapons/../luaclass.h: In member function ‘void Lua::open(int)’:
src/weapons/../luaclass.h:20:23: warning: unused parameter ‘stacksize’ [-Wunused-parameter]
   20 |         void open(int stacksize = 0)
      |                   ~~~~^~~~~~~~~~~~~
src/weapons/../luaclass.h: In member function ‘void Lua::setgcthreshold(int)’:
src/weapons/../luaclass.h:136:33: warning: unused parameter ‘newthreshold’ [-Wunused-parameter]
  136 |         void setgcthreshold(int newthreshold)
      |                             ~~~~^~~~~~~~~~~~
In file included from src/weapons/../gsenemy.h:19,
                 from src/weapons/bfake.cpp:21:
src/weapons/../gsscript.h: At global scope:
src/weapons/../gsscript.h:43:43: warning: ISO C++ forbids converting a string constant to ‘char*’ [-Wwrite-strings]
   43 |     void  read_level_files(int=0, char *n="");
      |                                           ^~
src/weapons/bfake.cpp: In member function ‘virtual void bulletFake::move(int)’:
src/weapons/bfake.cpp:149:27: warning: unused parameter ‘no_trail’ [-Wunused-parameter]
  149 | void bulletFake::move(int no_trail)
      |                       ~~~~^~~~~~~~
src/weapons/bfake.cpp: In member function ‘virtual void bulletFake::draw(gsMap*)’:
src/weapons/bfake.cpp:157:30: warning: unused parameter ‘m’ [-Wunused-parameter]
  157 | void bulletFake::draw(gsMap *m)
      |                       ~~~~~~~^
src/weapons/bfake.cpp: In member function ‘virtual void bulletFake::draw(BITMAP*)’:
src/weapons/bfake.cpp:161:31: warning: unused parameter ‘m’ [-Wunused-parameter]
  161 | void bulletFake::draw(BITMAP *m)
      |                       ~~~~~~~~^
Compiling src/weapons/bfreezer.cpp...
g++ -O2 -Wall -Wextra -std=c++11 -fpermissive -DDIRECT_ASSET_LOADING  -I/usr/include/lua5.4 -I./src -c src/weapons/bfreezer.cpp -o obj/weapons/bfreezer.o
In file included from src/weapons/../gsbullet.h:17,
                 from src/weapons/bfreezer.h:17,
                 from src/weapons/bfreezer.cpp:12:
src/weapons/../luaclass.h: In member function ‘void Lua::open(int)’:
src/weapons/../luaclass.h:20:23: warning: unused parameter ‘stacksize’ [-Wunused-parameter]
   20 |         void open(int stacksize = 0)
      |                   ~~~~^~~~~~~~~~~~~
src/weapons/../luaclass.h: In member function ‘void Lua::setgcthreshold(int)’:
src/weapons/../luaclass.h:136:33: warning: unused parameter ‘newthreshold’ [-Wunused-parameter]
  136 |         void setgcthreshold(int newthreshold)
      |                             ~~~~^~~~~~~~~~~~
In file included from src/weapons/../gsenemy.h:19,
                 from src/weapons/bfreezer.cpp:21:
src/weapons/../gsscript.h: At global scope:
src/weapons/../gsscript.h:43:43: warning: ISO C++ forbids converting a string constant to ‘char*’ [-Wwrite-strings]
   43 |     void  read_level_files(int=0, char *n="");
      |                                           ^~
Compiling src/weapons/bgas.cpp...
g++ -O2 -Wall -Wextra -std=c++11 -fpermissive -DDIRECT_ASSET_LOADING  -I/usr/include/lua5.4 -I./src -c src/weapons/bgas.cpp -o obj/weapons/bgas.o
In file included from src/weapons/../gsbullet.h:17,
                 from src/weapons/bgas.h:17,
                 from src/weapons/bgas.cpp:12:
src/weapons/../luaclass.h: In member function ‘void Lua::open(int)’:
src/weapons/../luaclass.h:20:23: warning: unused parameter ‘stacksize’ [-Wunused-parameter]
   20 |         void open(int stacksize = 0)
      |                   ~~~~^~~~~~~~~~~~~
src/weapons/../luaclass.h: In member function ‘void Lua::setgcthreshold(int)’:
src/weapons/../luaclass.h:136:33: warning: unused parameter ‘newthreshold’ [-Wunused-parameter]
  136 |         void setgcthreshold(int newthreshold)
      |                             ~~~~^~~~~~~~~~~~
src/weapons/bgas.cpp: In member function ‘void bulletGas::apply_gravity_to(int, int, float*, float*, int, int)’:
src/weapons/bgas.cpp:308:3: warning: this ‘if’ clause does not guard... [-Wmisleading-indentation]
  308 |   if (str > 100) str = 100; if (str <= 0) str = 1;
      |   ^~
src/weapons/bgas.cpp:308:29: note: ...this statement, but the latter is misleadingly indented as if it were guarded by the ‘if’
  308 |   if (str > 100) str = 100; if (str <= 0) str = 1;
      |                             ^~
Compiling src/weapons/blaser.cpp...
g++ -O2 -Wall -Wextra -std=c++11 -fpermissive -DDIRECT_ASSET_LOADING  -I/usr/include/lua5.4 -I./src -c src/weapons/blaser.cpp -o obj/weapons/blaser.o
In file included from src/weapons/../gsbullet.h:17,
                 from src/weapons/blaser.h:17,
                 from src/weapons/blaser.cpp:12:
src/weapons/../luaclass.h: In member function ‘void Lua::open(int)’:
src/weapons/../luaclass.h:20:23: warning: unused parameter ‘stacksize’ [-Wunused-parameter]
   20 |         void open(int stacksize = 0)
      |                   ~~~~^~~~~~~~~~~~~
src/weapons/../luaclass.h: In member function ‘void Lua::setgcthreshold(int)’:
src/weapons/../luaclass.h:136:33: warning: unused parameter ‘newthreshold’ [-Wunused-parameter]
  136 |         void setgcthreshold(int newthreshold)
      |                             ~~~~^~~~~~~~~~~~
In file included from src/weapons/../gsenemy.h:19,
                 from src/weapons/blaser.cpp:21:
src/weapons/../gsscript.h: At global scope:
src/weapons/../gsscript.h:43:43: warning: ISO C++ forbids converting a string constant to ‘char*’ [-Wwrite-strings]
   43 |     void  read_level_files(int=0, char *n="");
      |                                           ^~
Compiling src/weapons/bmine.cpp...
g++ -O2 -Wall -Wextra -std=c++11 -fpermissive -DDIRECT_ASSET_LOADING  -I/usr/include/lua5.4 -I./src -c src/weapons/bmine.cpp -o obj/weapons/bmine.o
In file included from src/weapons/../gsbullet.h:17,
                 from src/weapons/bmine.h:17,
                 from src/weapons/bmine.cpp:12:
src/weapons/../luaclass.h: In member function ‘void Lua::open(int)’:
src/weapons/../luaclass.h:20:23: warning: unused parameter ‘stacksize’ [-Wunused-parameter]
   20 |         void open(int stacksize = 0)
      |                   ~~~~^~~~~~~~~~~~~
src/weapons/../luaclass.h: In member function ‘void Lua::setgcthreshold(int)’:
src/weapons/../luaclass.h:136:33: warning: unused parameter ‘newthreshold’ [-Wunused-parameter]
  136 |         void setgcthreshold(int newthreshold)
      |                             ~~~~^~~~~~~~~~~~
In file included from src/weapons/../gsenemy.h:19,
                 from src/weapons/bmine.cpp:22:
src/weapons/../gsscript.h: At global scope:
src/weapons/../gsscript.h:43:43: warning: ISO C++ forbids converting a string constant to ‘char*’ [-Wwrite-strings]
   43 |     void  read_level_files(int=0, char *n="");
      |                                           ^~
src/weapons/bmine.cpp: In member function ‘void bulletMine::apply_gravity_to(int, int, float*, float*, int, int)’:
src/weapons/bmine.cpp:392:3: warning: this ‘if’ clause does not guard... [-Wmisleading-indentation]
  392 |   if (str > 100) str = 100; if (str <= 0) str = 1;
      |   ^~
src/weapons/bmine.cpp:392:29: note: ...this statement, but the latter is misleadingly indented as if it were guarded by the ‘if’
  392 |   if (str > 100) str = 100; if (str <= 0) str = 1;
      |                             ^~
Compiling src/weapons/bnormal.cpp...
g++ -O2 -Wall -Wextra -std=c++11 -fpermissive -DDIRECT_ASSET_LOADING  -I/usr/include/lua5.4 -I./src -c src/weapons/bnormal.cpp -o obj/weapons/bnormal.o
In file included from src/weapons/../gsbullet.h:17,
                 from src/weapons/bnormal.h:17,
                 from src/weapons/bnormal.cpp:12:
src/weapons/../luaclass.h: In member function ‘void Lua::open(int)’:
src/weapons/../luaclass.h:20:23: warning: unused parameter ‘stacksize’ [-Wunused-parameter]
   20 |         void open(int stacksize = 0)
      |                   ~~~~^~~~~~~~~~~~~
src/weapons/../luaclass.h: In member function ‘void Lua::setgcthreshold(int)’:
src/weapons/../luaclass.h:136:33: warning: unused parameter ‘newthreshold’ [-Wunused-parameter]
  136 |         void setgcthreshold(int newthreshold)
      |                             ~~~~^~~~~~~~~~~~
In file included from src/weapons/../gsenemy.h:19,
                 from src/weapons/bnormal.cpp:21:
src/weapons/../gsscript.h: At global scope:
src/weapons/../gsscript.h:43:43: warning: ISO C++ forbids converting a string constant to ‘char*’ [-Wwrite-strings]
   43 |     void  read_level_files(int=0, char *n="");
      |                                           ^~
src/weapons/bnormal.cpp: In member function ‘virtual void bulletNormal::move(int)’:
src/weapons/bnormal.cpp:208:29: warning: unused parameter ‘no_trail’ [-Wunused-parameter]
  208 | void bulletNormal::move(int no_trail)
      |                         ~~~~^~~~~~~~
Compiling src/weapons/bprobe.cpp...
g++ -O2 -Wall -Wextra -std=c++11 -fpermissive -DDIRECT_ASSET_LOADING  -I/usr/include/lua5.4 -I./src -c src/weapons/bprobe.cpp -o obj/weapons/bprobe.o
In file included from src/weapons/../gsnetw.h:18,
                 from src/weapons/bprobe.cpp:22:
src/weapons/../gsnetsrv.h:67:7: warning: extra tokens at end of #endif directive [-Wendif-labels]
   67 | #endif;
      |       ^
In file included from src/weapons/../gsbullet.h:17,
                 from src/weapons/bprobe.h:17,
                 from src/weapons/bprobe.cpp:12:
src/weapons/../luaclass.h: In member function ‘void Lua::open(int)’:
src/weapons/../luaclass.h:20:23: warning: unused parameter ‘stacksize’ [-Wunused-parameter]
   20 |         void open(int stacksize = 0)
      |                   ~~~~^~~~~~~~~~~~~
src/weapons/../luaclass.h: In member function ‘void Lua::setgcthreshold(int)’:
src/weapons/../luaclass.h:136:33: warning: unused parameter ‘newthreshold’ [-Wunused-parameter]
  136 |         void setgcthreshold(int newthreshold)
      |                             ~~~~^~~~~~~~~~~~
In file included from src/weapons/../gsenemy.h:19,
                 from src/weapons/bprobe.cpp:21:
src/weapons/../gsscript.h: At global scope:
src/weapons/../gsscript.h:43:43: warning: ISO C++ forbids converting a string constant to ‘char*’ [-Wwrite-strings]
   43 |     void  read_level_files(int=0, char *n="");
      |                                           ^~
In file included from src/weapons/../gsnetcli.h:16,
                 from src/weapons/../gsnetw.h:17:
src/weapons/../network/BitStream.h: In constructor ‘BitStream::BitStream(char*, unsigned int, bool)’:
src/weapons/../network/BitStream.h:22:61: warning: unused parameter ‘_copyData’ [-Wunused-parameter]
   22 |     BitStream(char* _data, unsigned int lengthInBytes, bool _copyData) : data(_data), numberOfBitsAllocated(lengthInBytes * 8), numberOfBitsUsed(lengthInBytes * 8), readOffset(0), maxLength(lengthInBytes) {}
      |                                                        ~~~~~^~~~~~~~~
src/weapons/../network/BitStream.h: In member function ‘void BitStream::Write(int)’:
src/weapons/../network/BitStream.h:25:20: warning: unused parameter ‘data’ [-Wunused-parameter]
   25 |     void Write(int data) {}
      |                ~~~~^~~~
src/weapons/../network/BitStream.h: In member function ‘void BitStream::Write(unsigned char)’:
src/weapons/../network/BitStream.h:26:30: warning: unused parameter ‘data’ [-Wunused-parameter]
   26 |     void Write(unsigned char data) {}
      |                ~~~~~~~~~~~~~~^~~~
src/weapons/../network/BitStream.h: In member function ‘void BitStream::Write(char)’:
src/weapons/../network/BitStream.h:27:21: warning: unused parameter ‘data’ [-Wunused-parameter]
   27 |     void Write(char data) {}
      |                ~~~~~^~~~
src/weapons/../network/BitStream.h: In member function ‘void BitStream::Write(char*, unsigned int)’:
src/weapons/../network/BitStream.h:28:22: warning: unused parameter ‘data’ [-Wunused-parameter]
   28 |     void Write(char* data, const unsigned int length) {}
      |                ~~~~~~^~~~
src/weapons/../network/BitStream.h:28:47: warning: unused parameter ‘length’ [-Wunused-parameter]
   28 |     void Write(char* data, const unsigned int length) {}
      |                            ~~~~~~~~~~~~~~~~~~~^~~~~~
src/weapons/../network/BitStream.h: In member function ‘void BitStream::Write(long unsigned int)’:
src/weapons/../network/BitStream.h:29:30: warning: unused parameter ‘data’ [-Wunused-parameter]
   29 |     void Write(unsigned long data) {}
      |                ~~~~~~~~~~~~~~^~~~
src/weapons/../network/BitStream.h: In member function ‘void BitStream::Write(float)’:
src/weapons/../network/BitStream.h:30:22: warning: unused parameter ‘data’ [-Wunused-parameter]
   30 |     void Write(float data) {}
      |                ~~~~~~^~~~
src/weapons/../network/BitStream.h: In member function ‘void BitStream::Write(bool)’:
src/weapons/../network/BitStream.h:31:21: warning: unused parameter ‘data’ [-Wunused-parameter]
   31 |     void Write(bool data) {}
      |                ~~~~~^~~~
src/weapons/../network/BitStream.h: In member function ‘void BitStream::Read(char*&, unsigned int)’:
src/weapons/../network/BitStream.h:42:22: warning: unused parameter ‘data’ [-Wunused-parameter]
   42 |     void Read(char* &data, const unsigned int length) {}
      |               ~~~~~~~^~~~
src/weapons/../network/BitStream.h:42:47: warning: unused parameter ‘length’ [-Wunused-parameter]
   42 |     void Read(char* &data, const unsigned int length) {}
      |                            ~~~~~~~~~~~~~~~~~~~^~~~~~
src/weapons/../network/BitStream.h: In member function ‘void BitStream::Read(const char*&, unsigned int)’:
src/weapons/../network/BitStream.h:43:28: warning: unused parameter ‘data’ [-Wunused-parameter]
   43 |     void Read(const char* &data, const unsigned int length) {}
      |               ~~~~~~~~~~~~~^~~~
src/weapons/../network/BitStream.h:43:53: warning: unused parameter ‘length’ [-Wunused-parameter]
   43 |     void Read(const char* &data, const unsigned int length) {}
      |                                  ~~~~~~~~~~~~~~~~~~~^~~~~~
src/weapons/../network/BitStream.h: In member function ‘void BitStream::Read(void*, unsigned int)’:
src/weapons/../network/BitStream.h:44:21: warning: unused parameter ‘data’ [-Wunused-parameter]
   44 |     void Read(void* data, const unsigned int length) {}
      |               ~~~~~~^~~~
src/weapons/../network/BitStream.h:44:46: warning: unused parameter ‘length’ [-Wunused-parameter]
   44 |     void Read(void* data, const unsigned int length) {}
      |                           ~~~~~~~~~~~~~~~~~~~^~~~~~
src/weapons/../network/BitStream.h: In member function ‘void BitStream::SetWriteOffset(unsigned int)’:
src/weapons/../network/BitStream.h:47:38: warning: unused parameter ‘offset’ [-Wunused-parameter]
   47 |     void SetWriteOffset(unsigned int offset) {}
      |                         ~~~~~~~~~~~~~^~~~~~
In file included from src/weapons/../network/RakNetworkFactory.h:9,
                 from src/weapons/../gsnetcli.h:17:
src/weapons/../network/RakClientInterface.h: In member function ‘bool RakClientInterface::Connect(const char*, short unsigned int, const char*, short unsigned int)’:
src/weapons/../network/RakClientInterface.h:17:30: warning: unused parameter ‘serverIP’ [-Wunused-parameter]
   17 |     bool Connect(const char* serverIP, unsigned short serverPort, const char* clientIP, unsigned short clientPort) { return false; }
      |                  ~~~~~~~~~~~~^~~~~~~~
src/weapons/../network/RakClientInterface.h:17:55: warning: unused parameter ‘serverPort’ [-Wunused-parameter]
   17 |     bool Connect(const char* serverIP, unsigned short serverPort, const char* clientIP, unsigned short clientPort) { return false; }
      |                                        ~~~~~~~~~~~~~~~^~~~~~~~~~
src/weapons/../network/RakClientInterface.h:17:79: warning: unused parameter ‘clientIP’ [-Wunused-parameter]
   17 |     bool Connect(const char* serverIP, unsigned short serverPort, const char* clientIP, unsigned short clientPort) { return false; }
      |                                                                   ~~~~~~~~~~~~^~~~~~~~
src/weapons/../network/RakClientInterface.h:17:104: warning: unused parameter ‘clientPort’ [-Wunused-parameter]
   17 |     bool Connect(const char* serverIP, unsigned short serverPort, const char* clientIP, unsigned short clientPort) { return false; }
      |                                                                                         ~~~~~~~~~~~~~~~^~~~~~~~~~
src/weapons/../network/RakClientInterface.h: In member function ‘bool RakClientInterface::Connect(const char*, short unsigned int, short unsigned int, unsigned int, int)’:
src/weapons/../network/RakClientInterface.h:18:30: warning: unused parameter ‘host’ [-Wunused-parameter]
   18 |     bool Connect(const char* host, unsigned short serverPort, unsigned short clientPort, unsigned int connectionValidationInteger, int timeoutMS) { return false; }
      |                  ~~~~~~~~~~~~^~~~
src/weapons/../network/RakClientInterface.h:18:51: warning: unused parameter ‘serverPort’ [-Wunused-parameter]
   18 |     bool Connect(const char* host, unsigned short serverPort, unsigned short clientPort, unsigned int connectionValidationInteger, int timeoutMS) { return false; }
      |                                    ~~~~~~~~~~~~~~~^~~~~~~~~~
src/weapons/../network/RakClientInterface.h:18:78: warning: unused parameter ‘clientPort’ [-Wunused-parameter]
   18 |     bool Connect(const char* host, unsigned short serverPort, unsigned short clientPort, unsigned int connectionValidationInteger, int timeoutMS) { return false; }
      |                                                               ~~~~~~~~~~~~~~~^~~~~~~~~~
src/weapons/../network/RakClientInterface.h:18:103: warning: unused parameter ‘connectionValidationInteger’ [-Wunused-parameter]
   18 |     bool Connect(const char* host, unsigned short serverPort, unsigned short clientPort, unsigned int connectionValidationInteger, int timeoutMS) { return false; }
      |                                                                                          ~~~~~~~~~~~~~^~~~~~~~~~~~~~~~~~~~~~~~~~~
src/weapons/../network/RakClientInterface.h:18:136: warning: unused parameter ‘timeoutMS’ [-Wunused-parameter]
   18 |     bool Connect(const char* host, unsigned short serverPort, unsigned short clientPort, unsigned int connectionValidationInteger, int timeoutMS) { return false; }
      |                                                                                                                                    ~~~~^~~~~~~~~
src/weapons/../network/RakClientInterface.h: In member function ‘void RakClientInterface::Disconnect(unsigned int, unsigned char)’:
src/weapons/../network/RakClientInterface.h:19:34: warning: unused parameter ‘blockDuration’ [-Wunused-parameter]
   19 |     void Disconnect(unsigned int blockDuration = 0, unsigned char orderingChannel = 0) {}
      |                     ~~~~~~~~~~~~~^~~~~~~~~~~~~~~~~
src/weapons/../network/RakClientInterface.h:19:67: warning: unused parameter ‘orderingChannel’ [-Wunused-parameter]
   19 |     void Disconnect(unsigned int blockDuration = 0, unsigned char orderingChannel = 0) {}
      |                                                     ~~~~~~~~~~~~~~^~~~~~~~~~~~~~~~~~~
src/weapons/../network/RakClientInterface.h: In member function ‘void RakClientInterface::PingServer(const char*, short unsigned int, short unsigned int)’:
src/weapons/../network/RakClientInterface.h:21:33: warning: unused parameter ‘host’ [-Wunused-parameter]
   21 |     void PingServer(const char* host, unsigned short remotePort, unsigned short sendPort) {}
      |                     ~~~~~~~~~~~~^~~~
src/weapons/../network/RakClientInterface.h:21:54: warning: unused parameter ‘remotePort’ [-Wunused-parameter]
   21 |     void PingServer(const char* host, unsigned short remotePort, unsigned short sendPort) {}
      |                                       ~~~~~~~~~~~~~~~^~~~~~~~~~
src/weapons/../network/RakClientInterface.h:21:81: warning: unused parameter ‘sendPort’ [-Wunused-parameter]
   21 |     void PingServer(const char* host, unsigned short remotePort, unsigned short sendPort) {}
      |                                                                  ~~~~~~~~~~~~~~~^~~~~~~~
src/weapons/../network/RakClientInterface.h: In member function ‘bool RakClientInterface::Send(const char*, int, unsigned char, char, char, PlayerID, bool)’:
src/weapons/../network/RakClientInterface.h:25:27: warning: unused parameter ‘data’ [-Wunused-parameter]
   25 |     bool Send(const char* data, int length, unsigned char priority, char reliability, char orderingChannel, PlayerID playerId, bool broadcast) { return true; }
      |               ~~~~~~~~~~~~^~~~
src/weapons/../network/RakClientInterface.h:25:37: warning: unused parameter ‘length’ [-Wunused-parameter]
   25 |     bool Send(const char* data, int length, unsigned char priority, char reliability, char orderingChannel, PlayerID playerId, bool broadcast) { return true; }
      |                                 ~~~~^~~~~~
src/weapons/../network/RakClientInterface.h:25:59: warning: unused parameter ‘priority’ [-Wunused-parameter]
   25 |     bool Send(const char* data, int length, unsigned char priority, char reliability, char orderingChannel, PlayerID playerId, bool broadcast) { return true; }
      |                                             ~~~~~~~~~~~~~~^~~~~~~~
src/weapons/../network/RakClientInterface.h:25:74: warning: unused parameter ‘reliability’ [-Wunused-parameter]
   25 |     bool Send(const char* data, int length, unsigned char priority, char reliability, char orderingChannel, PlayerID playerId, bool broadcast) { return true; }
      |                                                                     ~~~~~^~~~~~~~~~~
src/weapons/../network/RakClientInterface.h:25:92: warning: unused parameter ‘orderingChannel’ [-Wunused-parameter]
   25 |     bool Send(const char* data, int length, unsigned char priority, char reliability, char orderingChannel, PlayerID playerId, bool broadcast) { return true; }
      |                                                                                       ~~~~~^~~~~~~~~~~~~~~
src/weapons/../network/RakClientInterface.h:25:118: warning: unused parameter ‘playerId’ [-Wunused-parameter]
   25 |     bool Send(const char* data, int length, unsigned char priority, char reliability, char orderingChannel, PlayerID playerId, bool broadcast) { return true; }
      |                                                                                                             ~~~~~~~~~^~~~~~~~
src/weapons/../network/RakClientInterface.h:25:133: warning: unused parameter ‘broadcast’ [-Wunused-parameter]
   25 |     bool Send(const char* data, int length, unsigned char priority, char reliability, char orderingChannel, PlayerID playerId, bool broadcast) { return true; }
      |                                                                                                                                ~~~~~^~~~~~~~~
src/weapons/../network/RakClientInterface.h: In member function ‘bool RakClientInterface::Send(BitStream*, unsigned char, char, char)’:
src/weapons/../network/RakClientInterface.h:26:32: warning: unused parameter ‘bitStream’ [-Wunused-parameter]
   26 |     bool Send(class BitStream *bitStream, unsigned char priority, char reliability, char orderingChannel) { return true; }
      |               ~~~~~~~~~~~~~~~~~^~~~~~~~~
src/weapons/../network/RakClientInterface.h:26:57: warning: unused parameter ‘priority’ [-Wunused-parameter]
   26 |     bool Send(class BitStream *bitStream, unsigned char priority, char reliability, char orderingChannel) { return true; }
      |                                           ~~~~~~~~~~~~~~^~~~~~~~
src/weapons/../network/RakClientInterface.h:26:72: warning: unused parameter ‘reliability’ [-Wunused-parameter]
   26 |     bool Send(class BitStream *bitStream, unsigned char priority, char reliability, char orderingChannel) { return true; }
      |                                                                   ~~~~~^~~~~~~~~~~
src/weapons/../network/RakClientInterface.h:26:90: warning: unused parameter ‘orderingChannel’ [-Wunused-parameter]
   26 |     bool Send(class BitStream *bitStream, unsigned char priority, char reliability, char orderingChannel) { return true; }
      |                                                                                     ~~~~~^~~~~~~~~~~~~~~
src/weapons/../network/RakClientInterface.h: In member function ‘void RakClientInterface::PushBackPacket(Packet*, bool)’:
src/weapons/../network/RakClientInterface.h:27:33: warning: unused parameter ‘packet’ [-Wunused-parameter]
   27 |     void PushBackPacket(Packet* packet, bool pushAtHead) {}
      |                         ~~~~~~~~^~~~~~
src/weapons/../network/RakClientInterface.h:27:46: warning: unused parameter ‘pushAtHead’ [-Wunused-parameter]
   27 |     void PushBackPacket(Packet* packet, bool pushAtHead) {}
      |                                         ~~~~~^~~~~~~~~~
src/weapons/../network/RakClientInterface.h: In member function ‘void RakClientInterface::DeallocatePacket(Packet*)’:
src/weapons/../network/RakClientInterface.h:35:35: warning: unused parameter ‘packet’ [-Wunused-parameter]
   35 |     void DeallocatePacket(Packet *packet) {}
      |                           ~~~~~~~~^~~~~~
src/weapons/../network/RakClientInterface.h: In member function ‘const char* RakClientInterface::PlayerIDToDottedIP(PlayerID)’:
src/weapons/../network/RakClientInterface.h:36:45: warning: unused parameter ‘playerId’ [-Wunused-parameter]
   36 |     const char* PlayerIDToDottedIP(PlayerID playerId) { return "0.0.0.0"; }
      |                                    ~~~~~~~~~^~~~~~~~
In file included from src/weapons/../network/RakNetworkFactory.h:10:
src/weapons/../network/RakServerInterface.h: In member function ‘bool RakServerInterface::Start(int, int, int, int)’:
src/weapons/../network/RakServerInterface.h:19:20: warning: unused parameter ‘AllowedPlayers’ [-Wunused-parameter]
   19 |     bool Start(int AllowedPlayers, int connectionValidationInteger, int threadSleepTimer, int port) { return false; }
      |                ~~~~^~~~~~~~~~~~~~
src/weapons/../network/RakServerInterface.h:19:40: warning: unused parameter ‘connectionValidationInteger’ [-Wunused-parameter]
   19 |     bool Start(int AllowedPlayers, int connectionValidationInteger, int threadSleepTimer, int port) { return false; }
      |                                    ~~~~^~~~~~~~~~~~~~~~~~~~~~~~~~~
src/weapons/../network/RakServerInterface.h:19:73: warning: unused parameter ‘threadSleepTimer’ [-Wunused-parameter]
   19 |     bool Start(int AllowedPlayers, int connectionValidationInteger, int threadSleepTimer, int port) { return false; }
      |                                                                     ~~~~^~~~~~~~~~~~~~~~
src/weapons/../network/RakServerInterface.h:19:95: warning: unused parameter ‘port’ [-Wunused-parameter]
   19 |     bool Start(int AllowedPlayers, int connectionValidationInteger, int threadSleepTimer, int port) { return false; }
      |                                                                                           ~~~~^~~~
src/weapons/../network/RakServerInterface.h: In member function ‘void RakServerInterface::Disconnect(unsigned int, unsigned char)’:
src/weapons/../network/RakServerInterface.h:20:34: warning: unused parameter ‘blockDuration’ [-Wunused-parameter]
   20 |     void Disconnect(unsigned int blockDuration = 0, unsigned char orderingChannel = 0) {}
      |                     ~~~~~~~~~~~~~^~~~~~~~~~~~~~~~~
src/weapons/../network/RakServerInterface.h:20:67: warning: unused parameter ‘orderingChannel’ [-Wunused-parameter]
   20 |     void Disconnect(unsigned int blockDuration = 0, unsigned char orderingChannel = 0) {}
      |                                                     ~~~~~~~~~~~~~~^~~~~~~~~~~~~~~~~~~
src/weapons/../network/RakServerInterface.h: In member function ‘bool RakServerInterface::Send(const char*, int, unsigned char, char, char, PlayerID, bool)’:
src/weapons/../network/RakServerInterface.h:21:27: warning: unused parameter ‘data’ [-Wunused-parameter]
   21 |     bool Send(const char* data, int length, unsigned char priority, char reliability, char orderingChannel, PlayerID playerId, bool broadcast) { return true; }
      |               ~~~~~~~~~~~~^~~~
src/weapons/../network/RakServerInterface.h:21:37: warning: unused parameter ‘length’ [-Wunused-parameter]
   21 |     bool Send(const char* data, int length, unsigned char priority, char reliability, char orderingChannel, PlayerID playerId, bool broadcast) { return true; }
      |                                 ~~~~^~~~~~
src/weapons/../network/RakServerInterface.h:21:59: warning: unused parameter ‘priority’ [-Wunused-parameter]
   21 |     bool Send(const char* data, int length, unsigned char priority, char reliability, char orderingChannel, PlayerID playerId, bool broadcast) { return true; }
      |                                             ~~~~~~~~~~~~~~^~~~~~~~
src/weapons/../network/RakServerInterface.h:21:74: warning: unused parameter ‘reliability’ [-Wunused-parameter]
   21 |     bool Send(const char* data, int length, unsigned char priority, char reliability, char orderingChannel, PlayerID playerId, bool broadcast) { return true; }
      |                                                                     ~~~~~^~~~~~~~~~~
src/weapons/../network/RakServerInterface.h:21:92: warning: unused parameter ‘orderingChannel’ [-Wunused-parameter]
   21 |     bool Send(const char* data, int length, unsigned char priority, char reliability, char orderingChannel, PlayerID playerId, bool broadcast) { return true; }
      |                                                                                       ~~~~~^~~~~~~~~~~~~~~
src/weapons/../network/RakServerInterface.h:21:118: warning: unused parameter ‘playerId’ [-Wunused-parameter]
   21 |     bool Send(const char* data, int length, unsigned char priority, char reliability, char orderingChannel, PlayerID playerId, bool broadcast) { return true; }
      |                                                                                                             ~~~~~~~~~^~~~~~~~
src/weapons/../network/RakServerInterface.h:21:133: warning: unused parameter ‘broadcast’ [-Wunused-parameter]
   21 |     bool Send(const char* data, int length, unsigned char priority, char reliability, char orderingChannel, PlayerID playerId, bool broadcast) { return true; }
      |                                                                                                                                ~~~~~^~~~~~~~~
src/weapons/../network/RakServerInterface.h: In member function ‘bool RakServerInterface::Send(BitStream*, unsigned char, char, char, PlayerID, bool)’:
src/weapons/../network/RakServerInterface.h:22:32: warning: unused parameter ‘bitStream’ [-Wunused-parameter]
   22 |     bool Send(class BitStream *bitStream, unsigned char priority, char reliability, char orderingChannel, PlayerID playerId, bool broadcast) { return true; }
      |               ~~~~~~~~~~~~~~~~~^~~~~~~~~
src/weapons/../network/RakServerInterface.h:22:57: warning: unused parameter ‘priority’ [-Wunused-parameter]
   22 |     bool Send(class BitStream *bitStream, unsigned char priority, char reliability, char orderingChannel, PlayerID playerId, bool broadcast) { return true; }
      |                                           ~~~~~~~~~~~~~~^~~~~~~~
src/weapons/../network/RakServerInterface.h:22:72: warning: unused parameter ‘reliability’ [-Wunused-parameter]
   22 |     bool Send(class BitStream *bitStream, unsigned char priority, char reliability, char orderingChannel, PlayerID playerId, bool broadcast) { return true; }
      |                                                                   ~~~~~^~~~~~~~~~~
src/weapons/../network/RakServerInterface.h:22:90: warning: unused parameter ‘orderingChannel’ [-Wunused-parameter]
   22 |     bool Send(class BitStream *bitStream, unsigned char priority, char reliability, char orderingChannel, PlayerID playerId, bool broadcast) { return true; }
      |                                                                                     ~~~~~^~~~~~~~~~~~~~~
src/weapons/../network/RakServerInterface.h:22:116: warning: unused parameter ‘playerId’ [-Wunused-parameter]
   22 |     bool Send(class BitStream *bitStream, unsigned char priority, char reliability, char orderingChannel, PlayerID playerId, bool broadcast) { return true; }
      |                                                                                                           ~~~~~~~~~^~~~~~~~
src/weapons/../network/RakServerInterface.h:22:131: warning: unused parameter ‘broadcast’ [-Wunused-parameter]
   22 |     bool Send(class BitStream *bitStream, unsigned char priority, char reliability, char orderingChannel, PlayerID playerId, bool broadcast) { return true; }
      |                                                                                                                              ~~~~~^~~~~~~~~
src/weapons/../network/RakServerInterface.h: In member function ‘void RakServerInterface::PushBackPacket(Packet*, bool)’:
src/weapons/../network/RakServerInterface.h:23:33: warning: unused parameter ‘packet’ [-Wunused-parameter]
   23 |     void PushBackPacket(Packet* packet, bool pushAtHead) {}
      |                         ~~~~~~~~^~~~~~
src/weapons/../network/RakServerInterface.h:23:46: warning: unused parameter ‘pushAtHead’ [-Wunused-parameter]
   23 |     void PushBackPacket(Packet* packet, bool pushAtHead) {}
      |                                         ~~~~~^~~~~~~~~~
src/weapons/../network/RakServerInterface.h: In member function ‘void RakServerInterface::DeallocatePacket(Packet*)’:
src/weapons/../network/RakServerInterface.h:24:35: warning: unused parameter ‘packet’ [-Wunused-parameter]
   24 |     void DeallocatePacket(Packet* packet) {}
      |                           ~~~~~~~~^~~~~~
src/weapons/../network/RakServerInterface.h: In member function ‘int RakServerInterface::GetAveragePing(PlayerID)’:
src/weapons/../network/RakServerInterface.h:25:33: warning: unused parameter ‘playerId’ [-Wunused-parameter]
   25 |     int GetAveragePing(PlayerID playerId) { return 0; }
      |                        ~~~~~~~~~^~~~~~~~
src/weapons/../network/RakServerInterface.h: In member function ‘int RakServerInterface::GetLastPing(PlayerID)’:
src/weapons/../network/RakServerInterface.h:26:30: warning: unused parameter ‘playerId’ [-Wunused-parameter]
   26 |     int GetLastPing(PlayerID playerId) { return 0; }
      |                     ~~~~~~~~~^~~~~~~~
src/weapons/../network/RakServerInterface.h: In member function ‘int RakServerInterface::GetLowestPing(PlayerID)’:
src/weapons/../network/RakServerInterface.h:27:32: warning: unused parameter ‘playerId’ [-Wunused-parameter]
   27 |     int GetLowestPing(PlayerID playerId) { return 0; }
      |                       ~~~~~~~~~^~~~~~~~
src/weapons/../network/RakServerInterface.h: In member function ‘void RakServerInterface::Kick(PlayerID)’:
src/weapons/../network/RakServerInterface.h:28:24: warning: unused parameter ‘playerId’ [-Wunused-parameter]
   28 |     void Kick(PlayerID playerId) {}
      |               ~~~~~~~~~^~~~~~~~
src/weapons/../network/RakServerInterface.h: In member function ‘void RakServerInterface::SetAllowedPlayers(int)’:
src/weapons/../network/RakServerInterface.h:31:32: warning: unused parameter ‘maxPlayers’ [-Wunused-parameter]
   31 |     void SetAllowedPlayers(int maxPlayers) {}
      |                            ~~~~^~~~~~~~~~
src/weapons/../network/RakServerInterface.h: In member function ‘void* RakServerInterface::GetStatistics(PlayerID)’:
src/weapons/../network/RakServerInterface.h:35:34: warning: unused parameter ‘playerId’ [-Wunused-parameter]
   35 |     void* GetStatistics(PlayerID playerId) { return 0; }
      |                         ~~~~~~~~~^~~~~~~~
src/weapons/../network/RakNetworkFactory.h: In static member function ‘static void RakNetworkFactory::DestroyRakNetwork(void*)’:
src/weapons/../network/RakNetworkFactory.h:15:41: warning: unused parameter ‘network’ [-Wunused-parameter]
   15 |     static void DestroyRakNetwork(void* network) {}
      |                                   ~~~~~~^~~~~~~
src/weapons/bprobe.cpp: In constructor ‘bulletProbe::bulletProbe(long int, int, int, int, float, float, int, int, int, float, int, Image*)’:
src/weapons/bprobe.cpp:83:68: warning: unused parameter ‘pxspd’ [-Wunused-parameter]
   83 | bulletProbe::bulletProbe(long psig, int enr, int px, int py, float pxspd, float pyspd, int pstrength, int pshield, int phull, float puser, int pupgrade, Image *spr)
      |                                                              ~~~~~~^~~~~
src/weapons/bprobe.cpp:83:81: warning: unused parameter ‘pyspd’ [-Wunused-parameter]
   83 | bulletProbe::bulletProbe(long psig, int enr, int px, int py, float pxspd, float pyspd, int pstrength, int pshield, int phull, float puser, int pupgrade, Image *spr)
      |                                                                           ~~~~~~^~~~~
src/weapons/../network/RakServerInterface.h: At global scope:
src/weapons/../network/RakServerInterface.h:49:17: warning: ‘UNASSIGNED_PLAYER_ID’ defined but not used [-Wunused-variable]
   49 | static PlayerID UNASSIGNED_PLAYER_ID = {0, 0};
      |                 ^~~~~~~~~~~~~~~~~~~~
Compiling src/weapons/brocket.cpp...
g++ -O2 -Wall -Wextra -std=c++11 -fpermissive -DDIRECT_ASSET_LOADING  -I/usr/include/lua5.4 -I./src -c src/weapons/brocket.cpp -o obj/weapons/brocket.o
In file included from src/weapons/../gsnetw.h:18,
                 from src/weapons/brocket.cpp:23:
src/weapons/../gsnetsrv.h:67:7: warning: extra tokens at end of #endif directive [-Wendif-labels]
   67 | #endif;
      |       ^
In file included from src/weapons/../gsbullet.h:17,
                 from src/weapons/brocket.h:17,
                 from src/weapons/brocket.cpp:12:
src/weapons/../luaclass.h: In member function ‘void Lua::open(int)’:
src/weapons/../luaclass.h:20:23: warning: unused parameter ‘stacksize’ [-Wunused-parameter]
   20 |         void open(int stacksize = 0)
      |                   ~~~~^~~~~~~~~~~~~
src/weapons/../luaclass.h: In member function ‘void Lua::setgcthreshold(int)’:
src/weapons/../luaclass.h:136:33: warning: unused parameter ‘newthreshold’ [-Wunused-parameter]
  136 |         void setgcthreshold(int newthreshold)
      |                             ~~~~^~~~~~~~~~~~
In file included from src/weapons/../gsenemy.h:19,
                 from src/weapons/brocket.cpp:21:
src/weapons/../gsscript.h: At global scope:
src/weapons/../gsscript.h:43:43: warning: ISO C++ forbids converting a string constant to ‘char*’ [-Wwrite-strings]
   43 |     void  read_level_files(int=0, char *n="");
      |                                           ^~
In file included from src/weapons/../gsnetcli.h:16,
                 from src/weapons/../gsnetw.h:17:
src/weapons/../network/BitStream.h: In constructor ‘BitStream::BitStream(char*, unsigned int, bool)’:
src/weapons/../network/BitStream.h:22:61: warning: unused parameter ‘_copyData’ [-Wunused-parameter]
   22 |     BitStream(char* _data, unsigned int lengthInBytes, bool _copyData) : data(_data), numberOfBitsAllocated(lengthInBytes * 8), numberOfBitsUsed(lengthInBytes * 8), readOffset(0), maxLength(lengthInBytes) {}
      |                                                        ~~~~~^~~~~~~~~
src/weapons/../network/BitStream.h: In member function ‘void BitStream::Write(int)’:
src/weapons/../network/BitStream.h:25:20: warning: unused parameter ‘data’ [-Wunused-parameter]
   25 |     void Write(int data) {}
      |                ~~~~^~~~
src/weapons/../network/BitStream.h: In member function ‘void BitStream::Write(unsigned char)’:
src/weapons/../network/BitStream.h:26:30: warning: unused parameter ‘data’ [-Wunused-parameter]
   26 |     void Write(unsigned char data) {}
      |                ~~~~~~~~~~~~~~^~~~
src/weapons/../network/BitStream.h: In member function ‘void BitStream::Write(char)’:
src/weapons/../network/BitStream.h:27:21: warning: unused parameter ‘data’ [-Wunused-parameter]
   27 |     void Write(char data) {}
      |                ~~~~~^~~~
src/weapons/../network/BitStream.h: In member function ‘void BitStream::Write(char*, unsigned int)’:
src/weapons/../network/BitStream.h:28:22: warning: unused parameter ‘data’ [-Wunused-parameter]
   28 |     void Write(char* data, const unsigned int length) {}
      |                ~~~~~~^~~~
src/weapons/../network/BitStream.h:28:47: warning: unused parameter ‘length’ [-Wunused-parameter]
   28 |     void Write(char* data, const unsigned int length) {}
      |                            ~~~~~~~~~~~~~~~~~~~^~~~~~
src/weapons/../network/BitStream.h: In member function ‘void BitStream::Write(long unsigned int)’:
src/weapons/../network/BitStream.h:29:30: warning: unused parameter ‘data’ [-Wunused-parameter]
   29 |     void Write(unsigned long data) {}
      |                ~~~~~~~~~~~~~~^~~~
src/weapons/../network/BitStream.h: In member function ‘void BitStream::Write(float)’:
src/weapons/../network/BitStream.h:30:22: warning: unused parameter ‘data’ [-Wunused-parameter]
   30 |     void Write(float data) {}
      |                ~~~~~~^~~~
src/weapons/../network/BitStream.h: In member function ‘void BitStream::Write(bool)’:
src/weapons/../network/BitStream.h:31:21: warning: unused parameter ‘data’ [-Wunused-parameter]
   31 |     void Write(bool data) {}
      |                ~~~~~^~~~
src/weapons/../network/BitStream.h: In member function ‘void BitStream::Read(char*&, unsigned int)’:
src/weapons/../network/BitStream.h:42:22: warning: unused parameter ‘data’ [-Wunused-parameter]
   42 |     void Read(char* &data, const unsigned int length) {}
      |               ~~~~~~~^~~~
src/weapons/../network/BitStream.h:42:47: warning: unused parameter ‘length’ [-Wunused-parameter]
   42 |     void Read(char* &data, const unsigned int length) {}
      |                            ~~~~~~~~~~~~~~~~~~~^~~~~~
src/weapons/../network/BitStream.h: In member function ‘void BitStream::Read(const char*&, unsigned int)’:
src/weapons/../network/BitStream.h:43:28: warning: unused parameter ‘data’ [-Wunused-parameter]
   43 |     void Read(const char* &data, const unsigned int length) {}
      |               ~~~~~~~~~~~~~^~~~
src/weapons/../network/BitStream.h:43:53: warning: unused parameter ‘length’ [-Wunused-parameter]
   43 |     void Read(const char* &data, const unsigned int length) {}
      |                                  ~~~~~~~~~~~~~~~~~~~^~~~~~
src/weapons/../network/BitStream.h: In member function ‘void BitStream::Read(void*, unsigned int)’:
src/weapons/../network/BitStream.h:44:21: warning: unused parameter ‘data’ [-Wunused-parameter]
   44 |     void Read(void* data, const unsigned int length) {}
      |               ~~~~~~^~~~
src/weapons/../network/BitStream.h:44:46: warning: unused parameter ‘length’ [-Wunused-parameter]
   44 |     void Read(void* data, const unsigned int length) {}
      |                           ~~~~~~~~~~~~~~~~~~~^~~~~~
src/weapons/../network/BitStream.h: In member function ‘void BitStream::SetWriteOffset(unsigned int)’:
src/weapons/../network/BitStream.h:47:38: warning: unused parameter ‘offset’ [-Wunused-parameter]
   47 |     void SetWriteOffset(unsigned int offset) {}
      |                         ~~~~~~~~~~~~~^~~~~~
In file included from src/weapons/../network/RakNetworkFactory.h:9,
                 from src/weapons/../gsnetcli.h:17:
src/weapons/../network/RakClientInterface.h: In member function ‘bool RakClientInterface::Connect(const char*, short unsigned int, const char*, short unsigned int)’:
src/weapons/../network/RakClientInterface.h:17:30: warning: unused parameter ‘serverIP’ [-Wunused-parameter]
   17 |     bool Connect(const char* serverIP, unsigned short serverPort, const char* clientIP, unsigned short clientPort) { return false; }
      |                  ~~~~~~~~~~~~^~~~~~~~
src/weapons/../network/RakClientInterface.h:17:55: warning: unused parameter ‘serverPort’ [-Wunused-parameter]
   17 |     bool Connect(const char* serverIP, unsigned short serverPort, const char* clientIP, unsigned short clientPort) { return false; }
      |                                        ~~~~~~~~~~~~~~~^~~~~~~~~~
src/weapons/../network/RakClientInterface.h:17:79: warning: unused parameter ‘clientIP’ [-Wunused-parameter]
   17 |     bool Connect(const char* serverIP, unsigned short serverPort, const char* clientIP, unsigned short clientPort) { return false; }
      |                                                                   ~~~~~~~~~~~~^~~~~~~~
src/weapons/../network/RakClientInterface.h:17:104: warning: unused parameter ‘clientPort’ [-Wunused-parameter]
   17 |     bool Connect(const char* serverIP, unsigned short serverPort, const char* clientIP, unsigned short clientPort) { return false; }
      |                                                                                         ~~~~~~~~~~~~~~~^~~~~~~~~~
src/weapons/../network/RakClientInterface.h: In member function ‘bool RakClientInterface::Connect(const char*, short unsigned int, short unsigned int, unsigned int, int)’:
src/weapons/../network/RakClientInterface.h:18:30: warning: unused parameter ‘host’ [-Wunused-parameter]
   18 |     bool Connect(const char* host, unsigned short serverPort, unsigned short clientPort, unsigned int connectionValidationInteger, int timeoutMS) { return false; }
      |                  ~~~~~~~~~~~~^~~~
src/weapons/../network/RakClientInterface.h:18:51: warning: unused parameter ‘serverPort’ [-Wunused-parameter]
   18 |     bool Connect(const char* host, unsigned short serverPort, unsigned short clientPort, unsigned int connectionValidationInteger, int timeoutMS) { return false; }
      |                                    ~~~~~~~~~~~~~~~^~~~~~~~~~
src/weapons/../network/RakClientInterface.h:18:78: warning: unused parameter ‘clientPort’ [-Wunused-parameter]
   18 |     bool Connect(const char* host, unsigned short serverPort, unsigned short clientPort, unsigned int connectionValidationInteger, int timeoutMS) { return false; }
      |                                                               ~~~~~~~~~~~~~~~^~~~~~~~~~
src/weapons/../network/RakClientInterface.h:18:103: warning: unused parameter ‘connectionValidationInteger’ [-Wunused-parameter]
   18 |     bool Connect(const char* host, unsigned short serverPort, unsigned short clientPort, unsigned int connectionValidationInteger, int timeoutMS) { return false; }
      |                                                                                          ~~~~~~~~~~~~~^~~~~~~~~~~~~~~~~~~~~~~~~~~
src/weapons/../network/RakClientInterface.h:18:136: warning: unused parameter ‘timeoutMS’ [-Wunused-parameter]
   18 |     bool Connect(const char* host, unsigned short serverPort, unsigned short clientPort, unsigned int connectionValidationInteger, int timeoutMS) { return false; }
      |                                                                                                                                    ~~~~^~~~~~~~~
src/weapons/../network/RakClientInterface.h: In member function ‘void RakClientInterface::Disconnect(unsigned int, unsigned char)’:
src/weapons/../network/RakClientInterface.h:19:34: warning: unused parameter ‘blockDuration’ [-Wunused-parameter]
   19 |     void Disconnect(unsigned int blockDuration = 0, unsigned char orderingChannel = 0) {}
      |                     ~~~~~~~~~~~~~^~~~~~~~~~~~~~~~~
src/weapons/../network/RakClientInterface.h:19:67: warning: unused parameter ‘orderingChannel’ [-Wunused-parameter]
   19 |     void Disconnect(unsigned int blockDuration = 0, unsigned char orderingChannel = 0) {}
      |                                                     ~~~~~~~~~~~~~~^~~~~~~~~~~~~~~~~~~
src/weapons/../network/RakClientInterface.h: In member function ‘void RakClientInterface::PingServer(const char*, short unsigned int, short unsigned int)’:
src/weapons/../network/RakClientInterface.h:21:33: warning: unused parameter ‘host’ [-Wunused-parameter]
   21 |     void PingServer(const char* host, unsigned short remotePort, unsigned short sendPort) {}
      |                     ~~~~~~~~~~~~^~~~
src/weapons/../network/RakClientInterface.h:21:54: warning: unused parameter ‘remotePort’ [-Wunused-parameter]
   21 |     void PingServer(const char* host, unsigned short remotePort, unsigned short sendPort) {}
      |                                       ~~~~~~~~~~~~~~~^~~~~~~~~~
src/weapons/../network/RakClientInterface.h:21:81: warning: unused parameter ‘sendPort’ [-Wunused-parameter]
   21 |     void PingServer(const char* host, unsigned short remotePort, unsigned short sendPort) {}
      |                                                                  ~~~~~~~~~~~~~~~^~~~~~~~
src/weapons/../network/RakClientInterface.h: In member function ‘bool RakClientInterface::Send(const char*, int, unsigned char, char, char, PlayerID, bool)’:
src/weapons/../network/RakClientInterface.h:25:27: warning: unused parameter ‘data’ [-Wunused-parameter]
   25 |     bool Send(const char* data, int length, unsigned char priority, char reliability, char orderingChannel, PlayerID playerId, bool broadcast) { return true; }
      |               ~~~~~~~~~~~~^~~~
src/weapons/../network/RakClientInterface.h:25:37: warning: unused parameter ‘length’ [-Wunused-parameter]
   25 |     bool Send(const char* data, int length, unsigned char priority, char reliability, char orderingChannel, PlayerID playerId, bool broadcast) { return true; }
      |                                 ~~~~^~~~~~
src/weapons/../network/RakClientInterface.h:25:59: warning: unused parameter ‘priority’ [-Wunused-parameter]
   25 |     bool Send(const char* data, int length, unsigned char priority, char reliability, char orderingChannel, PlayerID playerId, bool broadcast) { return true; }
      |                                             ~~~~~~~~~~~~~~^~~~~~~~
src/weapons/../network/RakClientInterface.h:25:74: warning: unused parameter ‘reliability’ [-Wunused-parameter]
   25 |     bool Send(const char* data, int length, unsigned char priority, char reliability, char orderingChannel, PlayerID playerId, bool broadcast) { return true; }
      |                                                                     ~~~~~^~~~~~~~~~~
src/weapons/../network/RakClientInterface.h:25:92: warning: unused parameter ‘orderingChannel’ [-Wunused-parameter]
   25 |     bool Send(const char* data, int length, unsigned char priority, char reliability, char orderingChannel, PlayerID playerId, bool broadcast) { return true; }
      |                                                                                       ~~~~~^~~~~~~~~~~~~~~
src/weapons/../network/RakClientInterface.h:25:118: warning: unused parameter ‘playerId’ [-Wunused-parameter]
   25 |     bool Send(const char* data, int length, unsigned char priority, char reliability, char orderingChannel, PlayerID playerId, bool broadcast) { return true; }
      |                                                                                                             ~~~~~~~~~^~~~~~~~
src/weapons/../network/RakClientInterface.h:25:133: warning: unused parameter ‘broadcast’ [-Wunused-parameter]
   25 |     bool Send(const char* data, int length, unsigned char priority, char reliability, char orderingChannel, PlayerID playerId, bool broadcast) { return true; }
      |                                                                                                                                ~~~~~^~~~~~~~~
src/weapons/../network/RakClientInterface.h: In member function ‘bool RakClientInterface::Send(BitStream*, unsigned char, char, char)’:
src/weapons/../network/RakClientInterface.h:26:32: warning: unused parameter ‘bitStream’ [-Wunused-parameter]
   26 |     bool Send(class BitStream *bitStream, unsigned char priority, char reliability, char orderingChannel) { return true; }
      |               ~~~~~~~~~~~~~~~~~^~~~~~~~~
src/weapons/../network/RakClientInterface.h:26:57: warning: unused parameter ‘priority’ [-Wunused-parameter]
   26 |     bool Send(class BitStream *bitStream, unsigned char priority, char reliability, char orderingChannel) { return true; }
      |                                           ~~~~~~~~~~~~~~^~~~~~~~
src/weapons/../network/RakClientInterface.h:26:72: warning: unused parameter ‘reliability’ [-Wunused-parameter]
   26 |     bool Send(class BitStream *bitStream, unsigned char priority, char reliability, char orderingChannel) { return true; }
      |                                                                   ~~~~~^~~~~~~~~~~
src/weapons/../network/RakClientInterface.h:26:90: warning: unused parameter ‘orderingChannel’ [-Wunused-parameter]
   26 |     bool Send(class BitStream *bitStream, unsigned char priority, char reliability, char orderingChannel) { return true; }
      |                                                                                     ~~~~~^~~~~~~~~~~~~~~
src/weapons/../network/RakClientInterface.h: In member function ‘void RakClientInterface::PushBackPacket(Packet*, bool)’:
src/weapons/../network/RakClientInterface.h:27:33: warning: unused parameter ‘packet’ [-Wunused-parameter]
   27 |     void PushBackPacket(Packet* packet, bool pushAtHead) {}
      |                         ~~~~~~~~^~~~~~
src/weapons/../network/RakClientInterface.h:27:46: warning: unused parameter ‘pushAtHead’ [-Wunused-parameter]
   27 |     void PushBackPacket(Packet* packet, bool pushAtHead) {}
      |                                         ~~~~~^~~~~~~~~~
src/weapons/../network/RakClientInterface.h: In member function ‘void RakClientInterface::DeallocatePacket(Packet*)’:
src/weapons/../network/RakClientInterface.h:35:35: warning: unused parameter ‘packet’ [-Wunused-parameter]
   35 |     void DeallocatePacket(Packet *packet) {}
      |                           ~~~~~~~~^~~~~~
src/weapons/../network/RakClientInterface.h: In member function ‘const char* RakClientInterface::PlayerIDToDottedIP(PlayerID)’:
src/weapons/../network/RakClientInterface.h:36:45: warning: unused parameter ‘playerId’ [-Wunused-parameter]
   36 |     const char* PlayerIDToDottedIP(PlayerID playerId) { return "0.0.0.0"; }
      |                                    ~~~~~~~~~^~~~~~~~
In file included from src/weapons/../network/RakNetworkFactory.h:10:
src/weapons/../network/RakServerInterface.h: In member function ‘bool RakServerInterface::Start(int, int, int, int)’:
src/weapons/../network/RakServerInterface.h:19:20: warning: unused parameter ‘AllowedPlayers’ [-Wunused-parameter]
   19 |     bool Start(int AllowedPlayers, int connectionValidationInteger, int threadSleepTimer, int port) { return false; }
      |                ~~~~^~~~~~~~~~~~~~
src/weapons/../network/RakServerInterface.h:19:40: warning: unused parameter ‘connectionValidationInteger’ [-Wunused-parameter]
   19 |     bool Start(int AllowedPlayers, int connectionValidationInteger, int threadSleepTimer, int port) { return false; }
      |                                    ~~~~^~~~~~~~~~~~~~~~~~~~~~~~~~~
src/weapons/../network/RakServerInterface.h:19:73: warning: unused parameter ‘threadSleepTimer’ [-Wunused-parameter]
   19 |     bool Start(int AllowedPlayers, int connectionValidationInteger, int threadSleepTimer, int port) { return false; }
      |                                                                     ~~~~^~~~~~~~~~~~~~~~
src/weapons/../network/RakServerInterface.h:19:95: warning: unused parameter ‘port’ [-Wunused-parameter]
   19 |     bool Start(int AllowedPlayers, int connectionValidationInteger, int threadSleepTimer, int port) { return false; }
      |                                                                                           ~~~~^~~~
src/weapons/../network/RakServerInterface.h: In member function ‘void RakServerInterface::Disconnect(unsigned int, unsigned char)’:
src/weapons/../network/RakServerInterface.h:20:34: warning: unused parameter ‘blockDuration’ [-Wunused-parameter]
   20 |     void Disconnect(unsigned int blockDuration = 0, unsigned char orderingChannel = 0) {}
      |                     ~~~~~~~~~~~~~^~~~~~~~~~~~~~~~~
src/weapons/../network/RakServerInterface.h:20:67: warning: unused parameter ‘orderingChannel’ [-Wunused-parameter]
   20 |     void Disconnect(unsigned int blockDuration = 0, unsigned char orderingChannel = 0) {}
      |                                                     ~~~~~~~~~~~~~~^~~~~~~~~~~~~~~~~~~
src/weapons/../network/RakServerInterface.h: In member function ‘bool RakServerInterface::Send(const char*, int, unsigned char, char, char, PlayerID, bool)’:
src/weapons/../network/RakServerInterface.h:21:27: warning: unused parameter ‘data’ [-Wunused-parameter]
   21 |     bool Send(const char* data, int length, unsigned char priority, char reliability, char orderingChannel, PlayerID playerId, bool broadcast) { return true; }
      |               ~~~~~~~~~~~~^~~~
src/weapons/../network/RakServerInterface.h:21:37: warning: unused parameter ‘length’ [-Wunused-parameter]
   21 |     bool Send(const char* data, int length, unsigned char priority, char reliability, char orderingChannel, PlayerID playerId, bool broadcast) { return true; }
      |                                 ~~~~^~~~~~
src/weapons/../network/RakServerInterface.h:21:59: warning: unused parameter ‘priority’ [-Wunused-parameter]
   21 |     bool Send(const char* data, int length, unsigned char priority, char reliability, char orderingChannel, PlayerID playerId, bool broadcast) { return true; }
      |                                             ~~~~~~~~~~~~~~^~~~~~~~
src/weapons/../network/RakServerInterface.h:21:74: warning: unused parameter ‘reliability’ [-Wunused-parameter]
   21 |     bool Send(const char* data, int length, unsigned char priority, char reliability, char orderingChannel, PlayerID playerId, bool broadcast) { return true; }
      |                                                                     ~~~~~^~~~~~~~~~~
src/weapons/../network/RakServerInterface.h:21:92: warning: unused parameter ‘orderingChannel’ [-Wunused-parameter]
   21 |     bool Send(const char* data, int length, unsigned char priority, char reliability, char orderingChannel, PlayerID playerId, bool broadcast) { return true; }
      |                                                                                       ~~~~~^~~~~~~~~~~~~~~
src/weapons/../network/RakServerInterface.h:21:118: warning: unused parameter ‘playerId’ [-Wunused-parameter]
   21 |     bool Send(const char* data, int length, unsigned char priority, char reliability, char orderingChannel, PlayerID playerId, bool broadcast) { return true; }
      |                                                                                                             ~~~~~~~~~^~~~~~~~
src/weapons/../network/RakServerInterface.h:21:133: warning: unused parameter ‘broadcast’ [-Wunused-parameter]
   21 |     bool Send(const char* data, int length, unsigned char priority, char reliability, char orderingChannel, PlayerID playerId, bool broadcast) { return true; }
      |                                                                                                                                ~~~~~^~~~~~~~~
src/weapons/../network/RakServerInterface.h: In member function ‘bool RakServerInterface::Send(BitStream*, unsigned char, char, char, PlayerID, bool)’:
src/weapons/../network/RakServerInterface.h:22:32: warning: unused parameter ‘bitStream’ [-Wunused-parameter]
   22 |     bool Send(class BitStream *bitStream, unsigned char priority, char reliability, char orderingChannel, PlayerID playerId, bool broadcast) { return true; }
      |               ~~~~~~~~~~~~~~~~~^~~~~~~~~
src/weapons/../network/RakServerInterface.h:22:57: warning: unused parameter ‘priority’ [-Wunused-parameter]
   22 |     bool Send(class BitStream *bitStream, unsigned char priority, char reliability, char orderingChannel, PlayerID playerId, bool broadcast) { return true; }
      |                                           ~~~~~~~~~~~~~~^~~~~~~~
src/weapons/../network/RakServerInterface.h:22:72: warning: unused parameter ‘reliability’ [-Wunused-parameter]
   22 |     bool Send(class BitStream *bitStream, unsigned char priority, char reliability, char orderingChannel, PlayerID playerId, bool broadcast) { return true; }
      |                                                                   ~~~~~^~~~~~~~~~~
src/weapons/../network/RakServerInterface.h:22:90: warning: unused parameter ‘orderingChannel’ [-Wunused-parameter]
   22 |     bool Send(class BitStream *bitStream, unsigned char priority, char reliability, char orderingChannel, PlayerID playerId, bool broadcast) { return true; }
      |                                                                                     ~~~~~^~~~~~~~~~~~~~~
src/weapons/../network/RakServerInterface.h:22:116: warning: unused parameter ‘playerId’ [-Wunused-parameter]
   22 |     bool Send(class BitStream *bitStream, unsigned char priority, char reliability, char orderingChannel, PlayerID playerId, bool broadcast) { return true; }
      |                                                                                                           ~~~~~~~~~^~~~~~~~
src/weapons/../network/RakServerInterface.h:22:131: warning: unused parameter ‘broadcast’ [-Wunused-parameter]
   22 |     bool Send(class BitStream *bitStream, unsigned char priority, char reliability, char orderingChannel, PlayerID playerId, bool broadcast) { return true; }
      |                                                                                                                              ~~~~~^~~~~~~~~
src/weapons/../network/RakServerInterface.h: In member function ‘void RakServerInterface::PushBackPacket(Packet*, bool)’:
src/weapons/../network/RakServerInterface.h:23:33: warning: unused parameter ‘packet’ [-Wunused-parameter]
   23 |     void PushBackPacket(Packet* packet, bool pushAtHead) {}
      |                         ~~~~~~~~^~~~~~
src/weapons/../network/RakServerInterface.h:23:46: warning: unused parameter ‘pushAtHead’ [-Wunused-parameter]
   23 |     void PushBackPacket(Packet* packet, bool pushAtHead) {}
      |                                         ~~~~~^~~~~~~~~~
src/weapons/../network/RakServerInterface.h: In member function ‘void RakServerInterface::DeallocatePacket(Packet*)’:
src/weapons/../network/RakServerInterface.h:24:35: warning: unused parameter ‘packet’ [-Wunused-parameter]
   24 |     void DeallocatePacket(Packet* packet) {}
      |                           ~~~~~~~~^~~~~~
src/weapons/../network/RakServerInterface.h: In member function ‘int RakServerInterface::GetAveragePing(PlayerID)’:
src/weapons/../network/RakServerInterface.h:25:33: warning: unused parameter ‘playerId’ [-Wunused-parameter]
   25 |     int GetAveragePing(PlayerID playerId) { return 0; }
      |                        ~~~~~~~~~^~~~~~~~
src/weapons/../network/RakServerInterface.h: In member function ‘int RakServerInterface::GetLastPing(PlayerID)’:
src/weapons/../network/RakServerInterface.h:26:30: warning: unused parameter ‘playerId’ [-Wunused-parameter]
   26 |     int GetLastPing(PlayerID playerId) { return 0; }
      |                     ~~~~~~~~~^~~~~~~~
src/weapons/../network/RakServerInterface.h: In member function ‘int RakServerInterface::GetLowestPing(PlayerID)’:
src/weapons/../network/RakServerInterface.h:27:32: warning: unused parameter ‘playerId’ [-Wunused-parameter]
   27 |     int GetLowestPing(PlayerID playerId) { return 0; }
      |                       ~~~~~~~~~^~~~~~~~
src/weapons/../network/RakServerInterface.h: In member function ‘void RakServerInterface::Kick(PlayerID)’:
src/weapons/../network/RakServerInterface.h:28:24: warning: unused parameter ‘playerId’ [-Wunused-parameter]
   28 |     void Kick(PlayerID playerId) {}
      |               ~~~~~~~~~^~~~~~~~
src/weapons/../network/RakServerInterface.h: In member function ‘void RakServerInterface::SetAllowedPlayers(int)’:
src/weapons/../network/RakServerInterface.h:31:32: warning: unused parameter ‘maxPlayers’ [-Wunused-parameter]
   31 |     void SetAllowedPlayers(int maxPlayers) {}
      |                            ~~~~^~~~~~~~~~
src/weapons/../network/RakServerInterface.h: In member function ‘void* RakServerInterface::GetStatistics(PlayerID)’:
src/weapons/../network/RakServerInterface.h:35:34: warning: unused parameter ‘playerId’ [-Wunused-parameter]
   35 |     void* GetStatistics(PlayerID playerId) { return 0; }
      |                         ~~~~~~~~~^~~~~~~~
src/weapons/../network/RakNetworkFactory.h: In static member function ‘static void RakNetworkFactory::DestroyRakNetwork(void*)’:
src/weapons/../network/RakNetworkFactory.h:15:41: warning: unused parameter ‘network’ [-Wunused-parameter]
   15 |     static void DestroyRakNetwork(void* network) {}
      |                                   ~~~~~~^~~~~~~
src/weapons/../network/RakServerInterface.h: At global scope:
src/weapons/../network/RakServerInterface.h:49:17: warning: ‘UNASSIGNED_PLAYER_ID’ defined but not used [-Wunused-variable]
   49 | static PlayerID UNASSIGNED_PLAYER_ID = {0, 0};
      |                 ^~~~~~~~~~~~~~~~~~~~
Compiling src/weapons/bshotgun.cpp...
g++ -O2 -Wall -Wextra -std=c++11 -fpermissive -DDIRECT_ASSET_LOADING  -I/usr/include/lua5.4 -I./src -c src/weapons/bshotgun.cpp -o obj/weapons/bshotgun.o
In file included from src/weapons/../gsbullet.h:17,
                 from src/weapons/bshotgun.h:17,
                 from src/weapons/bshotgun.cpp:12:
src/weapons/../luaclass.h: In member function ‘void Lua::open(int)’:
src/weapons/../luaclass.h:20:23: warning: unused parameter ‘stacksize’ [-Wunused-parameter]
   20 |         void open(int stacksize = 0)
      |                   ~~~~^~~~~~~~~~~~~
src/weapons/../luaclass.h: In member function ‘void Lua::setgcthreshold(int)’:
src/weapons/../luaclass.h:136:33: warning: unused parameter ‘newthreshold’ [-Wunused-parameter]
  136 |         void setgcthreshold(int newthreshold)
      |                             ~~~~^~~~~~~~~~~~
In file included from src/weapons/../gsenemy.h:19,
                 from src/weapons/bshotgun.cpp:21:
src/weapons/../gsscript.h: At global scope:
src/weapons/../gsscript.h:43:43: warning: ISO C++ forbids converting a string constant to ‘char*’ [-Wwrite-strings]
   43 |     void  read_level_files(int=0, char *n="");
      |                                           ^~
src/weapons/bshotgun.cpp: In member function ‘virtual void bulletShotgun::move(int)’:
src/weapons/bshotgun.cpp:235:30: warning: unused parameter ‘no_trail’ [-Wunused-parameter]
  235 | void bulletShotgun::move(int no_trail)
      |                          ~~~~^~~~~~~~
Compiling src/weapons/bshrink.cpp...
g++ -O2 -Wall -Wextra -std=c++11 -fpermissive -DDIRECT_ASSET_LOADING  -I/usr/include/lua5.4 -I./src -c src/weapons/bshrink.cpp -o obj/weapons/bshrink.o
In file included from src/weapons/../gsbullet.h:17,
                 from src/weapons/bshrink.h:17,
                 from src/weapons/bshrink.cpp:12:
src/weapons/../luaclass.h: In member function ‘void Lua::open(int)’:
src/weapons/../luaclass.h:20:23: warning: unused parameter ‘stacksize’ [-Wunused-parameter]
   20 |         void open(int stacksize = 0)
      |                   ~~~~^~~~~~~~~~~~~
src/weapons/../luaclass.h: In member function ‘void Lua::setgcthreshold(int)’:
src/weapons/../luaclass.h:136:33: warning: unused parameter ‘newthreshold’ [-Wunused-parameter]
  136 |         void setgcthreshold(int newthreshold)
      |                             ~~~~^~~~~~~~~~~~
In file included from src/weapons/../gsenemy.h:19,
                 from src/weapons/bshrink.cpp:21:
src/weapons/../gsscript.h: At global scope:
src/weapons/../gsscript.h:43:43: warning: ISO C++ forbids converting a string constant to ‘char*’ [-Wwrite-strings]
   43 |     void  read_level_files(int=0, char *n="");
      |                                           ^~
Compiling src/weapons/buser.cpp...
g++ -O2 -Wall -Wextra -std=c++11 -fpermissive -DDIRECT_ASSET_LOADING  -I/usr/include/lua5.4 -I./src -c src/weapons/buser.cpp -o obj/weapons/buser.o
In file included from src/weapons/../gsbullet.h:17,
                 from src/weapons/buser.h:17,
                 from src/weapons/buser.cpp:12:
src/weapons/../luaclass.h: In member function ‘void Lua::open(int)’:
src/weapons/../luaclass.h:20:23: warning: unused parameter ‘stacksize’ [-Wunused-parameter]
   20 |         void open(int stacksize = 0)
      |                   ~~~~^~~~~~~~~~~~~
src/weapons/../luaclass.h: In member function ‘void Lua::setgcthreshold(int)’:
src/weapons/../luaclass.h:136:33: warning: unused parameter ‘newthreshold’ [-Wunused-parameter]
  136 |         void setgcthreshold(int newthreshold)
      |                             ~~~~^~~~~~~~~~~~
In file included from src/weapons/../gsenemy.h:19,
                 from src/weapons/buser.cpp:21:
src/weapons/../gsscript.h: At global scope:
src/weapons/../gsscript.h:43:43: warning: ISO C++ forbids converting a string constant to ‘char*’ [-Wwrite-strings]
   43 |     void  read_level_files(int=0, char *n="");
      |                                           ^~
src/weapons/buser.cpp: In constructor ‘bulletUser::bulletUser(gsPlayer*, int, int)’:
src/weapons/buser.cpp:37:58: warning: unused parameter ‘pupgrade’ [-Wunused-parameter]
   37 | bulletUser::bulletUser(class gsPlayer *p, int pmode, int pupgrade)
      |                                                      ~~~~^~~~~~~~
src/weapons/buser.cpp: In constructor ‘bulletUser::bulletUser(long int, int, int, int, float, float, int, int, int, float, int)’:
src/weapons/buser.cpp:78:105: warning: unused parameter ‘pshield’ [-Wunused-parameter]
   78 | bulletUser::bulletUser(long psig, int enr, int px, int py, float pxspd, float pyspd, int pstrength, int pshield, int phull, float puser, int pupgrade)
      |                                                                                                     ~~~~^~~~~~~
src/weapons/buser.cpp:78:118: warning: unused parameter ‘phull’ [-Wunused-parameter]
   78 | bulletUser::bulletUser(long psig, int enr, int px, int py, float pxspd, float pyspd, int pstrength, int pshield, int phull, float puser, int pupgrade)
      |                                                                                                                  ~~~~^~~~~
src/weapons/buser.cpp:78:131: warning: unused parameter ‘puser’ [-Wunused-parameter]
   78 | bulletUser::bulletUser(long psig, int enr, int px, int py, float pxspd, float pyspd, int pstrength, int pshield, int phull, float puser, int pupgrade)
      |                                                                                                                             ~~~~~~^~~~~
src/weapons/buser.cpp:78:142: warning: unused parameter ‘pupgrade’ [-Wunused-parameter]
   78 | bulletUser::bulletUser(long psig, int enr, int px, int py, float pxspd, float pyspd, int pstrength, int pshield, int phull, float puser, int pupgrade)
      |                                                                                                                                          ~~~~^~~~~~~~
src/weapons/buser.cpp: In member function ‘virtual void bulletUser::move(int)’:
src/weapons/buser.cpp:142:27: warning: unused parameter ‘no_trail’ [-Wunused-parameter]
  142 | void bulletUser::move(int no_trail)
      |                       ~~~~^~~~~~~~
src/weapons/buser.cpp: In member function ‘virtual void bulletUser::draw(gsMap*)’:
src/weapons/buser.cpp:150:30: warning: unused parameter ‘m’ [-Wunused-parameter]
  150 | void bulletUser::draw(gsMap *m)
      |                       ~~~~~~~^
src/weapons/buser.cpp: In member function ‘virtual void bulletUser::draw(BITMAP*)’:
src/weapons/buser.cpp:154:31: warning: unused parameter ‘m’ [-Wunused-parameter]
  154 | void bulletUser::draw(BITMAP *m)
      |                       ~~~~~~~~^
Compiling src/contrib/astar.cpp...
g++ -O2 -Wall -Wextra -std=c++11 -fpermissive -DDIRECT_ASSET_LOADING  -I/usr/include/lua5.4 -I./src -c src/contrib/astar.cpp -o obj/contrib/astar.o
In file included from src/contrib/../gsbullet.h:17,
                 from src/contrib/../gsplayer.h:17,
                 from src/contrib/astar.cpp:4:
src/contrib/../luaclass.h: In member function ‘void Lua::open(int)’:
src/contrib/../luaclass.h:20:23: warning: unused parameter ‘stacksize’ [-Wunused-parameter]
   20 |         void open(int stacksize = 0)
      |                   ~~~~^~~~~~~~~~~~~
src/contrib/../luaclass.h: In member function ‘void Lua::setgcthreshold(int)’:
src/contrib/../luaclass.h:136:33: warning: unused parameter ‘newthreshold’ [-Wunused-parameter]
  136 |         void setgcthreshold(int newthreshold)
      |                             ~~~~^~~~~~~~~~~~
src/contrib/astar.cpp: In member function ‘void AStar::ReadPath(int, int, int)’:
src/contrib/astar.cpp:432:23: warning: ‘x’ may be used uninitialized [-Wmaybe-uninitialized]
  432 |                 xPath = ReadPathX(pathLocation);
      |                 ~~~~~~^~~~~~~~~~~~~~~~~~~~~~~~~
src/contrib/astar.cpp:466:13: note: ‘x’ was declared here
  466 |         int x;
      |             ^
src/contrib/astar.cpp:433:23: warning: ‘y’ may be used uninitialized [-Wmaybe-uninitialized]
  433 |                 yPath = ReadPathY(pathLocation);
      |                 ~~~~~~^~~~~~~~~~~~~~~~~~~~~~~~~
src/contrib/astar.cpp:490:13: note: ‘y’ was declared here
  490 |         int y;
      |             ^
src/contrib/astar.cpp: In member function ‘int AStar::ReadPathX(int)’:
src/contrib/astar.cpp:480:16: warning: ‘x’ may be used uninitialized [-Wmaybe-uninitialized]
  480 |         return x;
      |                ^
src/contrib/astar.cpp:466:13: note: ‘x’ was declared here
  466 |         int x;
      |             ^
src/contrib/astar.cpp: In member function ‘int AStar::ReadPathY(int)’:
src/contrib/astar.cpp:504:16: warning: ‘y’ may be used uninitialized [-Wmaybe-uninitialized]
  504 |         return y;
      |                ^
src/contrib/astar.cpp:490:13: note: ‘y’ was declared here
  490 |         int y;
      |             ^
Compiling src/contrib/md5class.cpp...
g++ -O2 -Wall -Wextra -std=c++11 -fpermissive -DDIRECT_ASSET_LOADING  -I/usr/include/lua5.4 -I./src -c src/contrib/md5class.cpp -o obj/contrib/md5class.o
src/contrib/md5class.cpp: In member function ‘char* gsMD5::get_md5_from_file(char*, char*, int)’:
src/contrib/md5class.cpp:44:33: warning: ISO C++ forbids converting a string constant to ‘char*’ [-Wwrite-strings]
   44 |   if (!exists(filename)) return "";
      |                                 ^~
src/contrib/md5class.cpp:51:20: warning: ISO C++ forbids converting a string constant to ‘char*’ [-Wwrite-strings]
   51 |   if (!DAT) return "";
      |                    ^~
Compiling src/contrib/md5.c...
gcc -O2 -Wall -Wextra -std=c11 -DDIRECT_ASSET_LOADING  -I/usr/include/lua5.4 -I./src -c src/contrib/md5.c -o obj/contrib/md5.o
Linking gslnx...
g++ obj/allegro5_wrapper.o obj/gsbase.o obj/gsbullet.o obj/gsclear.o obj/gscompen.o obj/gscontrl.o obj/gscrater.o obj/gseffect.o obj/gsenemy.o obj/gserror.o obj/gsexplo.o obj/gsfade.o obj/gsframes.o obj/gsglob.o obj/gshelper.o obj/gshiscor.o obj/gslevel.o obj/gslng.o obj/gslua.o obj/gslvlnw.o obj/gslvlsp.o obj/gsmain.o obj/gsmap.o obj/gsnetcli.o obj/gsnetsrv.o obj/gsnetw.o obj/gsobject.o obj/gsosd.o obj/gspanel.o obj/gspixel.o obj/gsplayer.o obj/gsplcomp.o obj/gsplover.o obj/gsradar.o obj/gsreplay.o obj/gsscript.o obj/gssound.o obj/gswaypnt.o obj/headless_screen.o obj/main.o obj/tolua.o obj/menu/gsmenu.o obj/menu/m1pstats.o obj/menu/m2pstats.o obj/menu/mbullet.o obj/menu/mchship.o obj/menu/mctrl2.o obj/menu/mctrl.o obj/menu/mctrlsp.o obj/menu/mmain.o obj/menu/mminig.o obj/menu/mnetgame.o obj/menu/mnetgini.o obj/menu/mnwstats.o obj/menu/moneplay.o obj/menu/moptions.o obj/menu/mpixels.o obj/menu/mplayer.o obj/menu/mshpbld.o obj/menu/mstars.o obj/menu/mtwoplay.o obj/menu/controls/makeyb.o obj/menu/controls/maoption.o obj/menu/controls/marrowb.o obj/menu/controls/mbar.o obj/menu/controls/mblank.o obj/menu/controls/mchkbox.o obj/menu/controls/mcontrol.o obj/menu/controls/mlevsel.o obj/menu/controls/mmbutton.o obj/menu/controls/mmsgbox.o obj/menu/controls/mrship.o obj/menu/controls/msbutton.o obj/menu/controls/mship.o obj/menu/controls/mtextbox.o obj/menu/controls/mtext.o obj/menu/controls/mtextfld.o obj/menu/controls/mtslider.o obj/menu/controls/mweapic.o obj/enemies/ebigboss.o obj/enemies/ebigred.o obj/enemies/eblue1.o obj/enemies/eblue2.o obj/enemies/eflak.o obj/enemies/epulse.o obj/enemies/erelash.o obj/enemies/estower.o obj/enemies/etank1.o obj/enemies/etank2.o obj/enemies/ethree.o obj/enemies/euser.o obj/weapons/bacid.o obj/weapons/bbigbomb.o obj/weapons/bbomb.o obj/weapons/bbumper.o obj/weapons/bfake.o obj/weapons/bfreezer.o obj/weapons/bgas.o obj/weapons/blaser.o obj/weapons/bmine.o obj/weapons/bnormal.o obj/weapons/bprobe.o obj/weapons/brocket.o obj/weapons/bshotgun.o obj/weapons/bshrink.o obj/weapons/buser.o obj/contrib/astar.o obj/contrib/md5class.o obj/contrib/md5.o -o gslnx -llua5.4 -lallegro_font -lallegro -lallegro_image -lallegro_primitives -lallegro_ttf -lallegro_audio -lallegro_acodec
Build complete: gslnx
